Open Watcom Linker Version 2.0 beta Sep  3 2024 02:05:05 (32-bit)
Copyright (c) 2002-2024 The Open Watcom Contributors. All Rights Reserved.
Portions Copyright (c) 1985-2002 Sybase, Inc. All Rights Reserved.
Created on:       25/04/06 17:51:37
Executable Image: bingen.exe
creating a DOS executable


                        +------------+
                        |   Groups   |
                        +------------+

Group                           Address              Size
=====                           =======              ====

DGROUP                          2b46:0000            00003990



                        +--------------+
                        |   Segments   |
                        +--------------+

Segment                Class          Group          Address         Size
=======                =====          =====          =======         ====

m_near_TEXT            CODE           AUTO           0000:0000       00000000
d_init_TEXT            CODE           AUTO           0000:0000       00000c74
S_INIT_TEXT            CODE           AUTO           0000:0c74       00000319
st_init_TEXT           CODE           AUTO           0000:0f90       00000247
r_init_TEXT            CODE           AUTO           0000:11e0       00000c73
w_init_TEXT            CODE           AUTO           0000:1e60       00000376
i_init_TEXT            CODE           AUTO           0000:21e0       000000a5
z_umb_TEXT             CODE           AUTO           0000:2290       00000000
z_init_TEXT            CODE           AUTO           0000:2290       000007ff
p_init_TEXT            CODE           AUTO           0000:2a90       00000464
d_main_TEXT            CODE           AUTO           02f0:0000       00000f98
i_quit_TEXT            CODE           AUTO           02f0:0fa0       00000204
i_ibm_TEXT             CODE           AUTO           02f0:11b0       00000337
i_sound_TEXT           CODE           AUTO           02f0:14f0       00000238
SM_LOAD_TEXT           CODE           AUTO           02f0:1728       0000049e
bingen_TEXT            CODE           AUTO           02f0:1bd0       000005f3
d_net_TEXT             CODE           AUTO           02f0:21d0       00000105
g_game_TEXT            CODE           AUTO           02f0:22e0       00000a53
m_misc_TEXT            CODE           AUTO           02f0:2d40       000000d5
am_map_TEXT            CODE           AUTO           02f0:2e20       000012fb
st_stuff_TEXT          CODE           AUTO           02f0:4120       00000b71
hu_stuff_TEXT          CODE           AUTO           02f0:4ca0       000001d2
hu_lib_TEXT            CODE           AUTO           02f0:4e80       000001b3
m_menu_TEXT            CODE           AUTO           02f0:5040       00001476
sounds_TEXT            CODE           AUTO           02f0:64c0       00000000
D_WIPE_TEXT            CODE           AUTO           02f0:64c0       000002eb
D_ALGO_TEXT            CODE           AUTO           02f0:67ac       00000045
dmx_TEXT               CODE           AUTO           02f0:6800       00000192
D_INT_TEXT             CODE           AUTO           02f0:6992       00000145
D_WI_TEXT              CODE           AUTO           02f0:6ad8       00001014
wi_stuff_TEXT          CODE           AUTO           02f0:7af0       00000000
MATH_TEXT              CODE           AUTO           02f0:7af0       000006af
MAIN_TEXT              CODE           AUTO           02f0:81a0       00000d64
g_setup_TEXT           CODE           AUTO           02f0:8f10       000002cc
r_setup_TEXT           CODE           AUTO           02f0:91e0       00000445
st_setup_TEXT          CODE           AUTO           02f0:9630       000001fa
hu_setup_TEXT          CODE           AUTO           02f0:9830       000000c1
D_FINALE_TEXT          CODE           AUTO           0c7f:0002       00000b52
D_SAVEL_TEXT           CODE           AUTO           0d34:0004       00000b04
s_sound_TEXT           CODE           AUTO           0de5:0000       00000430
SM_OPL2_TEXT           CODE           AUTO           0de5:0430       00000f42
SM_OPL3_TEXT           CODE           AUTO           0de5:1372       0000100d
SM_SBMID_TEXT          CODE           AUTO           0de5:2380       0000071e
SM_MPUMD_TEXT          CODE           AUTO           0de5:2a9e       000007c9
p_ceilng_TEXT          CODE           AUTO           0de5:3270       000003ae
p_doors_TEXT           CODE           AUTO           0de5:3620       000006da
p_enemy_TEXT           CODE           AUTO           0de5:3d00       00002657
p_floor_TEXT           CODE           AUTO           0de5:6360       0000081e
p_inter_TEXT           CODE           AUTO           0de5:6b80       00000c08
p_lights_TEXT          CODE           AUTO           0de5:7790       000003ed
p_map_TEXT             CODE           AUTO           0de5:7b80       00002282
p_maputl_TEXT          CODE           AUTO           0de5:9e10       00000c7e
P_MATH_TEXT            CODE           AUTO           0de5:aa8e       000000d7
p_plats_TEXT           CODE           AUTO           0de5:ab70       0000046d
p_pspr_TEXT            CODE           AUTO           0de5:afe0       00000bb7
p_spec_TEXT            CODE           AUTO           0de5:bba0       000011ec
p_switch_TEXT          CODE           AUTO           0de5:cd90       00000b05
p_mobj_TEXT            CODE           AUTO           0de5:d8a0       00001807
p_telept_TEXT          CODE           AUTO           0de5:f0b0       0000021f
p_tick_TEXT            CODE           AUTO           0de5:f2d0       00000202
p_user_TEXT            CODE           AUTO           0de5:f4e0       000006c8
r_bsp_TEXT             CODE           AUTO           1da0:0000       00000024
r_data_TEXT            CODE           AUTO           1da0:0030       00001b9a
R_MATH_TEXT            CODE           AUTO           1da0:1bca       000001db
R_MAINHI_TEXT          CODE           AUTO           1da0:1da6       000022de
R_COLUMN_TEXT          CODE           AUTO           1da0:4084       00000e46
R_SPAN_TEXT            CODE           AUTO           1da0:4eca       00000dad
R_SKY_TEXT             CODE           AUTO           1da0:5c78       000006c0
r_draw_TEXT            CODE           AUTO           1da0:6340       000000fb
r_main_TEXT            CODE           AUTO           1da0:6440       000001ea
r_plane_TEXT           CODE           AUTO           1da0:6630       00000000
r_segs_TEXT            CODE           AUTO           1da0:6630       00000000
R_MASKED_TEXT          CODE           AUTO           1da0:6630       000010d2
r_things_TEXT          CODE           AUTO           1da0:7710       00000000
w_wad_TEXT             CODE           AUTO           1da0:7710       000003de
VIDEO_TEXT             CODE           AUTO           1da0:7aee       000004db
v_video_TEXT           CODE           AUTO           1da0:7fd0       00000218
z_zone_TEXT            CODE           AUTO           1da0:81f0       00000655
d_math_TEXT            CODE           AUTO           1da0:8850       00000000
p_setup_TEXT           CODE           AUTO           2625:0000       00001231
p_sight_TEXT           CODE           AUTO           2625:1240       00000793
_TEXT                  CODE           AUTO           2625:19e0       0000382c
FAR_DATA               FAR_DATA       AUTO           2b45:000c       00000000
_NULL                  BEGDATA        DGROUP         2b46:0000       00000020
_AFTERNULL             BEGDATA        DGROUP         2b48:0000       00000002
CONST                  DATA           DGROUP         2b48:0002       00000fc4
CONST2                 DATA           DGROUP         2c44:0006       00000127
_DATA                  DATA           DGROUP         2c57:0000       00000c3c
XIB                    DATA           DGROUP         2d1a:000c       00000000
XI                     DATA           DGROUP         2d1a:000c       00000012
XIE                    DATA           DGROUP         2d1b:000e       00000000
YIB                    DATA           DGROUP         2d1b:000e       00000000
YI                     DATA           DGROUP         2d1b:000e       00000012
YIE                    DATA           DGROUP         2d1d:0000       00000000
DATA                   DATA           DGROUP         2d1d:0000       00000000
_BSS                   BSS            DGROUP         2d1d:0000       00000c15
STACK                  STACK          DGROUP         2ddf:0000       00001000


                        +----------------+
                        |   Memory Map   |
                        +----------------+

* = unreferenced symbol
+ = symbol only referenced locally

Address        Symbol
=======        ======

Module: m_near.obj(C:\REALDOOM\m_near.c)
2b46:1d70      _musdriverstartposition
2b46:1d80      _codestartposition
2b46:1d90      _savename
2b46:1da0      _texturecache_nodes
2b46:1e00      _spritecache_nodes
2b46:1e50      _usedtexturepagemem
2b46:1e68      _solidsegs
2b46:1ee8      _wadfiles
2b46:1ef0      _strace
2b46:1f00      _dl
2b46:1f10      _anims
2b46:1fd0      _trace
2b46:1fe0      _switchlist
2b46:20a8      _saveOldString
2b46:20c0      _w_faces
2b46:20c8      _w_ammo
2b46:20f0      _w_arms
2b46:2120      _w_keyboxes
2b46:2138      _w_armsbg
2b46:2140      _w_maxammo
2b46:2168      _segregs
2b46:2170      _am_l
2b46:2178      _am_fl
2b46:2180      _am_lc
2b46:2188      _am_ml
2b46:2190      _markpoints
2b46:21b8      _cachedsegmentlumps
2b46:21c0      _activenumpages
2b46:21c8      _spriteL1LRU
2b46:21d0      _activespritepages
2b46:21d8      _textureL1LRU
2b46:21e8      _activetexturepages
2b46:21f8      _cachedlumps
2b46:2200      _nextcleanup
2b46:2204      _flatcache_nodes
2b46:2210      _segloopcachedsegment
2b46:2214      _segloopcachedbasecol
2b46:2218      _segloopprevlookup
2b46:221c      _levelTimeCount
2b46:2220      _usedspritepagemem
2b46:2234      _filetolumpsize
2b46:2240      _intercept_p
2b46:2244      _bottomslope
2b46:2248      _sightzstart
2b46:224c      _cachedt2x
2b46:2250      _cachedt2y
2b46:2254      _aimslope
2b46:2258      _topslope
2b46:225c      _tmy
2b46:2260      _bestslidefrac
2b46:2264      _tmymove
2b46:2268      _tmxmove
2b46:226c      _linetarget_pos
2b46:2270      _shootz
2b46:2274      _tmx
2b46:2278      _buttonlist
2b46:22a4      _tmthing_pos
2b46:22a8      _leveltime
2b46:22ac      _setStateReturn_pos
2b46:22b0      _bulletslope
2b46:22b4      _TaskServiceCount
2b46:22b8      _OldInt8
2b46:22bc      _activeplats
2b46:22f8      _st_stuff_buf
2b46:232c      _w_health
2b46:2338      _w_armor
2b46:2344+     _mousearray
2b46:2348      _starttime
2b46:234c      _gametic
2b46:2350      _maketic
2b46:2354      _gametime
2b46:2358      _p_init_sprtemp
2b46:235c      _am_buffer
2b46:2370      _am_max_scale_mtof
2b46:2374      _am_scale_mtof
2b46:2378      _am_scale_ftom
2b46:237c      _screen_oldloc
2b46:2380      _m_paninc
2b46:2384      _activespritenumpages
2b46:2388      _pc_speaker_offsets
2b46:2462      _channels
2b46:2474      _lineopening
2b46:247a      _keyboxes
2b46:2480      _w_ready
2b46:248a      _out
2b46:2498      _regs
2b46:24a6      _in
2b46:24b4      _pcspeaker_endoffset
2b46:24b6      _pcspeaker_currentoffset
2b46:24b8      _segloopheightvalcache
2b46:24ba      _spritewidths_segment
2b46:24bc      _numlinespecials
2b46:24be      _emshandle
2b46:24c0      _pagenum9000
2b46:24c2      _numlumps
2b46:24c4      _newend
2b46:24c6      _lastanim
2b46:24c8      _ceilinglinenum
2b46:24ca      _attackrange16
2b46:24cc      _tmfloorz
2b46:24ce      _lastcalculatedsector
2b46:24d0      _tmdropoffz
2b46:24d2      _la_damage
2b46:24d4      _tmceilingz
2b46:24d6      _linetarget
2b46:24d8      _shootthing
2b46:24da      _bestslidelinenum
2b46:24dc      _numspechit
2b46:24de      _setStateReturn
2b46:24e0      _tmthing
2b46:24e2      _tmflags1
2b46:24e4      _numswitches
2b46:24e6      _oldentertics
2b46:24e8      _currentThinkerListHead
2b46:24ea      _messageLastMenuActive
2b46:24ec      _whichSkull
2b46:24ee      _currentMenu
2b46:24f0      _skullAnimCounter
2b46:24f2      _saveStringEnter
2b46:24f4      _itemOn
2b46:24f6      _saveCharIndex
2b46:24f8      _messageRoutine
2b46:24fa      _saveSlot
2b46:24fc      _st_calc_lastcalc
2b46:24fe      _dclicks
2b46:2500      _dclicktime
2b46:2502      _dclickstate
2b46:2504      _dclicktime2
2b46:2506      _defdemoname
2b46:2508      _myargc
2b46:250a      _myargv
2b46:250c      _dclickstate2
2b46:250e      _dclicks2
2b46:2510      _mousex
2b46:2512      _demo_p
2b46:2514      _totalkills
2b46:2516      _totalitems
2b46:2518      _totalsecret
2b46:251a      _playerMobjRef
2b46:251c      _p_init_maxframe
2b46:251e      _am_min_level_x
2b46:2520      _am_min_level_y
2b46:2522      _screen_viewport_height
2b46:2524      _am_min_scale_mtof
2b46:2526      _old_screen_viewport_width
2b46:2528      _old_screen_botleft_x
2b46:252a      _old_screen_botleft_y
2b46:252c      _am_max_level_y
2b46:252e      _am_max_level_x
2b46:2530      _old_screen_viewport_height
2b46:2532      _screen_topright_y
2b46:2534      _screen_topright_x
2b46:2536      _screen_viewport_width
2b46:2538      _screen_botleft_x
2b46:253a      _screen_botleft_y
2b46:253c      _ftom_zoommul
2b46:253e      _mtof_zoommul
2b46:2540      _numpatches
2b46:2542      _firstpatch
2b46:2544      _numtextures
2b46:2546      _numspritelumps
2b46:2548      _scaledviewwidth
2b46:254a      _skytexture
2b46:254c      _pspritescale
2b46:254e      _viewwindowoffset
2b46:2550      _r_cachedplayerMobjsecnum
2b46:2552      _viewwindowx
2b46:2554      _viewwindowy
2b46:2556      _pendingdetail
2b46:2558      _numflats
2b46:255a      _pagename
2b46:255c      _pagetic
2b46:255e      _snd_SBport
2b46:2560      _snd_Mport
2b46:2562      _w_message
2b46:26cb      _menu_messageString
2b46:2734      _oldweaponsowned
2b46:273d      _w_title
2b46:2796      _player
2b46:27f9      _wminfo
2b46:280e      _mus_paused
2b46:280f      _levelTimer
2b46:2810      _crushchange
2b46:2811      _nofit
2b46:2812      _earlyout
2b46:2813      _onground
2b46:2814      _TS_TimesInInterrupt
2b46:2815      _menu_epi
2b46:2816      _messageNeedsInput
2b46:2817      _message_counter
2b46:2818      _messageToPrint
2b46:2819      _st_randomnumber
2b46:281a      _message_on
2b46:281b      _message_dontfuckwithme
2b46:281c      _do_st_refresh
2b46:281d      _message_nottobefuckedwith
2b46:281e      _st_statusbaron
2b46:281f      _updatedthisframe
2b46:2820      _st_gamestate
2b46:2821      _d_episode
2b46:2822      _secretexit
2b46:2823      _d_skill
2b46:2824      _d_map
2b46:2825      _st_firsttime
2b46:2826      _savegameslot
2b46:2827      _usemouse
2b46:2828      _mousebforward
2b46:2829      _key_speed
2b46:282a      _mousebfire
2b46:282b      _key_fire
2b46:282c      _key_strafe
2b46:282d      _turnheld
2b46:282e      _key_straferight
2b46:282f      _key_up
2b46:2830      _mousebstrafe
2b46:2831      _key_down
2b46:2832      _key_use
2b46:2833      _key_strafeleft
2b46:2834      _key_left
2b46:2835      _noblit
2b46:2836      _demoplayback
2b46:2837      _demorecording
2b46:2838      _singledemo
2b46:2839      _netdemo
2b46:283a      _key_right
2b46:283b      _paused
2b46:283c      _borderdrawcount
2b46:283d      _timingdemo
2b46:283e      _sendsave
2b46:283f      _numChannels
2b46:2840      _gameskill
2b46:2841      _respawnmonsters
2b46:2842      _usegamma
2b46:2843      _sendpause
2b46:2844      _usergame
2b46:2845      _mousepresent
2b46:2846      _novideo
2b46:2847      _setsizeneeded
2b46:2848      _menuactive
2b46:2849      _inhelpscreens
2b46:284a      _setblocks
2b46:284b      _eventtail
2b46:284c      _startmap
2b46:284d      _modifiedgame
2b46:284e      _sfxVolume
2b46:284f      _autostart
2b46:2850      _showMessages
2b46:2851      _advancedemo
2b46:2852      _mouseSensitivity
2b46:2853      _screenSize
2b46:2854      _eventhead
2b46:2855      _quickSaveSlot
2b46:2856      _detailLevel
2b46:2857      _startepisode
2b46:1110      _singletics
2b46:1111      _skytextureloaded
2b46:1112      _validcount
2b46:1114      _clipangle
2b46:1116      _fieldofview
2b46:1118      _spritecache_l2_head
2b46:1119      _spritecache_l2_tail
2b46:111a      _flatcache_l2_head
2b46:111b      _flatcache_l2_tail
2b46:111c      _texturecache_l2_head
2b46:111d      _texturecache_l2_tail
2b46:111e      _cachedtex
2b46:1120      _cachedsegmenttex
2b46:1122      _cachedsegmenttex2
2b46:1124      _cachedtex2
2b46:1126      _cachedcollength
2b46:1127      _cachedcollength2
2b46:1128      _am_cheating
2b46:1129      _am_grid
2b46:112a      _markpointnum
2b46:112b      _followplayer
2b46:112c      _am_stopped
2b46:112d      _am_bigstate
2b46:112e      _am_lastlevel
2b46:112f      _am_lastepisode
2b46:1130      _player_arrow
2b46:1168      _cheat_player_arrow
2b46:11e8      _thintriangle_guy
2b46:1200      _pagesegments
2b46:1210      _R_DrawPlanesCall
2b46:1214      _R_WriteBackViewConstantsSpanCall
2b46:1218      _R_DrawMaskedCall
2b46:121c      _wipe_StartScreenCall
2b46:1220      _wipe_WipeLoopCall
2b46:1224      _R_WriteBackMaskedFrameConstantsCall
2b46:1228      _R_WriteBackViewConstantsMaskedCall
2b46:122c      _F_StartFinale
2b46:1230      _F_Ticker
2b46:1234      _F_Drawer
2b46:1238      _F_Responder
2b46:123c      _WI_Start
2b46:1240      _WI_Ticker
2b46:1244      _WI_Drawer
2b46:1248      _P_UnArchivePlayers
2b46:124c      _P_UnArchiveWorld
2b46:1250      _P_UnArchiveThinkers
2b46:1254      _P_UnArchiveSpecials
2b46:1258      _P_ArchivePlayers
2b46:125c      _P_ArchiveWorld
2b46:1260      _P_ArchiveThinkers
2b46:1264      _P_ArchiveSpecials
2b46:1268      _S_ActuallyChangeMusic
2b46:126c      _currentlumpindex
2b46:126e      _maskedcount
2b46:1270      _currentpostoffset
2b46:1272      _currentpostdataoffset
2b46:1274      _currentpixeloffset
2b46:1276      _grmode
2b46:1278      _oldkeyboardisr
2b46:127c      _viewactivestate
2b46:127d      _menuactivestate
2b46:127e      _inhelpscreensstate
2b46:127f      _fullscreen
2b46:1280      _oldgamestate
2b46:1281      _precache
2b46:1284      _forwardmove
2b46:128c      _sidemove
2b46:1294      _mousebuttons
2b46:1296      _prndindex
2b46:1298      _tallnum
2b46:12ac      _shortnum
2b46:12c0      _keys
2b46:12cc      _faces
2b46:1320      _arms
2b46:1338      _st_oldhealth
2b46:133a      _st_facecount
2b46:133c      _st_faceindex
2b46:133e      _st_palette
2b46:1340      _st_calc_oldhealth
2b46:1342      _st_face_lastattackdown
2b46:1343      _st_face_priority
2b46:1344      _hu_font
2b46:13c2      _skullName
2b46:13c6      _MainMenu
2b46:13e4      _MainDef
2b46:13f0+     _EpisodeMenu
2b46:1404      _EpiDef
2b46:1410+     _NewGameMenu
2b46:1429      _NewDef
2b46:1435+     _OptionsMenu
2b46:145d      _OptionsDef
2b46:1469      _ReadMenu1
2b46:146e      _ReadDef1
2b46:147a+     _ReadMenu2
2b46:147f      _ReadDef2
2b46:148b+     _SoundMenu
2b46:149f      _SoundDef
2b46:14ab      _LoadMenu
2b46:14c9      _LoadDef
2b46:14d5+     _SaveMenu
2b46:14f3      _SaveDef
2b46:14ff      _detailNames
2b46:1501      _msgNames
2b46:1503      _HeadTask
2b46:1505      _MUSTask
2b46:1507      _TS_Installed
2b46:1508      _TS_InInterrupt
2b46:1509      _st_stopped
2b46:150a      _armsbgarray
2b46:150c      _weaponinfo
2b46:1570      _maxammo
2b46:1578      _clipammo
2b46:157c      _opposite
2b46:1585      _diags
2b46:158a      _filetolumpindex
2b46:1590      _currentloadedfileindex
2b46:1592      _pageswapargs
2b46:17c2      _current5000State
2b46:17c3      _last5000State
2b46:17c4      _current9000State
2b46:17c5      _last9000State
2b46:17c6      _currenttask
2b46:17c7      _seglooptexrepeat
2b46:17ca      _segloopnextlookup
2b46:17ce      _versionstring
2b46:17da      _currentoverlay
2b46:17db      _S_sfx
2b46:2858      _musicVolume
2b46:2859      _demosequence
2b46:285a      _snd_SBirq
2b46:285b      _snd_SfxVolume
2b46:285c      _nomonsters
2b46:285d      _startskill
2b46:285e      _snd_DesiredSfxDevice
2b46:285f      _fastparm
2b46:2860      _respawnparm
2b46:2861      _snd_SBdma
2b46:2862      _snd_DesiredMusicDevice
Module: d_init.obj(C:\REALDOOM\d_init.c)
0000:0000      D_InitStrings_
0000:00aa+     D_GetCursorColumnRow_
0000:00d0+     D_SetCursorPosition_
0000:00f6+     D_DrawTitle_
0000:016c+     D_RedrawTitle_
0000:0188+     makethreecharint_
0000:01c0+     HU_Init_
0000:0236*     S_Init_
0000:027e+     AM_loadPics_
0000:02e4+     G_RecordDemo_
0000:0336+     G_TimeDemo_
0000:035a+     M_Reload_
0000:043e+     M_Init_
0000:04c6+     check_is_ultimate_
0000:0512      D_DoomMain2_
Module: s_init.obj(s_init.ASM)
0000:0f8d*     S_INIT_ENDMARKER_
0000:0c74*     S_INIT_STARTMARKER_
0000:0f3b      LoadSFXWadLumps_
0000:0f10*     I_GetSfxLumpNum_
Module: st_init.obj(C:\REALDOOM\st_init.c)
0000:0f90+     ST_loadGraphics_
0000:11a4+     ST_loadData_
0000:11ce      ST_Init_
Module: r_init.obj(C:\REALDOOM\r_init.c)
0000:11e0+     R_InitSpriteLumps_
0000:137e+     R_GenerateLookup_
0000:192a+     R_InitTextures_
0000:1ccc+     R_InitTextures2_
0000:1d26+     R_InitPatches_
0000:1da0+     R_InitData_
0000:1de6      R_Init_
Module: w_init.obj(C:\REALDOOM\w_init.c)
0000:1e60      W_AddFile_
Module: i_init.obj(C:\REALDOOM\i_init.c)
0000:21e0+     I_StartupMouse_
0000:2226+     I_StartupKeyboard_
0000:224a      I_Init_
Module: z_init.obj(C:\REALDOOM\z_init.c)
0000:2290*     doerror_
0000:22a0      Z_InitEMS_
0000:23fe      Z_GetEMSPageMap_
0000:2502      Z_LoadBinaries_
Module: p_init.obj(C:\REALDOOM\p_init.c)
0000:2a90+     P_InitSwitchList_
0000:2b5c+     P_InitPicAnims_
0000:2c32+     R_InstallSpriteLump_
0000:2cc2+     R_InitSpriteDefs_
0000:2eb6+     R_InitSprites_
0000:2ed6      P_Init_
Module: d_main.obj(C:\REALDOOM\d_main.c)
02f0:0000      D_PostEvent_
02f0:002c      D_ProcessEvents_
02f0:0076      getStringByIndex_
02f0:00bc      copystr8_
02f0:00f6      locallib_strlen_
02f0:0114      locallib_toupper_
02f0:0120      locallib_strcpy_
02f0:0150      locallib_strncpy_
02f0:01a6+     locallib_printhexdigit_
02f0:01bc      locallib_printhex_
02f0:0320+     locallib_printdecimal_
02f0:048e+     locallib_printstringfar_
02f0:04f4*     locallib_printstringnear_
02f0:04fe      locallib_printf_
02f0:0766      DEBUG_PRINT_
02f0:077c      locallib_strupr_
02f0:07aa      locallib_strlwr_
02f0:07d8      combine_strings_
02f0:084e      locallib_strcmp_
02f0:089e      locallib_strncasecmp_
02f0:08fa      makesavegamename_
02f0:0936      D_StartTitle_
02f0:094a      I_UpdateNoBlit_
02f0:0a56+     D_Display_
02f0:0cf2+     G_BeginRecording_
02f0:0d84      D_PageTicker_
02f0:0d96+     D_PageDrawer_
02f0:0dba      D_DoAdvanceDemo_
02f0:0ed4+     Z_ClearDeadCode_
02f0:0f1a*     D_DoomMain_
02f0:0f22*     D_DoomLoop_
Module: i_quit.obj(C:\REALDOOM\i_quit.c)
02f0:0fa0+     I_ShutdownSound_
02f0:0fc8+     I_ShutdownGraphics_
02f0:0ff0+     I_ShutdownTimer_
02f0:1028+     I_ShutdownKeyboard_
02f0:105a+     I_ShutdownMouse_
02f0:1068+     Z_ShutdownEMS_
02f0:10aa      I_Shutdown_
02f0:10ec      M_CheckParm_
02f0:1144      I_Quit_
Module: i_ibm.obj(C:\REALDOOM\i_ibm.c)
02f0:11b0      I_WaitVBL_
02f0:11de      I_SetPalette_
02f0:1256      I_UpdateBox_
02f0:131c      I_FinishUpdate_
02f0:133e      I_ReadMouse_
02f0:139a*     I_InitDiskFlash_
02f0:139c      I_TimerISR_
02f0:13ae      I_ResetMouse_
02f0:13c8*     I_EndRead_
02f0:13c8*     I_BeginRead_
02f0:13ca      I_Error_
02f0:1428      I_InitGraphics_
Module: i_sound.obj(C:\REALDOOM\i_sound.c)
02f0:14f0*     SFX_PlayPatch_
02f0:14fa*     SFX_StopPatch_
02f0:14fc      I_SoundIsPlaying_
02f0:14fc*     SFX_Playing_
02f0:14fe*     SFX_SetOrigin_
02f0:1500*     I_StartupTimer_
02f0:1516      I_PauseSong_
02f0:153e      I_ResumeSong_
02f0:1566*     I_SetSfxVolume_
02f0:156a      I_StartSound_
02f0:15b6      I_StopSound_
02f0:15c0      I_UpdateSoundParams_
02f0:15c8*     I_sndArbitrateCards_
02f0:15e6      I_StartupSound_
Module: sm_load.obj(sm_load.ASM)
02f0:1728      SM_LOAD_STARTMARKER_
02f0:1bc6      SM_LOAD_ENDMARKER_
02f0:1b17      S_ActuallyChangeMusic_
Module: bingen.obj(C:\REALDOOM\build\tools\bingen\bingen.c)
02f0:1bd0      main_
Module: d_net.obj(C:\REALDOOM\d_net.c)
02f0:21d0      NetUpdate_
02f0:2232      TryRunTics_
Module: g_game.obj(C:\REALDOOM\g_game.c)
02f0:22e0      R_FlatNumForName_
02f0:22ee      G_Responder_
02f0:2448+     G_DoWorldDone_
02f0:246a+     G_DoNewGame_
02f0:24bc      G_Ticker_
02f0:25ee+     G_PlayerFinishLevel_
02f0:2640      G_PlayerReborn_
02f0:26b6      G_ExitLevel_
02f0:26c4      G_SecretExitLevel_
02f0:26fc+     G_DoCompleted_
02f0:2862      G_LoadGame_
02f0:288e+     G_DoLoadGame_
02f0:2990      G_SaveGame_
02f0:29c2+     G_DoSaveGame_
02f0:2b30      G_DeferedInitNew_
02f0:2b42+     G_ReadDemoTiccmd_
02f0:2b92+     G_WriteDemoTiccmd_
02f0:2bf6      G_DeferedPlayDemo_
02f0:2c02+     G_DoPlayDemo_
02f0:2c8c      G_CheckDemoStatus_
Module: m_misc.obj(C:\REALDOOM\m_misc.c)
02f0:2d40      M_Random_
02f0:2d58      M_AddToBox16_
02f0:2d82      M_WriteFile_
02f0:2dc4      M_ReadFile_
Module: am_map.obj(C:\REALDOOM\am_map.c)
02f0:2e20*     MTOF16_
02f0:2e34*     CXMTOF16_
02f0:2e4c*     CYMTOF16_
02f0:2e6c+     AM_activateNewScale_
02f0:2ed2+     AM_restoreScaleAndLoc_
02f0:2f62+     AM_addMark_
02f0:2f98+     AM_findMinMaxBoundaries_
02f0:3066+     AM_changeWindowLoc_
02f0:30f4+     AM_initVariables_
02f0:3190*     AM_clearMarks_
02f0:31b0+     AM_LevelInit_
02f0:3228      AM_Stop_
02f0:323a+     AM_Start_
02f0:3284+     AM_minOutWindowScale_
02f0:32ae+     AM_maxOutWindowScale_
02f0:32d8      AM_Responder_
02f0:3684+     AM_changeWindowScale_
02f0:36fa+     AM_doFollowPlayer_
02f0:378c      AM_Ticker_
02f0:37b6+     DOOUTCODE_
02f0:37da+     AM_clipMline_
02f0:3a02+     AM_drawMline_
02f0:3ada+     AM_drawGrid_
02f0:3c58+     AM_drawWalls_
02f0:3e22+     AM_rotate_
02f0:3e8e+     AM_drawLineCharacter_
02f0:3f4a+     AM_drawPlayers_
02f0:3fb0+     AM_drawThings_
02f0:401a+     AM_drawMarks_
02f0:40b0*     AM_drawCrosshair_
02f0:40c0      AM_Drawer_
Module: st_stuff.obj(C:\REALDOOM\st_stuff.c)
02f0:4120+     ST_refreshBackground_
02f0:4164      ST_Responder_
02f0:45ba+     ST_calcPainOffset_
02f0:45fc+     ST_updateFaceWidget_
02f0:4856+     ST_updateWidgets_
02f0:489a      ST_Ticker_
02f0:48ac+     ST_doPaletteStuff_
02f0:4934*     STlib_updateflag_
02f0:4948+     STlib_updateMultIcon_
02f0:4a0a+     STlib_drawNum_
02f0:4b18+     STlib_updatePercent_
02f0:4b52+     ST_drawWidgets_
02f0:4c2c      ST_Drawer_
Module: hu_stuff.obj(C:\REALDOOM\hu_stuff.c)
02f0:4ca0      HU_Drawer_
02f0:4d30      HU_Erase_
02f0:4d78      HU_Ticker_
02f0:4e18      HU_Responder_
Module: hu_lib.obj(C:\REALDOOM\hu_lib.c)
02f0:4e80      HUlib_addStringToTextLine_
02f0:4ed0      HUlib_drawTextLine_
02f0:4f4e      HUlib_eraseTextLine_
02f0:4fcc      HUlib_addMessageToSText_
Module: m_menu.obj(C:\REALDOOM\m_menu.c)
02f0:5040      M_GetMenuPatch_
02f0:507e      M_DrawLoad_
02f0:50e4+     M_DrawSaveLoadBorder_
02f0:514e      M_LoadSelect_
02f0:5178      M_LoadGame_
02f0:5184+     M_ReadSaveStrings_
02f0:51f2      M_DrawSave_
02f0:528c+     M_DoSave_
02f0:52b6      M_SaveSelect_
02f0:5336      M_SaveGame_
02f0:5384+     M_QuickSaveResponse_
02f0:53a0+     M_QuickSave_
02f0:544e+     M_QuickLoadResponse_
02f0:546a+     M_QuickLoad_
02f0:54fc      M_DrawReadThis1_
02f0:550e      M_DrawReadThis2_
02f0:5520      M_DrawReadThisRetail_
02f0:5532      M_DrawSound_
02f0:5580      M_Sound_
02f0:558e      M_SfxVol_
02f0:55c2      M_MusicVol_
02f0:55f6      M_DrawMainMenu_
02f0:5612      M_DrawNewGame_
02f0:5644      M_NewGame_
02f0:566e      M_DrawEpisode_
02f0:568a+     M_VerifyNightmare_
02f0:56ae      M_ChooseSkill_
02f0:56fc      M_Episode_
02f0:5750      M_DrawOptions_
02f0:57f0      M_Options_
02f0:57fe      M_ChangeMessages_
02f0:5822+     M_EndGameResponse_
02f0:5840      M_EndGame_
02f0:5880      M_ReadThis_
02f0:58aa      M_ReadThis2_
02f0:58b8      M_FinishReadThis_
02f0:58c6+     M_QuitResponse_
02f0:5924      M_QuitDOOM_
02f0:5a22      M_ChangeSensitivity_
02f0:5a4a      M_ChangeDetail_
02f0:5aa0      M_SizeDisplay_
02f0:5ae6+     M_DrawThermo_
02f0:5b6a+     M_StartMessage_
02f0:5ba8+     M_StringWidth_
02f0:5c04+     M_StringHeight_
02f0:5c4a+     M_WriteText_
02f0:5ccc      M_Responder_
02f0:62be      M_StartControlPanel_
02f0:62d8      M_Drawer_
02f0:6488*     M_SetupNextMenu_
02f0:6498      M_Ticker_
Module: d_wipe.obj(d_wipe.ASM)
02f0:64c0      I_ReadScreen_
02f0:6690*     wipe_initMelt_
02f0:6713      wipe_StartScreen_
02f0:64f2*     wipe_doMelt_
02f0:6640*     wipe_shittyColMajorXform_
02f0:6722      wipe_WipeLoop_
Module: d_algo.obj(d_algo.ASM)
02f0:67d5      hackDSBack_
02f0:67f1*     D_ALGO_END_
02f0:67ac      resetDS_
02f0:67b4*     hackDS_
Module: dmx.obj(C:\REALDOOM\dmx.c)
02f0:6800*     TS_SetTimerToMaxTaskRate_
02f0:6814+     playpcspeakernote_
02f0:6856+     TS_ServiceScheduleIntEnabled_
02f0:692c+     TS_Startup_
02f0:696c      TS_ScheduleMainTask_
02f0:6986      TS_Dispatch_
2b46:1992+     _pc_speaker_freq_table
Module: d_int.obj(d_int.ASM)
02f0:69a2      MUS_ServiceRoutine_
02f0:6ad7*     D_INTERRUPT_ENDMARKER_
02f0:6992*     D_INTERRUPT_STARTMARKER_
Module: d_wi.obj(d_wi.ASM)
02f0:7aec      WI_ENDMARKER_
02f0:73ef*     WI_initStats_
02f0:6ed8*     WI_slamBackground_
02f0:725f*     WI_drawPercent_
02f0:7878*     WI_updateNoState_
02f0:798c*     WI_initVariables_
02f0:78dd      WI_Ticker_
02f0:6ad8      WI_STARTMARKER_
02f0:6ebf*     WI_MRandomLocal_
02f0:71af*     WI_drawNum_
02f0:736a*     WI_drawNoState_
02f0:7329*     WI_initNoState_
02f0:6ead*     WI_GetPatchESBX_
02f0:7370*     WI_drawShowNextLoc_
02f0:6e9b*     WI_GetPatch_
02f0:733e*     WI_updateShowNextLoc_
02f0:76fd*     WI_loadData_
02f0:7149*     WI_initAnimatedBack_
02f0:7135*     WI_initShowNextLoc_
02f0:6f0f*     WI_drawLF_
02f0:7889*     G_WorldDone_
02f0:70d3*     WI_drawAnimatedBack_
02f0:741f*     WI_updateStats_
02f0:7ad4      WI_Start_
02f0:701a*     WI_updateAnimatedBack_
02f0:7965      WI_Drawer_
02f0:6f67*     WI_drawEL_
02f0:79fd*     WI_Init_
02f0:6fb8*     WI_drawOnLnode_
02f0:728e*     WI_drawTime_
02f0:75fe*     WI_drawStats_
Module: math.obj(math.ASM)
02f0:7dd0      FastDiv32u16u_
02f0:7f58      FastDiv3232FFFF_
02f0:7bc8      FixedMulTrigNoShift_
02f0:7c70      FastMul16u32u_
02f0:7be7*     FixedMulTrig16_
02f0:7c85      div48_32_
02f0:7e76*     FastDiv3232_RPTA_
02f0:7fd8*     div48_32_whole_
02f0:7c05      FastMulTrig16_
02f0:7c1f      FixedMulTrigSpeed_
02f0:7c61*     FixedMul16u32u_
02f0:7dee      FastDiv3216u_
02f0:7f71      FixedDivWholeA_
02f0:7af0*     FixedMulBig16u32_
02f0:7bc4      FixedMulTrig_
02f0:7b43      FixedMul2432_
02f0:7b84      FixedMul1632_
02f0:7af9      FixedMul2424_
02f0:7e45      FastDiv3232_shift_3_8_
02f0:7c38      FixedMulBig1632_
02f0:7c4c      FixedMul16u32_
02f0:7c22      FixedMulTrigSpeedNoShift_
Module: math386.obj(math386.ASM)
02f0:812a      FixedDiv_
02f0:8110      FixedMul_
Module: main.obj(main.ASM)
02f0:8368*     dumpstacktrace_
02f0:855e      G_CopyCmd_
02f0:86b0      G_GetGameKey_
02f0:8696      G_SetGameKeyDown_
02f0:86a3      G_SetGameKeyUp_
02f0:8c4e      M_LoadDefaults_
02f0:8334      I_KeyboardISR_
02f0:8685      G_ResetGameKeys_
02f0:89eb*     CopyString13_
02f0:86bc      G_BuildTiccmd_
02f0:8277      cht_CheckCheat_
02f0:8e31      M_SaveDefaults_
02f0:82d9      cht_GetParam_
02f0:83b6      I_StartTic_
Module: g_setup.obj(C:\REALDOOM\g_setup.c)
02f0:8f10      R_CheckTextureNumForName_
02f0:8f70      R_TextureNumForName_
02f0:8f9c      G_DoLoadLevel_
02f0:9028      G_InitNew_
Module: r_setup.obj(C:\REALDOOM\r_setup.c)
02f0:91e0+     R_InitTextureMapping_
02f0:94d2      R_ExecuteSetViewSize_
Module: st_setup.obj(C:\REALDOOM\st_setup.c)
02f0:9630+     STlib_initNum_
02f0:9652+     STlib_initPercent_
02f0:9670+     STlib_initMultIcon_
02f0:9686+     ST_createWidgets_
02f0:97b6+     ST_Stop_
02f0:97ca      ST_Start_
Module: hu_setup.obj(C:\REALDOOM\hu_setup.c)
02f0:9830      HU_Start_
Module: d_finale.obj(d_finale.ASM)
0c7f:0296*     F_CastDrawer_
0c7f:0acd      F_Responder_
0c7f:0002      F_START_
0c7f:04b5*     F_BunnyScroll_
0c7f:01b5      F_StartFinale_
0c7f:0a2d      F_Ticker_
0c7f:0026*     V_DrawPatchFlipped_
0c7f:00c1*     F_CastPrint_
0c7f:034b*     F_TextWrite_
0c7f:0717*     F_CastTicker_
0c7f:0b54      F_END_
0c7f:0af8      F_Drawer_
0c7f:0460*     F_DrawPatchCol_
0c7f:09b8*     F_CastResponder_
0c7f:06b4*     F_StartCast_
Module: d_savel.obj(d_savel.ASM)
0d34:02af      P_UnArchiveThinkers_
0d34:0004      P_LOADSTART_
0d34:0430      P_UnArchiveSpecials_
0d34:0b08      P_LOADEND_
0d34:0180      P_UnArchiveWorld_
0d34:076f      P_ArchiveWorld_
0d34:09c1      P_ArchiveSpecials_
0d34:0006      P_UnArchivePlayers_
0d34:0675      P_ArchivePlayers_
0d34:0829      P_ArchiveThinkers_
Module: s_sound.obj(C:\REALDOOM\s_sound.c)
0de5:0000      S_SetMusicVolume_
0de5:0028      S_ChangeMusic_
0de5:0036      S_StartMusic_
0de5:0044      S_StopChannel_
0de5:00bc+     S_AdjustSoundParams_
0de5:00c6      S_SetSfxVolume_
0de5:00ca      S_PauseSound_
0de5:00e8      S_ResumeSound_
0de5:0106      S_StopSound_
0de5:0136+     S_getChannel_
0de5:01ce+     S_StartSoundAtVolume_
0de5:02ee      S_StartSoundFromRef_
0de5:0304      S_StartSound_
0de5:031c      S_StartSoundWithParams_
0de5:031e      S_UpdateSounds_
Module: sm_opl2.obj(sm_opl2.ASM)
0de5:0d63*     OPLpauseMusic_OPL2_
0de5:10cb*     OPLreleaseNote_OPL2_
0de5:1372      SM_OPL2_ENDMARKER_
0de5:0d42*     OPL2deinitHardware_OPL2_
0de5:0c78*     OPL2initHardware_OPL2_
0de5:104a*     OPLplayNote_OPL2_
0de5:116b*     OPLchangeControl_OPL2_
0de5:1341*     OPLinitDriver_OPL2_
0de5:12d5*     OPLstopMusic_OPL2_
0de5:1108*     OPLpitchWheel_OPL2_
0de5:12f6*     OPLchangeSystemVolume_OPL2_
0de5:0d66*     OPLresumeMusic_OPL2_
0de5:12b6*     OPLplayMusic_OPL2_
0de5:0cd2*     OPL2detectHardware_OPL2_
0de5:0430      SM_OPL2_STARTMARKER_
Module: sm_opl3.obj(sm_opl3.ASM)
0de5:1d6a*     OPLpauseMusic_OPL3_
0de5:20d2*     OPLreleaseNote_OPL3_
0de5:237f      SM_OPL3_ENDMARKER_
0de5:1d39*     OPL3deinitHardware_OPL3_
0de5:2051*     OPLplayNote_OPL3_
0de5:1c42*     OPL3initHardware_OPL3_
0de5:2178*     OPLchangeControl_OPL3_
0de5:234e*     OPLinitDriver_OPL3_
0de5:22e2*     OPLstopMusic_OPL3_
0de5:210f*     OPLpitchWheel_OPL3_
0de5:2303*     OPLchangeSystemVolume_OPL3_
0de5:1d6d*     OPLresumeMusic_OPL3_
0de5:22c3*     OPLplayMusic_OPL3_
0de5:1d1d*     OPL3detectHardware_OPL3_
0de5:1372      SM_OPL3_STARTMARKER_
Module: sm_sbmid.obj(sm_sbmid.ASM)
0de5:2a9e      SM_SBMID_ENDMARKER_
0de5:2380      SM_SBMID_STARTMARKER_
Module: sm_mpumd.obj(sm_mpumd.ASM)
0de5:2a9e      SM_MPUMD_STARTMARKER_
0de5:3267      SM_MPUMD_ENDMARKER_
Module: p_ceilng.obj(C:\REALDOOM\p_ceilng.c)
0de5:327c      T_MoveCeiling_
0de5:33ca      EV_DoCeiling_
0de5:3516      P_AddActiveCeiling_
0de5:353e+     P_RemoveActiveCeiling_
0de5:3574+     P_ActivateInStasisCeiling_
0de5:35c4      EV_CeilingCrushStop_
Module: p_doors.obj(C:\REALDOOM\p_doors.c)
0de5:3646      T_VerticalDoor_
0de5:3804      EV_DoLockedDoor_
0de5:38b0      EV_DoDoor_
0de5:3a2a      EV_VerticalDoor_
0de5:3c56      P_SpawnDoorCloseIn30_
0de5:3c9e      P_SpawnDoorRaiseIn5Mins_
Module: p_enemy.obj(C:\REALDOOM\p_enemy.c)
0de5:3d00+     P_RecursiveSound_
0de5:3e16      P_NoiseAlert_
0de5:3e32+     P_CheckMeleeRange_
0de5:3f0a+     P_CheckMissileRange_
0de5:4052+     P_Move_
0de5:41f6+     P_TryWalk_
0de5:4214+     P_NewChaseDir_
0de5:4478+     P_LookForPlayers_
0de5:45a6      A_KeenDie_
0de5:4618      A_Look_
0de5:4720      A_Chase_
0de5:48fc      A_FaceTarget_
0de5:49a6      A_PosAttack_
0de5:4a36      A_SPosAttack_
0de5:4ad6      A_CPosAttack_
0de5:4b64      A_CPosRefire_
0de5:4bda      A_SpidRefire_
0de5:4c50      A_BspiAttack_
0de5:4c72      A_TroopAttack_
0de5:4cd4      A_SargAttack_
0de5:4d18      A_HeadAttack_
0de5:4d6a      A_CyberAttack_
0de5:4d8c      A_BruisAttack_
0de5:4dea      A_SkelMissile_
0de5:4e62      A_Tracer_
0de5:50d0      A_SkelWhoosh_
0de5:50ec      A_SkelFist_
0de5:513a+     PIT_VileCheck_
0de5:5246      A_VileChase_
0de5:548c      A_VileStart_
0de5:5496      A_StartFire_
0de5:54a8      A_FireCrackle_
0de5:54ba      A_Fire_
0de5:55b0      A_VileTarget_
0de5:5662+     GetVileMomz_
0de5:56a6      A_VileAttack_
0de5:57b4      A_FatRaise_
0de5:57c6      A_FatAttack1_
0de5:587e      A_FatAttack2_
0de5:592c      A_FatAttack3_
0de5:5a04      A_SkullAttack_
0de5:5b20+     A_PainShootSkull_
0de5:5c78      A_PainAttack_
0de5:5c9a      A_PainDie_
0de5:5cd4      A_Scream_
0de5:5d64      A_XScream_
0de5:5d6e      A_Pain_
0de5:5d98      A_Fall_
0de5:5da0      A_Explode_
0de5:5dbe      A_BossDeath_
0de5:5f48      A_Hoof_
0de5:5f5a      A_Metal_
0de5:5f6c      A_BabyMetal_
0de5:5f7e      A_BrainAwake_
0de5:5fdc      A_BrainPain_
0de5:5fe8      A_BrainScream_
0de5:6092      A_BrainExplode_
0de5:610e      A_BrainSpit_
0de5:61dc      A_SpawnSound_
0de5:61ee      A_SpawnFly_
0de5:6326      A_PlayerScream_
Module: p_floor.obj(C:\REALDOOM\p_floor.c)
0de5:6360      T_MovePlane_
0de5:656e      T_MoveFloor_
0de5:665a      EV_DoFloor_
0de5:69ea      EV_BuildStairs_
Module: p_inter.obj(C:\REALDOOM\p_inter.c)
0de5:6b88+     P_GiveAmmo_
0de5:6c8c+     P_GiveWeapon_
0de5:6cd4+     P_GiveBody_
0de5:6d06+     P_GiveArmor_
0de5:6d20+     P_GiveCard_
0de5:6d3a      P_GivePower_
0de5:6dfa      P_TouchSpecialThing_
0de5:7290+     P_KillMobj_
0de5:73f8+     getMassThrust_
0de5:7466      P_DamageMobj_
Module: p_lights.obj(C:\REALDOOM\p_lights.c)
0de5:7790      T_FireFlicker_
0de5:77f0      P_SpawnFireFlicker_
0de5:7844      T_LightFlash_
0de5:7884      P_SpawnLightFlash_
0de5:78f4      T_StrobeFlash_
0de5:7932      P_SpawnStrobeFlash_
0de5:79b8      EV_StartLightStrobing_
0de5:79f0      EV_LightChange_
0de5:7ac2      T_Glow_
0de5:7b20      P_SpawnGlowingLight_
Module: p_map.obj(C:\REALDOOM\p_map.c)
0de5:7b80+     R_GetAttackRangeMult_
0de5:7be0      R_PointInSubsector_
0de5:7c26+     PIT_StompThing_
0de5:7cb8+     DoBlockmapLoop_
0de5:7d40      P_TeleportMove_
0de5:7eb8+     PIT_CheckLine_
0de5:803c+     PIT_CheckThing_
0de5:82b8      P_CheckPosition_
0de5:84de      P_TryMove_
0de5:86f6+     P_ThingHeightClip_
0de5:87d0+     P_HitSlideLine_
0de5:8934+     PTR_SlideTraverse_
0de5:8a8a      P_SlideMove_
0de5:8e5c+     PTR_AimTraverse_
0de5:90f4+     PTR_ShootTraverse_
0de5:95a4      P_AimLineAttack_
0de5:97cc      P_LineAttack_
0de5:99de+     PTR_UseTraverse_
0de5:9ab6      P_UseLines_
0de5:9b5e+     PIT_RadiusAttack_
0de5:9c4a      P_RadiusAttack_
0de5:9cd0+     PIT_ChangeSector_
0de5:9dc0      P_ChangeSector_
Module: p_maputl.obj(C:\REALDOOM\p_maputl.c)
0de5:9e10      P_AproxDistance_
0de5:9e5c      P_PointOnLineSide_
0de5:9f06      P_BoxOnLineSide_
0de5:a064+     P_PointOnDivlineSide_
0de5:a162+     P_InterceptVector_
0de5:a1fc      P_LineOpening_
0de5:a25e      P_UnsetThingPosition_
0de5:a36c      P_SetThingPosition_
0de5:a46c      P_BlockLinesIterator_
0de5:a4ea      P_BlockThingsIterator_
0de5:a542+     PIT_AddLineIntercepts_
0de5:a6bc+     PIT_AddThingIntercepts_
0de5:a7ae+     P_TraverseIntercepts_
0de5:a836      P_PathTraverse_
Module: p_math.obj(p_math.ASM)
0de5:aa8e      R_PointOnSide_
Module: p_plats.obj(C:\REALDOOM\p_plats.c)
0de5:ab78      T_PlatRaise_
0de5:acbe      EV_DoPlat_
0de5:aef2      EV_PlatFunc_
0de5:af70      P_AddActivePlat_
0de5:af98+     P_RemoveActivePlat_
Module: p_pspr.obj(C:\REALDOOM\p_pspr.c)
0de5:afe0      P_BringUpWeapon_
0de5:b10c      P_DropWeapon_
0de5:b122+     A_WeaponReady_
0de5:b212+     A_ReFire_
0de5:b22c+     P_FireWeapon_
0de5:b240+     P_CheckAmmo_
0de5:b240*     A_CheckReload_
0de5:b2a0+     A_Lower_
0de5:b2e6+     A_Raise_
0de5:b324+     A_GunFlash_
0de5:b34a+     A_Punch_
0de5:b422+     A_Saw_
0de5:b568+     A_FireMissile_
0de5:b586+     A_FireBFG_
0de5:b5a6+     A_FirePlasma_
0de5:b5e6+     P_BulletSlope_
0de5:b666+     P_GunShot_
0de5:b6ca+     A_FirePistol_
0de5:b728+     A_FireShotgun_
0de5:b782+     A_FireShotgun2_
0de5:b84c+     A_FireCGun_
0de5:b8d0*     A_Light0_
0de5:b8d6*     A_Light1_
0de5:b8dc*     A_Light2_
0de5:b8e2*     A_OpenShotgun2_
0de5:b8f4*     A_LoadShotgun2_
0de5:b906+     A_CloseShotgun2_
0de5:b920      A_BFGSpray_
0de5:b9d2*     A_BFGsound_
0de5:b9e4      P_MovePsprites_
0de5:ba6e+     P_SetPsprite_
Module: p_spec.obj(C:\REALDOOM\p_spec.c)
0de5:bba0      twoSided_
0de5:bbcc+     getNextSectorList_
0de5:bc38      P_FindHighestOrLowestFloorSurrounding_
0de5:bce8      P_FindNextHighestFloor_
0de5:bdba      P_FindLowestOrHighestCeilingSurrounding_
0de5:be80      P_FindSectorsFromLineTag_
0de5:beee      P_FindMinSurroundingLight_
0de5:c0a0      P_CrossSpecialLine_
0de5:c696      P_ShootSpecialLine_
0de5:c782      P_PlayerInSpecialSector_
0de5:c89c      P_UpdateSpecials_
0de5:ca14      EV_DoDonut_
0de5:cc30      P_SpawnSpecials_
Module: p_switch.obj(C:\REALDOOM\p_switch.c)
0de5:cd90+     P_StartButton_
0de5:ce08      P_ChangeSwitchTexture_
0de5:d088      P_UseSpecialLine_
Module: p_mobj.obj(C:\REALDOOM\p_mobj.c)
0de5:d8a0      P_Random_
0de5:d8bc+     P_SetupPsprites_
0de5:d8d8+     P_SpawnPlayer_
0de5:d998      P_SpawnMapThing_
0de5:db46+     P_ExplodeMissile_
0de5:dbf2+     P_XYMovement_
0de5:dfde+     P_ZMovement_
0de5:e2ea+     P_NightmareRespawn_
0de5:e474      P_MobjThinker_
0de5:e57a      P_SpawnMobj_
0de5:e738      P_RemoveMobj_
0de5:e766      P_SpawnPuff_
0de5:e826      P_SpawnBlood_
0de5:e900+     P_CheckMissileSpawn_
0de5:e9a4      P_SpawnMissile_
0de5:ebbe      P_SpawnPlayerMissile_
0de5:eddc      P_SetMobjState_
Module: p_telept.obj(C:\REALDOOM\p_telept.c)
0de5:f0b0      EV_Teleport_
Module: p_tick.obj(C:\REALDOOM\p_tick.c)
0de5:f2d0+     P_GetNextThinkerRef_
0de5:f308      P_CreateThinker_
0de5:f33a      P_UpdateThinkerFunc_
0de5:f34e      P_RemoveThinker_
0de5:f362+     P_RunThinkers_
0de5:f49a      P_Ticker_
Module: p_user.obj(C:\REALDOOM\p_user.c)
0de5:f4e0+     P_Thrust_
0de5:f55a+     P_CalcHeight_
0de5:f75c+     P_MovePlayer_
0de5:f858+     P_DeathThink_
0de5:f9b0      P_PlayerThink_
Module: r_bsp.obj(C:\REALDOOM\r_bsp.c)
1da0:0000      R_ClearClipSegs_
Module: r_data.obj(C:\REALDOOM\r_data.c)
1da0:0030+     R_MarkL1SpriteCacheLRU_
1da0:008c+     R_MarkL1SpriteCacheLRU3_
1da0:00ac+     R_MarkL1TextureCacheLRU_
1da0:01e8+     R_MarkL1TextureCacheLRU7_
1da0:0228+     R_MarkL2CompositeTextureCacheLRU_
1da0:0350+     R_MarkL2SpriteCacheLRU_
1da0:0478+     R_EvictL2CacheEMSPage_
1da0:069c      R_MarkL2FlatCacheLRU_
1da0:0712      R_EvictFlatCacheEMSPage_
1da0:0788+     R_DrawColumnInCache_
1da0:080c+     R_GetNextTextureBlock_
1da0:09d6+     R_GetNextSpriteBlock_
1da0:0b60+     R_GenerateComposite_
1da0:0d9a+     gettexturepage_
1da0:0fbe+     getspritepage_
1da0:11aa+     getpatchtexture_
1da0:127e+     getcompositetexture_
1da0:131a      getspritetexture_
1da0:1390      R_GetColumnSegment_
1da0:1658      R_GetMaskedColumnSegment_
1da0:194a+     R_LoadPatchColumns_
1da0:1a3c+     R_LoadSpriteColumns_
Module: r_math.obj(r_math.ASM)
1da0:1c3a      R_PointToAngle_
Module: r_mainhi.obj(r_mainhi.ASM)
1da0:211b*     R_AddLine_
1da0:27f1*     R_StoreWallRange_
1da0:3772*     R_ClipSolidWallSegment_
1da0:381f*     R_ClipPassWallSegment_
1da0:3abe*     R_CheckBBox_
1da0:22bb*     R_Subsector_
1da0:1e34*     FixedMulBSPLocal_
1da0:1f05*     R_PointToDist_
1da0:1ff0*     R_HandleEMSVisplanePagination_
1da0:1e4e*     FixedDivBSPLocal_
1da0:3a10      R_PrepareMaskedPSprites_
1da0:3d4a      R_WriteBackViewConstants_
1da0:3ef2      R_WriteBackFrameConstants_
1da0:1f7c      R_ClearPlanes_
1da0:278c*     R_AddSprites_
1da0:209f*     R_FindPlane_
1da0:324d*     R_DrawColumnPrep_
1da0:3872*     R_DrawPSprite_
1da0:23a4*     R_CheckPlane_
1da0:246a*     R_ProjectSprite_
1da0:1eba*     FixedMulTrigNoShiftBSPLocal_
1da0:3c66      R_RenderBSPNode_
1da0:1da6*     R_ScaleFromGlobalAngle_
1da0:3a8f*     R_PointToAngle16_
Module: r_column.obj(r_column.ASM)
1da0:4084      R_COLUMN_STARTMARKER_
1da0:43a4      R_DrawColumn_
1da0:4eca      R_COLUMN_ENDMARKER_
Module: r_span.obj(r_span.ASM)
1da0:4f6a      R_DrawSpan_
1da0:4eca      R_SPAN_STARTMARKER_
1da0:5670*     R_FixedMulLocal_
1da0:5b7f      R_WriteBackViewConstantsSpan_
1da0:55ba*     R_DrawSpanPrep_
1da0:5830      R_DrawPlanes_
1da0:5c77      R_SPAN_ENDMARKER_
1da0:56ac*     R_MapPlane_
1da0:4f6d*     R_DrawSpanActual_
1da0:5622*     R_FixedMulTrigLocal_
Module: r_sky.obj(r_sky.ASM)
1da0:5c78      R_DrawSkyColumn_
1da0:5e45*     R_DrawSkyColumnDynamic_
1da0:62c7      R_DrawSkyPlane_
1da0:6338      R_SKY_END_
1da0:6256      R_DrawSkyPlaneDynamic_
Module: r_draw.obj(C:\REALDOOM\r_draw.c)
1da0:6340      R_VideoErase_
1da0:63c4      R_DrawViewBorder_
Module: r_main.obj(C:\REALDOOM\r_main.c)
1da0:6440      R_PointToAngle16Old_
1da0:6466      R_PointToAngle2_
1da0:6490      R_PointToAngle2_16_
1da0:64a6      R_SetViewSize_
1da0:64b6+     R_SetupFrame_
1da0:6530      R_RenderPlayerView_
Module: r_masked.obj(r_masked.ASM)
1da0:6630      R_MASKED_STARTMARKER_
1da0:7702      R_MASKED_END_
1da0:70d3*     R_PointOnSegSide_
1da0:6ba8*     R_DrawPlayerSprites_
1da0:752a      R_SortVisSprites_
1da0:68a7*     R_DrawMaskedSpriteShadow_
1da0:76a4      R_WriteBackMaskedFrameConstants_
1da0:66b4      R_DrawFuzzColumn_
1da0:67f9      R_DrawSingleMaskedColumn_
1da0:718b*     R_DrawSprite_
1da0:699e*     R_DrawVisSprite_
1da0:7449      R_DrawMaskedColumn_
1da0:7093*     FixedMul1632MaskedLocal_
1da0:73ed      R_DrawMasked_
1da0:7617      R_WriteBackViewConstantsMasked_
1da0:6bcf*     R_RenderMaskedSegRange_
1da0:67b0      R_DrawColumnPrepMaskedMulti_
Module: w_wad.obj(C:\REALDOOM\w_wad.c)
1da0:7710      locallib_far_fread_
1da0:779a      locallib_far_fwrite_
1da0:7824      W_CheckNumForName_
1da0:7824      W_GetNumForName_
1da0:78b4+     W_LumpLength5000_
1da0:792e+     W_LumpLength9000_
1da0:79a8      W_LumpLength_
1da0:79c2+     W_ReadLump_
1da0:7ab8      W_CacheLumpNameDirect_
1da0:7aca      W_CacheLumpNumDirect_
1da0:7ad8      W_CacheLumpNumDirectFragment_
Module: video.obj(video.ASM)
1da0:7d9b*     CopyString9_
1da0:7e12      R_FillBackScreen_
1da0:7ca7      V_DrawPatchDirect_
1da0:7aee      V_DrawPatch_
1da0:7bde*     V_DrawPatch5000Screen0_
Module: v_video.obj(C:\REALDOOM\v_video.c)
1da0:7fd0      V_MarkRect_
1da0:8002      V_CopyRect_
1da0:8056      V_DrawFullscreenPatch_
Module: z_zone.obj(C:\REALDOOM\z_zone.c)
1da0:81f0      Z_QuickMapPageFrame_
1da0:8218+     Z_QuickMap_
1da0:8266      Z_QuickMapPhysics_
1da0:8282      Z_QuickMapDemo_
1da0:8298      Z_QuickMapRender7000_
1da0:82a4      Z_QuickMapRender_
1da0:82c0      Z_QuickMapRender_4000To9000_9000Only_
1da0:82d2      Z_QuickMapRender_4000To9000_
1da0:82f6*     Z_QuickMapRender_9000To7000_
1da0:8302      Z_QuickMapRender_9000To6000_
1da0:830e      Z_QuickMapRender4000_
1da0:831a      Z_QuickMapRender5000_
1da0:832c*     Z_QuickMapRender9000_
1da0:833e      Z_QuickMapRenderTexture_
1da0:8350      Z_QuickMapStatus_
1da0:8374      Z_QuickMapStatusNoScreen4_
1da0:838e      Z_QuickMapScratch_5000_
1da0:83a0      Z_QuickMapScratch_8000_
1da0:83ac      Z_QuickMapScratch_7000_
1da0:83b8      Z_QuickMapScratch_4000_
1da0:83c4      Z_QuickMapScreen0_
1da0:83d0+     Z_QuickMapRenderPlanes9000only_
1da0:83f0      Z_QuickMapRenderPlanes_
1da0:8416*     Z_QuickMapRenderPlanesBack_
1da0:8428      Z_QuickMapFlatPage_
1da0:843e      Z_QuickMapUndoFlatCache_
1da0:8474      Z_QuickMapMaskedExtraData_
1da0:8480      Z_QuickMapSpritePage_
1da0:8492*     Z_QuickMapPhysics5000_
1da0:84a4*     Z_QuickMapScreen1_
1da0:84c6      Z_QuickMapLumpInfo_
1da0:8508      Z_UnmapLumpInfo_
1da0:857a      Z_QuickMapLumpInfo5000_
1da0:85c0      Z_UnmapLumpInfo5000_
1da0:861e      Z_QuickMapPalette_
1da0:8630      Z_QuickMapMenu_
1da0:8642      Z_QuickMapIntermission_
1da0:8658      Z_QuickMapWipe_
1da0:868a      Z_QuickMapByTaskNum_
1da0:86dc      Z_QuickMapVisplanePage_
1da0:8740      Z_QuickMapVisplaneRevert_
1da0:875e      Z_QuickMapUnmapAll_
1da0:87a2      Z_SetOverlay_
Module: p_setup.obj(C:\REALDOOM\p_setup.c)
2625:0000      P_SetupLevel_
2625:0156+     S_Start_
2625:01e8+     R_LoadPatchColumnsColormap0_
2625:0300+     P_LoadVertexes_
2625:0352+     P_LoadSegs_
2625:0524+     P_LoadSubsectors_
2625:05ac+     P_LoadSectors_
2625:0722+     P_LoadNodes_
2625:0806+     P_LoadThings_
2625:08e8+     P_LoadLineDefs_
2625:0b40+     P_LoadSideDefs_
2625:0cb0+     P_LoadBlockMap_
2625:0d16+     P_GroupLines_
2625:0f44      P_InitThinkers_
2625:0f6e+     Z_FreeConventionalAllocations_
2625:121a*     PSetupEndFunc_
Module: p_sight.obj(C:\REALDOOM\p_sight.c)
2625:1240      P_CheckSight_
2625:13a6+     P_DivlineSide_
2625:1484+     P_DivlineSide16_
2625:153c+     P_DivlineSideNode_
2625:161c+     P_InterceptVector2_
2625:16b8+     P_CrossSubsector_
2625:1934+     P_CrossBSPNode_
Module: C:\WATCOM2\lib286\dos\clibm.lib(fopen.c)
2625:19e0+     __open_flags_
2625:1b8e+     _fsopen_
2625:1bd3      fopen_
2625:1c37*     freopen_
Module: C:\WATCOM2\lib286\dos\clibm.lib(fgetc.c)
2625:1c7b      __fill_buffer_
2625:1d39      fgetc_
Module: C:\WATCOM2\lib286\dos\clibm.lib(fclose.c)
2625:1dbd      __doclose_
2625:1e53      __shutdown_stream_
2625:1e67      fclose_
2b46:2864+     ___RmTmpFileFn
Module: C:\WATCOM2\lib286\dos\clibm.lib(intx086.c)
2625:1e8a+     int86x_
2625:1f2c      int86_
Module: C:\WATCOM2\lib286\dos\clibm.lib(atoi.c)
2625:1f4d      atoi_
Module: C:\WATCOM2\lib286\dos\clibm.lib(fseek.c)
2625:1ff2      fseek_
Module: C:\WATCOM2\lib286\dos\clibm.lib(fread.c)
2625:2110      fread_
Module: C:\WATCOM2\lib286\dos\clibm.lib(accss.c)
2625:22b7      access_
Module: C:\WATCOM2\lib286\dos\clibm.lib(iob.c)
2b46:1b9c      ___iob
2b46:2868      ___OpenStreams
2b46:286a      ___ClosedStreams
Module: C:\WATCOM2\lib286\dos\clibm.lib(setbuf.c)
2625:22ed      setbuf_
Module: C:\WATCOM2\lib286\dos\clibm.lib(i4m.asm)
2625:2304      __I4M
2625:2304      __U4M
Module: C:\WATCOM2\lib286\dos\clibm.lib(i4d.asm)
2625:231c      __I4D
2625:236b*     __U4D
Module: C:\WATCOM2\lib286\dos\clibm.lib(exit.c)
2625:23ef+     __null_int23_exit_
2625:23f0      exit_
2625:2410*     _exit_
2b46:1cb4+     ___int23_exit
2b46:1cb8+     ___FPE_handler_exit
Module: C:\WATCOM2\lib286\dos\clibm.lib(cmodel.asm)
2625:241e      _big_code_
2625:241e*     CodeModelMismatch
Module: C:\WATCOM2\lib286\dos\clibm.lib(ftell.c)
2625:241e      ftell_
Module: C:\WATCOM2\lib286\dos\clibm.lib(d_getvec.c)
2625:2470      _dos_getvect_
Module: C:\WATCOM2\lib286\dos\clibm.lib(d_setvec.c)
2625:247b      _dos_setvect_
Module: C:\WATCOM2\lib286\dos\clibm.lib(fputc.c)
2625:2488      fputc_
Module: C:\WATCOM2\lib286\dos\clibm.lib(fwrite.c)
2625:2539      fwrite_
Module: C:\WATCOM2\lib286\dos\clibm.lib(printf.c)
2625:26f2      printf_
Module: C:\WATCOM2\lib286\dos\clibm.lib(fprintf.c)
2625:2709      fprintf_
Module: C:\WATCOM2\lib286\dos\clibm.lib(cstart)
2b46:0000*     __nullarea
2b46:1cbc*     __ovlflag
2b46:1cbd*     __intno
2b46:1cbe*     __ovlvec
2625:2720      _cstart_
2625:28d1      __exit_
2625:28ee      __do_exit_with_msg_
2625:29cd      __GETDS
Module: C:\WATCOM2\lib286\dos\clibm.lib(argcv.c)
2b46:286c      __argc
2b46:286e      __argv
2b46:2870      ___argc
2b46:2872      ___argv
Module: C:\WATCOM2\lib286\dos\clibm.lib(chainint)
2625:29d8      _chain_intr_
Module: C:\WATCOM2\lib286\dos\clibm.lib(comtflag.c)
2625:29f8*     __set_commode_
2b46:1cc2      __commode
Module: C:\WATCOM2\lib286\dos\clibm.lib(errno.c)
2625:29ff      __get_errno_ptr_
2b46:2874+     _errno
Module: C:\WATCOM2\lib286\dos\clibm.lib(textmode.c)
2b46:1cc4      __fmode
Module: C:\WATCOM2\lib286\dos\clibm.lib(tolower.c)
2625:2a03      tolower_
Module: C:\WATCOM2\lib286\dos\clibm.lib(open.c)
2625:2bdb*     open_
2625:2bfb      _sopen_
Module: C:\WATCOM2\lib286\dos\clibm.lib(chktty.c)
2625:2c15      __chktty_
Module: C:\WATCOM2\lib286\dos\clibm.lib(freefp.c)
2625:2c3c      __freefp_
2625:2c60      __purgefp_
Module: C:\WATCOM2\lib286\dos\clibm.lib(allocfp.c)
2625:2c79      __allocfp_
Module: C:\WATCOM2\lib286\dos\clibm.lib(flushall.c)
2625:2d0b      __flushall_
2625:2d3e      flushall_
Module: C:\WATCOM2\lib286\dos\clibm.lib(gtche.c)
2625:2d43      getche_
Module: C:\WATCOM2\lib286\dos\clibm.lib(ioalloc.c)
2625:2d58      __ioalloc_
Module: C:\WATCOM2\lib286\dos\clibm.lib(qread.c)
2625:2dc8      __qread_
Module: C:\WATCOM2\lib286\dos\clibm.lib(__lseek.c)
2625:2de0      __lseek_
Module: C:\WATCOM2\lib286\dos\clibm.lib(_clse.c)
2625:2e1a      __close_
Module: C:\WATCOM2\lib286\dos\clibm.lib(nfree.c)
2625:2e50      _nfree_
2625:2e50      free_
2b46:2876+     ___MiniHeapFreeRover
Module: C:\WATCOM2\lib286\dos\clibm.lib(flush.c)
2625:2f15      __flush_
Module: C:\WATCOM2\lib286\dos\clibm.lib(dointr)
2625:300a      _DoINTR_
Module: C:\WATCOM2\lib286\dos\clibm.lib(segread.c)
2625:337f      segread_
Module: C:\WATCOM2\lib286\dos\clibm.lib(istable.c)
2b46:0fe6      __IsTable
Module: C:\WATCOM2\lib286\dos\clibm.lib(lseek.c)
2625:3397      lseek_
Module: C:\WATCOM2\lib286\dos\clibm.lib(tell.c)
2625:33c8      _tell_
Module: C:\WATCOM2\lib286\dos\clibm.lib(gfattdos.c)
2625:33d9      _dos_getfileattr_
Module: C:\WATCOM2\lib286\dos\clibm.lib(dosret.c)
2625:33f0      __set_errno_dos_
2625:3454*     __set_errno_dos_reterr_
Module: C:\WATCOM2\lib286\dos\clibm.lib(initfile.c)
2625:345f      __InitFiles_
Module: C:\WATCOM2\lib286\dos\clibm.lib(ioexit.c)
2625:353f*     fcloseall_
2625:3546      __full_io_exit_
Module: C:\WATCOM2\lib286\dos\clibm.lib(setvbuf.c)
2625:3550      setvbuf_
Module: C:\WATCOM2\lib286\dos\clibm.lib(initrtns.c)
2625:35db      __InitRtns
2625:35db*     __FInitRtns
2625:3632      __FiniRtns
2625:3632*     __FFiniRtns
Module: C:\WATCOM2\lib286\dos\clibm.lib(fflush.c)
2625:3690      fflush_
Module: C:\WATCOM2\lib286\dos\clibm.lib(qwrit.c)
2625:36a1      __qwrite_
Module: C:\WATCOM2\lib286\dos\clibm.lib(fprtf.c)
2625:3713      __fprtf_
Module: C:\WATCOM2\lib286\dos\clibm.lib(xmsg.c)
2625:37ae*     __exit_with_msg_
2625:37b3      __fatal_runtime_error_
Module: C:\WATCOM2\lib286\dos\clibm.lib(cmain086.c)
2625:37cd      __CMain
Module: C:\WATCOM2\lib286\dos\clibm.lib(crwdata)
2b46:1cda      __curbrk
2b46:1ce2      __STACKLOW
2b46:1ce4      __STACKTOP
2b46:1ce6      __cbyte
2b46:1ce8      __child
2b46:1cea      __no87
2b46:1cf7      ___FPE_handler
2b46:1cdc      __psp
2b46:1ceb      __get_ovl_stack
2b46:1cef      __restore_ovl_stack
2b46:1cf3      __close_ovl_file
2b46:1cfb      __LpCmdLine
2b46:1cff      __LpPgmName
2b46:1cde      __osmajor
2b46:1cdf      __osminor
2b46:1ce0      __osmode
2b46:1ce1      __HShift
Module: C:\WATCOM2\lib286\dos\clibm.lib(uselfn.c)
2b46:1d04      ___uselfn
Module: C:\WATCOM2\lib286\dos\clibm.lib(dosseg)
2625:37e4      __DOSseg__
Module: C:\WATCOM2\lib286\dos\clibm.lib(initargv.c)
2625:394c      __Init_Argv_
2625:3983      __Fini_Argv_
Module: C:\WATCOM2\lib286\dos\clibm.lib(opendos.c)
2625:3999      _dos_open_
Module: C:\WATCOM2\lib286\dos\clibm.lib(iomode.c)
2625:39af      __GetIOMode_
2625:39c6      __SetIOMode_nogrow_
2b46:1d06      ___NFiles
2b46:1d08      ___init_mode
2b46:1d30      ___io_mode
Module: C:\WATCOM2\lib286\dos\clibm.lib(isatt.c)
2625:39db      isatty_
Module: C:\WATCOM2\lib286\dos\clibm.lib(doserrno.c)
2625:39f7      __get_doserrno_ptr_
2b46:287a+     __doserrno
Module: C:\WATCOM2\lib286\dos\clibm.lib(umaskval.c)
2b46:1d32      ___umaskval
Module: C:\WATCOM2\lib286\dos\clibm.lib(creatdos.c)
2625:39fb      _dos_creat_
2625:3a0f*     _dos_creatnew_
Module: C:\WATCOM2\lib286\dos\clibm.lib(stiomode.c)
2625:3a23+     __grow_iomode_
2625:3ab0+     __shrink_iomode_
2625:3acb      __SetIOMode_
Module: C:\WATCOM2\lib286\dos\clibm.lib(nmalloc.c)
2625:3b1f      _nmalloc_
2625:3b1f      malloc_
2b46:1d34      ___nheapbeg
2b46:1d36      ___MiniHeapRover
2b46:1d38      ___LargestSizeB4MiniHeapRover
Module: C:\WATCOM2\lib286\dos\clibm.lib(mem.c)
2625:3be0      __MemAllocator
2625:3ca8      __MemFree
Module: C:\WATCOM2\lib286\dos\clibm.lib(fsync.c)
2625:3e22      fsync_
Module: C:\WATCOM2\lib286\dos\clibm.lib(error086.asm)
2625:3e28      __doserror_
2625:3e36*     __doserror1_
Module: C:\WATCOM2\lib286\dos\clibm.lib(sgdef086)
2b46:1d4c      __Start_XI
2b46:1d5e      __End_XI
2b46:1d5e      __Start_YI
2b46:1d70      __End_YI
Module: C:\WATCOM2\lib286\dos\clibm.lib(prtf.c)
2625:4796      __prtf_
Module: C:\WATCOM2\lib286\dos\clibm.lib(enterdb.c)
2625:499f      __EnterWVIDEO_
2b46:1d3a+     __WD_Present
Module: C:\WATCOM2\lib286\dos\clibm.lib(___argc.c)
2b46:287e      ____Argv
2b46:2880      ____Argc
Module: C:\WATCOM2\lib286\dos\clibm.lib(histsplt.c)
2b46:2882      ___historical_splitparms
Module: C:\WATCOM2\lib286\dos\clibm.lib(nrealloc.c)
2625:49bb*     _nrealloc_
2625:49bb      realloc_
Module: C:\WATCOM2\lib286\dos\clibm.lib(iomodtty.c)
2625:4a35      __ChkTTYIOMode_
2625:4a69*     __IOMode_
Module: C:\WATCOM2\lib286\dos\clibm.lib(nmemneed.c)
2625:4a79      __nmemneed_
Module: C:\WATCOM2\lib286\dos\clibm.lib(grownear.c)
2625:4ae2+     __LastFree_
2625:4b4a      __ExpandDGROUP_
Module: C:\WATCOM2\lib286\dos\clibm.lib(filedos.c)
2625:4c22*     _dos_close_
2625:4c30      _dos_commit_
Module: C:\WATCOM2\lib286\dos\clibm.lib(wctomb.c)
2625:4c3f      wctomb_
Module: C:\WATCOM2\lib286\dos\clibm.lib(itoa.c)
2625:4c5c+     utoa_
2625:4ca1      itoa_
Module: C:\WATCOM2\lib286\dos\clibm.lib(noefgfmt.c)
2b46:1d3c      ___EFG_printf
2b46:1d40*     ___EFG_scanf
Module: C:\WATCOM2\lib286\dos\clibm.lib(lltoa.c)
2625:4ccc      ulltoa_
2625:4d90*     lltoa_
Module: C:\WATCOM2\lib286\dos\clibm.lib(strupr.c)
2625:4de4      _strupr_
Module: C:\WATCOM2\lib286\dos\clibm.lib(ltoa.c)
2625:4e04      ultoa_
2625:4e57*     ltoa_
Module: C:\WATCOM2\lib286\dos\clibm.lib(mbisdbcs.c)
2b46:1d44      ___IsDBCS
Module: C:\WATCOM2\lib286\dos\clibm.lib(mbislead.c)
2625:4e78*     _ismbblead_
2b46:2884      ___MBCSIsTable
Module: C:\WATCOM2\lib286\dos\clibm.lib(nmsize.c)
2625:4e8f*     _msize_
2625:4e8f      _nmsize_
Module: C:\WATCOM2\lib286\dos\clibm.lib(nexpand.c)
2625:4e9e      _nexpand_
2625:4e9e*     _expand_
Module: C:\WATCOM2\lib286\dos\clibm.lib(amblksiz.c)
2b46:1d46      __amblksiz
Module: C:\WATCOM2\lib286\dos\clibm.lib(heapen.c)
2625:4eed*     _heapenable_
2b46:1d48      ___heap_enabled
Module: C:\WATCOM2\lib286\dos\clibm.lib(sbrk.c)
2625:4ef9      __brk_
2625:4f4f*     sbrk_
Module: C:\WATCOM2\lib286\dos\clibm.lib(alphabet.c)
2b46:10e8      ___Alphabet
Module: C:\WATCOM2\lib286\dos\clibm.lib(mbinit.c)
2625:4fb2      __mbinit_
2b46:1d4a+     ___MBCodePage
Module: C:\WATCOM2\lib286\dos\clibm.lib(_expand.c)
2625:501d      __HeapManager_expand_
Module: C:\WATCOM2\lib286\dos\clibm.lib(getltdos.c)
2625:51ae      dos_get_dbcs_lead_table_
Module: C:\WATCOM2\lib286\dos\clibm.lib(getcpdos.c)
2625:51d7      dos_get_code_page_
Module: C:\WATCOM2\lib286\dos\clibm.lib(bfree.c)
2625:51e7      _bfree_


                        +--------------------+
                        |   Libraries Used   |
                        +--------------------+

C:\WATCOM2\lib286\dos\clibm.lib


                        +-----------------------+
                        |   Linker Statistics   |
                        +-----------------------+

Stack size:  1000 (4096.)
Memory size:  0002edf0 (191984.)
Entry point address: 2625:2720
Link time: 00:00.75
