Open Watcom Linker Version 2.0 beta Sep  3 2024 02:05:05 (32-bit)
Copyright (c) 2002-2024 The Open Watcom Contributors. All Rights Reserved.
Portions Copyright (c) 1985-2002 Sybase, Inc. All Rights Reserved.
Created on:       25/06/23 16:08:07
Executable Image: bingen.exe
creating a DOS executable


                        +------------+
                        |   Groups   |
                        +------------+

Group                           Address              Size
=====                           =======              ====

DGROUP                          2ae6:0000            000036d0



                        +--------------+
                        |   Segments   |
                        +--------------+

Segment                Class          Group          Address         Size
=======                =====          =====          =======         ====

m_near_TEXT            CODE           AUTO           0000:0000       00000000
d_init_TEXT            CODE           AUTO           0000:0000       00000c5d
S_INIT_TEXT            CODE           AUTO           0000:0c5e       00000531
st_init_TEXT           CODE           AUTO           0000:1190       000003c3
r_init_TEXT            CODE           AUTO           0000:1560       00000c29
w_init_TEXT            CODE           AUTO           0000:2190       00000277
i_init_TEXT            CODE           AUTO           0000:2410       000000a5
z_init_TEXT            CODE           AUTO           0000:24c0       0000082b
p_init_TEXT            CODE           AUTO           0000:2cf0       0000049c
d_main_TEXT            CODE           AUTO           0319:0000       00001038
i_quit_TEXT            CODE           AUTO           0319:1040       000001e9
i_ibm_TEXT             CODE           AUTO           0319:1230       000002ee
i_sound_TEXT           CODE           AUTO           0319:1520       00000246
SM_LOAD_TEXT           CODE           AUTO           0319:1766       0000049d
bingen_TEXT            CODE           AUTO           0319:1c10       0000068d
d_net_TEXT             CODE           AUTO           0319:22a0       00000105
g_game_TEXT            CODE           AUTO           0319:23b0       00000913
m_misc_TEXT            CODE           AUTO           0319:2cd0       000000d5
am_map_TEXT            CODE           AUTO           0319:2db0       0000128d
st_stuff_TEXT          CODE           AUTO           0319:4040       00000b53
hu_stuff_TEXT          CODE           AUTO           0319:4ba0       000001d2
hu_lib_TEXT            CODE           AUTO           0319:4d80       000001b3
m_menu_TEXT            CODE           AUTO           0319:4f40       00001410
F_WIPE_TEXT            CODE           AUTO           0319:6350       000002f1
D_ALGO_TEXT            CODE           AUTO           0319:6642       00000045
dmx_TEXT               CODE           AUTO           0319:6690       000001a2
D_INT_TEXT             CODE           AUTO           0319:6832       00000175
WI_STUFF_TEXT          CODE           AUTO           0319:69a8       00001019
MATH_TEXT              CODE           AUTO           0319:79c2       0000078b
MAIN_TEXT              CODE           AUTO           0319:814e       00000e29
g_setup_TEXT           CODE           AUTO           0319:8f80       000002cc
r_setup_TEXT           CODE           AUTO           0319:9250       00000445
st_setup_TEXT          CODE           AUTO           0319:96a0       00000202
hu_setup_TEXT          CODE           AUTO           0319:98b0       000000c1
F_FINALE_TEXT          CODE           AUTO           0cb0:0002       00000b56
P_SAVEG_TEXT           CODE           AUTO           0d65:0008       00000b17
s_sound_TEXT           CODE           AUTO           0e17:0000       0000066f
p_ceilng_TEXT          CODE           AUTO           0e17:0670       00000390
p_doors_TEXT           CODE           AUTO           0e17:0a00       00000664
p_enemy_TEXT           CODE           AUTO           0e17:1070       0000265d
p_floor_TEXT           CODE           AUTO           0e17:36d0       000007f8
p_inter_TEXT           CODE           AUTO           0e17:3ed0       00000c7f
p_lights_TEXT          CODE           AUTO           0e17:4b50       000003ed
P_MAP_TEXT             CODE           AUTO           0e17:4f3e       00002377
p_plats_TEXT           CODE           AUTO           0e17:72c0       0000041b
p_pspr_TEXT            CODE           AUTO           0e17:76e0       00000afb
p_spec_TEXT            CODE           AUTO           0e17:81e0       000011d8
p_switch_TEXT          CODE           AUTO           0e17:93c0       00000ae1
p_mobj_TEXT            CODE           AUTO           0e17:9eb0       00001641
P_MOBJA_TEXT           CODE           AUTO           0e17:b4f2       00000077
p_telept_TEXT          CODE           AUTO           0e17:b570       0000021c
P_TICK_TEXT            CODE           AUTO           0e17:b78c       000001c9
p_user_TEXT            CODE           AUTO           0e17:b960       0000062f
SM_OPL2_TEXT           CODE           AUTO           1a10:0000       00000f49
SM_OPL3_TEXT           CODE           AUTO           1a10:0f4a       00001014
SM_SBMID_TEXT          CODE           AUTO           1a10:1f5e       0000072d
SM_MPUMD_TEXT          CODE           AUTO           1a10:268c       000007d8
s_sbsfx_TEXT           CODE           AUTO           1a10:2e70       000017ef
R_DATA_TEXT            CODE           AUTO           1e76:0000       00000c62
R_MAIN_TEXT            CODE           AUTO           1e76:0c62       00000186
R_MAINHI_TEXT          CODE           AUTO           1e76:0de8       0000264f
R_COLUMN_TEXT          CODE           AUTO           1e76:3438       00000e46
R_SPAN_TEXT            CODE           AUTO           1e76:427e       00000e6f
R_SKY_TEXT             CODE           AUTO           1e76:50ee       000006c0
r_draw_TEXT            CODE           AUTO           1e76:57b0       000000fb
R_MASKED_TEXT          CODE           AUTO           1e76:58ac       000012e4
w_wad_TEXT             CODE           AUTO           1e76:6b90       0000030c
VIDEO_TEXT             CODE           AUTO           1e76:6e9c       000004e6
v_video_TEXT           CODE           AUTO           1e76:7390       00000218
z_zone_TEXT            CODE           AUTO           1e76:75b0       000004e7
p_setup_TEXT           CODE           AUTO           2620:0000       00001268
P_SIGHT_TEXT           CODE           AUTO           2620:1268       0000060b
_TEXT                  CODE           AUTO           2620:1880       000033dc
FAR_DATA               FAR_DATA       AUTO           2ae5:000c       00000000
_NULL                  BEGDATA        DGROUP         2ae6:0000       00000020
_AFTERNULL             BEGDATA        DGROUP         2ae8:0000       00000002
CONST                  DATA           DGROUP         2ae8:0002       000010e8
CONST2                 DATA           DGROUP         2bf6:000a       00000127
_DATA                  DATA           DGROUP         2c0a:0000       00000958
XIB                    DATA           DGROUP         2c9f:0008       00000000
XI                     DATA           DGROUP         2c9f:0008       00000012
XIE                    DATA           DGROUP         2ca0:000a       00000000
YIB                    DATA           DGROUP         2ca0:000a       00000000
YI                     DATA           DGROUP         2ca0:000a       00000012
YIE                    DATA           DGROUP         2ca1:000c       00000000
DATA                   DATA           DGROUP         2ca1:000c       00000000
_BSS                   BSS            DGROUP         2ca2:0000       00000b0f
STACK                  STACK          DGROUP         2d53:0000       00001000


                        +----------------+
                        |   Memory Map   |
                        +----------------+

* = unreferenced symbol
+ = symbol only referenced locally

Address        Symbol
=======        ======

Module: m_near.obj(C:\REALDOOM\m_near.c)
2ae6:1bc0      _sb_voicelist
2ae6:1c00      _musdriverstartposition
2ae6:1c10      _codestartposition
2ae6:1c28      _savename
2ae6:1c38      _channels
2ae6:1c68      _solidsegs
2ae6:1ce8      _wadfiles
2ae6:1cf0      _switchlist
2ae6:1db8      _anims
2ae6:1e78      _saveOldString
2ae6:1e90      _w_ammo
2ae6:1eb8      _w_maxammo
2ae6:1ee0      _w_faces
2ae6:1ee8      _w_arms
2ae6:1f18      _w_keyboxes
2ae6:1f30      _arms
2ae6:1f48      _w_armsbg
2ae6:1f50      _am_l
2ae6:1f58      _am_fl
2ae6:1f60      _am_lc
2ae6:1f68      _am_ml
2ae6:1f70      _markpoints
2ae6:1f98      _deadAttackerY
2ae6:1f9c      _currentpageframes
2ae6:1fa0      _deadAttackerX
2ae6:1fa4      _levelTimeCount
2ae6:1fa8      _filetolumpsize
2ae6:1fb4      _buttonlist
2ae6:1fd8      _bulletslope
2ae6:1fdc      _setStateReturn_pos
2ae6:1fe0      _TaskServiceCount
2ae6:1fe4      _OldInt8
2ae6:1fe8      _activeplats
2ae6:2024      _w_armor
2ae6:2030      _st_stuff_buf
2ae6:2064      _w_health
2ae6:2070      _keys
2ae6:207c      _shortnum
2ae6:2090      _tallnum
2ae6:20a4      _faces
2ae6:20f8+     _mousearray
2ae6:20fc      _gametic
2ae6:2100      _playerMobj_pos
2ae6:2104      _starttime
2ae6:2108      _maketic
2ae6:210c      _gametime
2ae6:2110      _p_init_sprtemp
2ae6:2114      _am_buffer
2ae6:2128      _am_max_scale_mtof
2ae6:212c      _am_scale_mtof
2ae6:2130      _am_scale_ftom
2ae6:2134      _screen_oldloc
2ae6:2138      _m_paninc
2ae6:213c      _hu_font
2ae6:21ba      _keyboxes
2ae6:21c0      _w_ready
2ae6:21ca      _pcspeaker_endoffset
2ae6:21cc      _pcspeaker_currentoffset
2ae6:21ce      _numlinespecials
2ae6:21d0      _emshandle
2ae6:21d2      _lastanim
2ae6:21d4      _pagenum9000
2ae6:21d6      _numlumps
2ae6:21d8      _spritewidths_segment
2ae6:21da      _newend
2ae6:21dc      _setStateReturn
2ae6:21de      _numswitches
2ae6:21e0      _oldentertics
2ae6:21e2      _currentThinkerListHead
2ae6:21e4      _armsbgarray
2ae6:21e6      _whichSkull
2ae6:21e8      _currentMenu
2ae6:21ea      _messageLastMenuActive
2ae6:21ec      _skullAnimCounter
2ae6:21ee      _saveStringEnter
2ae6:21f0      _itemOn
2ae6:21f2      _saveCharIndex
2ae6:21f4      _messageRoutine
2ae6:21f6      _saveSlot
2ae6:21f8      _st_calc_lastcalc
2ae6:21fa      _armsbg
2ae6:21fc      _faceback
2ae6:21fe      _sbar
2ae6:2200      _tallpercent
2ae6:2202      _dclicks
2ae6:2204      _dclickstate
2ae6:2206      _dclicktime2
2ae6:2208      _defdemoname
2ae6:220a      _myargc
2ae6:220c      _myargv
2ae6:220e      _dclickstate2
2ae6:2210      _dclicks2
2ae6:2212      _dclicktime
2ae6:2214      _mousex
2ae6:2216      _demo_p
2ae6:2218      _totalkills
2ae6:221a      _totalitems
2ae6:221c      _totalsecret
2ae6:221e      _playerMobj
2ae6:2220      _playerMobjRef
2ae6:2222      _p_init_maxframe
2ae6:2224      _am_min_level_x
2ae6:2226      _am_min_level_y
2ae6:2228      _screen_viewport_height
2ae6:222a      _am_min_scale_mtof
2ae6:222c      _old_screen_viewport_width
2ae6:222e      _old_screen_botleft_x
2ae6:2230      _old_screen_botleft_y
2ae6:2232      _am_max_level_y
2ae6:2234      _am_max_level_x
2ae6:2236      _old_screen_viewport_height
2ae6:2238      _skytexture
2ae6:223a      _screen_topright_y
2ae6:223c      _numpatches
2ae6:223e      _pspritescale
2ae6:2240      _screen_topright_x
2ae6:2242      _screen_viewport_width
2ae6:2244      _screen_botleft_x
2ae6:2246      _screen_botleft_y
2ae6:2248      _numtextures
2ae6:224a      _ftom_zoommul
2ae6:224c      _numspritelumps
2ae6:224e      _mtof_zoommul
2ae6:2250      _numflats
2ae6:2252      _scaledviewwidth
2ae6:2254      _viewwindowoffset
2ae6:2256      _r_cachedplayerMobjsecnum
2ae6:2258      _viewwindowx
2ae6:225a      _viewwindowy
2ae6:225c      _pendingdetail
2ae6:225e      _pagename
2ae6:2260      _pagetic
2ae6:2262      _snd_SBport
2ae6:2264      _snd_Mport
2ae6:2266      _w_message
2ae6:23cf      _menu_messageString
2ae6:2438      _oldweaponsowned
2ae6:2441      _w_title
2ae6:249a      _wminfo
2ae6:24af      _player
2ae6:2512      _useDeadAttackerRef
2ae6:2513      _mus_paused
2ae6:2514      _levelTimer
2ae6:2515      _onground
2ae6:2516      _TS_TimesInInterrupt
2ae6:2517      _menu_epi
2ae6:2518      _messageNeedsInput
2ae6:2519      _message_on
2ae6:251a      _message_dontfuckwithme
2ae6:251b      _message_counter
2ae6:251c      _message_nottobefuckedwith
2ae6:251d      _messageToPrint
2ae6:251e      _st_randomnumber
2ae6:251f      _do_st_refresh
2ae6:2520      _st_statusbaron
2ae6:2521      _st_gamestate
2ae6:2522      _d_episode
2ae6:2523      _secretexit
2ae6:2524      _d_skill
2ae6:2525      _d_map
2ae6:2526      _updatedthisframe
2ae6:2527      _st_firsttime
2ae6:2528      _savegameslot
2ae6:2529      _usemouse
2ae6:252a      _mousebforward
2ae6:252b      _key_speed
2ae6:252c      _mousebfire
2ae6:252d      _key_fire
2ae6:252e      _key_strafe
2ae6:252f      _turnheld
2ae6:2530      _key_straferight
2ae6:2531      _mousebstrafe
2ae6:2532      _key_down
2ae6:2533      _key_use
2ae6:2534      _key_strafeleft
2ae6:2535      _key_left
2ae6:2536      _demoplayback
2ae6:2537      _key_up
2ae6:2538      _demorecording
2ae6:2539      _singledemo
2ae6:253a      _netdemo
2ae6:253b      _key_right
2ae6:253c      _paused
2ae6:253d      _borderdrawcount
2ae6:253e      _timingdemo
2ae6:253f      _sendsave
2ae6:2540      _numChannels
2ae6:2541      _gameskill
2ae6:2542      _noblit
2ae6:2543      _respawnmonsters
2ae6:2544      _usegamma
2ae6:2545      _sendpause
2ae6:2546      _usergame
2ae6:2547      _mousepresent
2ae6:2548      _novideo
2ae6:2549      _setblocks
2ae6:254a      _sfxVolume
2ae6:254b      _setsizeneeded
2ae6:254c      _menuactive
2ae6:254d      _screenSize
2ae6:254e      _inhelpscreens
2ae6:254f      _quickSaveSlot
2ae6:2550      _detailLevel
2ae6:2551      _musicVolume
2ae6:2552      _eventtail
2ae6:2553      _startmap
2ae6:2554      _modifiedgame
2ae6:2555      _autostart
2ae6:2556      _showMessages
2ae6:2557      _advancedemo
2ae6:2558      _nomonsters
2ae6:2559      _mouseSensitivity
2ae6:255a      _startskill
2ae6:255b      _fastparm
2ae6:255c      _eventhead
2ae6:255d      _respawnparm
2ae6:255e      _startepisode
2ae6:255f      _demosequence
2ae6:2560      _snd_SBirq
2ae6:2561      _snd_SfxVolume
2ae6:1240      _singletics
2ae6:1241      _skytextureloaded
2ae6:1242      _clipangle
2ae6:1244      _fieldofview
2ae6:1246      _am_cheating
2ae6:1247      _am_grid
2ae6:1248      _markpointnum
2ae6:1249      _followplayer
2ae6:124a      _am_stopped
2ae6:124b      _am_bigstate
2ae6:124c      _am_lastlevel
2ae6:124d      _am_lastepisode
2ae6:124e      _player_arrow
2ae6:1286      _cheat_player_arrow
2ae6:1306      _thintriangle_guy
2ae6:1320      _R_DrawPlanesCall
2ae6:1324      _R_WriteBackViewConstantsSpanCall
2ae6:1328      _R_DrawMaskedCall
2ae6:132c      _wipe_StartScreenCall
2ae6:1330      _wipe_WipeLoopCall
2ae6:1334      _R_WriteBackMaskedFrameConstantsCall
2ae6:1338      _R_WriteBackViewConstantsMaskedCall
2ae6:133c      _F_StartFinale
2ae6:1340      _F_Ticker
2ae6:1344      _F_Drawer
2ae6:1348      _F_Responder
2ae6:134c      _WI_Start
2ae6:1350      _WI_Ticker
2ae6:1354      _WI_Drawer
2ae6:1358      _P_UnArchivePlayers
2ae6:135c      _P_UnArchiveWorld
2ae6:1360      _P_UnArchiveThinkers
2ae6:1364      _P_UnArchiveSpecials
2ae6:1368      _P_ArchivePlayers
2ae6:136c      _P_ArchiveWorld
2ae6:1370      _P_ArchiveThinkers
2ae6:1374      _P_ArchiveSpecials
2ae6:1378      _S_ActuallyChangeMusic
2ae6:137c      _LoadSFXWadLumps
2ae6:1380      _P_CheckSight
2ae6:1384      _currentlumpindex
2ae6:1386      _maskedcount
2ae6:1388      _currentpostoffset
2ae6:138a      _currentpostdataoffset
2ae6:138c      _currentpixeloffset
2ae6:138e      _grmode
2ae6:1390      _oldkeyboardisr
2ae6:1394      _viewactivestate
2ae6:1395      _menuactivestate
2ae6:1396      _inhelpscreensstate
2ae6:1397      _fullscreen
2ae6:1398      _oldgamestate
2ae6:1399      _precache
2ae6:139c      _forwardmove
2ae6:13a4      _sidemove
2ae6:13ac      _mousebuttons
2ae6:13ae      _prndindex
2ae6:13b0      _st_oldhealth
2ae6:13b2      _st_facecount
2ae6:13b4      _st_faceindex
2ae6:13b6      _st_palette
2ae6:13b8      _st_calc_oldhealth
2ae6:13ba      _st_face_lastattackdown
2ae6:13bb      _st_face_priority
2ae6:13bc      _skullName
2ae6:13c0      _MainMenu
2ae6:13de      _MainDef
2ae6:13ea+     _EpisodeMenu
2ae6:13fe      _EpiDef
2ae6:140a+     _NewGameMenu
2ae6:1423      _NewDef
2ae6:142f+     _OptionsMenu
2ae6:1457      _OptionsDef
2ae6:1463      _ReadMenu1
2ae6:1468      _ReadDef1
2ae6:1474+     _ReadMenu2
2ae6:1479      _ReadDef2
2ae6:1485+     _SoundMenu
2ae6:1499      _SoundDef
2ae6:14a5      _LoadMenu
2ae6:14c3      _LoadDef
2ae6:14cf+     _SaveMenu
2ae6:14ed      _SaveDef
2ae6:14f9      _detailNames
2ae6:14fb      _msgNames
2ae6:14fd      _HeadTask
2ae6:14ff      _MUSTask
2ae6:1501      _TS_Installed
2ae6:1502      _TS_InInterrupt
2ae6:1503      _st_stopped
2ae6:1504      _weaponinfo
2ae6:1568      _maxammo
2ae6:1570      _clipammo
2ae6:1574      _opposite
2ae6:157d      _diags
2ae6:1582      _filetolumpindex
2ae6:1588      _currentloadedfileindex
2ae6:158a      _pageswapargs
2ae6:17b6      _currenttask
2ae6:17b7      _versionstring
2ae6:17c3      _currentoverlay
2ae6:17c4      _sfx_priority
2ae6:1831      _FORCE_5000_LUMP_LOAD
2ae6:2562      _snd_DesiredSfxDevice
2ae6:2563      _snd_SBdma
2ae6:2564      _snd_DesiredMusicDevice
Module: d_init.obj(C:\REALDOOM\d_init.c)
0000:0000      D_InitStrings_
0000:00aa+     D_GetCursorColumnRow_
0000:00be*     D_SetCursorPosition_
0000:00d0+     D_DrawTitle_
0000:0142+     D_RedrawTitle_
0000:0170+     makethreecharint_
0000:01a8+     HU_Init_
0000:0240+     S_Init_
0000:0274+     AM_loadPics_
0000:02da+     G_RecordDemo_
0000:032c+     G_TimeDemo_
0000:0350+     M_Reload_
0000:0434+     M_Init_
0000:04bc+     check_is_ultimate_
0000:0508      D_DoomMain2_
Module: s_init.obj(s_init.ASM)
0000:118f      S_INIT_ENDMARKER_
0000:0c5e      S_INIT_STARTMARKER_
0000:0c5e      LoadSFXWadLumps_
0000:1164*     I_GetSfxLumpNum_
Module: st_init.obj(C:\REALDOOM\st_init.c)
0000:1190+     ST_loadGraphics_
0000:1520+     ST_loadData_
0000:154a      ST_Init_
Module: r_init.obj(C:\REALDOOM\r_init.c)
0000:1560+     R_InitSpriteLumps_
0000:16f4+     R_GenerateLookup_
0000:1cae+     R_InitTextures_
0000:201a+     R_InitTextures2_
0000:206a+     R_InitPatches_
0000:20d6+     R_InitData_
0000:2126      R_Init_
Module: w_init.obj(C:\REALDOOM\w_init.c)
0000:2190      W_AddFile_
Module: i_init.obj(C:\REALDOOM\i_init.c)
0000:2410+     I_StartupMouse_
0000:2456+     I_StartupKeyboard_
0000:247a      I_Init_
Module: z_init.obj(C:\REALDOOM\z_init.c)
0000:24c0*     doerror_
0000:24d0      Z_InitEMS_
0000:25fe      Z_GetEMSPageMap_
0000:26fc      Z_LoadBinaries_
Module: p_init.obj(C:\REALDOOM\p_init.c)
0000:2cf0+     P_InitSwitchList_
0000:2dbc+     P_InitPicAnims_
0000:2e92+     R_InstallSpriteLump_
0000:2f22+     R_InitSpriteDefs_
0000:3130*     R_InitSprites_
0000:3154      P_Init_
Module: d_main.obj(C:\REALDOOM\d_main.c)
0319:0000      D_PostEvent_
0319:002c      D_ProcessEvents_
0319:0076      getStringByIndex_
0319:00bc      copystr8_
0319:00f6      locallib_strlen_
0319:0114      locallib_toupper_
0319:0120      locallib_strcpy_
0319:0150      locallib_strncpy_
0319:01a6+     locallib_printhexdigit_
0319:01bc      locallib_printhex_
0319:0320+     locallib_printdecimal_
0319:048e+     locallib_printstringfar_
0319:04f4*     locallib_printstringnear_
0319:04fe      locallib_printf_
0319:0766      DEBUG_PRINT_
0319:077c      locallib_strupr_
0319:07aa      locallib_strlwr_
0319:07d8      combine_strings_
0319:084e      combine_strings_near_
0319:089a      locallib_strcmp_
0319:08ea      locallib_strncasecmp_
0319:0946      makesavegamename_
0319:0982      D_StartTitle_
0319:0996      I_UpdateNoBlit_
0319:0aa2+     D_Display_
0319:0d3e+     G_BeginRecording_
0319:0dec      D_PageTicker_
0319:0dfe+     D_PageDrawer_
0319:0e26      D_DoAdvanceDemo_
0319:0f40+     Z_ClearDeadCode_
0319:0f86*     D_DoomMain_
0319:0f8e*     D_DoomLoop_
Module: i_quit.obj(C:\REALDOOM\i_quit.c)
0319:1040+     I_ShutdownSound_
0319:1076+     I_ShutdownGraphics_
0319:1098+     I_ShutdownTimer_
0319:10d0+     I_ShutdownKeyboard_
0319:1102+     I_ShutdownMouse_
0319:1110+     Z_ShutdownEMS_
0319:1142      I_Shutdown_
0319:1184      M_CheckParm_
0319:11dc      I_Quit_
Module: i_ibm.obj(C:\REALDOOM\i_ibm.c)
0319:1230      I_WaitVBL_
0319:125e      I_SetPalette_
0319:12d6      I_UpdateBox_
0319:139c      I_FinishUpdate_
0319:13b6*     I_EndRead_
0319:13b6*     I_BeginRead_
0319:13be      I_ReadMouse_
0319:13fe*     I_InitDiskFlash_
0319:1400      I_ResetMouse_
0319:1408      I_Error_
0319:1466      I_InitGraphics_
Module: i_sound.obj(C:\REALDOOM\i_sound.c)
0319:1520*     I_StartupTimer_
0319:1536      I_PauseSong_
0319:155e      I_ResumeSong_
0319:1586      I_StartSound_
0319:15ea      I_StopSound_
0319:160a      I_SoundIsPlaying_
0319:1610      I_UpdateSoundParams_
0319:162c      I_StartupSound_
Module: sm_load.obj(sm_load.ASM)
0319:1766      SM_LOAD_STARTMARKER_
0319:1c03      SM_LOAD_ENDMARKER_
0319:1b54      S_ActuallyChangeMusic_
Module: bingen.obj(C:\REALDOOM\build\tools\bingen\bingen.c)
0319:1c10      main_
Module: d_net.obj(C:\REALDOOM\d_net.c)
0319:22a0      NetUpdate_
0319:2302      TryRunTics_
Module: g_game.obj(C:\REALDOOM\g_game.c)
0319:23b0      R_FlatNumForName_
0319:23be+     G_DoWorldDone_
0319:23e0+     G_DoNewGame_
0319:2432      G_Ticker_
0319:256e+     G_PlayerFinishLevel_
0319:25b6      G_PlayerReborn_
0319:262c      G_ExitLevel_
0319:263a      G_SecretExitLevel_
0319:2672+     G_DoCompleted_
0319:27da      G_LoadGame_
0319:2806+     G_DoLoadGame_
0319:291a      G_SaveGame_
0319:294c+     G_DoSaveGame_
0319:2ac0      G_DeferedInitNew_
0319:2ad2+     G_ReadDemoTiccmd_
0319:2b22+     G_WriteDemoTiccmd_
0319:2b86      G_DeferedPlayDemo_
0319:2b92+     G_DoPlayDemo_
0319:2c1c      G_CheckDemoStatus_
Module: m_misc.obj(C:\REALDOOM\m_misc.c)
0319:2cd0      M_Random_
0319:2ce8      M_AddToBox16_
0319:2d12      M_WriteFile_
0319:2d54      M_ReadFile_
Module: am_map.obj(C:\REALDOOM\am_map.c)
0319:2db0*     MTOF16_
0319:2dc4*     CXMTOF16_
0319:2ddc*     CYMTOF16_
0319:2dfc+     AM_activateNewScale_
0319:2e62+     AM_restoreScaleAndLoc_
0319:2ee4+     AM_addMark_
0319:2f1a+     AM_findMinMaxBoundaries_
0319:2fe8+     AM_changeWindowLoc_
0319:3076+     AM_initVariables_
0319:310a*     AM_clearMarks_
0319:312a+     AM_LevelInit_
0319:31a2      AM_Stop_
0319:31b4+     AM_Start_
0319:31fe+     AM_minOutWindowScale_
0319:3228+     AM_maxOutWindowScale_
0319:3252      AM_Responder_
0319:35fe+     AM_changeWindowScale_
0319:3674+     AM_doFollowPlayer_
0319:36d8      AM_Ticker_
0319:3702+     DOOUTCODE_
0319:3726+     AM_clipMline_
0319:394e+     AM_drawMline_
0319:3a26+     AM_drawGrid_
0319:3ba4+     AM_drawWalls_
0319:3d6e+     AM_rotate_
0319:3dda+     AM_drawLineCharacter_
0319:3e96+     AM_drawPlayers_
0319:3ed2+     AM_drawThings_
0319:3f3c+     AM_drawMarks_
0319:3fd2*     AM_drawCrosshair_
0319:3fe2      AM_Drawer_
Module: st_stuff.obj(C:\REALDOOM\st_stuff.c)
0319:4040+     ST_refreshBackground_
0319:4086      ST_Responder_
0319:44c0+     ST_calcPainOffset_
0319:4502+     ST_updateFaceWidget_
0319:4758+     ST_updateWidgets_
0319:479c      ST_Ticker_
0319:47ae+     ST_doPaletteStuff_
0319:4836*     STlib_updateflag_
0319:484a+     STlib_updateMultIcon_
0319:490c+     STlib_drawNum_
0319:4a1a+     STlib_updatePercent_
0319:4a54+     ST_drawWidgets_
0319:4b2e      ST_Drawer_
Module: hu_stuff.obj(C:\REALDOOM\hu_stuff.c)
0319:4ba0      HU_Drawer_
0319:4c30      HU_Erase_
0319:4c78      HU_Ticker_
0319:4d18      HU_Responder_
Module: hu_lib.obj(C:\REALDOOM\hu_lib.c)
0319:4d80      HUlib_addStringToTextLine_
0319:4dd0      HUlib_drawTextLine_
0319:4e4e      HUlib_eraseTextLine_
0319:4ecc      HUlib_addMessageToSText_
Module: m_menu.obj(C:\REALDOOM\m_menu.c)
0319:4f40      M_GetMenuPatch_
0319:4f7e      M_DrawLoad_
0319:4fe4+     M_DrawSaveLoadBorder_
0319:504e      M_LoadSelect_
0319:5078      M_LoadGame_
0319:5084+     M_ReadSaveStrings_
0319:50f2      M_DrawSave_
0319:518c+     M_DoSave_
0319:51b6      M_SaveSelect_
0319:5236      M_SaveGame_
0319:5284+     M_QuickSaveResponse_
0319:52a0+     M_QuickSave_
0319:534e+     M_QuickLoadResponse_
0319:536a+     M_QuickLoad_
0319:53fc      M_DrawReadThis1_
0319:540e      M_DrawReadThis2_
0319:5420      M_DrawReadThisRetail_
0319:5432      M_DrawSound_
0319:5480      M_Sound_
0319:548e      M_SfxVol_
0319:54c2      M_MusicVol_
0319:54f6      M_DrawMainMenu_
0319:5512      M_DrawNewGame_
0319:5544      M_NewGame_
0319:556e      M_DrawEpisode_
0319:558a+     M_VerifyNightmare_
0319:55ae      M_ChooseSkill_
0319:55fc      M_Episode_
0319:5650      M_DrawOptions_
0319:56f0      M_Options_
0319:56fe      M_ChangeMessages_
0319:5722+     M_EndGameResponse_
0319:5740      M_EndGame_
0319:5780      M_ReadThis_
0319:57aa      M_ReadThis2_
0319:57b8      M_FinishReadThis_
0319:57c6+     M_QuitResponse_
0319:5824      M_QuitDOOM_
0319:58bc      M_ChangeSensitivity_
0319:58e4      M_ChangeDetail_
0319:593a      M_SizeDisplay_
0319:5980+     M_DrawThermo_
0319:5a04+     M_StartMessage_
0319:5a42+     M_StringWidth_
0319:5a9e+     M_StringHeight_
0319:5ae4+     M_WriteText_
0319:5b66      M_Responder_
0319:6158      M_StartControlPanel_
0319:6172      M_Drawer_
0319:6322*     M_SetupNextMenu_
0319:6332      M_Ticker_
Module: f_wipe.obj(f_wipe.ASM)
0319:6350      I_ReadScreen_
0319:6526*     wipe_initMelt_
0319:65a9      wipe_StartScreen_
0319:6382*     wipe_doMelt_
0319:64d6*     wipe_shittyColMajorXform_
0319:65b8      wipe_WipeLoop_
Module: d_algo.obj(d_algo.ASM)
0319:666b      hackDSBack_
0319:6687*     D_ALGO_END_
0319:6642      resetDS_
0319:664a*     hackDS_
Module: dmx.obj(C:\REALDOOM\dmx.c)
0319:6690*     TS_SetTimerToMaxTaskRate_
0319:66a4+     playpcspeakernote_
0319:66e8+     TS_ServiceScheduleIntEnabled_
0319:67cc+     TS_Startup_
0319:680c      TS_ScheduleMainTask_
0319:6826      TS_Dispatch_
2ae6:18a2+     _lastpcspeakernotevalue
Module: d_int.obj(d_int.ASM)
0319:6842      MUS_ServiceRoutine_
0319:6976      locallib_int86_67_
0319:6976      locallib_int86_67_1arg_return_
0319:69a7*     D_INTERRUPT_ENDMARKER_
0319:6976      locallib_int86_67_3arg_return_
0319:6979      locallib_int86_10_4args_
0319:6832*     D_INTERRUPT_STARTMARKER_
0319:6976      locallib_int86_67_1arg_
0319:6976      locallib_int86_67_2arg_
0319:697f      S_NormalizeSfxVolume_
0319:6976      locallib_int86_67_esdi_
0319:697c      locallib_int86_33_
0319:6976      locallib_int86_67_multiple_
0319:6979      locallib_int86_10_
Module: wi_stuff.obj(wi_stuff.ASM)
0319:79c1      WI_ENDMARKER_
0319:72c3*     WI_initStats_
0319:7133*     WI_drawPercent_
0319:6da8*     WI_slamBackground_
0319:774d*     WI_updateNoState_
0319:7861*     WI_initVariables_
0319:77b2      WI_Ticker_
0319:69a8      WI_STARTMARKER_
0319:6d8f*     WI_MRandomLocal_
0319:7083*     WI_drawNum_
0319:723e*     WI_drawNoState_
0319:71fd*     WI_initNoState_
0319:6d7d*     WI_GetPatchESBX_
0319:7244*     WI_drawShowNextLoc_
0319:6d6b*     WI_GetPatch_
0319:75d2*     WI_loadData_
0319:7212*     WI_updateShowNextLoc_
0319:701d*     WI_initAnimatedBack_
0319:7009*     WI_initShowNextLoc_
0319:6ddf*     WI_drawLF_
0319:775e*     G_WorldDone_
0319:6fa7*     WI_drawAnimatedBack_
0319:72f3*     WI_updateStats_
0319:79a9      WI_Start_
0319:6eee*     WI_updateAnimatedBack_
0319:783a      WI_Drawer_
0319:6e39*     WI_drawEL_
0319:78d2*     WI_Init_
0319:6e8c*     WI_drawOnLnode_
0319:7162*     WI_drawTime_
0319:74d2*     WI_drawStats_
Module: math.obj(math.ASM)
0319:7d7d      FastDiv32u16u_
0319:7f0f      FastDiv3232FFFF_
0319:7ad3      FixedMulTrigNoShift_
0319:7baf      FastMul16u32u_
0319:7d0f      FixedDiv_
0319:7b1e*     FixedMulTrig16_
0319:7bc4      div48_32_
0319:7e23*     FastDiv3232_RPTA_
0319:801f*     div48_32_whole_
0319:7b36      FastMulTrig16_
0319:7b5d      FixedMulTrigSpeed_
0319:7ba0*     FixedMul16u32u_
0319:7d9b      FastDiv3216u_
0319:7fb8      FixedDivWholeA_
0319:7acf      FixedMulTrig_
0319:79fb*     FixedMulBig16u32_
0319:7a4e      FixedMul2432_
0319:7a8f      FixedMul1632_
0319:7a04      FixedMul2424_
0319:79c2      FixedMul_
0319:7df2      FastDiv3232_shift_3_8_
0319:7b77      FixedMulBig1632_
0319:7b8b      FixedMul16u32_
0319:7b61      FixedMulTrigSpeedNoShift_
Module: main.obj(main.ASM)
0319:8e7c      G_Responder_
0319:84bc      G_CopyCmd_
0319:85f4*     G_SetGameKeyDown_
0319:860e      G_GetGameKey_
0319:8601*     G_SetGameKeyUp_
0319:8bbd      M_LoadDefaults_
0319:82e2      I_KeyboardISR_
0319:85e3      G_ResetGameKeys_
0319:895a*     CopyString13_
0319:861a      G_BuildTiccmd_
0319:8225      cht_CheckCheat_
0319:8da0      M_SaveDefaults_
0319:8287      cht_GetParam_
0319:8314      I_StartTic_
Module: g_setup.obj(C:\REALDOOM\g_setup.c)
0319:8f80      R_CheckTextureNumForName_
0319:8fe0      R_TextureNumForName_
0319:900c      G_DoLoadLevel_
0319:9098      G_InitNew_
Module: r_setup.obj(C:\REALDOOM\r_setup.c)
0319:9250+     R_InitTextureMapping_
0319:9542      R_ExecuteSetViewSize_
Module: st_setup.obj(C:\REALDOOM\st_setup.c)
0319:96a0+     STlib_initNum_
0319:96c2+     STlib_initPercent_
0319:96e0+     STlib_initMultIcon_
0319:96f6+     ST_createWidgets_
0319:982e+     ST_Stop_
0319:9842      ST_Start_
Module: hu_setup.obj(C:\REALDOOM\hu_setup.c)
0319:98b0      HU_Start_
Module: f_finale.obj(f_finale.ASM)
0cb0:0297*     F_CastDrawer_
0cb0:0ad1      F_Responder_
0cb0:0002      F_START_
0cb0:04af*     F_BunnyScroll_
0cb0:01b6      F_StartFinale_
0cb0:0a30      F_Ticker_
0cb0:0026*     V_DrawPatchFlipped_
0cb0:00c2*     F_CastPrint_
0cb0:0345*     F_TextWrite_
0cb0:0712*     F_CastTicker_
0cb0:0b58      F_END_
0cb0:0afc      F_Drawer_
0cb0:045a*     F_DrawPatchCol_
0cb0:09ba*     F_CastResponder_
0cb0:06af*     F_StartCast_
Module: p_saveg.obj(p_saveg.ASM)
0d65:02be      P_UnArchiveThinkers_
0d65:0008      P_LOADSTART_
0d65:043c      P_UnArchiveSpecials_
0d65:0b1f      P_LOADEND_
0d65:0184      P_UnArchiveWorld_
0d65:077b      P_ArchiveWorld_
0d65:09d8      P_ArchiveSpecials_
0d65:000a      P_UnArchivePlayers_
0d65:0681      P_ArchivePlayers_
0d65:0840      P_ArchiveThinkers_
Module: s_sound.obj(C:\REALDOOM\s_sound.c)
0e17:0000      S_SetMusicVolume_
0e17:002e      S_ChangeMusic_
0e17:003c      S_StartMusic_
0e17:004a      S_StopChannel_
0e17:00c0+     S_AdjustSoundParamsSep_
0e17:013a+     S_AdjustSoundParamsVol_
0e17:021c      S_SetSfxVolume_
0e17:024e      S_PauseSound_
0e17:026c      S_ResumeSound_
0e17:028a+     S_StopSound_
0e17:02f8      S_StopSoundMobjRef_
0e17:0336+     S_getChannel_
0e17:040c+     S_StartSoundWithPosition_
0e17:0544      S_StartSound_
0e17:0556      S_StartSoundWithParams_
0e17:056a      S_UpdateSounds_
Module: p_ceilng.obj(C:\REALDOOM\p_ceilng.c)
0e17:067c      T_MoveCeiling_
0e17:07ac      EV_DoCeiling_
0e17:08f8      P_AddActiveCeiling_
0e17:0920+     P_RemoveActiveCeiling_
0e17:0956+     P_ActivateInStasisCeiling_
0e17:09a6      EV_CeilingCrushStop_
Module: p_doors.obj(C:\REALDOOM\p_doors.c)
0e17:0a26      T_VerticalDoor_
0e17:0bae      EV_DoLockedDoor_
0e17:0c5a      EV_DoDoor_
0e17:0db2      EV_VerticalDoor_
0e17:0fc0      P_SpawnDoorCloseIn30_
0e17:1008      P_SpawnDoorRaiseIn5Mins_
Module: p_enemy.obj(C:\REALDOOM\p_enemy.c)
0e17:1070+     P_RecursiveSound_
0e17:118a      P_NoiseAlert_
0e17:11a2+     P_CheckMeleeRange_
0e17:1270+     P_CheckMissileRange_
0e17:13b8+     P_Move_
0e17:1560+     P_TryWalk_
0e17:157e+     P_NewChaseDir_
0e17:17e2+     P_LookForPlayers_
0e17:18ea      A_KeenDie_
0e17:195c      A_Look_
0e17:1a64      A_Chase_
0e17:1c44      A_FaceTarget_
0e17:1cee      A_PosAttack_
0e17:1d80      A_SPosAttack_
0e17:1e22      A_CPosAttack_
0e17:1eb2      A_CPosRefire_
0e17:1f1c      A_SpidRefire_
0e17:1f86      A_BspiAttack_
0e17:1fa8      A_TroopAttack_
0e17:200c      A_SargAttack_
0e17:2050      A_HeadAttack_
0e17:20a2      A_CyberAttack_
0e17:20c4      A_BruisAttack_
0e17:2124      A_SkelMissile_
0e17:219c      A_Tracer_
0e17:243e      A_SkelWhoosh_
0e17:245c      A_SkelFist_
0e17:24ac+     PIT_VileCheck_
0e17:25b8      A_VileChase_
0e17:27f8      A_VileStart_
0e17:2804      A_StartFire_
0e17:2818      A_FireCrackle_
0e17:282c      A_Fire_
0e17:2912      A_VileTarget_
0e17:29c4+     GetVileMomz_
0e17:2a08      A_VileAttack_
0e17:2b14      A_FatRaise_
0e17:2b28      A_FatAttack1_
0e17:2be0      A_FatAttack2_
0e17:2c8e      A_FatAttack3_
0e17:2d66      A_SkullAttack_
0e17:2e84+     A_PainShootSkull_
0e17:2fdc      A_PainAttack_
0e17:2ffe      A_PainDie_
0e17:3038      A_Scream_
0e17:30cc      A_XScream_
0e17:30d8      A_Pain_
0e17:3104      A_Fall_
0e17:310c      A_Explode_
0e17:312c      A_BossDeath_
0e17:32b6      A_Hoof_
0e17:32ca      A_Metal_
0e17:32de      A_BabyMetal_
0e17:32f2      A_BrainAwake_
0e17:3352      A_BrainPain_
0e17:3360      A_BrainScream_
0e17:340c      A_BrainExplode_
0e17:3488      A_BrainSpit_
0e17:3558      A_SpawnSound_
0e17:356c      A_SpawnFly_
0e17:36a6      A_PlayerScream_
Module: p_floor.obj(C:\REALDOOM\p_floor.c)
0e17:36d0      T_MovePlane_
0e17:38de      T_MoveFloor_
0e17:39a4      EV_DoFloor_
0e17:3d34      EV_BuildStairs_
Module: p_inter.obj(C:\REALDOOM\p_inter.c)
0e17:3ed8+     P_GiveAmmo_
0e17:3fdc+     P_GiveWeapon_
0e17:4024+     P_GiveBody_
0e17:4050+     P_GiveArmor_
0e17:406a+     P_GiveCard_
0e17:4084      P_GivePower_
0e17:413c      P_TouchSpecialThing_
0e17:45b6+     P_KillMobj_
0e17:476a+     getMassThrust_
0e17:47d8      P_DamageMobj_
Module: p_lights.obj(C:\REALDOOM\p_lights.c)
0e17:4b50      T_FireFlicker_
0e17:4bb0      P_SpawnFireFlicker_
0e17:4c04      T_LightFlash_
0e17:4c44      P_SpawnLightFlash_
0e17:4cb4      T_StrobeFlash_
0e17:4cf2      P_SpawnStrobeFlash_
0e17:4d78      EV_StartLightStrobing_
0e17:4db0      EV_LightChange_
0e17:4e82      T_Glow_
0e17:4ee0      P_SpawnGlowingLight_
Module: p_map.obj(p_map.ASM)
0e17:5fb9*     PIT_CheckThing_
0e17:5d83*     P_HitSlideLine_
0e17:53b7      P_SetThingPosition_
0e17:570d*     P_TraverseIntercepts_
0e17:5495      R_PointInSubsector_
0e17:5237*     P_InterceptVector_
0e17:7003*     PIT_RadiusAttack_
0e17:6178      P_CheckPosition_
0e17:6cfc      P_AimLineAttack_
0e17:54d2*     P_BlockLinesIterator_
0e17:566e*     PIT_AddThingIntercepts_
0e17:6e51      P_LineAttack_
0e17:7090      P_RadiusAttack_
0e17:6b64*     PIT_StompThing_
0e17:501a*     P_PointOnLineSide_
0e17:6574*     P_GetAttackRangeMult_
0e17:5d17*     DoBlockmapLoop_
0e17:52b7      P_LineOpening_
0e17:5595*     PIT_AddLineIntercepts_
0e17:52eb      P_UnsetThingPosition_
0e17:5780*     P_PathTraverse_
0e17:65bc*     PTR_ShootTraverse_
0e17:5a50*     PTR_SlideTraverse_
0e17:4fdd      P_AproxDistance_
0e17:5163*     P_PointOnDivlineSide_
0e17:50a4*     P_BoxOnLineSide_
0e17:5e75*     PIT_CheckLine_
0e17:6f86      P_UseLines_
0e17:59aa*     PTR_UseTraverse_
0e17:4f3e*     R_PointOnSide_
0e17:70f8*     PIT_ChangeSector_
0e17:6be8      P_TeleportMove_
0e17:6332      P_SlideMove_
0e17:5542      P_BlockThingsIterator_
0e17:5b5d      P_TryMove_
0e17:728c      P_ChangeSector_
0e17:6979*     PTR_AimTraverse_
Module: p_plats.obj(C:\REALDOOM\p_plats.c)
0e17:72c8      T_PlatRaise_
0e17:73ee      EV_DoPlat_
0e17:75f0      EV_PlatFunc_
0e17:766e      P_AddActivePlat_
0e17:7696+     P_RemoveActivePlat_
Module: p_pspr.obj(C:\REALDOOM\p_pspr.c)
0e17:76e0      P_BringUpWeapon_
0e17:7804      P_DropWeapon_
0e17:781a+     A_WeaponReady_
0e17:78fc+     A_ReFire_
0e17:7916+     P_FireWeapon_
0e17:792a+     P_CheckAmmo_
0e17:792a*     A_CheckReload_
0e17:798a+     A_Lower_
0e17:79d0+     A_Raise_
0e17:7a0e+     A_GunFlash_
0e17:7a2e+     A_Punch_
0e17:7ae4+     A_Saw_
0e17:7c06+     A_FireMissile_
0e17:7c24+     A_FireBFG_
0e17:7c44+     A_FirePlasma_
0e17:7c84+     P_BulletSlope_
0e17:7cee+     P_GunShot_
0e17:7d48+     A_FirePistol_
0e17:7d9e+     A_FireShotgun_
0e17:7df0+     A_FireShotgun2_
0e17:7ea0+     A_FireCGun_
0e17:7f1c*     A_Light0_
0e17:7f22*     A_Light1_
0e17:7f28*     A_Light2_
0e17:7f2e*     A_OpenShotgun2_
0e17:7f3c*     A_LoadShotgun2_
0e17:7f4a*     A_CloseShotgun2_
0e17:7f62      A_BFGSpray_
0e17:8022*     A_BFGsound_
0e17:8030      P_MovePsprites_
0e17:80ba+     P_SetPsprite_
Module: p_spec.obj(C:\REALDOOM\p_spec.c)
0e17:81e0      twoSided_
0e17:820c+     getNextSectorList_
0e17:8278      P_FindHighestOrLowestFloorSurrounding_
0e17:8328      P_FindNextHighestFloor_
0e17:83fa      P_FindLowestOrHighestCeilingSurrounding_
0e17:84c0      P_FindSectorsFromLineTag_
0e17:852e      P_FindMinSurroundingLight_
0e17:86e0      P_CrossSpecialLine_
0e17:8cd6      P_ShootSpecialLine_
0e17:8dc2      P_PlayerInSpecialSector_
0e17:8ecc      P_UpdateSpecials_
0e17:9040      EV_DoDonut_
0e17:925c      P_SpawnSpecials_
Module: p_switch.obj(C:\REALDOOM\p_switch.c)
0e17:93c0+     P_StartButton_
0e17:9420      P_ChangeSwitchTexture_
0e17:9694      P_UseSpecialLine_
Module: p_mobj.obj(C:\REALDOOM\p_mobj.c)
0e17:9eb0      P_Random_
0e17:9ecc+     P_SetupPsprites_
0e17:9ee8+     P_SpawnPlayer_
0e17:9fa8      P_SpawnMapThing_
0e17:a156+     P_ExplodeMissile_
0e17:a202+     P_XYMovement_
0e17:a5e8+     P_ZMovement_
0e17:a8f4+     P_NightmareRespawn_
0e17:aa82      P_MobjThinker_
0e17:ab8a      P_SpawnMobj_
0e17:ad46      P_RemoveMobj_
0e17:ad70+     P_CheckMissileSpawn_
0e17:ae14      P_SpawnMissile_
0e17:b02e      P_SpawnPlayerMissile_
0e17:b218      P_SetMobjState_
0e17:b4e4      OutOfThinkers_
Module: p_mobja.obj(p_mobja.ASM)
0e17:b4f2      P_SpawnPuff_
Module: p_telept.obj(C:\REALDOOM\p_telept.c)
0e17:b570      EV_Teleport_
Module: p_tick.obj(p_tick.ASM)
0e17:b800      P_UpdateThinkerFunc_
0e17:b822      P_RemoveThinker_
0e17:b855      P_Ticker_
0e17:b78c      P_CreateThinker_
Module: p_user.obj(C:\REALDOOM\p_user.c)
0e17:b960+     P_Thrust_
0e17:b9be+     P_CalcHeight_
0e17:bb98+     P_MovePlayer_
0e17:bc66+     P_DeathThink_
0e17:bdc2      P_PlayerThink_
Module: sm_opl2.obj(sm_opl2.ASM)
1a10:0933*     OPLpauseMusic_OPL2_
1a10:0f49      SM_OPL2_ENDMARKER_
1a10:0ca2*     OPLreleaseNote_OPL2_
1a10:0912*     OPL2deinitHardware_OPL2_
1a10:0848*     OPL2initHardware_OPL2_
1a10:0c1c*     OPLplayNote_OPL2_
1a10:0d42*     OPLchangeControl_OPL2_
1a10:0f18*     OPLinitDriver_OPL2_
1a10:0eac*     OPLstopMusic_OPL2_
1a10:0cdf*     OPLpitchWheel_OPL2_
1a10:0ecd*     OPLchangeSystemVolume_OPL2_
1a10:0936*     OPLresumeMusic_OPL2_
1a10:0e8d*     OPLplayMusic_OPL2_
1a10:08a2*     OPL2detectHardware_OPL2_
1a10:0000      SM_OPL2_STARTMARKER_
Module: sm_opl3.obj(sm_opl3.ASM)
1a10:1942*     OPLpauseMusic_OPL3_
1a10:1cb1*     OPLreleaseNote_OPL3_
1a10:1f5e      SM_OPL3_ENDMARKER_
1a10:1911*     OPL3deinitHardware_OPL3_
1a10:1c2b*     OPLplayNote_OPL3_
1a10:181a*     OPL3initHardware_OPL3_
1a10:1d57*     OPLchangeControl_OPL3_
1a10:1f2d*     OPLinitDriver_OPL3_
1a10:1ec1*     OPLstopMusic_OPL3_
1a10:1cee*     OPLpitchWheel_OPL3_
1a10:1ee2*     OPLchangeSystemVolume_OPL3_
1a10:1945*     OPLresumeMusic_OPL3_
1a10:1ea2*     OPLplayMusic_OPL3_
1a10:0f4a      SM_OPL3_STARTMARKER_
1a10:18f5*     OPL3detectHardware_OPL3_
Module: sm_sbmid.obj(sm_sbmid.ASM)
1a10:268b      SM_SBMID_ENDMARKER_
1a10:1f5e      SM_SBMID_STARTMARKER_
Module: sm_mpumd.obj(sm_mpumd.ASM)
1a10:268c      SM_MPUMD_STARTMARKER_
1a10:2e64      SM_MPUMD_ENDMARKER_
Module: s_sbsfx.obj(C:\REALDOOM\s_sbsfx.c)
2ae6:2570+     _sfxcache_nodes
2ae6:2590*     _sfx_page_multipage_count
2ae6:2598+     _sfx_page_reference_count
2ae6:25a0+     _SB_OldInt
2ae6:25a4+     _SB_IntController1Mask
2ae6:25a6+     _SB_IntController2Mask
2ae6:25a8+     _SB_DSP_Version
2ae6:25aa+     _SB_Mixer_Status
2ae6:25ab+     _sfxcache_tail
2ae6:19a4+     _sb_port
2ae6:19a6+     _sb_dma
2ae6:19a8+     _sb_irq
2ae6:19aa+     _sb_dma_8
2ae6:19ab+     _SB_CardActive
2ae6:19ac+     _SB_MixerType
2ae6:19ad+     _SB_OriginalVoiceVolumeLeft
2ae6:19ae+     _SB_OriginalVoiceVolumeRight
2ae6:19af+     _current_sampling_rate
2ae6:19b0+     _last_sampling_rate
1a10:2e70+     S_IncreaseRefCount_
1a10:2ec2+     S_DecreaseRefCount_
1a10:2f30+     S_MoveCacheItemBackOne_
1a10:3018+     S_UpdateLRUCache_
1a10:3080+     S_MarkSFXPageMRU_
1a10:31a8+     S_EvictSFXPage_
1a10:328c+     SB_Service_Mix22Khz_
1a10:378a+     SB_Service_Mix11Khz_
1a10:3a4e+     SB_ServiceInterrupt_
1a10:3a6a+     continuecall_
1a10:3b82+     SB_WriteDSP_
1a10:3bb2+     SB_ReadDSP_
1a10:3be0+     SB_ResetDSP_
1a10:3c3c+     SB_SetPlaybackRate_
1a10:3c5a*     SB_SetMixMode_
1a10:3c92+     SB_DSP1xx_BeginPlayback_
1a10:3cac+     SB_DSP2xx_BeginPlayback_
1a10:3ccc+     SB_DSP4xx_BeginPlayback_
1a10:3cec+     SB_DMA_VerifyChannel_
1a10:3cfe+     DMA_SetupTransfer_
1a10:3df4+     SB_SetupDMABuffer_
1a10:3e2a+     SB_EnableInterrupt_
1a10:3e70+     SB_DisableInterrupt_
1a10:3eee+     SB_DMA_EndTransfer_
1a10:3f2a*     SB_StopPlayback_
1a10:3f46+     SB_SetupPlayback_
1a10:3fb8+     SB_ReadMixer_
1a10:3fce+     SB_WriteMixer_
1a10:3fe4+     SB_SaveVoiceVolume_
1a10:4012+     SB_RestoreVoiceVolume_
1a10:4050      SB_Shutdown_
1a10:4078+     SB_GetDSPVersion_
1a10:40c2+     SB_InitCard_
1a10:416c      S_InitSFXCache_
1a10:41d4      SB_StartInit_
1a10:421a+     S_LoadSoundIntoCache_
1a10:44e2      SFX_PlayPatch_
1a10:460a      SFX_StopPatch_
1a10:462a      SFX_Playing_
1a10:4646      SFX_SetOrigin_
2ae6:19b1+     _change_sampling_to_22_next_int
2ae6:19b2+     _change_sampling_to_11_next_int
2ae6:19b3+     _in_first_buffer
2ae6:19b4+     _in_sound
2ae6:19b5+     _IRQ_TO_INTERRUPT_MAP
2ae6:19c5+     _DMA_PortInfo
2ae6:25ac+     _sfxcache_head
Module: r_data.obj(r_data.ASM)
1e76:0782*     R_GenerateComposite_
1e76:0196*     R_EvictL2CacheEMSPage_
1e76:0714      R_GetSpriteTexture_
1e76:0bb4*     R_LoadSpriteColumns_
1e76:00b5*     R_MarkL2SpriteCacheMRU_
1e76:0492*     R_GetTexturePage_
1e76:02eb*     R_GetNextTextureBlock_
1e76:0b3b*     R_LoadPatchColumns_
1e76:0030*     R_MarkL1SpriteCacheMRU3_
1e76:0040*     R_MarkL1TextureCacheMRU_
1e76:00a0*     R_MarkL2TextureCacheMRU_
1e76:0010*     R_MarkL1SpriteCacheMRU_
1e76:02c7*     R_GetNextSpriteBlock_
1e76:0458*     R_GetSpritePage_
1e76:0080*     R_MarkL1TextureCacheMRU7_
1e76:0609      R_GetPatchTexture_
1e76:0a28      R_GetColumnSegment_
1e76:06a0      R_GetCompositeTexture_
Module: r_main.obj(r_main.ASM)
1e76:0c87      R_PointToAngle2_16_
1e76:0c96      R_SetViewSize_
1e76:0ca5*     R_SetupFrame_
1e76:0c62      R_PointToAngle2_
1e76:0d01      R_RenderPlayerView_
Module: r_mainhi.obj(r_mainhi.ASM)
1e76:1383*     R_AddLine_
1e76:1a4c*     R_StoreWallRange_
1e76:2b2a*     R_ClipSolidWallSegment_
1e76:2bd7*     R_ClipPassWallSegment_
1e76:2e69*     R_CheckBBox_
1e76:1511*     R_Subsector_
1e76:105a*     FixedMulBSPLocal_
1e76:114d*     R_PointToDist_
1e76:1258*     R_HandleEMSVisplanePagination_
1e76:1093*     FixedDivBSPLocal_
1e76:2dbd      R_PrepareMaskedPSprites_
1e76:30fd      R_WriteBackViewConstants_
1e76:32a5      R_WriteBackFrameConstants_
1e76:11e3      R_ClearPlanes_
1e76:19e4*     R_AddSprites_
1e76:11c4      R_ClearClipSegs_
1e76:1307*     R_FindPlane_
1e76:0ee9      R_PointToAngle_
1e76:2605*     R_DrawColumnPrep_
1e76:2c2a*     R_DrawPSprite_
1e76:15fb*     R_CheckPlane_
1e76:1102*     FixedMulTrigNoShiftBSPLocal_
1e76:16c6*     R_ProjectSprite_
1e76:3014      R_RenderBSPNode_
1e76:0de8*     R_ScaleFromGlobalAngle_
1e76:2e3c*     R_PointToAngle16_
Module: r_column.obj(r_column.ASM)
1e76:3438      R_COLUMN_STARTMARKER_
1e76:3758      R_DrawColumn_
1e76:427e      R_COLUMN_ENDMARKER_
Module: r_span.obj(r_span.ASM)
1e76:431e      R_DrawSpan_
1e76:427e      R_SPAN_STARTMARKER_
1e76:4a25*     R_FixedMulLocal_
1e76:4ff5      R_WriteBackViewConstantsSpan_
1e76:496e*     R_DrawSpanPrep_
1e76:4be5      R_DrawPlanes_
1e76:50ed      R_SPAN_ENDMARKER_
1e76:4a61*     R_MapPlane_
1e76:4321*     R_DrawSpanActual_
1e76:49d6*     R_FixedMulTrigLocal_
Module: r_sky.obj(r_sky.ASM)
1e76:50ee      R_DrawSkyColumn_
1e76:52bb*     R_DrawSkyColumnDynamic_
1e76:573d      R_DrawSkyPlane_
1e76:57ae      R_SKY_END_
1e76:56cc      R_DrawSkyPlaneDynamic_
Module: r_draw.obj(C:\REALDOOM\r_draw.c)
1e76:57b0      R_VideoErase_
1e76:5834      R_DrawViewBorder_
Module: r_masked.obj(r_masked.ASM)
1e76:58ac      R_MASKED_STARTMARKER_
1e76:6b90      R_MASKED_END_
1e76:635a*     R_PointOnSegSide_
1e76:5e26*     R_DrawPlayerSprites_
1e76:5b23*     R_DrawMaskedSpriteShadow_
1e76:69b8      R_SortVisSprites_
1e76:6b32      R_WriteBackMaskedFrameConstants_
1e76:67c0*     R_GetMaskedColumnSegment_
1e76:5930      R_DrawFuzzColumn_
1e76:5a75      R_DrawSingleMaskedColumn_
1e76:6417*     R_DrawSprite_
1e76:5c1a*     R_DrawVisSprite_
1e76:66d5      R_DrawMaskedColumn_
1e76:631a*     FixedMul1632MaskedLocal_
1e76:6679      R_DrawMasked_
1e76:6aa5      R_WriteBackViewConstantsMasked_
1e76:5e4d*     R_RenderMaskedSegRange_
1e76:5a2c      R_DrawColumnPrepMaskedMulti_
Module: w_wad.obj(C:\REALDOOM\w_wad.c)
1e76:6b90      locallib_far_fread_
1e76:6c1a      locallib_far_fwrite_
1e76:6ca4      W_CheckNumForName_
1e76:6ca4      W_GetNumForName_
1e76:6d54      W_LumpLength_
1e76:6da8+     W_ReadLump_
1e76:6e52      W_CacheLumpNameDirect_
1e76:6e64      W_CacheLumpNumDirect_
1e76:6e72      W_CacheLumpNumDirectWithOffset_
1e76:6e86      W_CacheLumpNumDirectFragment_
Module: video.obj(video.ASM)
1e76:7154*     CopyString9_
1e76:71cb      R_FillBackScreen_
1e76:705c      V_DrawPatchDirect_
1e76:6e9c      V_DrawPatch_
1e76:6f8f*     V_DrawPatch5000Screen0_
Module: v_video.obj(C:\REALDOOM\v_video.c)
1e76:7390      V_MarkRect_
1e76:73c2      V_CopyRect_
1e76:7416      V_DrawFullscreenPatch_
Module: z_zone.obj(C:\REALDOOM\z_zone.c)
1e76:75b0      Z_QuickMapMusicPageFrame_
1e76:75d4      Z_QuickMapSFXPageFrame_
1e76:75f8      Z_QuickMapWADPageFrame_
1e76:7628+     Z_QuickMap_
1e76:7666      Z_QuickMapPhysicsCode_
1e76:7672      Z_QuickMapPhysics_
1e76:7684      Z_QuickMapDemo_
1e76:7696      Z_QuickMapRender7000_
1e76:76a2      Z_QuickMapRender_
1e76:76b4      Z_QuickMapRender_4000To9000_9000Only_
1e76:76c0      Z_QuickMapRender_4000To9000_
1e76:76da*     Z_QuickMapRender_9000To7000_
1e76:76e6      Z_QuickMapRender_9000To6000_
1e76:76f2      Z_QuickMapRender4000_
1e76:76fe      Z_QuickMapRender5000_
1e76:770a*     Z_QuickMapRender9000_
1e76:7716      Z_QuickMapRenderTexture_
1e76:7722      Z_QuickMapStatus_
1e76:7746      Z_QuickMapStatusNoScreen4_
1e76:7760      Z_QuickMapScratch_5000_
1e76:776c      Z_QuickMapScratch_8000_
1e76:7778      Z_QuickMapScratch_7000_
1e76:7784      Z_QuickMapScratch_4000_
1e76:7790      Z_QuickMapScreen0_
1e76:779c*     Z_QuickMapRenderPlanes9000only_
1e76:77b2      Z_QuickMapRenderPlanes_
1e76:77d0*     Z_QuickMapRenderPlanesBack_
1e76:77dc      Z_QuickMapFlatPage_
1e76:77f2      Z_QuickMapUndoFlatCache_
1e76:781a      Z_QuickMapMaskedExtraData_
1e76:7826      Z_QuickMapSpritePage_
1e76:7832*     Z_QuickMapPhysics5000_
1e76:783e*     Z_QuickMapScreen1_
1e76:784a      Z_QuickMapPalette_
1e76:785c      Z_QuickMapMenu_
1e76:786e      Z_QuickMapIntermission_
1e76:7880      Z_QuickMapWipe_
1e76:78b2      Z_QuickMapByTaskNum_
1e76:792c      Z_QuickMapVisplanePage_
1e76:7990      Z_QuickMapVisplaneRevert_
1e76:79ae      Z_QuickMapUnmapAll_
1e76:79f4      Z_SetOverlay_
Module: p_setup.obj(C:\REALDOOM\p_setup.c)
2620:0000      P_SetupLevel_
2620:015e+     S_Start_
2620:01e6+     R_LoadPatchColumnsColormap0_
2620:02fe+     P_LoadVertexes_
2620:0350+     P_LoadSegs_
2620:0522+     P_LoadSubsectors_
2620:05aa+     P_LoadSectors_
2620:0720+     P_LoadNodes_
2620:0804+     P_LoadThings_
2620:0906+     P_LoadLineDefs_
2620:0b5e+     P_LoadSideDefs_
2620:0cce+     P_LoadBlockMap_
2620:0d34+     P_GroupLines_
2620:0f62      P_InitThinkers_
2620:0f8c+     Z_FreeConventionalAllocations_
2620:124c*     PSetupEndFunc_
Module: p_sight.obj(p_sight.ASM)
2620:17c6*     P_CrossBSPNode_
2620:1268      P_CheckSight_
2620:133f*     P_DivlineSide_
2620:1268      P_SIGHT_STARTMARKER_
2620:13fc*     P_DivlineSide16_
2620:14a3*     P_DivlineSideNode_
2620:1873      P_SIGHT_ENDMARKER_
2620:153d*     P_CrossSubsector_
Module: C:\WATCOM2\lib286\dos\clibm.lib(fopen.c)
2620:1880+     __open_flags_
2620:1a2e+     _fsopen_
2620:1a73      fopen_
2620:1ad7*     freopen_
Module: C:\WATCOM2\lib286\dos\clibm.lib(fgetc.c)
2620:1b1b      __fill_buffer_
2620:1bd9      fgetc_
Module: C:\WATCOM2\lib286\dos\clibm.lib(fclose.c)
2620:1c5d      __doclose_
2620:1cf3      __shutdown_stream_
2620:1d07      fclose_
2ae6:25ae+     ___RmTmpFileFn
Module: C:\WATCOM2\lib286\dos\clibm.lib(atoi.c)
2620:1d2a      atoi_
Module: C:\WATCOM2\lib286\dos\clibm.lib(fseek.c)
2620:1dcf      fseek_
Module: C:\WATCOM2\lib286\dos\clibm.lib(fread.c)
2620:1eed      fread_
Module: C:\WATCOM2\lib286\dos\clibm.lib(accss.c)
2620:2094      access_
Module: C:\WATCOM2\lib286\dos\clibm.lib(iob.c)
2ae6:19e8      ___iob
2ae6:25b2      ___OpenStreams
2ae6:25b4      ___ClosedStreams
Module: C:\WATCOM2\lib286\dos\clibm.lib(setbuf.c)
2620:20ca      setbuf_
Module: C:\WATCOM2\lib286\dos\clibm.lib(i4m.asm)
2620:20e2      __I4M
2620:20e2      __U4M
Module: C:\WATCOM2\lib286\dos\clibm.lib(i4d.asm)
2620:20fa      __I4D
2620:2149*     __U4D
Module: C:\WATCOM2\lib286\dos\clibm.lib(exit.c)
2620:21cd+     __null_int23_exit_
2620:21ce      exit_
2620:21ee*     _exit_
2ae6:1b00+     ___int23_exit
2ae6:1b04+     ___FPE_handler_exit
Module: C:\WATCOM2\lib286\dos\clibm.lib(cmodel.asm)
2620:21fc      _big_code_
2620:21fc*     CodeModelMismatch
Module: C:\WATCOM2\lib286\dos\clibm.lib(ftell.c)
2620:21fc      ftell_
Module: C:\WATCOM2\lib286\dos\clibm.lib(d_getvec.c)
2620:224e      _dos_getvect_
Module: C:\WATCOM2\lib286\dos\clibm.lib(d_setvec.c)
2620:2259      _dos_setvect_
Module: C:\WATCOM2\lib286\dos\clibm.lib(fputc.c)
2620:2266      fputc_
Module: C:\WATCOM2\lib286\dos\clibm.lib(fwrite.c)
2620:2317      fwrite_
Module: C:\WATCOM2\lib286\dos\clibm.lib(printf.c)
2620:24d0      printf_
Module: C:\WATCOM2\lib286\dos\clibm.lib(fprintf.c)
2620:24e7      fprintf_
Module: C:\WATCOM2\lib286\dos\clibm.lib(cstart)
2ae6:0000*     __nullarea
2ae6:1b08*     __ovlflag
2ae6:1b09*     __intno
2ae6:1b0a*     __ovlvec
2620:24fe      _cstart_
2620:26af      __exit_
2620:26cc      __do_exit_with_msg_
2620:27ab      __GETDS
Module: C:\WATCOM2\lib286\dos\clibm.lib(argcv.c)
2ae6:25b6      __argc
2ae6:25b8      __argv
2ae6:25ba      ___argc
2ae6:25bc      ___argv
Module: C:\WATCOM2\lib286\dos\clibm.lib(chainint)
2620:27b6      _chain_intr_
Module: C:\WATCOM2\lib286\dos\clibm.lib(comtflag.c)
2620:27d6*     __set_commode_
2ae6:1b0e      __commode
Module: C:\WATCOM2\lib286\dos\clibm.lib(errno.c)
2620:27dd      __get_errno_ptr_
2ae6:25be+     _errno
Module: C:\WATCOM2\lib286\dos\clibm.lib(textmode.c)
2ae6:1b10      __fmode
Module: C:\WATCOM2\lib286\dos\clibm.lib(tolower.c)
2620:27e1      tolower_
Module: C:\WATCOM2\lib286\dos\clibm.lib(open.c)
2620:29b9*     open_
2620:29d9      _sopen_
Module: C:\WATCOM2\lib286\dos\clibm.lib(chktty.c)
2620:29f3      __chktty_
Module: C:\WATCOM2\lib286\dos\clibm.lib(freefp.c)
2620:2a1a      __freefp_
2620:2a3e      __purgefp_
Module: C:\WATCOM2\lib286\dos\clibm.lib(allocfp.c)
2620:2a57      __allocfp_
Module: C:\WATCOM2\lib286\dos\clibm.lib(flushall.c)
2620:2ae9      __flushall_
2620:2b1c      flushall_
Module: C:\WATCOM2\lib286\dos\clibm.lib(gtche.c)
2620:2b21      getche_
Module: C:\WATCOM2\lib286\dos\clibm.lib(ioalloc.c)
2620:2b36      __ioalloc_
Module: C:\WATCOM2\lib286\dos\clibm.lib(qread.c)
2620:2ba6      __qread_
Module: C:\WATCOM2\lib286\dos\clibm.lib(__lseek.c)
2620:2bbe      __lseek_
Module: C:\WATCOM2\lib286\dos\clibm.lib(_clse.c)
2620:2bf8      __close_
Module: C:\WATCOM2\lib286\dos\clibm.lib(nfree.c)
2620:2c2e      _nfree_
2620:2c2e      free_
2ae6:25c0+     ___MiniHeapFreeRover
Module: C:\WATCOM2\lib286\dos\clibm.lib(flush.c)
2620:2cf3      __flush_
Module: C:\WATCOM2\lib286\dos\clibm.lib(istable.c)
2ae6:110a      __IsTable
Module: C:\WATCOM2\lib286\dos\clibm.lib(lseek.c)
2620:2de7      lseek_
Module: C:\WATCOM2\lib286\dos\clibm.lib(tell.c)
2620:2e18      _tell_
Module: C:\WATCOM2\lib286\dos\clibm.lib(gfattdos.c)
2620:2e29      _dos_getfileattr_
Module: C:\WATCOM2\lib286\dos\clibm.lib(dosret.c)
2620:2e40      __set_errno_dos_
2620:2ea4*     __set_errno_dos_reterr_
Module: C:\WATCOM2\lib286\dos\clibm.lib(initfile.c)
2620:2eaf      __InitFiles_
Module: C:\WATCOM2\lib286\dos\clibm.lib(ioexit.c)
2620:2f8f*     fcloseall_
2620:2f96      __full_io_exit_
Module: C:\WATCOM2\lib286\dos\clibm.lib(setvbuf.c)
2620:2fa0      setvbuf_
Module: C:\WATCOM2\lib286\dos\clibm.lib(initrtns.c)
2620:302b      __InitRtns
2620:302b*     __FInitRtns
2620:3082      __FiniRtns
2620:3082*     __FFiniRtns
Module: C:\WATCOM2\lib286\dos\clibm.lib(fflush.c)
2620:30e0      fflush_
Module: C:\WATCOM2\lib286\dos\clibm.lib(qwrit.c)
2620:30f1      __qwrite_
Module: C:\WATCOM2\lib286\dos\clibm.lib(fprtf.c)
2620:3163      __fprtf_
Module: C:\WATCOM2\lib286\dos\clibm.lib(xmsg.c)
2620:31fe*     __exit_with_msg_
2620:3203      __fatal_runtime_error_
Module: C:\WATCOM2\lib286\dos\clibm.lib(cmain086.c)
2620:321d      __CMain
Module: C:\WATCOM2\lib286\dos\clibm.lib(crwdata)
2ae6:1b26      __curbrk
2ae6:1b2e      __STACKLOW
2ae6:1b30      __STACKTOP
2ae6:1b32      __cbyte
2ae6:1b34      __child
2ae6:1b36      __no87
2ae6:1b43      ___FPE_handler
2ae6:1b28      __psp
2ae6:1b37      __get_ovl_stack
2ae6:1b3b      __restore_ovl_stack
2ae6:1b3f      __close_ovl_file
2ae6:1b47      __LpCmdLine
2ae6:1b4b      __LpPgmName
2ae6:1b2a      __osmajor
2ae6:1b2b      __osminor
2ae6:1b2c      __osmode
2ae6:1b2d      __HShift
Module: C:\WATCOM2\lib286\dos\clibm.lib(uselfn.c)
2ae6:1b50      ___uselfn
Module: C:\WATCOM2\lib286\dos\clibm.lib(dosseg)
2620:3234      __DOSseg__
Module: C:\WATCOM2\lib286\dos\clibm.lib(initargv.c)
2620:339c      __Init_Argv_
2620:33d3      __Fini_Argv_
Module: C:\WATCOM2\lib286\dos\clibm.lib(opendos.c)
2620:33e9      _dos_open_
Module: C:\WATCOM2\lib286\dos\clibm.lib(iomode.c)
2620:33ff      __GetIOMode_
2620:3416      __SetIOMode_nogrow_
2ae6:1b52      ___NFiles
2ae6:1b54      ___init_mode
2ae6:1b7c      ___io_mode
Module: C:\WATCOM2\lib286\dos\clibm.lib(isatt.c)
2620:342b      isatty_
Module: C:\WATCOM2\lib286\dos\clibm.lib(doserrno.c)
2620:3447      __get_doserrno_ptr_
2ae6:25c4+     __doserrno
Module: C:\WATCOM2\lib286\dos\clibm.lib(umaskval.c)
2ae6:1b7e      ___umaskval
Module: C:\WATCOM2\lib286\dos\clibm.lib(creatdos.c)
2620:344b      _dos_creat_
2620:345f*     _dos_creatnew_
Module: C:\WATCOM2\lib286\dos\clibm.lib(stiomode.c)
2620:3473+     __grow_iomode_
2620:3500+     __shrink_iomode_
2620:351b      __SetIOMode_
Module: C:\WATCOM2\lib286\dos\clibm.lib(nmalloc.c)
2620:356f      _nmalloc_
2620:356f      malloc_
2ae6:1b80      ___nheapbeg
2ae6:1b82      ___MiniHeapRover
2ae6:1b84      ___LargestSizeB4MiniHeapRover
Module: C:\WATCOM2\lib286\dos\clibm.lib(mem.c)
2620:3630      __MemAllocator
2620:36f8      __MemFree
Module: C:\WATCOM2\lib286\dos\clibm.lib(fsync.c)
2620:3872      fsync_
Module: C:\WATCOM2\lib286\dos\clibm.lib(error086.asm)
2620:3878      __doserror_
2620:3886*     __doserror1_
Module: C:\WATCOM2\lib286\dos\clibm.lib(sgdef086)
2ae6:1b98      __Start_XI
2ae6:1baa      __End_XI
2ae6:1baa      __Start_YI
2ae6:1bbc      __End_YI
Module: C:\WATCOM2\lib286\dos\clibm.lib(prtf.c)
2620:41e6      __prtf_
Module: C:\WATCOM2\lib286\dos\clibm.lib(enterdb.c)
2620:43ef      __EnterWVIDEO_
2ae6:1b86+     __WD_Present
Module: C:\WATCOM2\lib286\dos\clibm.lib(___argc.c)
2ae6:25c8      ____Argv
2ae6:25ca      ____Argc
Module: C:\WATCOM2\lib286\dos\clibm.lib(histsplt.c)
2ae6:25cc      ___historical_splitparms
Module: C:\WATCOM2\lib286\dos\clibm.lib(nrealloc.c)
2620:440b*     _nrealloc_
2620:440b      realloc_
Module: C:\WATCOM2\lib286\dos\clibm.lib(iomodtty.c)
2620:4485      __ChkTTYIOMode_
2620:44b9*     __IOMode_
Module: C:\WATCOM2\lib286\dos\clibm.lib(nmemneed.c)
2620:44c9      __nmemneed_
Module: C:\WATCOM2\lib286\dos\clibm.lib(grownear.c)
2620:4532+     __LastFree_
2620:459a      __ExpandDGROUP_
Module: C:\WATCOM2\lib286\dos\clibm.lib(filedos.c)
2620:4672*     _dos_close_
2620:4680      _dos_commit_
Module: C:\WATCOM2\lib286\dos\clibm.lib(wctomb.c)
2620:468f      wctomb_
Module: C:\WATCOM2\lib286\dos\clibm.lib(itoa.c)
2620:46ac+     utoa_
2620:46f1      itoa_
Module: C:\WATCOM2\lib286\dos\clibm.lib(noefgfmt.c)
2ae6:1b88      ___EFG_printf
2ae6:1b8c*     ___EFG_scanf
Module: C:\WATCOM2\lib286\dos\clibm.lib(lltoa.c)
2620:471c      ulltoa_
2620:47e0*     lltoa_
Module: C:\WATCOM2\lib286\dos\clibm.lib(strupr.c)
2620:4834      _strupr_
Module: C:\WATCOM2\lib286\dos\clibm.lib(ltoa.c)
2620:4854      ultoa_
2620:48a7*     ltoa_
Module: C:\WATCOM2\lib286\dos\clibm.lib(mbisdbcs.c)
2ae6:1b90      ___IsDBCS
Module: C:\WATCOM2\lib286\dos\clibm.lib(mbislead.c)
2620:48c8*     _ismbblead_
2ae6:25ce      ___MBCSIsTable
Module: C:\WATCOM2\lib286\dos\clibm.lib(nmsize.c)
2620:48df*     _msize_
2620:48df      _nmsize_
Module: C:\WATCOM2\lib286\dos\clibm.lib(nexpand.c)
2620:48ee      _nexpand_
2620:48ee*     _expand_
Module: C:\WATCOM2\lib286\dos\clibm.lib(amblksiz.c)
2ae6:1b92      __amblksiz
Module: C:\WATCOM2\lib286\dos\clibm.lib(heapen.c)
2620:493d*     _heapenable_
2ae6:1b94      ___heap_enabled
Module: C:\WATCOM2\lib286\dos\clibm.lib(sbrk.c)
2620:4949      __brk_
2620:499f*     sbrk_
Module: C:\WATCOM2\lib286\dos\clibm.lib(alphabet.c)
2ae6:120c      ___Alphabet
Module: C:\WATCOM2\lib286\dos\clibm.lib(mbinit.c)
2620:4a02      __mbinit_
2ae6:1b96+     ___MBCodePage
Module: C:\WATCOM2\lib286\dos\clibm.lib(_expand.c)
2620:4a6d      __HeapManager_expand_
Module: C:\WATCOM2\lib286\dos\clibm.lib(getltdos.c)
2620:4bfe      dos_get_dbcs_lead_table_
Module: C:\WATCOM2\lib286\dos\clibm.lib(getcpdos.c)
2620:4c27      dos_get_code_page_
Module: C:\WATCOM2\lib286\dos\clibm.lib(bfree.c)
2620:4c37      _bfree_


                        +--------------------+
                        |   Libraries Used   |
                        +--------------------+

C:\WATCOM2\lib286\dos\clibm.lib


                        +-----------------------+
                        |   Linker Statistics   |
                        +-----------------------+

Stack size:  1000 (4096.)
Memory size:  0002e530 (189744.)
Entry point address: 2620:24fe
Link time: 00:00.29
