Open Watcom Linker Version 2.0 beta Sep  3 2024 02:05:05 (32-bit)
Copyright (c) 2002-2024 The Open Watcom Contributors. All Rights Reserved.
Portions Copyright (c) 1985-2002 Sybase, Inc. All Rights Reserved.
Created on:       24/11/28 10:39:35
Executable Image: bingen.exe
creating a DOS executable


                        +------------+
                        |   Groups   |
                        +------------+

Group                           Address              Size
=====                           =======              ====

DGROUP                          2591:0000            00003810



                        +--------------+
                        |   Segments   |
                        +--------------+

Segment                Class          Group          Address         Size
=======                =====          =====          =======         ====

m_near_TEXT            CODE           AUTO           0000:0000       00000000
d_init_TEXT            CODE           AUTO           0000:0000       00000d1d
st_init_TEXT           CODE           AUTO           0000:0d20       00000247
r_init_TEXT            CODE           AUTO           0000:0f70       00000ba2
w_init_TEXT            CODE           AUTO           0000:1b20       00000269
i_init_TEXT            CODE           AUTO           0000:1d90       000000b0
z_umb_TEXT             CODE           AUTO           0000:1e40       00000000
z_init_TEXT            CODE           AUTO           0000:1e40       00000538
p_init_TEXT            CODE           AUTO           0000:2380       00000464
d_main_TEXT            CODE           AUTO           027f:0000       00000ef8
i_quit_TEXT            CODE           AUTO           027f:0f00       00000286
i_ibm_TEXT             CODE           AUTO           027f:1190       000004a1
i_sound_TEXT           CODE           AUTO           027f:1640       0000008b
bingen_TEXT            CODE           AUTO           027f:16d0       00000235
d_net_TEXT             CODE           AUTO           027f:1910       00000104
g_game_TEXT            CODE           AUTO           027f:1a20       00000b9d
m_misc_TEXT            CODE           AUTO           027f:25c0       00000061
am_map_TEXT            CODE           AUTO           027f:2630       0000123d
st_stuff_TEXT          CODE           AUTO           027f:3870       00000b6a
hu_stuff_TEXT          CODE           AUTO           027f:43e0       000001ce
hu_lib_TEXT            CODE           AUTO           027f:45b0       000001b0
m_menu_TEXT            CODE           AUTO           027f:4760       00001378
sounds_TEXT            CODE           AUTO           027f:5ae0       00000000
f_wipe_TEXT            CODE           AUTO           027f:5ae0       00000277
D_ALGO_TEXT            CODE           AUTO           027f:5d58       00000199
dmx_TEXT               CODE           AUTO           027f:5f00       000001f4
dutils_TEXT            CODE           AUTO           027f:6100       0000008b
wi_stuff_TEXT          CODE           AUTO           027f:6190       00000f16
MATH_TEXT              CODE           AUTO           027f:70a6       000007dc
f_finale_TEXT          CODE           AUTO           027f:7890       00000c09
g_setup_TEXT           CODE           AUTO           027f:84a0       000002c2
r_setup_TEXT           CODE           AUTO           027f:8770       00000436
st_setup_TEXT          CODE           AUTO           027f:8bb0       000001fa
hu_setup_TEXT          CODE           AUTO           027f:8db0       000000a1
p_saveg_TEXT           CODE           AUTO           027f:8e60       00000001
s_sound_TEXT           CODE           AUTO           0b66:0000       0000001f
p_ceilng_TEXT          CODE           AUTO           0b66:0020       000003ac
p_doors_TEXT           CODE           AUTO           0b66:03d0       000006d0
p_enemy_TEXT           CODE           AUTO           0b66:0aa0       00002628
p_floor_TEXT           CODE           AUTO           0b66:30d0       00000818
p_inter_TEXT           CODE           AUTO           0b66:38f0       00000c04
p_lights_TEXT          CODE           AUTO           0b66:4500       000003e5
p_map_TEXT             CODE           AUTO           0b66:48f0       000021f8
p_maputl_TEXT          CODE           AUTO           0b66:6af0       00000c34
P_MATH_TEXT            CODE           AUTO           0b66:7724       000000da
p_plats_TEXT           CODE           AUTO           0b66:7800       0000046b
p_pspr_TEXT            CODE           AUTO           0b66:7c70       00000bae
p_spec_TEXT            CODE           AUTO           0b66:8820       000011f1
p_switch_TEXT          CODE           AUTO           0b66:9a20       00000b05
p_mobj_TEXT            CODE           AUTO           0b66:a530       0000180e
p_telept_TEXT          CODE           AUTO           0b66:bd40       00000221
p_tick_TEXT            CODE           AUTO           0b66:bf70       00000202
p_user_TEXT            CODE           AUTO           0b66:c180       000006c2
r_bsp_TEXT             CODE           AUTO           17eb:0000       00000e48
r_data_TEXT            CODE           AUTO           17eb:0e50       00001a64
R_MATH_TEXT            CODE           AUTO           17eb:28b4       000001fd
R_MAINHI_TEXT          CODE           AUTO           17eb:2ab2       0000056c
R_COLUMN_TEXT          CODE           AUTO           17eb:301e       00000ba0
R_SPAN_TEXT            CODE           AUTO           17eb:3bbe       00000c2d
R_SKY_TEXT             CODE           AUTO           17eb:47ec       000006c8
r_draw_TEXT            CODE           AUTO           17eb:4ec0       00000379
r_main_TEXT            CODE           AUTO           17eb:5240       000001e8
r_plane_TEXT           CODE           AUTO           17eb:5430       00000000
r_segs_TEXT            CODE           AUTO           17eb:5430       00001c56
R_MASKED_TEXT          CODE           AUTO           17eb:7086       000002a0
r_things_TEXT          CODE           AUTO           17eb:7330       000009fe
w_wad_TEXT             CODE           AUTO           17eb:7d30       0000032e
VIDEO_TEXT             CODE           AUTO           17eb:805e       000001fb
v_video_TEXT           CODE           AUTO           17eb:8260       00000218
z_zone_TEXT            CODE           AUTO           17eb:8480       00000586
d_math_TEXT            CODE           AUTO           17eb:8a10       00000000
p_setup_TEXT           CODE           AUTO           208c:0000       00001085
p_sight_TEXT           CODE           AUTO           208c:1090       00000795
_TEXT                  CODE           AUTO           208c:1830       00003815
FAR_DATA               FAR_DATA       AUTO           2590:0005       00000000
_NULL                  BEGDATA        DGROUP         2591:0000       00000020
_AFTERNULL             BEGDATA        DGROUP         2593:0000       00000002
CONST                  DATA           DGROUP         2593:0002       00000c28
CONST2                 DATA           DGROUP         2655:000a       00000133
_DATA                  DATA           DGROUP         2669:0000       00000b7e
XIB                    DATA           DGROUP         2720:000e       00000000
XI                     DATA           DGROUP         2720:000e       00000012
XIE                    DATA           DGROUP         2722:0000       00000000
YIB                    DATA           DGROUP         2722:0000       00000000
YI                     DATA           DGROUP         2722:0000       00000012
YIE                    DATA           DGROUP         2723:0002       00000000
DATA                   DATA           DGROUP         2723:0002       00000000
_BSS                   BSS            DGROUP         2724:0000       00000ed9
STACK                  STACK          DGROUP         2812:0000       00001000


                        +----------------+
                        |   Memory Map   |
                        +----------------+

* = unreferenced symbol
+ = symbol only referenced locally

Address        Symbol
=======        ======

Module: m_near.obj(C:\REALDOOM\m_near.c)
2591:1930      _masked_headers
2591:1990      _texturecache_nodes
2591:19f0      _spritecache_nodes
2591:1a40      _dirtybox
2591:1a48      _anims
2591:1b08      _usedtexturepagemem
2591:1b20      _solidsegs
2591:1ba0      _strace
2591:1bb0      _dl
2591:1bc0      _trace
2591:1bd0      _spechit
2591:1be0      _tmbbox
2591:1bf0      _braintargets
2591:1c30      _switchlist
2591:1cf8      _buttonlist
2591:1d20      _saveOldString
2591:1d38      _w_faces
2591:1d40      _w_ammo
2591:1d68      _w_arms
2591:1d98      _w_keyboxes
2591:1db0      _w_armsbg
2591:1db8      _w_maxammo
2591:1de0      _savedescription
2591:1e00      _localcmds
2591:1ea0      _gamekeydown
2591:1fa0      _demoname
2591:1fc0      _keyboardque
2591:1fe0      _segregs
2591:1fe8      _am_lc
2591:1ff0      _am_l
2591:1ff8      _am_fl
2591:2000      _am_ml
2591:2008      _markpoints
2591:2030      _cachedsegmentlumps
2591:2038      _cachedlumps
2591:2040      _activenumpages
2591:2048      _spriteL1LRU
2591:2050      _activespritepages
2591:2058      _textureL1LRU
2591:2068      _activetexturepages
2591:2078      _flatcache_nodes
2591:2084      _levelTimeCount
2591:2088      _usedspritepagemem
2591:209c      _ds_p
2591:20a0      _intercept_p
2591:20a4      _bottomslope
2591:20a8      _sightzstart
2591:20ac      _cachedt2x
2591:20b0      _cachedt2y
2591:20b4      _aimslope
2591:20b8      _topslope
2591:20bc      _shootz
2591:20c0      _bombspot_pos
2591:20c4      _bestslidefrac
2591:20c8      _tmymove
2591:20cc      _tmxmove
2591:20d0      _linetarget_pos
2591:20d4      _tmy
2591:20d8      _tmx
2591:20dc      _viletryy
2591:20e0      _viletryx
2591:20e4      _tmthing_pos
2591:20e8      _bulletslope
2591:20ec      _activeplats
2591:2128      _leveltime
2591:212c      _setStateReturn_pos
2591:2130      _activeceilings
2591:216c      _caststate
2591:2170      _OldInt8
2591:2174      _TS_TimesInInterrupt
2591:2178      _st_stuff_buf
2591:21ac      _w_health
2591:21b8      _w_armor
2591:21c4      _dclicks
2591:21c8      _dclicktime
2591:21cc      _dclickstate
2591:21d0      _dclicktime2
2591:21d4      _mousearray
2591:21d8      _dclickstate2
2591:21dc      _dclicks2
2591:21e0      _starttime
2591:21e4      _gametic
2591:21e8      _maketic
2591:21ec      _gametime
2591:21f0      _p_init_sprtemp
2591:21f4      _ticcount
2591:21f8      _am_scale_mtof
2591:21fc      _am_scale_ftom
2591:2200      _screen_oldloc
2591:2204      _am_buffer
2591:2218      _am_max_scale_mtof
2591:221c      _m_paninc
2591:2220      _activespritenumpages
2591:2224      _topfrac
2591:2228      _bottomstep
2591:222c      _pixhigh
2591:2230      _bottomfrac
2591:2234      _pixlow
2591:2238      _pixhighstep
2591:223c      _topstep
2591:2240      _pixlowstep
2591:2244      _maskedtexturecol
2591:2248      _lineopening
2591:224e      _numRef
2591:2258      _HeadTask
2591:226a      _keyboxes
2591:2270      _w_ready
2591:227a      _out
2591:2288      _regs
2591:2296      _in
2591:22a4      _spritewidths_segment
2591:22a6      _bmapwidth
2591:22a8      _emshandle
2591:22aa      _numvertexes
2591:22ac      _bmaporgx
2591:22ae      _bmaporgy
2591:22b0      _numlines
2591:22b2      _numnodes
2591:22b4      _pagenum9000
2591:22b6      _numsectors
2591:22b8      _bmapheight
2591:22ba      _numsubsectors
2591:22bc      _numsides
2591:22be      _numsegs
2591:22c0      _numlinespecials
2591:22c2      _lastanim
2591:22c4      _wadfilefp
2591:22c6      _wadfilefp2
2591:22c8      _curseg_render
2591:22ca      _numlumps
2591:22cc      _newend
2591:22ce      _curseg
2591:22d0      _attackrange16
2591:22d2      _la_damage
2591:22d4      _ceilinglinenum
2591:22d6      _bombsource
2591:22d8      _bombdamage
2591:22da      _lastcalculatedsector
2591:22dc      _tmdropoffz
2591:22de      _tmceilingz
2591:22e0      _linetarget
2591:22e2      _shootthing
2591:22e4      _bestslidelinenum
2591:22e6      _numspechit
2591:22e8      _bombspot
2591:22ea      _tmthing
2591:22ec      _numbraintargets
2591:22ee      _tmfloorz
2591:22f0      _tmflags1
2591:22f2      _corpsehitRef
2591:22f4      _braintargeton
2591:22f6      _vileobj
2591:22f8      _setStateReturn
2591:22fa      _numswitches
2591:22fc      _oldentertics
2591:22fe      _currentThinkerListHead
2591:2300*     _save_p
2591:2302      _sp_state
2591:2304      _cnt_items
2591:2306      _wbs
2591:2308      _yahRef
2591:230a      _cnt_kills
2591:230c      _cnt_secret
2591:230e      _cnt_par
2591:2310      _bcnt
2591:2312      _cnt_time
2591:2314      _acceleratestage
2591:2316      _cnt
2591:2318      _cnt_pause
2591:231a      _menu_drawer_x
2591:231c      _menu_drawer_y
2591:231e      _whichSkull
2591:2320      _currentMenu
2591:2322      _skullAnimCounter
2591:2324      _saveStringEnter
2591:2326      _itemOn
2591:2328      _saveCharIndex
2591:232a      _messageRoutine
2591:232c      _saveSlot
2591:232e      _messageLastMenuActive
2591:2330      _finaleflat
2591:2332      _finaletext
2591:2334      _finalecount
2591:2336      _finalestage
2591:2338      _st_calc_lastcalc
2591:233a      _defdemoname
2591:233c      _defaultfile
2591:233e      _myargc
2591:2340      _myargv
2591:2342      _mousey
2591:2344      _mousex
2591:2346      _demo_p
2591:2348      _totalkills
2591:234a      _totalitems
2591:234c      _totalsecret
2591:234e      _playerMobjRef
2591:2350      _p_init_maxframe
2591:2352      _EMS_PAGE
2591:2354      _old_screen_botleft_x
2591:2356      _old_screen_botleft_y
2591:2358      _old_screen_viewport_height
2591:235a      _am_min_level_x
2591:235c      _am_min_level_y
2591:235e      _screen_viewport_height
2591:2360      _screen_topright_y
2591:2362      _screen_topright_x
2591:2364      _screen_viewport_width
2591:2366      _am_min_scale_mtof
2591:2368      _old_screen_viewport_width
2591:236a      _screen_botleft_x
2591:236c      _screen_botleft_y
2591:236e      _ftom_zoommul
2591:2370      _am_max_level_y
2591:2372      _am_max_level_x
2591:2374      _mtof_zoommul
2591:2376      _firstspritelump
2591:2378      _numpatches
2591:237a      _firstpatch
2591:237c      _numtextures
2591:237e      _numspritelumps
2591:2380      _numflats
2591:2382      _spritelights
2591:2384      _pspritescale
2591:2386      _vissprite_p
2591:2388      _walllights
2591:238a      _skytexture
2591:238c      _viewwindowoffset
2591:238e      _r_cachedplayerMobjsecnum
2591:2390      _toptexture
2591:2392      _midtexture
2591:2394      _setdetail
2591:2396      _bottomtexture
2591:2398      _scaledviewwidth
2591:239a      _viewwindowx
2591:239c      _viewwindowy
2591:239e      _pagename
2591:23a0      _pagetic
2591:23a2*     _snd_SBport
2591:23a4*     _snd_Mport
2591:23a6      _plrs
2591:23af      _w_message
2591:2518      _menu_messageString
2591:2581      _w_title
2591:25da      _oldweaponsowned
2591:25e3      _wminfo
2591:25f8      _player
2591:2675      _levelTimer
2591:2676      _crushchange
2591:2677      _nofit
2591:2678      _earlyout
2591:2679      _floatok
2591:267a      _onground
2591:267b      _castonmelee
2591:267c      _splatRef
2591:267d      _casttics
2591:267e      _castdeath
2591:267f      _castframes
2591:2680      _castnum
2591:2681      _castattacking
2591:2682      _state
2591:2683      _menu_epi
2591:2684      _messageNeedsInput
2591:2685      _finale_laststage
2591:2686      _message_on
2591:2687      _message_dontfuckwithme
2591:2688      _message_counter
2591:2689      _message_nottobefuckedwith
2591:268a      _messageToPrint
2591:268b      _do_st_refresh
2591:268c      _st_randomnumber
2591:268d      _st_statusbaron
2591:268e      _d_episode
2591:268f      _secretexit
2591:2690      _d_skill
2591:2691      _d_map
2591:2692      _updatedthisframe
2591:2693      _st_firsttime
2591:2694      _st_gamestate
2591:2695      _usemouse
2591:2696      _mousebforward
2591:2697      _turnheld
2591:2698      _savegameslot
2591:2699      _key_speed
2591:269a      _mousebfire
2591:269b      _key_left
2591:269c      _key_fire
2591:269d      _key_strafe
2591:269e      _key_straferight
2591:269f      _key_up
2591:26a0      _mousebstrafe
2591:26a1      _singledemo
2591:26a2      _netdemo
2591:26a3      _key_down
2591:26a4      _key_use
2591:26a5      _key_right
2591:26a6      _key_strafeleft
2591:26a7      _paused
2591:26a8      _viewactive
2591:26a9      _timingdemo
2591:26aa      _sendsave
2591:26ab      _noblit
2591:26ac      _demoplayback
2591:26ad      _demorecording
2591:26ae      _sendpause
2591:26af      _usergame
2591:26b0      _borderdrawcount
2591:26b1+     _numChannels
2591:26b2      _gameskill
2591:26b3      _gamemap
2591:26b4      _respawnmonsters
2591:26b5      _gamestate
2591:26b6      _gameaction
2591:26b7      _usegamma
2591:26b8      _gameepisode
2591:26b9      _kbdhead
2591:26ba      _kbdtail
2591:26bb      _mousepresent
2591:26bc      _novideo
2591:26bd      _cachedcol
2591:26be      _cachedbyteheight
2591:26bf      _vsprsortedheadfirst
2591:26c0      _maskedtexture
2591:26c1      _segtextured
2591:26c2      _setsizeneeded
2591:26c3      _markfloor
2591:26c4      _markceiling
2591:26c5      _setblocks
2591:26c6      _eventtail
2591:26c7      _sfxVolume
2591:26c8      _showMessages
2591:26c9      _mouseSensitivity
2591:26ca      _menuactive
2591:26cb      _screenSize
2591:26cc      _inhelpscreens
2591:26cd      _eventhead
2591:26ce      _quickSaveSlot
2591:26cf      _detailLevel
2591:26d0      _musicVolume
2591:26d1      _demosequence
2591:26d2      _shareware
2591:26d3      _startmap
2591:26d4      _modifiedgame
2591:26d5+     _snd_SBport8bit
2591:26d6      _autostart
2591:26d7      _advancedemo
2591:26d8      _nomonsters
2591:26d9      _startskill
2591:26da      _registered
2591:26db      _fastparm
2591:26dc      _respawnparm
2591:26dd      _commercial
2591:26de      _startepisode
2591:26df+     _snd_DesiredMusicDevice
2591:0d80      _wipegamestate
2591:0d81      _singletics
2591:0d82      _skytextureloaded
2591:0d84      _validcount
2591:0d86      _clipangle
2591:0d88      _fieldofview
2591:0d8a      _lastvisspritesegment
2591:0d8c      _lastvisspritepatch
2591:0d8e      _lastvisspritesegment2
2591:0d90      _lastvisspritepatch2
2591:0d92      _spritecache_l2_head
2591:0d93      _spritecache_l2_tail
2591:0d94      _flatcache_l2_head
2591:0d95      _flatcache_l2_tail
2591:0d96      _texturecache_l2_head
2591:0d97      _texturecache_l2_tail
2591:0d98      _cachedtex
2591:0d9a      _cachedsegmenttex
2591:0d9c      _cachedsegmenttex2
2591:0d9e      _cachedtex2
2591:0da0      _cachedcollength
2591:0da1      _cachedcollength2
2591:0da2      _am_cheating
2591:0da3      _am_grid
2591:0da4      _markpointnum
2591:0da5      _followplayer
2591:0da6      _am_stopped
2591:0da7      _am_bigstate
2591:0da8      _automapactive
2591:0da9      _am_lastlevel
2591:0daa      _am_lastepisode
2591:0dab      _player_arrow
2591:0de3      _cheat_player_arrow
2591:0e63      _thintriangle_guy
2591:0e7c      _lightmult48lookup
2591:0e9c      _pagesegments
2591:0eac      _vga_read_port_lookup
2591:0ec4*     _R_DrawColumnPrepCallHigh
2591:0ec8      _R_DrawColumnPrepCall
2591:0ecc      _R_DrawPlanesCall
2591:0ed0      _R_DrawFuzzColumnCallHigh
2591:0ed4      _R_DrawMaskedColumnCallHigh
2591:0ed8      _R_DrawSingleMaskedColumnCallHigh
2591:0edc      _R_DrawMaskedColumnCallSpriteHigh
2591:0ee0      _currentlumpindex
2591:0ee2      _maskedcount
2591:0ee4      _currentpostoffset
2591:0ee6      _currentpostdataoffset
2591:0ee8      _currentpixeloffset
2591:0eea      _grmode
2591:0eec      _oldkeyboardisr
2591:0ef0      _viewactivestate
2591:0ef1      _menuactivestate
2591:0ef2      _inhelpscreensstate
2591:0ef3      _fullscreen
2591:0ef4      _oldgamestate
2591:0ef5      _precache
2591:0ef6      _forwardmove
2591:0ef8      _sidemove
2591:0efa      _angleturn
2591:0f00      _mousebuttons
2591:0f02      _rndindex
2591:0f04      _prndindex
2591:0f06      _defaults
2591:0fca      _tallnum
2591:0fde      _shortnum
2591:0ff2      _keys
2591:0ffe      _faces
2591:1052      _arms
2591:106a      _st_oldhealth
2591:106c      _st_facecount
2591:106e      _st_faceindex
2591:1070+     _cheat_mus_seq
2591:1079+     _cheat_choppers_seq
2591:1084+     _cheat_god_seq
2591:108a+     _cheat_ammo_seq
2591:1090+     _cheat_ammonokey_seq
2591:1095+     _cheat_noclip_seq
2591:10a0+     _cheat_commercial_noclip_seq
2591:10a7+     _cheat_powerup_seq
2591:10ed+     _cheat_clev_seq
2591:10f7+     _cheat_mypos_seq
2591:10ff+     _cheat_amap_seq
2591:1104      _cheat_amap
2591:1108      _cheat_mus
2591:110c      _cheat_god
2591:1110      _cheat_ammo
2591:1114      _cheat_ammonokey
2591:1118      _cheat_noclip
2591:111c      _cheat_commercial_noclip
2591:1120      _cheat_powerup
2591:113c      _cheat_choppers
2591:1140      _cheat_clev
2591:1144      _cheat_mypos
2591:1148      _st_palette
2591:114a      _st_calc_oldhealth
2591:114c      _st_face_lastattackdown
2591:114d      _st_face_priority
2591:114e      _hudneedsupdate
2591:1150      _hu_font
2591:11ce      _mapnames
2591:11fb      _mapnames2
2591:121b      _gammamsg
2591:1220      _endmsg
2591:1230      _endmsg2
2591:1240      _skullName
2591:1244      _menu_mousewait
2591:1246      _menu_mousey
2591:1248      _menu_lasty
2591:124a      _menu_mousex
2591:124c      _menu_lastx
2591:124e      _MainMenu
2591:126c      _MainDef
2591:1278+     _EpisodeMenu
2591:128c      _EpiDef
2591:1298+     _NewGameMenu
2591:12b1      _NewDef
2591:12bd+     _OptionsMenu
2591:12e5      _OptionsDef
2591:12f1      _ReadMenu1
2591:12f6      _ReadDef1
2591:1302+     _ReadMenu2
2591:1307      _ReadDef2
2591:1313+     _SoundMenu
2591:1327      _SoundDef
2591:1333      _LoadMenu
2591:1351      _LoadDef
2591:135d+     _SaveMenu
2591:137b      _SaveDef
2591:1387      _detailNames
2591:1389      _msgNames
2591:138b      _quitsounds
2591:1393      _quitsounds2
2591:139c      _wipeduration
2591:13a0      _TaskServiceRate
2591:13a4      _TaskServiceCount
2591:13a8      _TS_Installed
2591:13ac      _TS_InInterrupt
2591:13b0      _NUMANIMS
2591:13b4      _wianims
2591:13c0      _unloaded
2591:13c1      _snl_pointeron
2591:13c2      _castorder
2591:13e4      _st_stopped
2591:13e6      _armsbgarray
2591:13e8      _weaponinfo
2591:144c      _maxammo
2591:1454      _clipammo
2591:1458      _brainspit_easy
2591:1459      _opposite
2591:1462      _diags
2591:1466      _movedirangles
2591:1476      _pageswapargs
2591:16a6      _current5000State
2591:16a7      _last5000State
2591:16a8      _current9000State
2591:0c4a      _snd_prefixen
2591:16a9      _last9000State
2591:16aa      _currenttask
2591:16ab      _ems_backfill_page_order
2591:16c3      _is_ultimate
2591:26e0+     _snd_Mport8bit
2591:26e1+     _snd_SBirq
2591:26e2      _snd_MusicVolume
2591:26e3      _snd_SfxVolume
2591:26e4+     _snd_DesiredSfxDevice
2591:26e5*     _snd_MusicDevice
2591:26e6      _snd_SfxDevice
2591:26e7+     _snd_SBdma
Module: d_init.obj(C:\REALDOOM\d_init.c)
0000:0000      D_InitStrings_
0000:00aa+     D_GetCursorColumnRow_
0000:00d0+     D_SetCursorPosition_
0000:00f6+     D_DrawTitle_
0000:016a+     D_RedrawTitle_
0000:0186      M_CheckParm_
0000:01de+     sscanf_uint8_
0000:020c+     M_LoadDefaults_
0000:03aa+     makethreecharint_
0000:03e2+     HU_Init_
0000:043a*     S_Init_
0000:043c+     AM_loadPics_
0000:04a2+     G_RecordDemo_
0000:04f2+     G_TimeDemo_
0000:0512+     M_Reload_
0000:05f6+     M_Init_
0000:067c+     check_is_ultimate_
0000:06c8      D_DoomMain2_
Module: st_init.obj(C:\REALDOOM\st_init.c)
0000:0d20+     ST_loadGraphics_
0000:0f34+     ST_loadData_
0000:0f5e      ST_Init_
Module: r_init.obj(C:\REALDOOM\r_init.c)
0000:0f70+     R_InitSpriteLumps_
0000:1108+     R_GenerateLookup_
0000:164e+     R_InitTextures_
0000:19c4+     R_InitTextures2_
0000:1a16+     R_InitPatches_
0000:1a64+     R_InitData_
0000:1aa8      R_Init_
Module: w_init.obj(C:\REALDOOM\w_init.c)
0000:1b20      W_AddFile_
Module: i_init.obj(C:\REALDOOM\i_init.c)
0000:1d90+     I_StartupMouse_
0000:1dd2+     I_StartupKeyboard_
0000:1e0a      I_Init_
Module: z_init.obj(C:\REALDOOM\z_init.c)
0000:1e40*     doerror_
0000:1e4e      Z_InitEMS_
0000:1f5e      Z_GetEMSPageMap_
0000:2062      Z_LoadBinaries_
Module: p_init.obj(C:\REALDOOM\p_init.c)
0000:2380+     P_InitSwitchList_
0000:244a+     P_InitPicAnims_
0000:2520+     R_InstallSpriteLump_
0000:25b2+     R_InitSpriteDefs_
0000:27a6+     R_InitSprites_
0000:27c6      P_Init_
Module: d_main.obj(C:\REALDOOM\d_main.c)
027f:0000      D_PostEvent_
027f:002c      D_ProcessEvents_
027f:0076      getStringByIndex_
027f:00bc      copystr8_
027f:00f6      locallib_strlen_
027f:0114      locallib_toupper_
027f:0120      locallib_strcpy_
027f:0150      locallib_strncpy_
027f:01a6+     locallib_printhexdigit_
027f:01bc      locallib_printhex_
027f:0320+     locallib_printdecimal_
027f:048e+     locallib_printstringfar_
027f:04f4*     locallib_printstringnear_
027f:04fe      locallib_printf_
027f:0746      DEBUG_PRINT_
027f:0758      locallib_strupr_
027f:0786      locallib_strlwr_
027f:07b4      combine_strings_
027f:082a      locallib_strcmp_
027f:087a      locallib_strncasecmp_
027f:08d6      makesavegamename_
027f:0912      D_StartTitle_
027f:0922      I_UpdateNoBlit_
027f:0a1c+     D_Display_
027f:0c7e+     G_BeginRecording_
027f:0cfc      D_PageTicker_
027f:0d0e+     D_PageDrawer_
027f:0d32      D_DoAdvanceDemo_
027f:0e40+     Z_ClearDeadCode_
027f:0e86*     D_DoomMain_
027f:0e8e*     D_DoomLoop_
Module: i_quit.obj(C:\REALDOOM\i_quit.c)
027f:0f00*     I_ShutdownSound_
027f:0f02+     I_ShutdownGraphics_
027f:0f2a*     TS_Terminate_
027f:0f58*     I_ShutdownTimer_
027f:0f5e+     TS_Shutdown_
027f:0f6c+     I_ShutdownKeyboard_
027f:0f9e+     I_ShutdownMouse_
027f:0fac+     Z_ShutdownEMS_
027f:0fee      I_Shutdown_
027f:1024+     M_SaveDefaults_
027f:1124      I_Quit_
Module: i_ibm.obj(C:\REALDOOM\i_ibm.c)
027f:1190      I_WaitVBL_
027f:11be      I_SetPalette_
027f:1236      I_UpdateBox_
027f:12fc      I_FinishUpdate_
027f:131e+     I_ReadMouse_
027f:1390      I_StartTic_
027f:13f8*     I_InitDiskFlash_
027f:14b2      I_TimerISR_
027f:14c4      I_KeyboardISR_
027f:14fa      I_ResetMouse_
027f:1514*     I_EndRead_
027f:1514*     I_BeginRead_
027f:1516      I_Error_
027f:1572      I_InitGraphics_
Module: i_sound.obj(C:\REALDOOM\i_sound.c)
027f:1640*     I_StartupTimer_
027f:1640      I_StartupSound_
027f:1662*     I_ResumeSong_
027f:1662*     I_PauseSong_
027f:1664*     I_SetMusicVolume_
027f:1668*     I_SetSfxVolume_
027f:166c*     I_QrySongPlaying_
027f:166c*     I_RegisterSong_
027f:1670*     I_PlaySong_
027f:1670*     I_StopSong_
027f:1670*     I_UnRegisterSong_
027f:1672*     I_GetSfxLumpNum_
027f:16bc*     I_StopSound_
027f:16be*     I_StartSound_
027f:16c8*     I_SoundIsPlaying_
027f:16ca*     I_SetChannels_
027f:16ca*     I_sndArbitrateCards_
027f:16ca*     I_UpdateSoundParams_
Module: bingen.obj(C:\REALDOOM\build\tools\bingen\bingen.c)
027f:16d0*     checkDS_
027f:16d2      main_
Module: d_net.obj(C:\REALDOOM\d_net.c)
027f:1910      NetUpdate_
027f:1972      TryRunTics_
Module: g_game.obj(C:\REALDOOM\g_game.c)
027f:1a20      R_FlatNumForName_
027f:1a2e      G_BuildTiccmd_
027f:1e0a      G_Responder_
027f:1f86*     G_DoWorldDone_
027f:1fa2+     G_DoNewGame_
027f:1ff4      G_Ticker_
027f:2116+     G_PlayerFinishLevel_
027f:2168      G_PlayerReborn_
027f:21de      G_ExitLevel_
027f:21ea      G_SecretExitLevel_
027f:21fc      G_LoadGame_
027f:221c+     G_DoCompleted_
027f:22f4*     G_DoSaveGame_
027f:22f4*     G_DoLoadGame_
027f:239e      G_SaveGame_
027f:23b4      G_DeferedInitNew_
027f:23c6+     G_ReadDemoTiccmd_
027f:2418+     G_WriteDemoTiccmd_
027f:2486      G_DeferedPlayDemo_
027f:2490+     G_DoPlayDemo_
027f:2518      G_CheckDemoStatus_
Module: m_misc.obj(C:\REALDOOM\m_misc.c)
027f:25c0      M_Random_
027f:25dc      M_AddToBox16_
027f:2606      M_WriteFile_
Module: am_map.obj(C:\REALDOOM\am_map.c)
027f:2630*     MTOF16_
027f:2644*     CXMTOF16_
027f:265c*     CYMTOF16_
027f:267c+     AM_activateNewScale_
027f:26e2+     AM_restoreScaleAndLoc_
027f:2772+     AM_addMark_
027f:27a8+     AM_findMinMaxBoundaries_
027f:2880+     AM_changeWindowLoc_
027f:290e+     AM_initVariables_
027f:29aa*     AM_clearMarks_
027f:29ca+     AM_LevelInit_
027f:2a42      AM_Stop_
027f:2a50+     AM_Start_
027f:2a90+     AM_minOutWindowScale_
027f:2aba+     AM_maxOutWindowScale_
027f:2ae4      AM_Responder_
027f:2e90+     AM_changeWindowScale_
027f:2f06+     AM_doFollowPlayer_
027f:2f98      AM_Ticker_
027f:2fc2+     DOOUTCODE_
027f:2fe6+     AM_clipMline_
027f:320e+     AM_drawMline_
027f:32e6+     AM_drawGrid_
027f:33a6+     AM_drawWalls_
027f:356c+     AM_rotate_
027f:35d8+     AM_drawLineCharacter_
027f:3694+     AM_drawPlayers_
027f:36fa+     AM_drawThings_
027f:376c+     AM_drawMarks_
027f:3802*     AM_drawCrosshair_
027f:3812      AM_Drawer_
Module: st_stuff.obj(C:\REALDOOM\st_stuff.c)
027f:3870+     ST_refreshBackground_
027f:38b4      ST_Responder_
027f:3d08+     ST_calcPainOffset_
027f:3d4a+     ST_updateFaceWidget_
027f:3fa4+     ST_updateWidgets_
027f:3fe8      ST_Ticker_
027f:3ffa+     ST_doPaletteStuff_
027f:4082*     STlib_updateflag_
027f:4096+     STlib_updateMultIcon_
027f:4158+     STlib_drawNum_
027f:4266+     STlib_updatePercent_
027f:42a0+     ST_drawWidgets_
027f:437a      ST_Drawer_
Module: hu_stuff.obj(C:\REALDOOM\hu_stuff.c)
027f:43e0      HU_Drawer_
027f:446c      HU_Erase_
027f:44b4      HU_Ticker_
027f:4554      HU_Responder_
Module: hu_lib.obj(C:\REALDOOM\hu_lib.c)
027f:45b0      HUlib_addStringToTextLine_
027f:4600      HUlib_drawTextLine_
027f:467e      HUlib_eraseTextLine_
027f:46fa      HUlib_addMessageToSText_
Module: m_menu.obj(C:\REALDOOM\m_menu.c)
027f:4760      M_GetMenuPatch_
027f:479e      M_DrawLoad_
027f:4804+     M_DrawSaveLoadBorder_
027f:486e      M_LoadSelect_
027f:4898      M_LoadGame_
027f:48a4+     M_ReadSaveStrings_
027f:4912      M_DrawSave_
027f:49ac+     M_DoSave_
027f:49d6      M_SaveSelect_
027f:4a56      M_SaveGame_
027f:4aa2*     M_QuickSaveResponse_
027f:4aaa*     M_QuickSave_
027f:4abe*     M_QuickLoadResponse_
027f:4ac6*     M_QuickLoad_
027f:4ada      M_DrawReadThis1_
027f:4aec      M_DrawReadThis2_
027f:4afe      M_DrawReadThisRetail_
027f:4b10      M_DrawSound_
027f:4b5e      M_Sound_
027f:4b6c      M_SfxVol_
027f:4ba0      M_MusicVol_
027f:4bd4      M_DrawMainMenu_
027f:4bf0      M_DrawNewGame_
027f:4c22      M_NewGame_
027f:4c44      M_DrawEpisode_
027f:4c60+     M_VerifyNightmare_
027f:4c84      M_ChooseSkill_
027f:4cd2      M_Episode_
027f:4d26      M_DrawOptions_
027f:4dc6      M_Options_
027f:4dd4      M_ChangeMessages_
027f:4df8+     M_EndGameResponse_
027f:4e16      M_EndGame_
027f:4e56      M_ReadThis_
027f:4e5e      M_ReadThis2_
027f:4e78      M_FinishReadThis_
027f:4e86+     M_QuitResponse_
027f:4eca      M_QuitDOOM_
027f:4f70      M_ChangeSensitivity_
027f:4f98      M_ChangeDetail_
027f:4fee      M_SizeDisplay_
027f:5034+     M_DrawThermo_
027f:50b8+     M_StartMessage_
027f:50f6+     M_StringWidth_
027f:5158+     M_StringHeight_
027f:519e+     M_WriteText_
027f:521e      M_Responder_
027f:58cc      M_StartControlPanel_
027f:58e6      M_Drawer_
027f:5aaa*     M_SetupNextMenu_
027f:5aba      M_Ticker_
Module: f_wipe.obj(C:\REALDOOM\f_wipe.c)
027f:5ae0+     wipe_shittyColMajorXform_
027f:5b6a+     wipe_initMelt_
027f:5c3c+     I_ReadScreen_
027f:5c98      wipe_StartScreen_
027f:5cac      wipe_WipeLoop_
Module: d_algo.obj(d_algo.ASM)
027f:5ed5      hackDSBack_
027f:5d58      wipe_doMelt_
027f:5eac      resetDS_
027f:5eb4*     hackDS_
Module: dmx.obj(C:\REALDOOM\dmx.c)
027f:5f00      TS_FreeTaskList_
027f:5f02      TS_SetClockSpeed_
027f:5f4c+     TS_SetTimer_
027f:5f76      TS_SetTimerToMaxTaskRate_
027f:5f86+     TS_ServiceScheduleIntEnabled_
027f:6070+     TS_Startup_
027f:60bc      TS_ScheduleTask_
027f:60ea      TS_Dispatch_
Module: dutils.obj(C:\REALDOOM\dutils.c)
027f:6100      cht_CheckCheat_
027f:6158      cht_GetParam_
Module: wi_stuff.obj(C:\REALDOOM\wi_stuff.c)
027f:6190*     WI_GetPatch_
027f:61a2*     WI_GetAnimPatch_
027f:61b4+     maketwocharint_
027f:61da+     WI_slamBackground_
027f:6212+     WI_drawLF_
027f:6278+     WI_drawEL_
027f:62cc+     WI_drawOnLnode_
027f:63b2+     WI_updateAnimatedBack_
027f:64da+     WI_drawAnimatedBack_
027f:655c+     WI_drawNum_
027f:6636+     WI_drawPercent_
027f:667a+     WI_drawTime_
027f:6722*     WI_initNoState_
027f:6734*     WI_initShowNextLoc_
027f:6748+     WI_updateShowNextLoc_
027f:677a*     WI_drawNoState_
027f:6780+     WI_drawShowNextLoc_
027f:67fa*     WI_initStats_
027f:6822+     WI_initAnimatedBack_
027f:68a4+     WI_updateStats_
027f:6aaa+     WI_drawStats_
027f:6bc4*     WI_checkForAccelerate_
027f:6c04+     WI_loadData_
027f:6df8*     WI_End_
027f:6df8*     WI_unloadData_
027f:6dfe+     WI_updateNoState_
027f:6e0e*     G_WorldDone_
027f:6e32      WI_Ticker_
027f:6e8a      WI_Drawer_
027f:6ebc+     WI_initVariables_
027f:6f18+     WI_Init_
027f:7090      WI_Start_
Module: math.obj(math.ASM)
027f:747f      FastDiv32u16u_
027f:71ae      FixedMulTrigNoShift_
027f:7290      FastMul16u32u_
027f:73f0      FixedDiv_
027f:71f9*     FixedMulTrig16_
027f:72a5      div48_32_
027f:7535*     FastDiv3232_RPTA_
027f:7754*     div48_32_whole_
027f:7213      FastMulTrig16_
027f:723c      FixedMulTrigSpeed_
027f:7281*     FixedMul16u32u_
027f:749d      FastDiv3216u_
027f:7621      FastDiv3232_
027f:76df      FixedDivWholeA_
027f:71aa      FixedMulTrig_
027f:716a      FixedMul1632_
027f:7129      FixedMul2432_
027f:70df      FixedMul2424_
027f:70a6      FixedMul_
027f:7504      FastDiv3232_shift_3_8_
027f:7258      FixedMulBig1632_
027f:726c      FixedMul16u32_
027f:7240      FixedMulTrigSpeedNoShift_
Module: f_finale.obj(C:\REALDOOM\f_finale.c)
027f:7890+     V_DrawPatchFlipped_
027f:7982      F_StartFinale_
027f:7a52      F_Responder_
027f:7a60      F_Ticker_
027f:7b00+     F_TextWrite_
027f:7c22+     F_StartCast_
027f:7c8e+     F_CastTicker_
027f:7fae+     F_CastResponder_
027f:8044+     F_CastPrint_
027f:80fa+     F_CastDrawer_
027f:81ae+     F_DrawPatchCol_
027f:8224+     F_BunnyScroll_
027f:842a      F_Drawer_
Module: g_setup.obj(C:\REALDOOM\g_setup.c)
027f:84a0      R_CheckTextureNumForName_
027f:8500      R_TextureNumForName_
027f:852a      G_DoLoadLevel_
027f:85c2      G_InitNew_
Module: r_setup.obj(C:\REALDOOM\r_setup.c)
027f:8770+     R_InitTextureMapping_
027f:8a66      R_ExecuteSetViewSize_
Module: st_setup.obj(C:\REALDOOM\st_setup.c)
027f:8bb0+     STlib_initNum_
027f:8bd2+     STlib_initPercent_
027f:8bf0+     STlib_initMultIcon_
027f:8c06+     ST_createWidgets_
027f:8d36+     ST_Stop_
027f:8d4a      ST_Start_
Module: hu_setup.obj(C:\REALDOOM\hu_setup.c)
027f:8db0      HU_Start_
Module: p_saveg.obj(C:\REALDOOM\p_saveg.c)
027f:8e60*     P_UnArchiveSpecials_
027f:8e60*     P_ArchiveSpecials_
027f:8e60*     P_UnArchiveThinkers_
027f:8e60*     P_ArchiveThinkers_
027f:8e60*     P_UnArchiveWorld_
027f:8e60*     P_ArchiveWorld_
027f:8e60*     P_UnArchivePlayers_
027f:8e60*     P_ArchivePlayers_
Module: s_sound.obj(C:\REALDOOM\s_sound.c)
0b66:0000*     S_StopChannel_
0b66:0000      S_StartMusic_
0b66:0000      S_ChangeMusic_
0b66:0000*     S_StopMusic_
0b66:0000      S_SetMusicVolume_
0b66:0002*     S_AdjustSoundParams_
0b66:000c      S_SetSfxVolume_
0b66:0010      S_StopSound_
0b66:0010      S_ResumeSound_
0b66:0010      S_PauseSound_
0b66:0012*     S_getChannel_
0b66:0014      S_Start_
0b66:0014      S_UpdateSounds_
0b66:0014      S_StartSoundWithParams_
0b66:0014      S_StartSound_
0b66:0016*     S_StartSoundAtVolume_
0b66:001e      S_StartSoundFromRef_
Module: p_ceilng.obj(C:\REALDOOM\p_ceilng.c)
0b66:002c      T_MoveCeiling_
0b66:017a      EV_DoCeiling_
0b66:02c4+     P_AddActiveCeiling_
0b66:02ec+     P_RemoveActiveCeiling_
0b66:0322+     P_ActivateInStasisCeiling_
0b66:0372      EV_CeilingCrushStop_
Module: p_doors.obj(C:\REALDOOM\p_doors.c)
0b66:03f6      T_VerticalDoor_
0b66:05b4      EV_DoLockedDoor_
0b66:0660      EV_DoDoor_
0b66:07d6      EV_VerticalDoor_
0b66:0a00      P_SpawnDoorCloseIn30_
0b66:0a46      P_SpawnDoorRaiseIn5Mins_
Module: p_enemy.obj(C:\REALDOOM\p_enemy.c)
0b66:0aa0+     P_RecursiveSound_
0b66:0bb6      P_NoiseAlert_
0b66:0bd2+     P_CheckMeleeRange_
0b66:0caa+     P_CheckMissileRange_
0b66:0df2+     P_Move_
0b66:0f96+     P_TryWalk_
0b66:0fb4+     P_NewChaseDir_
0b66:1210+     P_LookForPlayers_
0b66:133e      A_KeenDie_
0b66:13b0      A_Look_
0b66:14b8      A_Chase_
0b66:1692      A_FaceTarget_
0b66:173c      A_PosAttack_
0b66:17cc      A_SPosAttack_
0b66:186c      A_CPosAttack_
0b66:18fa      A_CPosRefire_
0b66:1970      A_SpidRefire_
0b66:19e6      A_BspiAttack_
0b66:1a08      A_TroopAttack_
0b66:1a6a      A_SargAttack_
0b66:1aae      A_HeadAttack_
0b66:1b00      A_CyberAttack_
0b66:1b22      A_BruisAttack_
0b66:1b80      A_SkelMissile_
0b66:1bf8      A_Tracer_
0b66:1e66      A_SkelWhoosh_
0b66:1e82      A_SkelFist_
0b66:1ed0+     PIT_VileCheck_
0b66:1fda      A_VileChase_
0b66:221c      A_VileStart_
0b66:2226      A_StartFire_
0b66:2238      A_FireCrackle_
0b66:224a      A_Fire_
0b66:233e      A_VileTarget_
0b66:23f0+     GetVileMomz_
0b66:2434      A_VileAttack_
0b66:2542      A_FatRaise_
0b66:2554      A_FatAttack1_
0b66:260c      A_FatAttack2_
0b66:26ba      A_FatAttack3_
0b66:2792      A_SkullAttack_
0b66:28ae+     A_PainShootSkull_
0b66:2a06      A_PainAttack_
0b66:2a28      A_PainDie_
0b66:2a62      A_Scream_
0b66:2af2      A_XScream_
0b66:2afc      A_Pain_
0b66:2b26      A_Fall_
0b66:2b2e      A_Explode_
0b66:2b4c      A_BossDeath_
0b66:2cc2      A_Hoof_
0b66:2cd4      A_Metal_
0b66:2ce6      A_BabyMetal_
0b66:2cf8      A_BrainAwake_
0b66:2d54      A_BrainPain_
0b66:2d60      A_BrainScream_
0b66:2e0a      A_BrainExplode_
0b66:2e86      A_BrainSpit_
0b66:2f50      A_SpawnSound_
0b66:2f62      A_SpawnFly_
0b66:3098      A_PlayerScream_
Module: p_floor.obj(C:\REALDOOM\p_floor.c)
0b66:30d0      T_MovePlane_
0b66:32de      T_MoveFloor_
0b66:33ca      EV_DoFloor_
0b66:3758      EV_BuildStairs_
Module: p_inter.obj(C:\REALDOOM\p_inter.c)
0b66:38f8+     P_GiveAmmo_
0b66:39fc+     P_GiveWeapon_
0b66:3a44+     P_GiveBody_
0b66:3a76+     P_GiveArmor_
0b66:3a90+     P_GiveCard_
0b66:3aaa      P_GivePower_
0b66:3b6a      P_TouchSpecialThing_
0b66:3ffc+     P_KillMobj_
0b66:4164+     getMassThrust_
0b66:41d2      P_DamageMobj_
Module: p_lights.obj(C:\REALDOOM\p_lights.c)
0b66:4500      T_FireFlicker_
0b66:4560      P_SpawnFireFlicker_
0b66:45b2      T_LightFlash_
0b66:45f2      P_SpawnLightFlash_
0b66:4660      T_StrobeFlash_
0b66:469e      P_SpawnStrobeFlash_
0b66:4722      EV_StartLightStrobing_
0b66:475a      EV_LightChange_
0b66:482c      T_Glow_
0b66:488a      P_SpawnGlowingLight_
Module: p_map.obj(C:\REALDOOM\p_map.c)
0b66:48f0+     R_GetAttackRangeMult_
0b66:4950      R_PointInSubsector_
0b66:4996+     PIT_StompThing_
0b66:4a28+     DoBlockmapLoop_
0b66:4aac      P_TeleportMove_
0b66:4bf6+     PIT_CheckLine_
0b66:4d74+     PIT_CheckThing_
0b66:4ff0      P_CheckPosition_
0b66:51f2      P_TryMove_
0b66:5406+     P_ThingHeightClip_
0b66:54e0+     P_HitSlideLine_
0b66:5644+     PTR_SlideTraverse_
0b66:579a      P_SlideMove_
0b66:5b6c+     PTR_AimTraverse_
0b66:5e04+     PTR_ShootTraverse_
0b66:62b4      P_AimLineAttack_
0b66:64dc      P_LineAttack_
0b66:66ee+     PTR_UseTraverse_
0b66:67c6      P_UseLines_
0b66:686e+     PIT_RadiusAttack_
0b66:6942      P_RadiusAttack_
0b66:69b8+     PIT_ChangeSector_
0b66:6aa6      P_ChangeSector_
Module: p_maputl.obj(C:\REALDOOM\p_maputl.c)
0b66:6af0      P_AproxDistance_
0b66:6b3c      P_PointOnLineSide_
0b66:6be6      P_BoxOnLineSide_
0b66:6d16+     P_PointOnDivlineSide_
0b66:6e14+     P_InterceptVector_
0b66:6eae      P_LineOpening_
0b66:6f10      P_UnsetThingPosition_
0b66:7016      P_SetThingPosition_
0b66:7110      P_BlockLinesIterator_
0b66:718a      P_BlockThingsIterator_
0b66:71e0+     PIT_AddLineIntercepts_
0b66:735a+     PIT_AddThingIntercepts_
0b66:744c+     P_TraverseIntercepts_
0b66:74d4      P_PathTraverse_
Module: p_math.obj(p_math.ASM)
0b66:7724      R_PointOnSide_
Module: p_plats.obj(C:\REALDOOM\p_plats.c)
0b66:7808      T_PlatRaise_
0b66:794e      EV_DoPlat_
0b66:7b80      EV_PlatFunc_
0b66:7bfe+     P_AddActivePlat_
0b66:7c26+     P_RemoveActivePlat_
Module: p_pspr.obj(C:\REALDOOM\p_pspr.c)
0b66:7c70      P_BringUpWeapon_
0b66:7d96      P_DropWeapon_
0b66:7dac+     A_WeaponReady_
0b66:7e9c+     A_ReFire_
0b66:7eb6+     P_FireWeapon_
0b66:7eca+     P_CheckAmmo_
0b66:7eca*     A_CheckReload_
0b66:7f2a+     A_Lower_
0b66:7f70+     A_Raise_
0b66:7fae+     A_GunFlash_
0b66:7fd4+     A_Punch_
0b66:80ac+     A_Saw_
0b66:81f2+     A_FireMissile_
0b66:8210+     A_FireBFG_
0b66:8230+     A_FirePlasma_
0b66:8270+     P_BulletSlope_
0b66:82f0+     P_GunShot_
0b66:8354+     A_FirePistol_
0b66:83b2+     A_FireShotgun_
0b66:840c+     A_FireShotgun2_
0b66:84d6+     A_FireCGun_
0b66:855a*     A_Light0_
0b66:8560*     A_Light1_
0b66:8566*     A_Light2_
0b66:856c*     A_OpenShotgun2_
0b66:857e*     A_LoadShotgun2_
0b66:8590+     A_CloseShotgun2_
0b66:85aa      A_BFGSpray_
0b66:865c*     A_BFGsound_
0b66:866e      P_MovePsprites_
0b66:86f4+     P_SetPsprite_
Module: p_spec.obj(C:\REALDOOM\p_spec.c)
0b66:8820      twoSided_
0b66:884c+     getNextSectorList_
0b66:88b8      P_FindHighestOrLowestFloorSurrounding_
0b66:8968      P_FindNextHighestFloor_
0b66:8a3a      P_FindLowestOrHighestCeilingSurrounding_
0b66:8b00      P_FindSectorsFromLineTag_
0b66:8b70      P_FindMinSurroundingLight_
0b66:8d22      P_CrossSpecialLine_
0b66:9318      P_ShootSpecialLine_
0b66:9404      P_PlayerInSpecialSector_
0b66:951e      P_UpdateSpecials_
0b66:96aa      EV_DoDonut_
0b66:98c2      P_SpawnSpecials_
Module: p_switch.obj(C:\REALDOOM\p_switch.c)
0b66:9a20+     P_StartButton_
0b66:9a98      P_ChangeSwitchTexture_
0b66:9d18      P_UseSpecialLine_
Module: p_mobj.obj(C:\REALDOOM\p_mobj.c)
0b66:a530      P_Random_
0b66:a54c+     P_SetupPsprites_
0b66:a570+     P_SpawnPlayer_
0b66:a630      P_SpawnMapThing_
0b66:a7de+     P_ExplodeMissile_
0b66:a88a+     P_XYMovement_
0b66:ac74+     P_ZMovement_
0b66:af88+     P_NightmareRespawn_
0b66:b110      P_MobjThinker_
0b66:b216      P_SpawnMobj_
0b66:b3d0      P_RemoveMobj_
0b66:b3fe      P_SpawnPuff_
0b66:b4be      P_SpawnBlood_
0b66:b598+     P_CheckMissileSpawn_
0b66:b63c      P_SpawnMissile_
0b66:b856      P_SpawnPlayerMissile_
0b66:ba74      P_SetMobjState_
Module: p_telept.obj(C:\REALDOOM\p_telept.c)
0b66:bd40      EV_Teleport_
Module: p_tick.obj(C:\REALDOOM\p_tick.c)
0b66:bf70+     P_GetNextThinkerRef_
0b66:bfa8      P_CreateThinker_
0b66:bfda      P_UpdateThinkerFunc_
0b66:bfee      P_RemoveThinker_
0b66:c002+     P_RunThinkers_
0b66:c13a      P_Ticker_
Module: p_user.obj(C:\REALDOOM\p_user.c)
0b66:c180+     P_Thrust_
0b66:c1fa+     P_CalcHeight_
0b66:c3fc+     P_MovePlayer_
0b66:c4f2+     P_DeathThink_
0b66:c64a      P_PlayerThink_
Module: r_bsp.obj(C:\REALDOOM\r_bsp.c)
17eb:0000+     R_ClipSolidWallSegment_
17eb:0118+     R_ClipPassWallSegment_
17eb:017a      R_ClearClipSegs_
17eb:019e      R_AddLine_
17eb:0422+     R_CheckBBox_
17eb:0634+     R_DrawPSprite_
17eb:085e      R_PrepareMaskedPSprites_
17eb:08f4+     R_ProjectSprite_
17eb:0cd0      R_AddSprites_
17eb:0d3a      R_RenderBSPNode_
Module: r_data.obj(C:\REALDOOM\r_data.c)
17eb:0e50+     R_MarkL1SpriteCacheLRU_
17eb:0eac+     R_MarkL1SpriteCacheLRU3_
17eb:0ecc+     R_MarkL1TextureCacheLRU_
17eb:1008+     R_MarkL1TextureCacheLRU7_
17eb:1048+     R_MarkL2CompositeTextureCacheLRU_
17eb:1170+     R_MarkL2SpriteCacheLRU_
17eb:1298+     R_EvictL2CacheEMSPage_
17eb:142a      R_MarkL2FlatCacheLRU_
17eb:14a0      R_EvictFlatCacheEMSPage_
17eb:1528+     R_DrawColumnInCache_
17eb:15ac+     R_GetNextTextureBlock_
17eb:1776+     R_GetNextSpriteBlock_
17eb:1912+     R_GenerateComposite_
17eb:1b4a+     gettexturepage_
17eb:1d5a+     getspritepage_
17eb:1f3c+     getpatchtexture_
17eb:2010+     getcompositetexture_
17eb:20ac      getspritetexture_
17eb:2122      R_GetColumnSegment_
17eb:2322      R_GetMaskedColumnSegment_
17eb:2522+     R_LoadPatchColumns_
17eb:2614      R_LoadPatchColumnsColormap0_
17eb:272c+     R_LoadSpriteColumns_
Module: r_math.obj(r_math.ASM)
17eb:292a      R_PointToAngle_
Module: r_mainhi.obj(r_mainhi.ASM)
17eb:2bd4      R_PointOnSegSide_
17eb:2e56      R_Subsector_
17eb:2b54      R_PointToDist_
17eb:2c9f      R_ClearPlanes_
17eb:2d22*     R_HandleEMSPagination_
17eb:2dd4*     R_FindPlane_
17eb:2f51      R_CheckPlane_
17eb:2ab2      R_ScaleFromGlobalAngle_
Module: r_column.obj(r_column.ASM)
17eb:301e      R_DrawColumn_
17eb:3b55      R_DrawColumnPrep_
Module: r_span.obj(r_span.ASM)
17eb:3bbe      R_DrawSpan_
17eb:434c*     R_FixedMulLocal_
17eb:4260*     R_DrawSpanPrep_
17eb:450e      R_DrawPlanes_
17eb:4388      R_MapPlane_
17eb:42fd*     R_FixedMulTrigLocal_
Module: r_sky.obj(r_sky.ASM)
17eb:47ec      R_DrawSkyColumn_
17eb:49b9*     R_DrawSkyColumnDynamic_
17eb:4e40      R_DrawSkyPlane_
17eb:4dcc      R_DrawSkyPlaneDynamic_
Module: r_draw.obj(C:\REALDOOM\r_draw.c)
17eb:4ec0      R_FillBackScreen_
17eb:513e      R_VideoErase_
17eb:51c2      R_DrawViewBorder_
Module: r_main.obj(C:\REALDOOM\r_main.c)
17eb:5240      R_PointToAngle16_
17eb:5256      R_PointToAngle2_
17eb:5282      R_PointToAngle2_16_
17eb:52b0      R_SetViewSize_
17eb:52c0+     R_SetupFrame_
17eb:533c      R_RenderPlayerView_
Module: r_segs.obj(C:\REALDOOM\r_segs.c)
17eb:5430      R_RenderMaskedSegRange_
17eb:5978+     R_RenderSegLoop_
17eb:6070+     R_RenderOneSeg_
17eb:64f0      R_StoreWallRange_
Module: r_masked.obj(r_masked.ASM)
17eb:7086      R_DrawFuzzColumn_
17eb:71bd      R_DrawSingleMaskedColumn_
17eb:7237      R_DrawMaskedColumn_
Module: r_things.obj(C:\REALDOOM\r_things.c)
17eb:7330      R_DrawMaskedSpriteShadow_
17eb:74f2+     R_DrawVisSprite_
17eb:77ee+     R_DrawPlayerSprites_
17eb:782e+     R_SortVisSprites_
17eb:7972+     R_DrawSprite_
17eb:7cb6      R_DrawMasked_
Module: w_wad.obj(C:\REALDOOM\w_wad.c)
17eb:7d30      locallib_far_fread_
17eb:7dba      locallib_far_fwrite_
17eb:7e44      W_CheckNumForName_
17eb:7e44      W_GetNumForName_
17eb:7ed4+     W_LumpLength5000_
17eb:7f0e+     W_LumpLength9000_
17eb:7f48      W_LumpLength_
17eb:7f62+     W_ReadLump_
17eb:8028      W_CacheLumpNameDirect_
17eb:803a      W_CacheLumpNumDirect_
17eb:8048      W_CacheLumpNumDirectFragment_
Module: video.obj(video.ASM)
17eb:815e      V_DrawPatchDirect_
17eb:805e      V_DrawPatch_
Module: v_video.obj(C:\REALDOOM\v_video.c)
17eb:8260      V_MarkRect_
17eb:8292      V_CopyRect_
17eb:82e6      V_DrawFullscreenPatch_
Module: z_zone.obj(C:\REALDOOM\z_zone.c)
17eb:8480+     Z_QuickMap_
17eb:84ce      Z_QuickMapPhysics_
17eb:84ea      Z_QuickMapDemo_
17eb:8500      Z_QuickMapRender7000_
17eb:850c      Z_QuickMapRender_
17eb:8528*     Z_QuickMapRender_4000To9000_9000Only_
17eb:853a      Z_QuickMapRender_4000To9000_
17eb:855e*     Z_QuickMapRender_9000To7000_
17eb:856a      Z_QuickMapRender_9000To6000_
17eb:8576      Z_QuickMapRender4000_
17eb:8582      Z_QuickMapRender5000_
17eb:8594*     Z_QuickMapRender9000_
17eb:85a6      Z_QuickMapRenderTexture_
17eb:85b8      Z_QuickMapStatus_
17eb:85dc      Z_QuickMapStatusNoScreen4_
17eb:85f6      Z_QuickMapScratch_5000_
17eb:8608      Z_QuickMapScratch_8000_
17eb:8614      Z_QuickMapScratch_7000_
17eb:8620      Z_QuickMapScratch_4000_
17eb:862c      Z_QuickMapScreen0_
17eb:8638+     Z_QuickMapRenderPlanes9000only_
17eb:8658      Z_QuickMapRenderPlanes_
17eb:867e*     Z_QuickMapRenderPlanesBack_
17eb:8690      Z_QuickMapFlatPage_
17eb:86aa      Z_QuickMapUndoFlatCache_
17eb:86e0      Z_QuickMapMaskedExtraData_
17eb:86ec      Z_QuickMapSpritePage_
17eb:86fe*     Z_QuickMapPhysics5000_
17eb:8710*     Z_QuickMapScreen1_
17eb:8732      Z_QuickMapLumpInfo_
17eb:8774      Z_UnmapLumpInfo_
17eb:87e6      Z_QuickMapLumpInfo5000_
17eb:882c      Z_UnmapLumpInfo5000_
17eb:888a      Z_QuickMapPalette_
17eb:889c      Z_QuickMapMenu_
17eb:88ae      Z_QuickMapIntermission_
17eb:88c4      Z_QuickMapWipe_
17eb:88f6      Z_QuickMapByTaskNum_
17eb:8948      Z_QuickMapVisplanePage_
17eb:89ac      Z_QuickMapVisplaneRevert_
17eb:89ca      Z_QuickMapUnmapAll_
Module: p_setup.obj(C:\REALDOOM\p_setup.c)
208c:0000      P_SetupLevel_
208c:014e+     P_LoadVertexes_
208c:019e+     P_LoadSegs_
208c:0376+     P_LoadSubsectors_
208c:0408+     P_LoadSectors_
208c:058e+     P_LoadNodes_
208c:067a+     P_LoadThings_
208c:075a+     P_LoadLineDefs_
208c:09c2+     P_LoadSideDefs_
208c:0b3a+     P_LoadBlockMap_
208c:0b9a+     P_GroupLines_
208c:0dda+     P_InitThinkers_
208c:0e04+     Z_FreeConventionalAllocations_
208c:106e*     PSetupEndFunc_
Module: p_sight.obj(C:\REALDOOM\p_sight.c)
208c:1090      P_CheckSight_
208c:11f8+     P_DivlineSide_
208c:12d6+     P_DivlineSide16_
208c:138e+     P_DivlineSideNode_
208c:146e+     P_InterceptVector2_
208c:150a+     P_CrossSubsector_
208c:1786+     P_CrossBSPNode_
Module: C:\WATCOM2\lib286\dos\clibm.lib(fopen.c)
208c:1830+     __open_flags_
208c:19de+     _fsopen_
208c:1a23      fopen_
208c:1a87*     freopen_
Module: C:\WATCOM2\lib286\dos\clibm.lib(fgetc.c)
208c:1acb      __fill_buffer_
208c:1b89      fgetc_
Module: C:\WATCOM2\lib286\dos\clibm.lib(fclose.c)
208c:1c0d      __doclose_
208c:1ca3      __shutdown_stream_
208c:1cb7      fclose_
2591:26e8+     ___RmTmpFileFn
Module: C:\WATCOM2\lib286\dos\clibm.lib(intx086.c)
208c:1cda+     int86x_
208c:1d7c      int86_
Module: C:\WATCOM2\lib286\dos\clibm.lib(atoi.c)
208c:1d9d      atoi_
Module: C:\WATCOM2\lib286\dos\clibm.lib(fseek.c)
208c:1e42      fseek_
Module: C:\WATCOM2\lib286\dos\clibm.lib(fread.c)
208c:1f60      fread_
Module: C:\WATCOM2\lib286\dos\clibm.lib(accss.c)
208c:2107      access_
Module: C:\WATCOM2\lib286\dos\clibm.lib(iob.c)
2591:174e      ___iob
2591:26ec      ___OpenStreams
2591:26ee      ___ClosedStreams
Module: C:\WATCOM2\lib286\dos\clibm.lib(setbuf.c)
208c:213d      setbuf_
Module: C:\WATCOM2\lib286\dos\clibm.lib(exit.c)
208c:2154+     __null_int23_exit_
208c:2155      exit_
208c:2175*     _exit_
2591:1866+     ___int23_exit
2591:186a+     ___FPE_handler_exit
Module: C:\WATCOM2\lib286\dos\clibm.lib(cmodel.asm)
208c:2184      _big_code_
208c:2184*     CodeModelMismatch
Module: C:\WATCOM2\lib286\dos\clibm.lib(d_getvec.c)
208c:2184      _dos_getvect_
Module: C:\WATCOM2\lib286\dos\clibm.lib(d_setvec.c)
208c:218f      _dos_setvect_
Module: C:\WATCOM2\lib286\dos\clibm.lib(fputc.c)
208c:219c      fputc_
Module: C:\WATCOM2\lib286\dos\clibm.lib(fwrite.c)
208c:224d      fwrite_
Module: C:\WATCOM2\lib286\dos\clibm.lib(printf.c)
208c:2406      printf_
Module: C:\WATCOM2\lib286\dos\clibm.lib(fprintf.c)
208c:241d      fprintf_
Module: C:\WATCOM2\lib286\dos\clibm.lib(cstart)
2591:0000*     __nullarea
2591:186e*     __ovlflag
2591:186f*     __intno
2591:1870*     __ovlvec
208c:2434      _cstart_
208c:25e5      __exit_
208c:2602      __do_exit_with_msg_
208c:26e1      __GETDS
Module: C:\WATCOM2\lib286\dos\clibm.lib(argcv.c)
2591:26f0      __argc
2591:26f2      __argv
2591:26f4      ___argc
2591:26f6      ___argv
Module: C:\WATCOM2\lib286\dos\clibm.lib(chainint)
208c:26ec      _chain_intr_
Module: C:\WATCOM2\lib286\dos\clibm.lib(i4d.asm)
208c:270c      __I4D
208c:275b*     __U4D
Module: C:\WATCOM2\lib286\dos\clibm.lib(memmove.c)
208c:27df      memmove_
Module: C:\WATCOM2\lib286\dos\clibm.lib(comtflag.c)
208c:282a*     __set_commode_
2591:1874      __commode
Module: C:\WATCOM2\lib286\dos\clibm.lib(errno.c)
208c:2831      __get_errno_ptr_
2591:26f8+     _errno
Module: C:\WATCOM2\lib286\dos\clibm.lib(textmode.c)
2591:1876      __fmode
Module: C:\WATCOM2\lib286\dos\clibm.lib(tolower.c)
208c:2835      tolower_
Module: C:\WATCOM2\lib286\dos\clibm.lib(open.c)
208c:2a0d*     open_
208c:2a2d      _sopen_
Module: C:\WATCOM2\lib286\dos\clibm.lib(chktty.c)
208c:2a47      __chktty_
Module: C:\WATCOM2\lib286\dos\clibm.lib(freefp.c)
208c:2a6e      __freefp_
208c:2a92      __purgefp_
Module: C:\WATCOM2\lib286\dos\clibm.lib(allocfp.c)
208c:2aab      __allocfp_
Module: C:\WATCOM2\lib286\dos\clibm.lib(flushall.c)
208c:2b3d      __flushall_
208c:2b70*     flushall_
Module: C:\WATCOM2\lib286\dos\clibm.lib(gtche.c)
208c:2b75      getche_
Module: C:\WATCOM2\lib286\dos\clibm.lib(ioalloc.c)
208c:2b8a      __ioalloc_
Module: C:\WATCOM2\lib286\dos\clibm.lib(qread.c)
208c:2bfa      __qread_
Module: C:\WATCOM2\lib286\dos\clibm.lib(__lseek.c)
208c:2c12      __lseek_
Module: C:\WATCOM2\lib286\dos\clibm.lib(_clse.c)
208c:2c4c      __close_
Module: C:\WATCOM2\lib286\dos\clibm.lib(nfree.c)
208c:2c82      _nfree_
208c:2c82      free_
2591:26fa+     ___MiniHeapFreeRover
Module: C:\WATCOM2\lib286\dos\clibm.lib(flush.c)
208c:2d47      __flush_
Module: C:\WATCOM2\lib286\dos\clibm.lib(dointr)
208c:2e3c      _DoINTR_
Module: C:\WATCOM2\lib286\dos\clibm.lib(segread.c)
208c:31b1      segread_
Module: C:\WATCOM2\lib286\dos\clibm.lib(istable.c)
2591:0c56      __IsTable
Module: C:\WATCOM2\lib286\dos\clibm.lib(lseek.c)
208c:31c9      lseek_
Module: C:\WATCOM2\lib286\dos\clibm.lib(tell.c)
208c:31fa      _tell_
Module: C:\WATCOM2\lib286\dos\clibm.lib(gfattdos.c)
208c:320b      _dos_getfileattr_
Module: C:\WATCOM2\lib286\dos\clibm.lib(dosret.c)
208c:3222      __set_errno_dos_
208c:3286*     __set_errno_dos_reterr_
Module: C:\WATCOM2\lib286\dos\clibm.lib(initfile.c)
208c:3291      __InitFiles_
Module: C:\WATCOM2\lib286\dos\clibm.lib(ioexit.c)
208c:3371*     fcloseall_
208c:3378      __full_io_exit_
Module: C:\WATCOM2\lib286\dos\clibm.lib(setvbuf.c)
208c:3382      setvbuf_
Module: C:\WATCOM2\lib286\dos\clibm.lib(initrtns.c)
208c:340d      __InitRtns
208c:340d*     __FInitRtns
208c:3464      __FiniRtns
208c:3464*     __FFiniRtns
Module: C:\WATCOM2\lib286\dos\clibm.lib(qwrit.c)
208c:34c2      __qwrite_
Module: C:\WATCOM2\lib286\dos\clibm.lib(fprtf.c)
208c:3534      __fprtf_
Module: C:\WATCOM2\lib286\dos\clibm.lib(xmsg.c)
208c:35cf*     __exit_with_msg_
208c:35d4      __fatal_runtime_error_
Module: C:\WATCOM2\lib286\dos\clibm.lib(cmain086.c)
208c:35ee      __CMain
Module: C:\WATCOM2\lib286\dos\clibm.lib(crwdata)
2591:188c      __curbrk
2591:1894      __STACKLOW
2591:1896      __STACKTOP
2591:1898      __cbyte
2591:189a      __child
2591:189c      __no87
2591:18a9      ___FPE_handler
2591:188e      __psp
2591:189d      __get_ovl_stack
2591:18a1      __restore_ovl_stack
2591:18a5      __close_ovl_file
2591:18ad      __LpCmdLine
2591:18b1      __LpPgmName
2591:1890      __osmajor
2591:1891      __osminor
2591:1892      __osmode
2591:1893      __HShift
Module: C:\WATCOM2\lib286\dos\clibm.lib(uselfn.c)
2591:18b6      ___uselfn
Module: C:\WATCOM2\lib286\dos\clibm.lib(dosseg)
208c:3604      __DOSseg__
Module: C:\WATCOM2\lib286\dos\clibm.lib(initargv.c)
208c:376c      __Init_Argv_
208c:37a3      __Fini_Argv_
Module: C:\WATCOM2\lib286\dos\clibm.lib(opendos.c)
208c:37b9      _dos_open_
Module: C:\WATCOM2\lib286\dos\clibm.lib(iomode.c)
208c:37cf      __GetIOMode_
208c:37e6      __SetIOMode_nogrow_
2591:18b8      ___NFiles
2591:18ba      ___init_mode
2591:18e2      ___io_mode
Module: C:\WATCOM2\lib286\dos\clibm.lib(isatt.c)
208c:37fb      isatty_
Module: C:\WATCOM2\lib286\dos\clibm.lib(doserrno.c)
208c:3817      __get_doserrno_ptr_
2591:26fe+     __doserrno
Module: C:\WATCOM2\lib286\dos\clibm.lib(umaskval.c)
2591:18e4      ___umaskval
Module: C:\WATCOM2\lib286\dos\clibm.lib(creatdos.c)
208c:381b      _dos_creat_
208c:382f*     _dos_creatnew_
Module: C:\WATCOM2\lib286\dos\clibm.lib(stiomode.c)
208c:3843+     __grow_iomode_
208c:38d0+     __shrink_iomode_
208c:38eb      __SetIOMode_
Module: C:\WATCOM2\lib286\dos\clibm.lib(nmalloc.c)
208c:393f      _nmalloc_
208c:393f      malloc_
2591:18e6      ___nheapbeg
2591:18e8      ___MiniHeapRover
2591:18ea      ___LargestSizeB4MiniHeapRover
Module: C:\WATCOM2\lib286\dos\clibm.lib(mem.c)
208c:3a00      __MemAllocator
208c:3ac8      __MemFree
Module: C:\WATCOM2\lib286\dos\clibm.lib(fsync.c)
208c:3c42      fsync_
Module: C:\WATCOM2\lib286\dos\clibm.lib(error086.asm)
208c:3c48      __doserror_
208c:3c56*     __doserror1_
Module: C:\WATCOM2\lib286\dos\clibm.lib(sgdef086)
2591:18fe      __Start_XI
2591:1910      __End_XI
2591:1910      __Start_YI
2591:1922      __End_YI
Module: C:\WATCOM2\lib286\dos\clibm.lib(prtf.c)
208c:45b6      __prtf_
Module: C:\WATCOM2\lib286\dos\clibm.lib(enterdb.c)
208c:47bf      __EnterWVIDEO_
2591:18ec+     __WD_Present
Module: C:\WATCOM2\lib286\dos\clibm.lib(___argc.c)
2591:2702      ____Argv
2591:2704      ____Argc
Module: C:\WATCOM2\lib286\dos\clibm.lib(histsplt.c)
2591:2706      ___historical_splitparms
Module: C:\WATCOM2\lib286\dos\clibm.lib(nrealloc.c)
208c:47db*     _nrealloc_
208c:47db      realloc_
Module: C:\WATCOM2\lib286\dos\clibm.lib(iomodtty.c)
208c:4855      __ChkTTYIOMode_
208c:4889*     __IOMode_
Module: C:\WATCOM2\lib286\dos\clibm.lib(nmemneed.c)
208c:4899      __nmemneed_
Module: C:\WATCOM2\lib286\dos\clibm.lib(grownear.c)
208c:4902+     __LastFree_
208c:496a      __ExpandDGROUP_
Module: C:\WATCOM2\lib286\dos\clibm.lib(filedos.c)
208c:4a42*     _dos_close_
208c:4a50      _dos_commit_
Module: C:\WATCOM2\lib286\dos\clibm.lib(wctomb.c)
208c:4a5f      wctomb_
Module: C:\WATCOM2\lib286\dos\clibm.lib(itoa.c)
208c:4a7c+     utoa_
208c:4ac1      itoa_
Module: C:\WATCOM2\lib286\dos\clibm.lib(i4m.asm)
208c:4ade*     __I4M
208c:4ade      __U4M
Module: C:\WATCOM2\lib286\dos\clibm.lib(noefgfmt.c)
2591:18ee      ___EFG_printf
2591:18f2*     ___EFG_scanf
Module: C:\WATCOM2\lib286\dos\clibm.lib(lltoa.c)
208c:4b05      ulltoa_
208c:4bc9*     lltoa_
Module: C:\WATCOM2\lib286\dos\clibm.lib(strupr.c)
208c:4c1d      _strupr_
Module: C:\WATCOM2\lib286\dos\clibm.lib(ltoa.c)
208c:4c3d      ultoa_
208c:4c90*     ltoa_
Module: C:\WATCOM2\lib286\dos\clibm.lib(mbisdbcs.c)
2591:18f6      ___IsDBCS
Module: C:\WATCOM2\lib286\dos\clibm.lib(mbislead.c)
208c:4cb1*     _ismbblead_
2591:2708      ___MBCSIsTable
Module: C:\WATCOM2\lib286\dos\clibm.lib(nmsize.c)
208c:4cc8*     _msize_
208c:4cc8      _nmsize_
Module: C:\WATCOM2\lib286\dos\clibm.lib(nexpand.c)
208c:4cd7      _nexpand_
208c:4cd7*     _expand_
Module: C:\WATCOM2\lib286\dos\clibm.lib(amblksiz.c)
2591:18f8      __amblksiz
Module: C:\WATCOM2\lib286\dos\clibm.lib(heapen.c)
208c:4d26*     _heapenable_
2591:18fa      ___heap_enabled
Module: C:\WATCOM2\lib286\dos\clibm.lib(sbrk.c)
208c:4d32      __brk_
208c:4d88*     sbrk_
Module: C:\WATCOM2\lib286\dos\clibm.lib(alphabet.c)
2591:0d58      ___Alphabet
Module: C:\WATCOM2\lib286\dos\clibm.lib(mbinit.c)
208c:4deb      __mbinit_
2591:18fc+     ___MBCodePage
Module: C:\WATCOM2\lib286\dos\clibm.lib(_expand.c)
208c:4e56      __HeapManager_expand_
Module: C:\WATCOM2\lib286\dos\clibm.lib(getltdos.c)
208c:4fe7      dos_get_dbcs_lead_table_
Module: C:\WATCOM2\lib286\dos\clibm.lib(getcpdos.c)
208c:5010      dos_get_code_page_
Module: C:\WATCOM2\lib286\dos\clibm.lib(bfree.c)
208c:5020      _bfree_


                        +--------------------+
                        |   Libraries Used   |
                        +--------------------+

C:\WATCOM2\lib286\dos\clibm.lib


                        +-----------------------+
                        |   Linker Statistics   |
                        +-----------------------+

Stack size:  1000 (4096.)
Memory size:  00029120 (168224.)
Entry point address: 208c:2434
Link time: 00:00.74
