Open Watcom Linker Version 2.0 beta Sep  3 2024 02:05:05 (32-bit)
Copyright (c) 2002-2024 The Open Watcom Contributors. All Rights Reserved.
Portions Copyright (c) 1985-2002 Sybase, Inc. All Rights Reserved.
Created on:       25/06/14 16:32:09
Executable Image: codegen.exe
creating a DOS executable


                        +------------+
                        |   Groups   |
                        +------------+

Group                           Address              Size
=====                           =======              ====

DGROUP                          02d1:0000            0000be00



                        +--------------+
                        |   Segments   |
                        +--------------+

Segment                Class          Group          Address         Size
=======                =====          =====          =======         ====

m_near_TEXT            CODE           AUTO           0000:0000       00000000
codegen_TEXT           CODE           AUTO           0000:0000       000000a5
_TEXT                  CODE           AUTO           0000:00b0       00002c56
FAR_DATA               FAR_DATA       AUTO           02d0:0006       00000000
_NULL                  BEGDATA        DGROUP         02d1:0000       00000020
_AFTERNULL             BEGDATA        DGROUP         02d3:0000       00000002
CONST                  DATA           DGROUP         02d3:0002       00007a72
CONST2                 DATA           DGROUP         0a7a:0004       00000025
_DATA                  DATA           DGROUP         0a7d:0000       00002c48
XIB                    DATA           DGROUP         0d41:0008       00000000
XI                     DATA           DGROUP         0d41:0008       00000012
XIE                    DATA           DGROUP         0d42:000a       00000000
YIB                    DATA           DGROUP         0d42:000a       00000000
YI                     DATA           DGROUP         0d42:000a       00000012
YIE                    DATA           DGROUP         0d43:000c       00000000
DATA                   DATA           DGROUP         0d43:000c       00000000
_BSS                   BSS            DGROUP         0d44:0000       00000ac7
STACK                  STACK          DGROUP         0df1:0000       00000c00


                        +----------------+
                        |   Memory Map   |
                        +----------------+

* = unreferenced symbol
+ = symbol only referenced locally

Address        Symbol
=======        ======

Module: m_near.obj(C:\REALDOOM\m_near.c)
02d1:a730*     _sb_voicelist
02d1:a770*     _musdriverstartposition
02d1:a780*     _codestartposition
02d1:a798*     _savename
02d1:a7a8*     _channels
02d1:a7d8*     _anims
02d1:a898*     _solidsegs
02d1:a918*     _wadfiles
02d1:a920*     _switchlist
02d1:a9e8*     _saveOldString
02d1:aa00*     _w_ammo
02d1:aa28*     _w_keyboxes
02d1:aa40*     _w_maxammo
02d1:aa68*     _w_faces
02d1:aa70*     _w_arms
02d1:aaa0*     _arms
02d1:aab8*     _w_armsbg
02d1:aac0*     _am_l
02d1:aac8*     _am_fl
02d1:aad0*     _am_lc
02d1:aad8*     _am_ml
02d1:aae0*     _markpoints
02d1:ab08*     _deadAttackerY
02d1:ab0c*     _deadAttackerX
02d1:ab10*     _currentpageframes
02d1:ab14*     _levelTimeCount
02d1:ab18*     _filetolumpsize
02d1:ab24*     _buttonlist
02d1:ab48*     _bulletslope
02d1:ab4c*     _activeplats
02d1:ab88*     _setStateReturn_pos
02d1:ab8c*     _TaskServiceCount
02d1:ab90*     _OldInt8
02d1:ab94*     _w_armor
02d1:aba0*     _st_stuff_buf
02d1:abd4*     _w_health
02d1:abe0*     _keys
02d1:abec*     _shortnum
02d1:ac00*     _tallnum
02d1:ac14*     _faces
02d1:ac68+     _mousearray
02d1:ac6c*     _gametic
02d1:ac70*     _playerMobj_pos
02d1:ac74*     _starttime
02d1:ac78*     _maketic
02d1:ac7c*     _gametime
02d1:ac80*     _p_init_sprtemp
02d1:ac84*     _am_buffer
02d1:ac98*     _am_max_scale_mtof
02d1:ac9c*     _am_scale_mtof
02d1:aca0*     _am_scale_ftom
02d1:aca4*     _screen_oldloc
02d1:aca8*     _m_paninc
02d1:acac*     _hu_font
02d1:ad2a*     _keyboxes
02d1:ad30*     _w_ready
02d1:ad3a*     _pcspeaker_endoffset
02d1:ad3c*     _pcspeaker_currentoffset
02d1:ad3e*     _spritewidths_segment
02d1:ad40*     _numlinespecials
02d1:ad42*     _emshandle
02d1:ad44*     _lastanim
02d1:ad46*     _pagenum9000
02d1:ad48*     _numlumps
02d1:ad4a*     _newend
02d1:ad4c*     _setStateReturn
02d1:ad4e*     _numswitches
02d1:ad50*     _oldentertics
02d1:ad52*     _currentThinkerListHead
02d1:ad54*     _armsbgarray
02d1:ad56*     _whichSkull
02d1:ad58*     _currentMenu
02d1:ad5a*     _skullAnimCounter
02d1:ad5c*     _messageLastMenuActive
02d1:ad5e*     _saveStringEnter
02d1:ad60*     _itemOn
02d1:ad62*     _saveCharIndex
02d1:ad64*     _messageRoutine
02d1:ad66*     _saveSlot
02d1:ad68*     _st_calc_lastcalc
02d1:ad6a*     _armsbg
02d1:ad6c*     _faceback
02d1:ad6e*     _sbar
02d1:ad70*     _tallpercent
02d1:ad72*     _dclicks
02d1:ad74*     _dclicktime
02d1:ad76*     _dclickstate
02d1:ad78*     _dclicktime2
02d1:ad7a*     _defdemoname
02d1:ad7c*     _myargc
02d1:ad7e*     _myargv
02d1:ad80*     _dclickstate2
02d1:ad82*     _dclicks2
02d1:ad84*     _mousex
02d1:ad86*     _demo_p
02d1:ad88*     _totalkills
02d1:ad8a*     _totalitems
02d1:ad8c*     _totalsecret
02d1:ad8e*     _playerMobj
02d1:ad90*     _playerMobjRef
02d1:ad92*     _p_init_maxframe
02d1:ad94*     _am_min_level_x
02d1:ad96*     _am_min_level_y
02d1:ad98*     _screen_viewport_height
02d1:ad9a*     _screen_viewport_width
02d1:ad9c*     _am_min_scale_mtof
02d1:ad9e*     _old_screen_viewport_width
02d1:ada0*     _old_screen_botleft_x
02d1:ada2*     _old_screen_botleft_y
02d1:ada4*     _am_max_level_y
02d1:ada6*     _am_max_level_x
02d1:ada8*     _old_screen_viewport_height
02d1:adaa*     _skytexture
02d1:adac*     _screen_topright_y
02d1:adae*     _numpatches
02d1:adb0*     _pspritescale
02d1:adb2*     _screen_topright_x
02d1:adb4*     _screen_botleft_x
02d1:adb6*     _screen_botleft_y
02d1:adb8*     _numtextures
02d1:adba*     _ftom_zoommul
02d1:adbc*     _numspritelumps
02d1:adbe*     _mtof_zoommul
02d1:adc0*     _numflats
02d1:adc2*     _scaledviewwidth
02d1:adc4*     _viewwindowoffset
02d1:adc6*     _r_cachedplayerMobjsecnum
02d1:adc8*     _viewwindowx
02d1:adca*     _viewwindowy
02d1:adcc*     _pendingdetail
02d1:adce*     _snd_Mport
02d1:add0*     _pagename
02d1:add2*     _pagetic
02d1:add4*     _snd_SBport
02d1:add6*     _w_title
02d1:ae2f*     _w_message
02d1:af98*     _menu_messageString
02d1:b001*     _oldweaponsowned
02d1:b00a*     _player
02d1:b06d*     _wminfo
02d1:b082*     _useDeadAttackerRef
02d1:b083*     _mus_paused
02d1:b084*     _levelTimer
02d1:b085*     _onground
02d1:b086*     _TS_TimesInInterrupt
02d1:b087*     _menu_epi
02d1:b088*     _messageNeedsInput
02d1:b089*     _message_on
02d1:b08a*     _message_dontfuckwithme
02d1:b08b*     _message_counter
02d1:b08c*     _message_nottobefuckedwith
02d1:b08d*     _messageToPrint
02d1:b08e*     _st_randomnumber
02d1:b08f*     _do_st_refresh
02d1:b090*     _st_statusbaron
02d1:b091*     _updatedthisframe
02d1:b092*     _st_gamestate
02d1:b093*     _d_episode
02d1:b094*     _secretexit
02d1:b095*     _d_skill
02d1:b096*     _d_map
02d1:b097*     _st_firsttime
02d1:b098*     _savegameslot
02d1:b099*     _usemouse
02d1:b09a*     _mousebforward
02d1:b09b*     _key_speed
02d1:b09c*     _mousebfire
02d1:b09d*     _key_fire
02d1:b09e*     _key_strafe
02d1:b09f*     _turnheld
02d1:b0a0*     _key_straferight
02d1:b0a1*     _key_up
02d1:b0a2*     _mousebstrafe
02d1:b0a3*     _key_down
02d1:b0a4*     _key_use
02d1:b0a5*     _key_strafeleft
02d1:b0a6*     _key_left
02d1:b0a7*     _demoplayback
02d1:b0a8*     _demorecording
02d1:b0a9*     _singledemo
02d1:b0aa*     _netdemo
02d1:b0ab*     _key_right
02d1:b0ac*     _paused
02d1:b0ad*     _borderdrawcount
02d1:b0ae*     _timingdemo
02d1:b0af*     _sendsave
02d1:b0b0*     _numChannels
02d1:b0b1*     _gameskill
02d1:b0b2*     _noblit
02d1:b0b3*     _respawnmonsters
02d1:b0b4*     _usegamma
02d1:b0b5*     _sendpause
02d1:b0b6*     _usergame
02d1:b0b7*     _mousepresent
02d1:b0b8*     _novideo
02d1:b0b9*     _setsizeneeded
02d1:b0ba*     _setblocks
02d1:b0bb*     _sfxVolume
02d1:b0bc*     _showMessages
02d1:b0bd*     _menuactive
02d1:b0be*     _screenSize
02d1:b0bf*     _inhelpscreens
02d1:b0c0*     _quickSaveSlot
02d1:b0c1*     _detailLevel
02d1:b0c2*     _musicVolume
02d1:b0c3*     _eventtail
02d1:b0c4*     _startmap
02d1:b0c5*     _modifiedgame
02d1:b0c6*     _autostart
02d1:b0c7*     _advancedemo
02d1:b0c8*     _nomonsters
02d1:b0c9*     _mouseSensitivity
02d1:b0ca*     _startskill
02d1:b0cb*     _fastparm
02d1:b0cc*     _eventhead
02d1:b0cd*     _respawnparm
02d1:b0ce*     _startepisode
02d1:7ac0*     _singletics
02d1:7ac1*     _skytextureloaded
02d1:7ac2*     _clipangle
02d1:7ac4*     _fieldofview
02d1:7ac6*     _am_cheating
02d1:7ac7*     _am_grid
02d1:7ac8*     _markpointnum
02d1:7ac9*     _followplayer
02d1:7aca*     _am_stopped
02d1:7acb*     _am_bigstate
02d1:7acc*     _am_lastlevel
02d1:7acd*     _am_lastepisode
02d1:7ace*     _player_arrow
02d1:7b06*     _cheat_player_arrow
02d1:7b86*     _thintriangle_guy
02d1:7ba0*     _R_DrawPlanesCall
02d1:7ba4*     _R_WriteBackViewConstantsSpanCall
02d1:7ba8*     _R_DrawMaskedCall
02d1:7bac*     _wipe_StartScreenCall
02d1:7bb0*     _wipe_WipeLoopCall
02d1:7bb4*     _R_WriteBackMaskedFrameConstantsCall
02d1:7bb8*     _R_WriteBackViewConstantsMaskedCall
02d1:7bbc*     _F_StartFinale
02d1:7bc0*     _F_Ticker
02d1:7bc4*     _F_Drawer
02d1:7bc8*     _F_Responder
02d1:7bcc*     _WI_Start
02d1:7bd0*     _WI_Ticker
02d1:7bd4*     _WI_Drawer
02d1:7bd8*     _P_UnArchivePlayers
02d1:7bdc*     _P_UnArchiveWorld
02d1:7be0*     _P_UnArchiveThinkers
02d1:7be4*     _P_UnArchiveSpecials
02d1:7be8*     _P_ArchivePlayers
02d1:7bec*     _P_ArchiveWorld
02d1:7bf0*     _P_ArchiveThinkers
02d1:7bf4*     _P_ArchiveSpecials
02d1:7bf8*     _S_ActuallyChangeMusic
02d1:7bfc*     _LoadSFXWadLumps
02d1:7c00*     _P_CheckSight
02d1:7c04*     _currentlumpindex
02d1:7c06*     _maskedcount
02d1:7c08*     _currentpostoffset
02d1:7c0a*     _currentpostdataoffset
02d1:7c0c*     _currentpixeloffset
02d1:7c0e*     _grmode
02d1:7c10*     _oldkeyboardisr
02d1:7c14*     _viewactivestate
02d1:7c15*     _menuactivestate
02d1:7c16*     _inhelpscreensstate
02d1:7c17*     _fullscreen
02d1:7c18*     _oldgamestate
02d1:7c19*     _precache
02d1:7c1c*     _forwardmove
02d1:7c24*     _sidemove
02d1:7c2c*     _mousebuttons
02d1:7c2e*     _prndindex
02d1:7c30*     _st_oldhealth
02d1:7c32*     _st_facecount
02d1:7c34*     _st_faceindex
02d1:7c36*     _st_palette
02d1:7c38*     _st_calc_oldhealth
02d1:7c3a*     _st_face_lastattackdown
02d1:7c3b*     _st_face_priority
02d1:7c3c*     _skullName
02d1:7c40*     _detailNames
02d1:7c42*     _msgNames
02d1:7c44*     _HeadTask
02d1:7c46*     _MUSTask
02d1:7c48*     _TS_Installed
02d1:7c49*     _TS_InInterrupt
02d1:7c4a*     _st_stopped
02d1:7c4b*     _weaponinfo
02d1:7cae*     _maxammo
02d1:7cb6*     _clipammo
02d1:7cba*     _opposite
02d1:7cc3*     _diags
02d1:7cc8*     _filetolumpindex
02d1:7cce*     _currentloadedfileindex
02d1:7cd0*     _pageswapargs
02d1:7efc*     _currenttask
02d1:7efd*     _versionstring
02d1:7f09*     _currentoverlay
02d1:7f0a*     _sfx_priority
02d1:7f77*     _FORCE_5000_LUMP_LOAD
02d1:b0cf*     _demosequence
02d1:b0d0*     _snd_SBirq
02d1:b0d1*     _snd_SfxVolume
02d1:b0d2*     _snd_DesiredSfxDevice
02d1:b0d3*     _snd_SBdma
02d1:b0d4*     _snd_DesiredMusicDevice
Module: codegen.obj(C:\REALDOOM\build\tools\codegen\codegen.c)
0000:0000      main_
02d1:7f78+     _CONSTANTS
02d1:914a+     _SEGMENTS
02d1:a31c+     _LOCALS
02d1:a348+     _VALUES
02d1:a374+     _EMS_PAGE_STRINGS
02d1:a466+     _EMS_PAGE_VALUES
Module: C:\WATCOM2\lib286\dos\clibm.lib(fopen.c)
0000:00b0+     __open_flags_
0000:025e+     _fsopen_
0000:02a3      fopen_
0000:0307*     freopen_
Module: C:\WATCOM2\lib286\dos\clibm.lib(fprintf.c)
0000:034b      fprintf_
Module: C:\WATCOM2\lib286\dos\clibm.lib(fclose.c)
0000:0362      __doclose_
0000:03f8      __shutdown_stream_
0000:040c      fclose_
02d1:b0d6+     ___RmTmpFileFn
Module: C:\WATCOM2\lib286\dos\clibm.lib(printf.c)
0000:042f      printf_
Module: C:\WATCOM2\lib286\dos\clibm.lib(cstart)
02d1:0000*     __nullarea
02d1:a558*     __ovlflag
02d1:a559*     __intno
02d1:a55a*     __ovlvec
0000:0446      _cstart_
0000:05f7      __exit_
0000:0614      __do_exit_with_msg_
0000:06f3      __GETDS
Module: C:\WATCOM2\lib286\dos\clibm.lib(cmodel.asm)
0000:06fe      _big_code_
0000:06fe*     CodeModelMismatch
Module: C:\WATCOM2\lib286\dos\clibm.lib(argcv.c)
02d1:b0da      __argc
02d1:b0dc      __argv
02d1:b0de      ___argc
02d1:b0e0      ___argv
Module: C:\WATCOM2\lib286\dos\clibm.lib(comtflag.c)
0000:06fe*     __set_commode_
02d1:a55e      __commode
Module: C:\WATCOM2\lib286\dos\clibm.lib(errno.c)
0000:0705      __get_errno_ptr_
02d1:b0e2+     _errno
Module: C:\WATCOM2\lib286\dos\clibm.lib(textmode.c)
02d1:a560      __fmode
Module: C:\WATCOM2\lib286\dos\clibm.lib(tolower.c)
0000:0709      tolower_
Module: C:\WATCOM2\lib286\dos\clibm.lib(open.c)
0000:08e1*     open_
0000:0901      _sopen_
Module: C:\WATCOM2\lib286\dos\clibm.lib(fseek.c)
0000:096f      fseek_
Module: C:\WATCOM2\lib286\dos\clibm.lib(chktty.c)
0000:0a8d      __chktty_
Module: C:\WATCOM2\lib286\dos\clibm.lib(freefp.c)
0000:0ab4      __freefp_
0000:0ad8      __purgefp_
Module: C:\WATCOM2\lib286\dos\clibm.lib(allocfp.c)
0000:0af1      __allocfp_
Module: C:\WATCOM2\lib286\dos\clibm.lib(iob.c)
02d1:a562      ___iob
02d1:b0e4      ___OpenStreams
02d1:b0e6      ___ClosedStreams
Module: C:\WATCOM2\lib286\dos\clibm.lib(fprtf.c)
0000:0b96      __fprtf_
Module: C:\WATCOM2\lib286\dos\clibm.lib(__lseek.c)
0000:0c31      __lseek_
Module: C:\WATCOM2\lib286\dos\clibm.lib(_clse.c)
0000:0c6b      __close_
Module: C:\WATCOM2\lib286\dos\clibm.lib(nfree.c)
0000:0ca1      _nfree_
0000:0ca1      free_
02d1:b0e8+     ___MiniHeapFreeRover
Module: C:\WATCOM2\lib286\dos\clibm.lib(flush.c)
0000:0d66      __flush_
Module: C:\WATCOM2\lib286\dos\clibm.lib(xmsg.c)
0000:0e5a*     __exit_with_msg_
0000:0e5f      __fatal_runtime_error_
Module: C:\WATCOM2\lib286\dos\clibm.lib(cmain086.c)
0000:0e79      __CMain
Module: C:\WATCOM2\lib286\dos\clibm.lib(initrtns.c)
0000:0ec1      __InitRtns
0000:0ec1*     __FInitRtns
0000:0f18      __FiniRtns
0000:0f18*     __FFiniRtns
Module: C:\WATCOM2\lib286\dos\clibm.lib(crwdata)
02d1:a67a      __curbrk
02d1:a682      __STACKLOW
02d1:a684      __STACKTOP
02d1:a686      __cbyte
02d1:a688      __child
02d1:a68a      __no87
02d1:a697      ___FPE_handler
02d1:a67c      __psp
02d1:a68b      __get_ovl_stack
02d1:a68f      __restore_ovl_stack
02d1:a693      __close_ovl_file
02d1:a69b      __LpCmdLine
02d1:a69f      __LpPgmName
02d1:a67e      __osmajor
02d1:a67f      __osminor
02d1:a680      __osmode
02d1:a681      __HShift
Module: C:\WATCOM2\lib286\dos\clibm.lib(uselfn.c)
02d1:a6a4      ___uselfn
Module: C:\WATCOM2\lib286\dos\clibm.lib(dosseg)
0000:0f76      __DOSseg__
Module: C:\WATCOM2\lib286\dos\clibm.lib(initargv.c)
0000:10de      __Init_Argv_
0000:1115      __Fini_Argv_
Module: C:\WATCOM2\lib286\dos\clibm.lib(opendos.c)
0000:112b      _dos_open_
Module: C:\WATCOM2\lib286\dos\clibm.lib(iomode.c)
0000:1141      __GetIOMode_
0000:1158      __SetIOMode_nogrow_
02d1:a6a6      ___NFiles
02d1:a6a8      ___init_mode
02d1:a6d0      ___io_mode
Module: C:\WATCOM2\lib286\dos\clibm.lib(isatt.c)
0000:116d      isatty_
Module: C:\WATCOM2\lib286\dos\clibm.lib(dosret.c)
0000:1189      __set_errno_dos_
0000:11ed*     __set_errno_dos_reterr_
Module: C:\WATCOM2\lib286\dos\clibm.lib(doserrno.c)
0000:11f8      __get_doserrno_ptr_
02d1:b0ec+     __doserrno
Module: C:\WATCOM2\lib286\dos\clibm.lib(umaskval.c)
02d1:a6e6      ___umaskval
Module: C:\WATCOM2\lib286\dos\clibm.lib(creatdos.c)
0000:11fc      _dos_creat_
0000:1210*     _dos_creatnew_
Module: C:\WATCOM2\lib286\dos\clibm.lib(stiomode.c)
0000:1224+     __grow_iomode_
0000:12b1+     __shrink_iomode_
0000:12cc      __SetIOMode_
Module: C:\WATCOM2\lib286\dos\clibm.lib(lseek.c)
0000:1320      lseek_
Module: C:\WATCOM2\lib286\dos\clibm.lib(tell.c)
0000:1351      _tell_
Module: C:\WATCOM2\lib286\dos\clibm.lib(nmalloc.c)
0000:1362      _nmalloc_
0000:1362      malloc_
02d1:a6e8      ___nheapbeg
02d1:a6ea      ___MiniHeapRover
02d1:a6ec      ___LargestSizeB4MiniHeapRover
Module: C:\WATCOM2\lib286\dos\clibm.lib(initfile.c)
0000:1421      __InitFiles_
Module: C:\WATCOM2\lib286\dos\clibm.lib(ioexit.c)
0000:1501*     fcloseall_
0000:1508      __full_io_exit_
Module: C:\WATCOM2\lib286\dos\clibm.lib(fputc.c)
0000:1512      fputc_
Module: C:\WATCOM2\lib286\dos\clibm.lib(ioalloc.c)
0000:15c3      __ioalloc_
Module: C:\WATCOM2\lib286\dos\clibm.lib(prtf.c)
0000:1f87      __prtf_
Module: C:\WATCOM2\lib286\dos\clibm.lib(mem.c)
0000:2190      __MemAllocator
0000:2258      __MemFree
Module: C:\WATCOM2\lib286\dos\clibm.lib(qwrit.c)
0000:23d2      __qwrite_
Module: C:\WATCOM2\lib286\dos\clibm.lib(fsync.c)
0000:2431      fsync_
Module: C:\WATCOM2\lib286\dos\clibm.lib(enterdb.c)
0000:2436      __EnterWVIDEO_
02d1:a6ee+     __WD_Present
Module: C:\WATCOM2\lib286\dos\clibm.lib(___argc.c)
02d1:b0f0      ____Argv
02d1:b0f2      ____Argc
Module: C:\WATCOM2\lib286\dos\clibm.lib(exit.c)
0000:2452+     __null_int23_exit_
0000:2453      exit_
0000:2473*     _exit_
02d1:a6f0+     ___int23_exit
02d1:a6f4+     ___FPE_handler_exit
Module: C:\WATCOM2\lib286\dos\clibm.lib(sgdef086)
02d1:a708      __Start_XI
02d1:a71a      __End_XI
02d1:a71a      __Start_YI
02d1:a72c      __End_YI
Module: C:\WATCOM2\lib286\dos\clibm.lib(histsplt.c)
02d1:b0f4      ___historical_splitparms
Module: C:\WATCOM2\lib286\dos\clibm.lib(error086.asm)
0000:2482      __doserror_
0000:2490*     __doserror1_
Module: C:\WATCOM2\lib286\dos\clibm.lib(nrealloc.c)
0000:249c*     _nrealloc_
0000:249c      realloc_
Module: C:\WATCOM2\lib286\dos\clibm.lib(iomodtty.c)
0000:2516      __ChkTTYIOMode_
0000:254a*     __IOMode_
Module: C:\WATCOM2\lib286\dos\clibm.lib(nmemneed.c)
0000:255a      __nmemneed_
Module: C:\WATCOM2\lib286\dos\clibm.lib(grownear.c)
0000:25c3+     __LastFree_
0000:262b      __ExpandDGROUP_
Module: C:\WATCOM2\lib286\dos\clibm.lib(wctomb.c)
0000:2703      wctomb_
Module: C:\WATCOM2\lib286\dos\clibm.lib(itoa.c)
0000:2720+     utoa_
0000:2765      itoa_
Module: C:\WATCOM2\lib286\dos\clibm.lib(i4m.asm)
0000:2782*     __I4M
0000:2782      __U4M
Module: C:\WATCOM2\lib286\dos\clibm.lib(noefgfmt.c)
02d1:a6f8      ___EFG_printf
02d1:a6fc*     ___EFG_scanf
Module: C:\WATCOM2\lib286\dos\clibm.lib(lltoa.c)
0000:27a9      ulltoa_
0000:286d*     lltoa_
Module: C:\WATCOM2\lib286\dos\clibm.lib(strupr.c)
0000:28c1      _strupr_
Module: C:\WATCOM2\lib286\dos\clibm.lib(ltoa.c)
0000:28e1      ultoa_
0000:2934*     ltoa_
Module: C:\WATCOM2\lib286\dos\clibm.lib(mbisdbcs.c)
02d1:a700      ___IsDBCS
Module: C:\WATCOM2\lib286\dos\clibm.lib(mbislead.c)
0000:2955*     _ismbblead_
02d1:b0f6      ___MBCSIsTable
Module: C:\WATCOM2\lib286\dos\clibm.lib(filedos.c)
0000:296c*     _dos_close_
0000:297a      _dos_commit_
Module: C:\WATCOM2\lib286\dos\clibm.lib(nmsize.c)
0000:2989*     _msize_
0000:2989      _nmsize_
Module: C:\WATCOM2\lib286\dos\clibm.lib(nexpand.c)
0000:2998      _nexpand_
0000:2998*     _expand_
Module: C:\WATCOM2\lib286\dos\clibm.lib(amblksiz.c)
02d1:a702      __amblksiz
Module: C:\WATCOM2\lib286\dos\clibm.lib(heapen.c)
0000:29e7*     _heapenable_
02d1:a704      ___heap_enabled
Module: C:\WATCOM2\lib286\dos\clibm.lib(sbrk.c)
0000:29f3      __brk_
0000:2a49*     sbrk_
Module: C:\WATCOM2\lib286\dos\clibm.lib(alphabet.c)
02d1:7a94      ___Alphabet
Module: C:\WATCOM2\lib286\dos\clibm.lib(mbinit.c)
0000:2aac      __mbinit_
02d1:a706+     ___MBCodePage
Module: C:\WATCOM2\lib286\dos\clibm.lib(_expand.c)
0000:2b17      __HeapManager_expand_
Module: C:\WATCOM2\lib286\dos\clibm.lib(getltdos.c)
0000:2ca8      dos_get_dbcs_lead_table_
Module: C:\WATCOM2\lib286\dos\clibm.lib(getcpdos.c)
0000:2cd1      dos_get_code_page_
Module: C:\WATCOM2\lib286\dos\clibm.lib(bfree.c)
0000:2ce1      _bfree_


                        +--------------------+
                        |   Libraries Used   |
                        +--------------------+

C:\WATCOM2\lib286\dos\clibm.lib


                        +-----------------------+
                        |   Linker Statistics   |
                        +-----------------------+

Stack size:  0c00 (3072.)
Memory size:  eb10 (60176.)
Entry point address: 0000:0446
Link time: 00:00.65
