Open Watcom Linker Version 1.9
Portions Copyright (c) 1985-2002 Sybase, Inc. All Rights Reserved.
Created on:       24/05/23 12:00:56
Executable Image: doom16.exe
creating a DOS executable


                        +------------+
                        |   Groups   |
                        +------------+

Group                           Address              Size
=====                           =======              ====

DGROUP                          25b9:0000            00003ab0



                        +--------------+
                        |   Segments   |
                        +--------------+

Segment                Class          Group          Address         Size
=======                =====          =====          =======         ====

i_main_TEXT            CODE           AUTO           0000:0000       0000000f
i_quit_TEXT            CODE           AUTO           0000:0010       000001a6
i_ibm_TEXT             CODE           AUTO           0000:01c0       000005ec
i_sound_TEXT           CODE           AUTO           0000:07b0       0000007b
tables_TEXT            CODE           AUTO           0000:0830       00000000
d_main_TEXT            CODE           AUTO           0000:0830       000007c1
d_net_TEXT             CODE           AUTO           0000:1000       0000012a
g_game_TEXT            CODE           AUTO           0000:1130       00000e38
m_misc_TEXT            CODE           AUTO           0000:1f70       0000013f
am_map_TEXT            CODE           AUTO           0000:20b0       000012dc
st_stuff_TEXT          CODE           AUTO           0000:3390       00000903
st_lib_TEXT            CODE           AUTO           0000:3ca0       000001d8
hu_stuff_TEXT          CODE           AUTO           0000:3e80       000001e1
hu_lib_TEXT            CODE           AUTO           0000:4070       000001a8
m_menu_TEXT            CODE           AUTO           0000:4220       0000143c
s_sound_TEXT           CODE           AUTO           0000:5660       0000001d
sounds_TEXT            CODE           AUTO           0000:5680       00000000
f_wipe_TEXT            CODE           AUTO           0000:5680       0000037e
dmx_TEXT               CODE           AUTO           0000:5a00       000001fe
dutils_TEXT            CODE           AUTO           0000:5c00       0000008b
v_extra_TEXT           CODE           AUTO           0000:5c90       000001a4
wi_stuff_TEXT          CODE           AUTO           0000:5e40       00000e40
f_finale_TEXT          CODE           AUTO           0000:6c80       00000c00
p_setup_TEXT           CODE           AUTO           0000:7880       00001300
g_setup_TEXT           CODE           AUTO           0000:8b80       000002f0
r_setup_TEXT           CODE           AUTO           0000:8e70       000004c1
st_setup_TEXT          CODE           AUTO           0000:9340       0000022c
hu_setup_TEXT          CODE           AUTO           0000:9570       000000bc
p_saveg_TEXT           CODE           AUTO           0000:9630       00000001
p_ceilng_TEXT          CODE           AUTO           0964:0000       0000045f
p_doors_TEXT           CODE           AUTO           0964:0460       000007d9
p_enemy_TEXT           CODE           AUTO           0964:0c40       00002ce5
p_floor_TEXT           CODE           AUTO           0964:3930       00000942
p_inter_TEXT           CODE           AUTO           0964:4280       00000c8e
p_lights_TEXT          CODE           AUTO           0964:4f10       00000483
p_map_TEXT             CODE           AUTO           0964:53a0       000022cb
p_maputl_TEXT          CODE           AUTO           0964:7670       00000d70
p_plats_TEXT           CODE           AUTO           0964:83e0       00000527
p_pspr_TEXT            CODE           AUTO           0964:8910       00000c28
p_sight_TEXT           CODE           AUTO           0964:9540       00000842
p_spec_TEXT            CODE           AUTO           0964:9d90       00001190
p_switch_TEXT          CODE           AUTO           0964:af20       00000c02
p_mobj_TEXT            CODE           AUTO           0964:bb30       00001845
p_telept_TEXT          CODE           AUTO           0964:d380       0000025f
p_tick_TEXT            CODE           AUTO           0964:d5e0       0000025b
p_user_TEXT            CODE           AUTO           0964:d840       000006a1
r_bsp_TEXT             CODE           AUTO           1753:0000       00000880
r_data_TEXT            CODE           AUTO           1753:0880       000011f5
r_draw_TEXT            CODE           AUTO           1753:1a80       00000c47
r_main_TEXT            CODE           AUTO           1753:26d0       000009ce
r_plane_TEXT           CODE           AUTO           1753:30a0       00000a5a
r_segs_TEXT            CODE           AUTO           1753:3b00       00001280
r_things_TEXT          CODE           AUTO           1753:4d80       00001059
w_wad_TEXT             CODE           AUTO           1753:5de0       000003f4
v_video_TEXT           CODE           AUTO           1753:61e0       000002f2
z_zone_TEXT            CODE           AUTO           1753:64e0       0000084a
d_math_TEXT            CODE           AUTO           1753:6d30       00000000
d_init_TEXT            CODE           AUTO           1e26:0000       00000b42
st_init_TEXT           CODE           AUTO           1e26:0b50       00000287
r_init_TEXT            CODE           AUTO           1e26:0de0       0000087b
w_init_TEXT            CODE           AUTO           1e26:1660       00000293
i_init_TEXT            CODE           AUTO           1e26:1900       000000b5
z_umb_TEXT             CODE           AUTO           1e26:19c0       00000000
z_init_TEXT            CODE           AUTO           1e26:19c0       000003a7
p_init_TEXT            CODE           AUTO           1e26:1d70       00000461
info_TEXT              CODE           AUTO           2044:0000       0000069c
_TEXT                  CODE           AUTO           2044:06a0       000050a1
FAR_DATA               FAR_DATA       AUTO           25b8:0001       00000000
_NULL                  BEGDATA        DGROUP         25b9:0000       00000020
_AFTERNULL             BEGDATA        DGROUP         25bb:0000       00000002
CONST                  DATA           DGROUP         25bb:0002       00000c78
CONST2                 DATA           DGROUP         2682:000a       00000116
_DATA                  DATA           DGROUP         2694:0000       00000c7e
XIB                    DATA           DGROUP         275b:000e       00000000
XI                     DATA           DGROUP         275b:000e       00000012
XIE                    DATA           DGROUP         275d:0000       00000000
YIB                    DATA           DGROUP         275d:0000       00000000
YI                     DATA           DGROUP         275d:0000       00000012
YIE                    DATA           DGROUP         275e:0002       00000000
STRINGS                DATA           DGROUP         275e:0002       00000000
DATA                   DATA           DGROUP         275e:0002       00000000
_BSS                   BSS            DGROUP         275f:0000       00001049
STACK                  STACK          DGROUP         2864:0000       00001000


                        +----------------+
                        |   Memory Map   |
                        +----------------+

* = unreferenced symbol
+ = symbol only referenced locally

Address        Symbol
=======        ======

Module: i_main.obj(C:\REALDOOM\i_main.c)
0000:0000      main_
Module: i_quit.obj(C:\REALDOOM\i_quit.c)
0000:0010*     I_ShutdownSound_
0000:0012+     I_ShutdownGraphics_
0000:003a*     TS_Terminate_
0000:0066*     I_ShutdownTimer_
0000:006c+     TS_Shutdown_
0000:007a+     I_ShutdownKeyboard_
0000:00ac+     I_ShutdownMouse_
0000:00ba+     Z_QuickMapUnmapAll_
0000:012c      I_Shutdown_
0000:0142+     Z_ShutdownEMS_
0000:014e      I_Quit_
25b9:0db0+     _ems_backfill_page_order
Module: i_ibm.obj(C:\REALDOOM\i_ibm.c)
0000:01c0      I_WaitVBL_
0000:01ee      I_SetPalette_
0000:026e+     I_UpdateBox_
0000:0352      I_UpdateNoBlit_
0000:043c      I_FinishUpdate_
0000:045c      I_ReadScreen_
0000:04bc      I_StartTic_
0000:05e0      I_TimerISR_
0000:05f2      I_KeyboardISR_
0000:0622      I_ResetMouse_
0000:063c+     I_ReadMouse_
0000:069e      I_Error_
0000:06e4*     I_InitDiskFlash_
0000:06e4      I_EndRead_
0000:06e4      I_BeginRead_
0000:06e6      I_InitGraphics_
25b9:0dd0      _oldkeyboardisr
25b9:1a60+     _olddb
25b9:1a70      _keyboardque
25b9:1a90      _segregs
25b9:1a98+     _currentscreen
25b9:1a9c+     _pcscreen
25b9:1aa0      _ticcount
25b9:1aa4      _destview
25b9:1aa8      _destscreen
25b9:1aac+     _out
25b9:1aba      _regs
25b9:1ac8+     _in
25b9:1ad6+     _kbdhead
25b9:1ad7+     _kbdtail
25b9:1ad8+     _grmode
25b9:1ad9      _mousepresent
25b9:1ada      _novideo
Module: i_sound.obj(C:\REALDOOM\i_sound.c)
25b9:1adc*     _snd_SBport
25b9:1ade*     _snd_Mport
25b9:1ae0      _snd_SBirq
25b9:1ae1+     _snd_MusicVolume
25b9:1ae2      _snd_SBport8bit
25b9:1ae3+     _snd_SfxVolume
25b9:1ae4      _snd_SBdma
25b9:1ae5      _snd_Mport8bit
25b9:1ae6      _snd_DesiredSfxDevice
25b9:1ae7*     _snd_MusicDevice
25b9:1ae8+     _snd_SfxDevice
0000:07b0*     I_StartupTimer_
0000:07b0      I_StartupSound_
0000:07d2*     I_ResumeSong_
0000:07d2*     I_PauseSong_
0000:07d4*     I_SetMusicVolume_
0000:07d8*     I_SetSfxVolume_
0000:07dc*     I_QrySongPlaying_
0000:07dc*     I_RegisterSong_
0000:07e0*     I_PlaySong_
0000:07e0*     I_StopSong_
0000:07e0*     I_UnRegisterSong_
0000:07e2*     I_GetSfxLumpNum_
0000:081c*     I_StopSound_
0000:081e*     I_StartSound_
0000:0828*     I_SoundIsPlaying_
0000:082a*     I_SetChannels_
0000:082a*     I_sndArbitrateCards_
0000:082a*     I_UpdateSoundParams_
25b9:0c9a+     _snd_prefixen
25b9:1ae9      _snd_DesiredMusicDevice
Module: d_main.obj(C:\REALDOOM\d_main.c)
25b9:1aea*     _wadfiles
25b9:1af0+     _pagename
25b9:1af2+     _pagetic
25b9:1af4      _skipdirectdraws
25b9:1af5+     _eventtail
25b9:1af6      _advancedemo
25b9:1af7+     _eventhead
25b9:1af8*     _drone
25b9:1af9      _demosequence
25b9:1afa      _shareware
25b9:1afb      _startmap
25b9:1afc      _autostart
25b9:1afd      _startskill
25b9:1afe      _registered
25b9:0dd4      _singletics
25b9:0dd5      _wipegamestate
25b9:0dd6      _wipeduration
25b9:0dd8      _rendertics
25b9:0dda      _physicstics
25b9:0ddc      _othertics
25b9:0dde+     _cachedtics
25b9:0de0+     _cachedrendertics
25b9:0de2      _rendersetuptics
25b9:0de4      _renderplayerviewtics
25b9:0de6      _renderpostplayerviewtics
0000:0830      D_PostEvent_
0000:0860      D_ProcessEvents_
0000:08b0      getStringByIndex_
0000:08f6      FixedMul_
0000:0936      FixedMul1632_
0000:097a      FixedMul16u32_
0000:09b4      FixedMulBig1632_
0000:09f4      FixedMul1616_
0000:0a18*     FixedDiv2_
0000:0a5c      FixedDiv_
0000:0af8      copystr8_
0000:0b3a+     D_Display_
0000:0e2a      D_PageTicker_
0000:0e36      D_AdvanceDemo_
0000:0e3c+     D_PageDrawer_
0000:0e5e      D_DoAdvanceDemo_
0000:0f36      D_DoomMain_
0000:0f46*     D_DoomLoop_
25b9:0de8      _renderplayersetuptics
25b9:0dea      _renderplayerbsptics
25b9:0dec      _renderplayerplanetics
25b9:0dee      _renderplayermaskedtics
25b9:0df0      _cachedrenderplayertics
25b9:1aff      _commercial
25b9:1b00      _startepisode
25b9:1b01      _modifiedgame
25b9:1b02      _nomonsters
25b9:1b03      _fastparm
25b9:1b04      _respawnparm
Module: d_net.obj(C:\REALDOOM\d_net.c)
0000:1000      NetUpdate_
0000:107e      TryRunTics_
25b9:1b10+     _gametime
25b9:1b14      _maketic
25b9:1b18*     _nettics
25b9:1b1c+     _skiptics
Module: g_game.obj(C:\REALDOOM\g_game.c)
25b9:1b30+     _savedescription
25b9:1b50+     _localcmds
25b9:1bf0      _gamekeydown
25b9:1cf0+     _demoname
25b9:1d10+     _dclicks
25b9:1d14+     _dclicktime
25b9:1d18+     _dclickstate
25b9:1d1c+     _dclicktime2
25b9:1d20+     _mousearray
25b9:1d24+     _dclickstate2
25b9:1d28+     _dclicks2
25b9:1d2c      _starttime
25b9:1d30      _gametic
25b9:1d34+     _defdemoname
25b9:1d36      _mousey
25b9:1d38      _mousex
25b9:1d3a+     _demo_p
25b9:1d3c      _totalkills
25b9:1d3e      _totalitems
25b9:1d40      _totalsecret
25b9:1d42      _player
25b9:1dc3      _wminfo
25b9:1dd8      _d_episode
25b9:1dd9      _d_skill
25b9:1dda      _d_map
25b9:1ddb+     _secretexit
25b9:1ddc+     _savegameslot
25b9:1ddd      _mousebforward
25b9:1dde      _key_speed
25b9:1ddf      _mousebfire
25b9:1de0+     _turnheld
25b9:1de1      _mousebstrafe
25b9:1de2      _key_left
25b9:1de3+     _timingdemo
25b9:1de4      _sendsave
25b9:1de5      _key_fire
25b9:1de6      _key_strafe
25b9:1de7      _key_straferight
25b9:1de8      _key_up
25b9:1de9      _netdemo
25b9:1dea      _key_down
25b9:1deb      _key_use
25b9:1dec      _key_right
25b9:1ded      _key_strafeleft
25b9:1dee      _sendpause
25b9:1def      _gameaction
25b9:1df0      _paused
25b9:1df1      _viewactive
25b9:1df2+     _noblit
25b9:1df3      _demoplayback
25b9:1df4      _gamestate
25b9:1df5      _nodrawers
25b9:1df6      _demorecording
25b9:1df7      _singledemo
25b9:1df8      _usergame
0000:1130      G_BuildTiccmd_
0000:150c      G_Responder_
0000:16cc      G_Ticker_
0000:1802+     G_PlayerFinishLevel_
0000:1850      G_PlayerReborn_
0000:18c6      G_ExitLevel_
0000:18d2      G_SecretExitLevel_
0000:1904+     G_DoCompleted_
0000:1a92      G_WorldDone_
0000:1ab4*     G_DoLoadGame_
0000:1ab4      G_LoadGame_
0000:1ad8      G_SaveGame_
0000:1b04*     G_DoSaveGame_
0000:1b06      G_DeferedInitNew_
0000:1b18+     G_ReadDemoTiccmd_
0000:1b6a+     G_WriteDemoTiccmd_
0000:1bd8      G_RecordDemo_
0000:1c60      G_BeginRecording_
0000:1cd2      G_DeferedPlayDemo_
0000:1cdc+     G_DoPlayDemo_
0000:1d64      G_TimeDemo_
0000:1d90      G_CheckDemoStatus_
25b9:0df8+     _precache
25b9:0df9      _forwardmove
25b9:0dfb      _sidemove
25b9:0dfe+     _angleturn
25b9:0e04      _mousebuttons
25b9:1df9      _gameskill
25b9:1dfa      _gamemap
25b9:1dfb      _respawnmonsters
25b9:1dfc      _gameepisode
Module: m_misc.obj(C:\REALDOOM\m_misc.c)
0000:1f70      M_CheckParm_
0000:1fb0      P_Random_
0000:1fd4      M_Random_
0000:1ff8      M_ClearRandom_
0000:2002      M_AddToBox16_
0000:202c      M_WriteFile_
0000:204e      M_SaveDefaults_
25b9:0e06+     _rndindex
25b9:0e08      _prndindex
25b9:0e0a      _defaults
25b9:1dfe      _defaultfile
25b9:1e00      _myargc
25b9:1e02      _myargv
25b9:1e04      _usemouse
Module: am_map.obj(C:\REALDOOM\am_map.c)
25b9:0ece      _automapactive
25b9:0ecf+     _player_arrow
25b9:0f07+     _cheat_player_arrow
25b9:0f87*     _triangle_guy
25b9:0f9f+     _thintriangle_guy
0000:20b0*     MTOF16_
0000:20c4*     CXMTOF16_
0000:20dc*     CYMTOF16_
0000:20fc+     AM_activateNewScale_
0000:216c+     AM_restoreScaleAndLoc_
0000:2206+     AM_addMark_
0000:2248+     AM_findMinMaxBoundaries_
0000:233c+     AM_changeWindowLoc_
0000:23d0+     AM_clearMarks_
0000:23f2+     AM_LevelInit_
0000:245a      AM_Stop_
0000:2472+     AM_Start_
0000:24a8*     AM_initVariables_
0000:2548+     AM_minOutWindowScale_
0000:2574+     AM_maxOutWindowScale_
0000:25a0      AM_Responder_
0000:293a+     AM_changeWindowScale_
0000:29c0+     AM_doFollowPlayer_
0000:2a36      AM_Ticker_
0000:2a62+     DOOUTCODE_
0000:2a86+     AM_clipMline_
0000:2cbc+     AM_drawFline_
0000:2d90+     AM_drawMline_
0000:2db0+     AM_drawGrid_
0000:2e72+     AM_drawWalls_
0000:3048+     AM_rotate_
0000:30fe+     AM_drawLineCharacter_
0000:31be+     AM_drawPlayers_
0000:3212+     AM_drawThings_
0000:3284+     AM_drawMarks_
0000:331c*     AM_drawCrosshair_
0000:332c      AM_Drawer_
Module: st_stuff.obj(C:\REALDOOM\st_stuff.c)
25b9:1e9a      _w_faces
25b9:1ea2      _w_ammo
25b9:1eca      _w_arms
25b9:1efa      _w_keyboxes
25b9:1f12      _w_armsbg
25b9:1f1a      _w_maxammo
25b9:1f42      _w_health
25b9:1f4e      _w_armor
25b9:1f5a      _w_ready
25b9:1f64      _keyboxes
25b9:1f6a      _oldweaponsowned
25b9:1f73      _updatedthisframe
25b9:1f74      _st_firsttime
25b9:1f75+     _st_randomnumber
25b9:0fe2      _tallnum
25b9:0ff6      _shortnum
25b9:100a      _keys
25b9:1016      _faces
25b9:106a      _arms
25b9:1082      _st_oldhealth
25b9:1084+     _st_facecount
25b9:1086      _st_faceindex
25b9:1088+     _cheat_mus_seq
25b9:1091+     _cheat_choppers_seq
25b9:109c+     _cheat_god_seq
25b9:10a2+     _cheat_ammo_seq
25b9:10a8+     _cheat_ammonokey_seq
25b9:10ad+     _cheat_noclip_seq
25b9:10b8+     _cheat_commercial_noclip_seq
25b9:10bf+     _cheat_powerup_seq
25b9:1105+     _cheat_clev_seq
25b9:110f+     _cheat_mypos_seq
25b9:1117+     _cheat_mus
25b9:111b+     _cheat_god
25b9:111f+     _cheat_ammo
25b9:1123+     _cheat_ammonokey
25b9:1127+     _cheat_noclip
0000:3390+     ST_refreshBackground_
0000:33c8      ST_Responder_
0000:3798+     ST_calcPainOffset_
0000:37da+     ST_updateFaceWidget_
0000:3a34+     ST_updateWidgets_
0000:3a78      ST_Ticker_
0000:3a8c+     ST_doPaletteStuff_
0000:3b16+     ST_drawWidgets_
0000:3c34      ST_Drawer_
0000:3c7a*     ST_unloadGraphics_
25b9:112b+     _cheat_commercial_noclip
25b9:112f+     _cheat_powerup
25b9:114b+     _cheat_choppers
25b9:114f+     _cheat_clev
25b9:1153+     _cheat_mypos
25b9:115c      _st_palette
25b9:1f76      _st_statusbaron
25b9:1f77      _st_gamestate
Module: st_lib.obj(C:\REALDOOM\st_lib.c)
0000:3ca0*     STlib_updateflag_
0000:3cb4      STlib_drawNum_
0000:3dae      STlib_updatePercent_
0000:3de6      STlib_updateMultIcon_
Module: hu_stuff.obj(C:\REALDOOM\hu_stuff.c)
0000:3e80      HU_Drawer_
0000:3ef4      HU_Erase_
0000:3f40      HU_Ticker_
0000:3fe4      HU_Responder_
25b9:1fae      _w_message
25b9:2117      _w_title
25b9:2170+     _message_counter
25b9:2171      _message_nottobefuckedwith
25b9:2172      _message_on
25b9:2173      _message_dontfuckwithme
Module: hu_lib.obj(C:\REALDOOM\hu_lib.c)
0000:4070      HUlib_addCharToTextLine_
0000:40a0      HUlib_drawTextLine_
0000:412e      HUlib_eraseTextLine_
0000:41ac      HUlib_addMessageToSText_
Module: m_menu.obj(C:\REALDOOM\m_menu.c)
25b9:2180+     _saveOldString
25b9:2198+     _messageRoutine
25b9:219c      _messageLastMenuActive
25b9:219e      _whichSkull
25b9:21a0      _currentMenu
25b9:21a2      _skullAnimCounter
25b9:21a4+     _saveStringEnter
25b9:21a6      _itemOn
25b9:21a8+     _saveCharIndex
25b9:21aa+     _saveSlot
25b9:21ac      _messageString
25b9:2215+     _epi
25b9:2216*     _sound_e
25b9:2217*     _options_e
25b9:2218*     _read_e2
25b9:2219*     _newgame_e
25b9:221a*     _read_e
25b9:221b*     _episodes_e
25b9:221c+     _messageNeedsInput
25b9:221d      _inhelpscreens
25b9:221e      _messageToPrint
25b9:221f      _sfxVolume
25b9:2220      _showMessages
25b9:2221      _screenblocks
25b9:1162+     _gammamsg
25b9:1168+     _endmsg
25b9:1178+     _endmsg2
25b9:1188+     _skullName
25b9:118c      _MainMenu
25b9:11b6      _MainDef
25b9:11c4+     _EpisodeMenu
25b9:11d9+     _EpiDef
25b9:11e7+     _NewGameMenu
25b9:120a      _NewDef
25b9:1218+     _OptionsMenu
25b9:1250+     _OptionsDef
25b9:125e      _ReadMenu1
25b9:1265      _ReadDef1
25b9:1273+     _ReadMenu2
0000:4220      M_GetMenuPatch_
0000:4288+     M_DrawLoad_
0000:42e4+     M_DrawSaveLoadBorder_
0000:4350+     M_LoadSelect_
0000:438e+     M_LoadGame_
0000:439a+     M_ReadSaveStrings_
0000:4440+     M_DrawSave_
0000:44ce+     M_DoSave_
0000:44f6+     M_SaveSelect_
0000:45a4+     M_SaveGame_
0000:45f4*     M_QuickSaveResponse_
0000:45fe*     M_QuickSave_
0000:4616*     M_QuickLoadResponse_
0000:4620*     M_QuickLoad_
0000:4638+     M_DrawReadThis1_
0000:464a+     M_DrawReadThis2_
0000:465c      M_DrawReadThisRetail_
0000:466e+     M_DrawSound_
0000:46c0+     M_Sound_
0000:46ce+     M_SfxVol_
0000:4702+     M_MusicVol_
0000:4736+     M_DrawMainMenu_
0000:4752+     M_DrawNewGame_
0000:4786+     M_NewGame_
0000:47a8+     M_DrawEpisode_
0000:47c6+     M_VerifyNightmare_
0000:47ec+     M_ChooseSkill_
0000:4840+     M_Episode_
0000:4896+     M_DrawOptions_
0000:493a+     M_Options_
0000:4948+     M_ChangeMessages_
0000:496c+     M_EndGameResponse_
0000:498a+     M_EndGame_
0000:49d0+     M_ReadThis_
0000:49de+     M_ReadThis2_
0000:49ec      M_FinishReadThis_
0000:49fa+     M_QuitResponse_
0000:4a44+     M_QuitDOOM_
0000:4ade+     M_ChangeSensitivity_
0000:4b06+     M_ChangeDetail_
0000:4b34+     M_SizeDisplay_
0000:4b74+     M_DrawThermo_
0000:4bfc+     M_StartMessage_
0000:4c3e+     M_StringWidth_
0000:4c9a+     M_StringHeight_
0000:4cda+     M_WriteText_
0000:4d4e      M_Responder_
0000:5430      M_StartControlPanel_
0000:544a      M_Drawer_
0000:5628*     M_ClearMenus_
0000:562e*     M_SetupNextMenu_
0000:563e      M_Ticker_
25b9:127a+     _ReadDef2
25b9:1288+     _SoundMenu
25b9:12a4+     _SoundDef
25b9:12b2+     _LoadMenu
25b9:12dc+     _LoadDef
25b9:12ea+     _SaveMenu
25b9:1314+     _SaveDef
25b9:1322+     _detailNames
25b9:1324+     _msgNames
25b9:1326+     _quitsounds
25b9:132e+     _quitsounds2
25b9:2222      _screenSize
25b9:2223      _quickSaveSlot
25b9:2224      _detailLevel
25b9:2225      _musicVolume
25b9:2226      _mouseSensitivity
25b9:2227      _menuactive
Module: s_sound.obj(C:\REALDOOM\s_sound.c)
25b9:222c      _numChannels
0000:5660*     S_StopChannel_
0000:5660      S_StartMusic_
0000:5660      S_ChangeMusic_
0000:5660*     S_StopMusic_
0000:5660      S_SetMusicVolume_
0000:5662*     S_AdjustSoundParams_
0000:566c      S_SetSfxVolume_
0000:5670      S_StopSound_
0000:5670      S_ResumeSound_
0000:5670      S_PauseSound_
0000:5672*     S_getChannel_
0000:5674      S_Start_
0000:5674      S_UpdateSounds_
0000:5674      S_StartSoundWithParams_
0000:5674      S_StartSound_
0000:5674      S_StartSoundFromRef_
0000:5676*     S_StartSoundAtVolume_
Module: f_wipe.obj(C:\REALDOOM\f_wipe.c)
0000:5680+     wipe_shittyColMajorXform_
0000:5708+     wipe_initMelt_
0000:57bc+     wipe_doMelt_
0000:58f2      wipe_StartScreen_
0000:5914+     V_DrawBlock_
0000:596c      wipe_EndScreen_
0000:59a4      wipe_ScreenWipe_
Module: dmx.obj(C:\REALDOOM\dmx.c)
0000:5a00      TS_FreeTaskList_
0000:5a02      TS_SetClockSpeed_
0000:5a4c+     TS_SetTimer_
0000:5a84      TS_SetTimerToMaxTaskRate_
0000:5a94+     TS_ServiceScheduleIntEnabled_
0000:5b7a+     TS_Startup_
0000:5bc6      TS_ScheduleTask_
0000:5bf4      TS_Dispatch_
25b9:1350+     _TaskServiceRate
25b9:1354+     _TaskServiceCount
25b9:1358      _TS_Installed
25b9:135c+     _TS_InInterrupt
25b9:2240+     _TS_TimesInInterrupt
25b9:2244      _OldInt8
25b9:2248+     _HeadTask
Module: dutils.obj(C:\REALDOOM\dutils.c)
0000:5c00      cht_CheckCheat_
0000:5c58      cht_GetParam_
Module: v_extra.obj(C:\REALDOOM\v_extra.c)
0000:5c90      V_DrawFullscreenPatch_
Module: wi_stuff.obj(C:\REALDOOM\wi_stuff.c)
25b9:1364+     _wianims
25b9:1370+     _unloaded
0000:5e40*     WI_GetPatch_
0000:5e58*     WI_GetAnimPatch_
0000:5e70+     WI_slamBackground_
0000:5ea8+     WI_drawLF_
0000:5f0c+     WI_drawEL_
0000:5f6c+     WI_drawOnLnode_
0000:6060+     WI_updateAnimatedBack_
0000:617c+     WI_drawAnimatedBack_
0000:61fa+     WI_drawNum_
0000:62d6+     WI_drawPercent_
0000:6318+     WI_drawTime_
0000:63b8*     WI_unloadData_
0000:63b8*     WI_End_
0000:63be*     WI_initNoState_
0000:63d0+     WI_updateNoState_
0000:63e6*     WI_initShowNextLoc_
0000:63fa+     WI_updateShowNextLoc_
0000:642c*     WI_drawNoState_
0000:6432+     WI_drawShowNextLoc_
0000:64aa*     WI_initStats_
0000:64d2+     WI_initAnimatedBack_
0000:654c+     WI_updateStats_
0000:6768+     WI_drawStats_
0000:6872*     WI_checkForAccelerate_
0000:68b2      WI_Ticker_
0000:690e+     WI_loadData_
0000:6aa0      WI_Drawer_
0000:6ad4+     WI_initVariables_
0000:6b30+     WI_Init_
0000:6c5a      WI_Start_
Module: f_finale.obj(C:\REALDOOM\f_finale.c)
0000:6c80+     V_DrawPatchFlipped_
0000:6d66      F_StartFinale_
0000:6e38      F_Responder_
0000:6e42*     F_CastResponder_
0000:6e58      F_Ticker_
0000:6f08+     F_TextWrite_
0000:7026+     F_StartCast_
0000:708a+     F_CastTicker_
0000:7446+     F_CastPrint_
0000:74ec+     F_CastDrawer_
0000:75aa+     F_DrawPatchCol_
0000:7620+     F_BunnyScroll_
0000:7822      F_Drawer_
25b9:1372+     _e1text
25b9:1374+     _e2text
25b9:1376+     _e3text
25b9:1378+     _c1text
25b9:137a+     _c2text
25b9:137c+     _c3text
25b9:137e+     _c4text
25b9:1380+     _c5text
25b9:1382+     _c6text
25b9:1384+     _castorder
25b9:2290+     _caststate
25b9:2294+     _finaleflat
25b9:2296+     _finaletext
25b9:2298+     _finalecount
25b9:229a+     _finalestage
25b9:229c+     _castonmelee
25b9:229d+     _casttics
25b9:229e+     _castdeath
25b9:229f+     _castframes
25b9:22a0+     _castnum
25b9:22a1+     _castattacking
Module: p_setup.obj(C:\REALDOOM\p_setup.c)
0000:7880+     P_LoadVertexes_
0000:78ca+     P_LoadSegs_
0000:7a88+     P_LoadSubsectors_
0000:7b08      R_FlatNumForName_
0000:7b12+     P_LoadSectors_
0000:7c88+     P_LoadNodes_
0000:7d62+     P_SetupPsprites_
0000:7d8c+     P_SpawnPlayer_
0000:7e3e+     P_SpawnMapThing_
0000:801a+     P_SpawnSpecials_
0000:8184+     P_LoadThings_
0000:82ae+     P_LoadLineDefs_
0000:854a      R_TextureNumForName_
0000:8570+     P_LoadSideDefs_
0000:86e6+     P_LoadBlockMap_
0000:874a+     P_GroupLines_
0000:89d2+     P_InitThinkers_
0000:8a0a      P_SetupLevel_
25b9:13ba+     _skytexturelump
25b9:22b0      _skyofs
25b9:22b4+     _total
25b9:22b6      _bmapwidth
25b9:22b8      _bmaporgx
25b9:22ba      _bmaporgy
25b9:22bc      _bmapheight
25b9:22be      _numlines
25b9:22c0      _numnodes
25b9:22c2      _numsectors
25b9:22c4+     _numsubsectors
25b9:22c6+     _numsides
25b9:22c8+     _numsegs
25b9:22ca      _numvertexes
Module: g_setup.obj(C:\REALDOOM\g_setup.c)
0000:8b80      R_CheckTextureNumForName_
0000:8bec+     G_DoLoadLevel_
0000:8c82      G_InitNew_
0000:8e1e      G_DoNewGame_
0000:8e54      G_DoWorldDone_
Module: r_setup.obj(C:\REALDOOM\r_setup.c)
0000:8e70+     R_InitTextureMapping_
0000:91fe      R_ExecuteSetViewSize_
Module: st_setup.obj(C:\REALDOOM\st_setup.c)
0000:9340+     STlib_initNum_
0000:935e+     STlib_initPercent_
0000:9376+     STlib_initMultIcon_
0000:9388+     ST_createWidgets_
0000:94f4+     ST_Stop_
0000:950a      ST_Start_
25b9:13bc+     _st_stopped
25b9:13be+     _armsbgarray
Module: hu_setup.obj(C:\REALDOOM\hu_setup.c)
0000:9570      HU_Start_
25b9:13c0      _hu_font
25b9:143e+     _mapnames
25b9:146c+     _mapnames2
Module: p_saveg.obj(C:\REALDOOM\p_saveg.c)
0000:9630*     P_UnArchiveSpecials_
0000:9630*     P_ArchiveSpecials_
0000:9630*     P_UnArchiveThinkers_
0000:9630*     P_ArchiveThinkers_
0000:9630*     P_UnArchiveWorld_
0000:9630*     P_ArchiveWorld_
0000:9630*     P_UnArchivePlayers_
0000:9630*     P_ArchivePlayers_
25b9:22cc*     _save_p
25b9:22ce*     _specials_e
Module: p_ceilng.obj(C:\REALDOOM\p_ceilng.c)
0964:000c      T_MoveCeiling_
0964:019c      EV_DoCeiling_
0964:0338+     P_AddActiveCeiling_
0964:0360+     P_RemoveActiveCeiling_
0964:0398+     P_ActivateInStasisCeiling_
0964:03f0      EV_CeilingCrushStop_
25b9:22d0      _activeceilings
Module: p_doors.obj(C:\REALDOOM\p_doors.c)
0964:0486      T_VerticalDoor_
0964:0694      EV_DoLockedDoor_
0964:0746      EV_DoDoor_
0964:08f0      EV_VerticalDoor_
0964:0b60      P_SpawnDoorCloseIn30_
0964:0bbe      P_SpawnDoorRaiseIn5Mins_
Module: p_enemy.obj(C:\REALDOOM\p_enemy.c)
0964:0c40+     P_RecursiveSound_
0964:0d66      P_NoiseAlert_
0964:0d80+     P_CheckMeleeRange_
0964:0e70+     P_CheckMissileRange_
0964:0fbc+     P_Move_
0964:113c+     P_TryWalk_
0964:1164+     P_NewChaseDir_
0964:1426+     P_LookForPlayers_
0964:1538      A_KeenDie_
0964:15b6      A_Look_
0964:16e6      A_Chase_
0964:1932      A_FaceTarget_
0964:19e8      A_PosAttack_
0964:1a92      A_SPosAttack_
0964:1b4c      A_CPosAttack_
0964:1bf8      A_CPosRefire_
0964:1c7e      A_SpidRefire_
0964:1d04      A_BspiAttack_
0964:1d36      A_TroopAttack_
0964:1dbe      A_SargAttack_
0964:1e10      A_HeadAttack_
0964:1e82      A_CyberAttack_
0964:1eb4      A_BruisAttack_
0964:1f36      A_SkelMissile_
0964:1fdc      A_Tracer_
0964:22b0      A_SkelWhoosh_
0964:22d8      A_SkelFist_
0964:2340+     PIT_VileCheck_
0964:2464      A_VileChase_
0964:2676      A_VileStart_
0964:2682      A_StartFire_
0964:26a8      A_FireCrackle_
0964:26ce      A_Fire_
0964:27e6      A_VileTarget_
0964:288e      A_VileAttack_
0964:2a0c      A_FatRaise_
0964:2a28      A_FatAttack1_
0964:2b5c      A_FatAttack2_
0964:2c80      A_FatAttack3_
0964:2dee      A_SkullAttack_
0964:2f5a+     A_PainShootSkull_
0964:3116      A_PainAttack_
0964:3144      A_PainDie_
0964:319e      A_Scream_
0964:3250      A_XScream_
0964:325c      A_Pain_
0964:327c      A_Fall_
0964:3284      A_Explode_
0964:32a2      A_BossDeath_
0964:33be      A_Hoof_
0964:33e4      A_Metal_
0964:340a      A_BabyMetal_
0964:3430      A_OpenShotgun2_
0964:3444      A_LoadShotgun2_
0964:3458      A_CloseShotgun2_
0964:3476      A_BrainAwake_
0964:34ea      A_BrainPain_
0964:34fc      A_BrainScream_
0964:35ca      A_BrainExplode_
0964:366a      A_BrainSpit_
0964:3762      A_SpawnSound_
0964:3788      A_SpawnFly_
0964:38f8      A_PlayerScream_
25b9:14b0+     _opposite
25b9:14b9+     _diags
25b9:14c0+     _xspeed
25b9:14e0+     _yspeed
25b9:1500+     _movedirangles
25b9:2310+     _braintargets
25b9:2350+     _viletryy
25b9:2354+     _viletryx
25b9:2358+     _vileobj
25b9:235c+     _numbraintargets
25b9:235e+     _braintargeton
25b9:2360+     _corpsehitRef
Module: p_floor.obj(C:\REALDOOM\p_floor.c)
0964:3930      T_MovePlane_
0964:3b5c      T_MoveFloor_
0964:3c7c      EV_DoFloor_
0964:40c8      EV_BuildStairs_
Module: p_inter.obj(C:\REALDOOM\p_inter.c)
0964:4288+     P_GiveAmmo_
0964:4392+     P_GiveWeapon_
0964:43dc+     P_GiveBody_
0964:440c+     P_GiveArmor_
0964:4426+     P_GiveCard_
0964:4440      P_GivePower_
0964:44fc      P_TouchSpecialThing_
0964:49bc+     P_KillMobj_
0964:4b2a      P_DamageMobj_
25b9:1512      _maxammo
25b9:151a+     _clipammo
Module: p_lights.obj(C:\REALDOOM\p_lights.c)
0964:4f10      T_FireFlicker_
0964:4f6a      P_SpawnFireFlicker_
0964:4fc8      T_LightFlash_
0964:5020      P_SpawnLightFlash_
0964:50a4      T_StrobeFlash_
0964:50fa      P_SpawnStrobeFlash_
0964:51a8      EV_StartLightStrobing_
0964:51e4      EV_LightChange_
0964:52b6      T_Glow_
0964:5324      P_SpawnGlowingLight_
Module: p_map.obj(C:\REALDOOM\p_map.c)
25b9:2370      _spechit
25b9:2380      _tmbbox
25b9:2390+     _bombsource
25b9:2394+     _bombspot_pos
25b9:2398+     _bombspot
25b9:239c      _attackrange
25b9:23a0+     _shootthing
25b9:23a4+     _aimslope
25b9:23a8+     _shootz
25b9:23ac+     _bestslidefrac
25b9:23b0+     _tmymove
25b9:23b4+     _tmxmove
25b9:23b8+     _tmy
25b9:23bc+     _tmx
25b9:23c0+     _tmflags
25b9:23c4+     _tmthing_pos
25b9:23c8+     _tmthing
25b9:23cc      _linetarget
25b9:23d0      _linetarget_pos
25b9:23d4+     _bombdamage
25b9:23d6+     _la_damage
25b9:23d8+     _bestslidelinenum
25b9:23da+     _lastcalculatedsector
25b9:23dc+     _tmdropoffz
25b9:23de      _numspechit
25b9:23e0      _ceilinglinenum
25b9:23e2      _tmfloorz
0964:53a0+     PIT_StompThing_
0964:5470      P_TeleportMove_
0964:5652+     PIT_CheckLine_
0964:57f8+     PIT_CheckThing_
0964:5af0      P_CheckPosition_
0964:5d74      P_TryMove_
0964:5fb6+     P_ThingHeightClip_
0964:60bc+     P_HitSlideLine_
0964:6242+     PTR_SlideTraverse_
0964:63a2      P_SlideMove_
0964:678a+     PTR_AimTraverse_
0964:6a50+     PTR_ShootTraverse_
0964:6ec6      P_AimLineAttack_
0964:700e      P_LineAttack_
0964:712a+     PTR_UseTraverse_
0964:7212      P_UseLines_
0964:72be+     PIT_RadiusAttack_
0964:73b8      P_RadiusAttack_
0964:7482+     PIT_ChangeSector_
0964:75c4      P_ChangeSector_
25b9:23e4+     _tmceilingz
25b9:23e6+     _crushchange
25b9:23e7+     _nofit
25b9:23e8      _floatok
Module: p_maputl.obj(C:\REALDOOM\p_maputl.c)
0964:7670      P_AproxDistance_
0964:76bc      P_PointOnLineSide_
0964:7766      P_BoxOnLineSide_
0964:789a+     P_PointOnDivlineSide_
0964:79cc+     P_InterceptVector_
0964:7aa0      P_LineOpening_
0964:7b12      P_UnsetThingPosition_
0964:7c36      P_SetThingPosition_
0964:7d6c      P_BlockLinesIterator_
0964:7dee      P_BlockThingsIterator_
0964:7e5a+     PIT_AddLineIntercepts_
0964:7fec+     PIT_AddThingIntercepts_
0964:80f4+     P_TraverseIntercepts_
0964:8182      P_PathTraverse_
25b9:23f0+     _dl
25b9:2400      _trace
25b9:2410*     _ptflags
25b9:2414+     _intercept_p
25b9:2418      _lineopening
25b9:241f+     _earlyout
Module: p_plats.obj(C:\REALDOOM\p_plats.c)
0964:83e8      T_PlatRaise_
0964:8566      EV_DoPlat_
0964:87fa      EV_PlatFunc_
0964:8888+     P_AddActivePlat_
0964:88b0+     P_RemoveActivePlat_
25b9:2420      _activeplats
Module: p_pspr.obj(C:\REALDOOM\p_pspr.c)
0964:8910      P_BringUpWeapon_
0964:8a3a      P_DropWeapon_
0964:8a52+     A_WeaponReady_
0964:8b6e      A_ReFire_
0964:8b88+     P_FireWeapon_
0964:8b9e+     P_CheckAmmo_
0964:8b9e*     A_CheckReload_
0964:8bfe+     A_Lower_
0964:8c46+     A_Raise_
0964:8c86+     A_GunFlash_
0964:8cac+     A_Punch_
0964:8d86+     A_Saw_
0964:8eec+     A_FireMissile_
0964:8f0c+     A_FireBFG_
0964:8f2e+     A_FirePlasma_
0964:8f72+     P_BulletSlope_
0964:9002+     P_GunShot_
0964:9066+     A_FirePistol_
0964:90c8+     A_FireShotgun_
0964:9126+     A_FireShotgun2_
0964:91ee+     A_FireCGun_
0964:9288*     A_Light0_
0964:928e*     A_Light1_
0964:9294*     A_Light2_
0964:929a      A_BFGSpray_
0964:9372*     A_BFGsound_
0964:9386      P_MovePsprites_
0964:940c+     P_SetPsprite_
25b9:151e      _weaponinfo
25b9:2460+     _bulletslope
Module: p_sight.obj(C:\REALDOOM\p_sight.c)
0964:9540+     P_DivlineSide_
0964:9624+     P_DivlineSide16_
0964:96e2+     P_DivlineSideNode_
0964:97c0+     P_InterceptVector2_
0964:98ae+     P_CrossSubsector_
0964:9b48+     P_CrossBSPNode_
0964:9bee      P_CheckSight_
25b9:2470+     _strace
25b9:2480      _bottomslope
25b9:2484+     _sightzstart
25b9:2488+     _cachedt2x
25b9:248c+     _cachedt2y
25b9:2490      _topslope
Module: p_spec.obj(C:\REALDOOM\p_spec.c)
0964:9d90      twoSided_
0964:9dd4+     getNextSectorList_
0964:9e44      P_FindHighestOrLowestFloorSurrounding_
0964:9efc      P_FindNextHighestFloor_
0964:9fe0      P_FindLowestOrHighestCeilingSurrounding_
0964:a0ae      P_FindSectorsFromLineTag_
0964:a12a      P_FindMinSurroundingLight_
0964:a2e0      P_CrossSpecialLine_
0964:a94a      P_ShootSpecialLine_
0964:aa4c      P_PlayerInSpecialSector_
0964:ab68      P_UpdateSpecials_
0964:acfe      EV_DoDonut_
25b9:24a0      _anims
25b9:2560+     _levelTimeCount
25b9:2564      _lastanim
25b9:2566      _numlinespecials
25b9:2568      _levelTimer
Module: p_switch.obj(C:\REALDOOM\p_switch.c)
0964:af20+     P_StartButton_
0964:af9c      P_ChangeSwitchTexture_
0964:b230      P_UseSpecialLine_
25b9:256a      _switchlist
25b9:2632      _buttonlist
25b9:265a      _numswitches
Module: p_mobj.obj(C:\REALDOOM\p_mobj.c)
0964:bb30+     P_ExplodeMissile_
0964:bbdc+     P_XYMovement_
0964:c040+     P_ZMovement_
0964:c38c+     P_NightmareRespawn_
0964:c544      P_MobjThinker_
0964:c67c      P_SpawnMobj_
0964:c89c      P_RemoveMobj_
0964:c8de      P_SpawnPuff_
0964:c974      P_SpawnBlood_
0964:ca18+     P_CheckMissileSpawn_
0964:cad0      P_SpawnMissile_
0964:cd32      P_SpawnPlayerMissile_
0964:cfa4      P_SetMobjState_
25b9:2660      _setStateReturn
25b9:2664      _setStateReturn_pos
Module: p_telept.obj(C:\REALDOOM\p_telept.c)
0964:d380      EV_Teleport_
Module: p_tick.obj(C:\REALDOOM\p_tick.c)
0964:d5e0+     P_GetNextThinkerRef_
0964:d61e      P_CreateThinker_
0964:d658      P_UpdateThinkerFunc_
0964:d66e      P_RemoveThinker_
0964:d686+     P_RunThinkers_
0964:d7fe      P_Ticker_
25b9:2668      _leveltime
25b9:266c      _currentThinkerListHead
Module: p_user.obj(C:\REALDOOM\p_user.c)
0964:d840+     P_Thrust_
0964:d8bc+     P_CalcHeight_
0964:dad8+     P_MovePlayer_
0964:dbba+     P_DeathThink_
0964:dcfe      P_PlayerThink_
25b9:266e+     _onground
Module: r_bsp.obj(C:\REALDOOM\r_bsp.c)
1753:0000      R_ClearDrawSegs_
1753:000e+     R_ClipSolidWallSegment_
1753:00f6+     R_ClipPassWallSegment_
1753:0160      R_ClearClipSegs_
1753:0180+     R_AddLine_
1753:0414+     R_CheckBBox_
1753:0632+     R_Subsector_
1753:0766      R_RenderBSPNode_
25b9:2670+     _solidsegs
25b9:2770      _frontsector
25b9:2774      _backsector
25b9:2778      _ds_p
25b9:277c      _curseg_render
25b9:2780+     _newend
25b9:2782      _curseg
Module: r_data.obj(C:\REALDOOM\r_data.c)
25b9:2784      _usedpatchpagemem
25b9:2794      _usedcompositetexturepagemem
25b9:279c      _activespritepages
25b9:27a4      _textureLRU
25b9:27ac      _spriteLRU
25b9:27b4      _activetexturepages
25b9:27bc      _usedspritepagemem
25b9:27d0      _activenumpages
25b9:27d4      _activespritenumpages
1753:0888      R_MarkCacheLRU_
1753:0a1a      R_EvictCacheEMSPage_
1753:0cfa+     R_DrawColumnInCache_
1753:0d88+     R_GetNextCompositeBlock_
1753:0ed0+     R_GetNextPatchBlock_
1753:100a+     R_GetNextSpriteBlock_
1753:1142+     R_GenerateComposite_
1753:133c+     gettexturepage_
1753:15cc+     getspritepage_
1753:183c+     getpatchtexture_
1753:18b8+     getcompositetexture_
1753:192a      getspritetexture_
1753:19a4      R_GetColumn_
25b9:1590      _totalpatchsize
25b9:1594      _spritecache_head
25b9:1595      _spritecache_tail
25b9:1596      _flatcache_head
25b9:1597      _flatcache_tail
25b9:1598      _patchcache_head
25b9:1599      _patchcache_tail
25b9:159a      _texturecache_head
25b9:159b      _texturecache_tail
25b9:159c*     _setval
25b9:27d8      _lastflat
25b9:27da      _firstspritelump
25b9:27dc      _lastpatch
25b9:27de      _numpatches
25b9:27e0      _firstpatch
25b9:27e2      _lastspritelump
25b9:27e4      _numtextures
25b9:27e6      _numspritelumps
25b9:27e8      _numflats
25b9:27ea      _firstflat
Module: r_draw.obj(C:\REALDOOM\r_draw.c)
25b9:27f0*     _viewimage
25b9:27f4      _ds_source
25b9:27f8      _ds_xstep
25b9:27fc      _ds_ystep
25b9:2800      _dc_texturemid
25b9:2804      _dc_iscale
25b9:2808      _ds_yfrac
25b9:280c      _dc_source
25b9:2810      _ds_colormap
25b9:2814      _ds_xfrac
25b9:2818      _dc_colormap
25b9:281c      _ds_x1
25b9:281e      _ds_x2
25b9:2820      _ds_y
25b9:2822      _dc_yh
1753:1a80      R_DrawColumn_
1753:1b32      R_DrawColumnLow_
1753:1be6      R_DrawFuzzColumn_
1753:1cf4      R_DrawSpan_
1753:221e      R_DrawSpanLow_
1753:2354      R_FillBackScreen_
1753:25d8      R_VideoErase_
1753:264c      R_DrawViewBorder_
25b9:159e+     _fuzzpos
25b9:2824      _dc_x
25b9:2826      _dc_yl
25b9:2828      _viewwindowoffset
25b9:282a      _viewwindowx
25b9:282c      _viewwindowy
25b9:282e      _scaledviewwidth
25b9:2830      _viewheight
25b9:2832      _viewwidth
Module: r_main.obj(C:\REALDOOM\r_main.c)
25b9:2840      _tantoangle
25b9:2844      _r_cachedstatecopy
25b9:2850      _basecolfunc
25b9:2854      _spanfunc
25b9:2858      _fuzzcolfunc
25b9:285c      _colfunc
25b9:2860      _projection
25b9:2864      _centeryfrac_shiftright4
25b9:2868      _centeryfrac
25b9:286c      _centerxfrac
25b9:2870      _viewsin
25b9:2874      _viewcos
25b9:2878      _viewangle
25b9:287c      _viewz
25b9:2880      _viewy
25b9:2884      _viewx
25b9:2888      _r_cachedplayerMobjsecnum
25b9:288a      _fixedcolormap
25b9:288c      _centerx
25b9:288e      _centery
25b9:2890      _skytexture
25b9:2892      _viewz_shortheight
25b9:2894      _viewangle_shiftright3
25b9:2896      _setsizeneeded
1753:26d0+     R_PointOnSide_
1753:27c0      R_PointOnSegSide_
1753:28b0      R_PointToAngle16_
1753:28c6      R_PointToAngle_
1753:2c9e      R_PointToAngle2_
1753:2cc4      R_PointToAngle2_16_
1753:2ce6      R_PointToDist_
1753:2d98      R_ScaleFromGlobalAngle_
1753:2e50      R_SetViewSize_
1753:2e5e      R_PointInSubsector_
1753:2ebe+     R_SetupFrame_
1753:2f66      R_RenderPlayerView_
25b9:15b2      _validcount
25b9:15b4      _clipangle
25b9:15b8      _fieldofview
25b9:15bc      _visplanedirty
25b9:15bd      _skytextureloaded
25b9:2897      _setdetail
25b9:2898      _setblocks
25b9:2899      _skyflatnum
25b9:289a      _detailshift
25b9:289b      _extralight
Module: r_plane.obj(C:\REALDOOM\r_plane.c)
1753:30a0+     R_MapPlane_
1753:32bc      R_ClearPlanes_
1753:338c+     R_HandleEMSPagination_
1753:3430      R_FindPlane_
1753:351a      R_CheckPlane_
1753:3662      R_DrawPlanes_
25b9:15be*     _currentemsvisplanepage
25b9:15c0+     _visplanelookupsegments
25b9:15c6      _ceilphyspage
25b9:15c7      _floorphyspage
25b9:15c8      _currentflatpage
25b9:28a0+     _planeheight
25b9:28a4+     _planezlight
25b9:28a8+     _baseyscale
25b9:28ac+     _basexscale
25b9:28b0      _allocatedflatsperpage
25b9:28b6+     _lastvisplane
25b9:28b8      _lastopening
25b9:28ba      _floorplaneindex
25b9:28bc      _ceilingplaneindex
Module: r_segs.obj(C:\REALDOOM\r_segs.c)
25b9:28c0      _ceiltop
25b9:28c4      _floortop
25b9:28c8+     _topfrac
25b9:28cc+     _bottomstep
25b9:28d0+     _bottomfrac
25b9:28d4+     _pixlow
25b9:28d8+     _pixhighstep
25b9:28dc      _walllights
25b9:28e0+     _topstep
25b9:28e4+     _pixlowstep
25b9:28e8+     _maskedtexturecol
25b9:28ec+     _rw_toptexturemid
25b9:28f0+     _worldtop
25b9:28f4+     _rw_bottomtexturemid
25b9:28f8+     _rw_midtexturemid
25b9:28fc+     _pixhigh
25b9:2900+     _worldbottom
25b9:2904+     _rw_scale
25b9:2908+     _worldlow
25b9:290c+     _worldhigh
25b9:2910+     _rw_offset
25b9:2914      _rw_distance
25b9:2918      _rw_angle1
25b9:291c+     _rw_centerangle
25b9:291e+     _rw_scalestep
1753:3b00      R_RenderMaskedSegRange_
1753:3f2e+     R_RenderSegLoop_
1753:434c      R_StoreWallRange_
25b9:2920+     _toptexture
25b9:2922+     _midtexture
25b9:2924+     _bottomtexture
25b9:2926+     _rw_stopx
25b9:2928+     _rw_x
25b9:292a      _rw_normalangle
25b9:292c+     _maskedtexture
25b9:292d+     _segtextured
25b9:292e+     _markfloor
25b9:292f+     _markceiling
Module: r_things.obj(C:\REALDOOM\r_things.c)
1753:4d80      R_ClearSprites_
1753:4d8e      R_DrawMaskedColumn_
1753:4eaa+     R_DrawVisSprite_
1753:4fc0+     R_ProjectSprite_
1753:540e      R_AddSprites_
1753:5494+     R_DrawPSprite_
1753:571c+     R_DrawPlayerSprites_
1753:576a      R_PrepareMaskedPSprites_
1753:580a+     R_SortVisSprites_
1753:596e+     R_DrawSprite_
1753:5d62      R_DrawMasked_
25b9:2930+     _spritelights
25b9:2934      _mceilingclip
25b9:2938      _sprtopscreen
25b9:293c      _pspriteiscale
25b9:2940      _spryscale
25b9:2944      _mfloorclip
25b9:2948+     _vissprite_p
25b9:294c      _sprites
25b9:2950      _pspritescale
25b9:2952      _numsprites
25b9:2954+     _vsprsortedheadfirst
Module: w_wad.obj(C:\REALDOOM\w_wad.c)
1753:5de0      _far_fread_
1753:5e6a      _far_read_
1753:5eea*     _far_fwrite_
1753:5f70      W_CheckNumForName_
1753:5f70      W_GetNumForName_
1753:600e+     W_LumpLength5000_
1753:6048+     W_LumpLength9000_
1753:6082      W_LumpLength_
1753:609c+     W_ReadLump_
1753:619e      W_CacheLumpNameDirect_
1753:61b0      W_CacheLumpNumDirect_
1753:61be      W_CacheLumpNumDirectFragment_
25b9:2956      _wadfilehandle
25b9:2958      _reloadname
25b9:295a      _reloadlump
25b9:295c      _numlumps
Module: v_video.obj(C:\REALDOOM\v_video.c)
1753:61e0      V_MarkRect_
1753:6212      V_CopyRect_
1753:6296      V_DrawPatch_
1753:63e4      V_DrawPatchDirect_
25b9:295e      _dirtybox
25b9:2966      _usegamma
Module: z_zone.obj(C:\REALDOOM\z_zone.c)
25b9:15e0      _pageswapargs
25b9:17e0*     _current5000RemappedScratchPage
25b9:17e1+     _current5000State
25b9:17e2+     _last5000State
25b9:17e3+     _current9000State
25b9:17e4+     _last9000State
25b9:17e8      _taskswitchcount
25b9:17ec      _texturepageswitchcount
25b9:17f0      _patchpageswitchcount
25b9:17f4      _compositepageswitchcount
25b9:17f8      _spritepageswitchcount
25b9:17fc      _benchtexturetype
25b9:1800      _flatpageswitchcount
25b9:1804      _scratchpageswitchcount
25b9:1808      _lumpinfo5000switchcount
25b9:180c      _lumpinfo9000switchcount
25b9:1810      _spritecacheevictcount
1753:64e0      Z_FreeConventionalAllocations_
1753:66d8      Z_QuickMap_
1753:672a      Z_QuickMapPhysics_
1753:674e      Z_QuickMapDemo_
1753:6770      Z_QuickMapRender7000_
1753:6788      Z_QuickMapRender_
1753:67b0      Z_QuickMapRender_4000To9000_
1753:67e2      Z_QuickMapRender4000_
1753:67f0*     Z_QuickMapRender9000_
1753:6802      Z_QuickMapRenderTexture_
1753:6864      Z_QuickMapStatus_
1753:6882      Z_QuickMapScratch_5000_
1753:68a8      Z_QuickMapScratch_8000_
1753:68ca      Z_QuickMapScratch_7000_
1753:68ec      Z_QuickMapScreen0_
1753:68fa      Z_QuickMapRenderPlanes_
1753:6920+     Z_QuickMapRenderPlanesBack_
1753:6946      Z_QuickMapFlatPage_
1753:6976      Z_QuickMapUndoFlatCache_
1753:69a2      Z_QuickMapSpritePage_
1753:69c4*     Z_QuickMapColumnOffsets5000_
1753:69e0*     Z_QuickMapScreen1_
1753:6a00      Z_QuickMapLumpInfo_
1753:6a56      Z_UnmapLumpInfo_
1753:6aaa      Z_QuickMapLumpInfo5000_
1753:6b00      Z_UnmapLumpInfo5000_
1753:6b40      Z_QuickMapPalette_
1753:6b5e      Z_QuickMapMenu_
1753:6b7c      Z_QuickMapIntermission_
1753:6b9e      Z_QuickMapWipe_
1753:6bd4      Z_QuickMapByTaskNum_
1753:6c40      Z_ClearDeadCode_
1753:6c98      Z_QuickMapVisplanePage_
1753:6d06      Z_QuickMapVisplaneRevert_
25b9:1812      _flatcacheevictcount
25b9:1814      _patchcacheevictcount
25b9:1816      _compositecacheevictcount
25b9:1818+     _visplaneswitchcount
25b9:181c      _currenttask
25b9:181e*     _oldtask
25b9:1820      _active_visplanes
25b9:2968*     _pageswapargseg
25b9:296a      _pagenum9000
25b9:296c      _pageswapargoff
25b9:296e      _emshandle
Module: d_math.obj(C:\REALDOOM\d_math.c)
25b9:1826      _lightmult48lookup
25b9:1846      _lightshift7lookup
25b9:1866      _pageoffsets
25b9:186e      _MULT_4096
25b9:1876      _FLAT_CACHE_PAGE
Module: d_init.obj(C:\REALDOOM\d_init.c)
1e26:0000      D_InitStrings_
1e26:00bc      D_StartTitle_
1e26:00cc+     D_GetCursorColumnRow_
1e26:00f2+     D_SetCursorPosition_
1e26:0118+     D_DrawTitle_
1e26:018e+     D_RedrawTitle_
1e26:01ae+     M_LoadDefaults_
1e26:02e6+     HU_Init_
1e26:032c*     S_Init_
1e26:032e+     M_Reload_
1e26:03d0+     M_Init_
1e26:0460+     AM_loadPics_
1e26:04c4      D_DoomMain2_
Module: st_init.obj(C:\REALDOOM\st_init.c)
1e26:0b50+     ST_loadGraphics_
1e26:0da2+     ST_loadData_
1e26:0dce      ST_Init_
Module: r_init.obj(C:\REALDOOM\r_init.c)
1e26:0de0+     R_InitSpriteLumps_
1e26:0e7c+     R_GenerateLookup_
1e26:1196+     R_InitTextures_
1e26:15ac+     R_InitData_
1e26:160a      R_Init_
Module: w_init.obj(C:\REALDOOM\w_init.c)
1e26:1660      W_AddFile_
Module: i_init.obj(C:\REALDOOM\i_init.c)
1e26:1900+     I_StartupMouse_
1e26:1944+     I_StartupKeyboard_
1e26:197c      I_Init_
Module: z_init.obj(C:\REALDOOM\z_init.c)
1e26:19c0      Z_InitEMS_
1e26:1b1e      Z_GetEMSPageMap_
1e26:1c22      Z_LoadBinaries_
25b9:2970+     _EMS_PAGE
Module: p_init.obj(C:\REALDOOM\p_init.c)
1e26:1d70+     P_InitSwitchList_
1e26:1e2e+     P_InitPicAnims_
1e26:1f04+     R_InstallSpriteLump_
1e26:1f96+     R_InitSpriteDefs_
1e26:2196+     R_InitSprites_
1e26:21b6      P_Init_
25b9:2980+     _sprtemp
25b9:2984+     _maxframe
Module: info.obj(C:\REALDOOM\info.c)
2044:0034      getPainChance_
2044:00b2      getRaiseState_
2044:010a      getXDeathState_
2044:015a      getMeleeState_
2044:01b8      getMobjMass_
2044:0222      getActiveSound_
2044:0284      getPainSound_
2044:02b8      getAttackSound_
2044:02da      getDamage_
2044:0350      getSeeState_
2044:03f4      getMissileState_
2044:04a8      getDeathState_
2044:0586      getPainState_
2044:063c      getSpawnHealth_
Module: C:\WATCOM\lib286\dos\clibm.lib(cstart)
25b9:0000*     __nullarea
25b9:1880*     __ovlflag
25b9:1881*     __intno
25b9:1882*     __ovlvec
2044:06a0      _cstart_
2044:0773*     _Not_Enough_Memory_
2044:08a7      __exit_
2044:08c6      __do_exit_with_msg__
2044:0924      __GETDS
Module: C:\WATCOM\lib286\dos\clibm.lib(cmodel)
2044:092e      _big_code_
2044:092e*     CodeModelMismatch
Module: C:\WATCOM\lib286\dos\clibm.lib(argcv.c)
25b9:2986      __argc
25b9:2988      __argv
25b9:298a      ___argc
25b9:298c      ___argv
Module: C:\WATCOM\lib286\dos\clibm.lib(intx086.c)
2044:092e+     int86x_
2044:09b4      int86_
Module: C:\WATCOM\lib286\dos\clibm.lib(d_setvec.c)
2044:09d5      _dos_setvect_
Module: C:\WATCOM\lib286\dos\clibm.lib(printf.c)
2044:09e2      printf_
Module: C:\WATCOM\lib286\dos\clibm.lib(exit.c)
2044:0a04+     __null_int23_exit_
2044:0a05      exit_
2044:0a27*     _exit_
25b9:1886+     ___int23_exit
25b9:188a+     ___FPE_handler_exit
Module: C:\WATCOM\lib286\dos\clibm.lib(vprintf.c)
2044:0a36      vprintf_
Module: C:\WATCOM\lib286\dos\clibm.lib(sprintf.c)
2044:0a45      sprintf_
Module: C:\WATCOM\lib286\dos\clibm.lib(i8m086)
2044:0a83      __I8M
2044:0a83      __U8M
2044:0a68*     __I8ME
2044:0a68*     __U8ME
Module: C:\WATCOM\lib286\dos\clibm.lib(i4m)
2044:0bce      __I4M
2044:0bce      __U4M
Module: C:\WATCOM\lib286\dos\clibm.lib(i8ls086)
2044:0be6      __I8LS
2044:0be6*     __U8LS
Module: C:\WATCOM\lib286\dos\clibm.lib(i8d086)
2044:0f01*     __U8DQ
2044:0f17*     __U8DR
2044:0f2d      __I8DQ
2044:0f49*     __I8DR
2044:0f5f*     __U8DQE
2044:0f75*     __U8DRE
2044:0f8b*     __I8DQE
2044:0fa1*     __I8DRE
Module: C:\WATCOM\lib286\dos\clibm.lib(i4d)
2044:0fb8      __I4D
2044:1007      __U4D
Module: C:\WATCOM\lib286\dos\clibm.lib(atoi.c)
2044:108b      atoi_
Module: C:\WATCOM\lib286\dos\clibm.lib(_istrcc_.asm)
2044:10d6      strcasecmp_
Module: C:\WATCOM\lib286\dos\clibm.lib(open.c)
2044:1297      open_
2044:12b7      sopen_
Module: C:\WATCOM\lib286\dos\clibm.lib(close.c)
2044:12dc      close_
Module: C:\WATCOM\lib286\dos\clibm.lib(fopen.c)
2044:12e1+     __open_flags_
2044:1490+     _fsopen_
2044:14d8      fopen_
2044:153d*     freopen_
Module: C:\WATCOM\lib286\dos\clibm.lib(fprintf.c)
2044:158d      fprintf_
Module: C:\WATCOM\lib286\dos\clibm.lib(fclose.c)
2044:15af      __doclose_
2044:1638      __shutdown_stream_
2044:164c      fclose_
25b9:298e+     ___RmTmpFileFn
Module: C:\WATCOM\lib286\dos\clibm.lib(toupper.c)
2044:166f      toupper_
Module: C:\WATCOM\lib286\dos\clibm.lib(read.c)
2044:167d      read_
Module: C:\WATCOM\lib286\dos\clibm.lib(strncpy.c)
2044:1751      strncpy_
Module: C:\WATCOM\lib286\dos\clibm.lib(chainint)
2044:177a      _chain_intr_
Module: C:\WATCOM\lib286\dos\clibm.lib(d_getvec.c)
2044:179a      _dos_getvect_
Module: C:\WATCOM\lib286\dos\clibm.lib(_istrncc.asm)
2044:17a6      strncasecmp_
Module: C:\WATCOM\lib286\dos\clibm.lib(memmove.c)
2044:17ab      memmove_
Module: C:\WATCOM\lib286\dos\clibm.lib(fread.c)
2044:17f6      fread_
Module: C:\WATCOM\lib286\dos\clibm.lib(fwrite.c)
2044:1998      fwrite_
Module: C:\WATCOM\lib286\dos\clibm.lib(strupr.c)
2044:1b51      strupr_
Module: C:\WATCOM\lib286\dos\clibm.lib(lseek.c)
2044:1b71      lseek_
Module: C:\WATCOM\lib286\dos\clibm.lib(fgetc.c)
2044:1ba2      __fill_buffer_
2044:1c60      fgetc_
Module: C:\WATCOM\lib286\dos\clibm.lib(fscanf.c)
2044:1d38+     vfscanf_
2044:1d81      fscanf_
Module: C:\WATCOM\lib286\dos\clibm.lib(sscanf.c)
2044:1dca+     vsscanf_
2044:1df3      sscanf_
Module: C:\WATCOM\lib286\dos\clibm.lib(accss.c)
2044:1e14      access_
Module: C:\WATCOM\lib286\dos\clibm.lib(iob.c)
25b9:188e      ___iob
25b9:19a6      __fmode
25b9:2992      ___OpenStreams
25b9:2994      ___ClosedStreams
Module: C:\WATCOM\lib286\dos\clibm.lib(setbuf.c)
2044:1e4a      setbuf_
Module: C:\WATCOM\lib286\dos\clibm.lib(segread.c)
2044:1e61      segread_
Module: C:\WATCOM\lib286\dos\clibm.lib(strncmp.c)
2044:1e79      strncmp_
Module: C:\WATCOM\lib286\dos\clibm.lib(xmsg.c)
2044:1ea9*     __exit_with_msg_
2044:1eae      __fatal_runtime_error_
Module: C:\WATCOM\lib286\dos\clibm.lib(cmain086.c)
2044:1ecc      __CMain
Module: C:\WATCOM\lib286\dos\clibm.lib(initrtns.c)
2044:1f27      __InitRtns
2044:1f27*     __FInitRtns
2044:1f82      __FiniRtns
2044:1f82*     __FFiniRtns
Module: C:\WATCOM\lib286\dos\clibm.lib(crwdata)
25b9:19a8      __curbrk
25b9:19b0      __STACKLOW
25b9:19b2      __STACKTOP
25b9:19b4      __cbyte
25b9:19b6      __child
25b9:19b8      __no87
25b9:19c6      ___FPE_handler
25b9:19aa      __psp
25b9:19ba      __get_ovl_stack
25b9:19be      __restore_ovl_stack
25b9:19c2      __close_ovl_file
25b9:19ca      __LpCmdLine
25b9:19ce      __LpPgmName
25b9:19ac      __osmajor
25b9:19ad      __osminor
25b9:19ae      __osmode
25b9:19af      __HShift
Module: C:\WATCOM\lib286\dos\clibm.lib(uselfn.c)
25b9:19d2      ___uselfn
Module: C:\WATCOM\lib286\dos\clibm.lib(dosseg)
2044:1fe6      __DOSseg__
Module: C:\WATCOM\lib286\dos\clibm.lib(initargv.c)
2044:1fe7      __Init_Argv_
2044:201f+     _getargv_
2044:2188      __Fini_Argv_
Module: C:\WATCOM\lib286\dos\clibm.lib(intr.c)
2044:219e      intr_
Module: C:\WATCOM\lib286\dos\clibm.lib(fprtf.c)
2044:21c3      __fprtf_
Module: C:\WATCOM\lib286\dos\clibm.lib(vsprintf.c)
2044:2271      vsprintf_
Module: C:\WATCOM\lib286\dos\clibm.lib(istable.c)
25b9:0ca6      __IsTable
Module: C:\WATCOM\lib286\dos\clibm.lib(stricmp.c)
2044:228c      stricmp_
Module: C:\WATCOM\lib286\dos\clibm.lib(opendos.c)
2044:22c8      _dos_open_
Module: C:\WATCOM\lib286\dos\clibm.lib(iomode.c)
2044:22de      __GetIOMode_
2044:22f5      __SetIOMode_nogrow_
25b9:19d4      ___NFiles
25b9:19d6      ___init_mode
25b9:19fe      ___io_mode
Module: C:\WATCOM\lib286\dos\clibm.lib(isatt.c)
2044:230a      isatty_
Module: C:\WATCOM\lib286\dos\clibm.lib(seterrno.c)
2044:2326      __set_errno_
2044:2336*     __set_EDOM_
2044:2344*     __set_ERANGE_
2044:2352*     __set_EINVAL_
2044:2363      __set_doserrno_
Module: C:\WATCOM\lib286\dos\clibm.lib(dosret.c)
2044:236e*     _dosretax_
2044:2373*     _dosret0_
2044:237a      __set_errno_dos_
2044:23ce*     __set_errno_dos_reterr_
Module: C:\WATCOM\lib286\dos\clibm.lib(errno.c)
2044:23d9      __get_errno_ptr_
2044:23dd      __get_doserrno_ptr_
25b9:2998+     _errno
25b9:299a+     __doserrno
Module: C:\WATCOM\lib286\dos\clibm.lib(umaskval.c)
25b9:1a14      ___umaskval
Module: C:\WATCOM\lib286\dos\clibm.lib(creatdos.c)
2044:23e1      _dos_creat_
2044:23f5*     _dos_creatnew_
Module: C:\WATCOM\lib286\dos\clibm.lib(stiomode.c)
2044:240a+     __grow_iomode_
2044:2494+     __shrink_iomode_
2044:24af      __SetIOMode_
Module: C:\WATCOM\lib286\dos\clibm.lib(_clse.c)
2044:2503      __close_
Module: C:\WATCOM\lib286\dos\clibm.lib(comtflag.c)
2044:2536*     __set_commode_
25b9:1a16      __commode
Module: C:\WATCOM\lib286\dos\clibm.lib(tolower.c)
2044:253d      tolower_
Module: C:\WATCOM\lib286\dos\clibm.lib(fseek.c)
2044:259f      fseek_
Module: C:\WATCOM\lib286\dos\clibm.lib(chktty.c)
2044:26ab      __chktty_
Module: C:\WATCOM\lib286\dos\clibm.lib(freefp.c)
2044:26d2      __freefp_
2044:26ff      __purgefp_
Module: C:\WATCOM\lib286\dos\clibm.lib(allocfp.c)
2044:2725      __allocfp_
Module: C:\WATCOM\lib286\dos\clibm.lib(__lseek.c)
2044:27bc      __lseek_
Module: C:\WATCOM\lib286\dos\clibm.lib(nfree.c)
2044:27f6      _nfree_
2044:27f6      free_
25b9:299e+     ___MiniHeapFreeRover
Module: C:\WATCOM\lib286\dos\clibm.lib(flush.c)
2044:28bb      __flush_
Module: C:\WATCOM\lib286\dos\clibm.lib(iomodtty.c)
2044:29ac      __ChkTTYIOMode_
2044:29e0*     __IOMode_
Module: C:\WATCOM\lib286\dos\clibm.lib(strnicmp.c)
2044:29f0      strnicmp_
Module: C:\WATCOM\lib286\dos\clibm.lib(qread.c)
2044:2a36      __qread_
Module: C:\WATCOM\lib286\dos\clibm.lib(ioalloc.c)
2044:2a4e      __ioalloc_
Module: C:\WATCOM\lib286\dos\clibm.lib(qwrit.c)
2044:2abe      __qwrite_
Module: C:\WATCOM\lib286\dos\clibm.lib(fputc.c)
2044:2b1a      fputc_
Module: C:\WATCOM\lib286\dos\clibm.lib(flushall.c)
2044:2bc8      __flushall_
2044:2bfb*     flushall_
Module: C:\WATCOM\lib286\dos\clibm.lib(gtche.c)
2044:2c00      getche_
Module: C:\WATCOM\lib286\dos\clibm.lib(ungetc.c)
2044:2c15      ungetc_
Module: C:\WATCOM\lib286\dos\clibm.lib(scnf.c)
2044:3904      __scnf_
Module: C:\WATCOM\lib286\dos\clibm.lib(gfattdos.c)
2044:3aee      _dos_getfileattr_
Module: C:\WATCOM\lib286\dos\clibm.lib(initfile.c)
2044:3b05      __InitFiles_
Module: C:\WATCOM\lib286\dos\clibm.lib(ioexit.c)
2044:3bcf*     fcloseall_
2044:3bd6      __full_io_exit_
Module: C:\WATCOM\lib286\dos\clibm.lib(setvbuf.c)
2044:3be0      setvbuf_
Module: C:\WATCOM\lib286\dos\clibm.lib(enterdb.c)
2044:3c39      __EnterWVIDEO_
25b9:1a18+     ___WD_Present
Module: C:\WATCOM\lib286\dos\clibm.lib(___argc.c)
25b9:29a0      ____Argc
25b9:29a2      ____Argv
Module: C:\WATCOM\lib286\dos\clibm.lib(amblksiz.c)
25b9:1a1a      __amblksiz
Module: C:\WATCOM\lib286\dos\clibm.lib(sgdef086)
25b9:1a2e      __Start_XI
25b9:1a40      __End_XI
25b9:1a40      __Start_YI
25b9:1a52      __End_YI
Module: C:\WATCOM\lib286\dos\clibm.lib(histsplt.c)
25b9:29a4      ___historical_splitparms
Module: C:\WATCOM\lib286\dos\clibm.lib(nmalloc.c)
2044:3c56      _nmalloc_
2044:3c56      malloc_
25b9:1a1c      ___nheapbeg
25b9:1a1e      ___MiniHeapRover
25b9:1a20      ___LargestSizeB4MiniHeapRover
Module: C:\WATCOM\lib286\dos\clibm.lib(dointr)
2044:3d18      _DoINTR_
Module: C:\WATCOM\lib286\dos\clibm.lib(prtf.c)
2044:4091      __prtf_
Module: C:\WATCOM\lib286\dos\clibm.lib(doserror)
2044:4c0c      __doserror_
Module: C:\WATCOM\lib286\dos\clibm.lib(nrealloc.c)
2044:4c1a*     _nrealloc_
2044:4c1a      realloc_
Module: C:\WATCOM\lib286\dos\clibm.lib(tell.c)
2044:4c96      tell_
Module: C:\WATCOM\lib286\dos\clibm.lib(mem.c)
2044:4cb0      __MemAllocator
2044:4d7a      __MemFree
Module: C:\WATCOM\lib286\dos\clibm.lib(fsync.c)
2044:4ed7      fsync_
Module: C:\WATCOM\lib286\dos\clibm.lib(mbisdbcs.c)
25b9:29a6      ___IsDBCS
Module: C:\WATCOM\lib286\dos\clibm.lib(mbislead.c)
2044:4edc*     _ismbblead_
25b9:29a8      ___MBCSIsTable
Module: C:\WATCOM\lib286\dos\clibm.lib(mbtowc.c)
2044:4ef3      mbtowc_
Module: C:\WATCOM\lib286\dos\clibm.lib(bits.c)
25b9:0da8      __Bits
Module: C:\WATCOM\lib286\dos\clibm.lib(noefgfmt.c)
25b9:1a22      ___EFG_printf
25b9:1a26      ___EFG_scanf
Module: C:\WATCOM\lib286\dos\clibm.lib(fdfs086)
2044:4fa2      __FDFS
Module: C:\WATCOM\lib286\dos\clibm.lib(nmemneed.c)
2044:4fe9      __nmemneed_
Module: C:\WATCOM\lib286\dos\clibm.lib(grownear.c)
2044:5058+     __LastFree_
2044:50c0      __ExpandDGROUP_
Module: C:\WATCOM\lib286\dos\clibm.lib(wctomb.c)
2044:519f      wctomb_
Module: C:\WATCOM\lib286\dos\clibm.lib(itoa.c)
2044:51bc+     utoa_
2044:5201      itoa_
Module: C:\WATCOM\lib286\dos\clibm.lib(lltoa.c)
2044:521d      ulltoa_
2044:52e2*     lltoa_
Module: C:\WATCOM\lib286\dos\clibm.lib(ltoa.c)
2044:5336      ultoa_
2044:5389*     ltoa_
Module: C:\WATCOM\lib286\dos\clibm.lib(nmsize.c)
2044:53aa*     _msize_
2044:53aa      _nmsize_
Module: C:\WATCOM\lib286\dos\clibm.lib(nexpand.c)
2044:53b9      _nexpand_
2044:53b9*     _expand_
2044:540b+     __HeapManager_expand_
Module: C:\WATCOM\lib286\dos\clibm.lib(filedos.c)
2044:5594*     _dos_close_
2044:55a2      _dos_commit_
Module: C:\WATCOM\lib286\dos\clibm.lib(mbinit.c)
2044:55e6      __mbinit_
25b9:1a2a+     ___MBCodePage
Module: C:\WATCOM\lib286\dos\clibm.lib(heapen.c)
2044:56b6*     _heapenable_
25b9:1a2c      ___heap_enabled
Module: C:\WATCOM\lib286\dos\clibm.lib(sbrk.c)
2044:56c2*     sbrk_
2044:56c6      __brk_
Module: C:\WATCOM\lib286\dos\clibm.lib(alphabet.c)
25b9:0c74      ___Alphabet
Module: C:\WATCOM\lib286\dos\clibm.lib(bfree.c)
2044:571c      _bfree_


                        +--------------------+
                        |   Libraries Used   |
                        +--------------------+

C:\WATCOM\lib286\dos\clibm.lib


                        +-----------------------+
                        |   Linker Statistics   |
                        +-----------------------+

Stack size:  1000 (4096.)
Memory size:  00029640 (169536.)
Entry point address: 2044:06a0
Link time: 00:00.59
