Open Watcom Linker Version 2.0 beta Sep  3 2024 02:05:05 (32-bit)
Copyright (c) 2002-2024 The Open Watcom Contributors. All Rights Reserved.
Portions Copyright (c) 1985-2002 Sybase, Inc. All Rights Reserved.
Created on:       25/06/08 13:02:42
Executable Image: doomout.exe
creating a DOS executable


                        +------------+
                        |   Groups   |
                        +------------+

Group                           Address              Size
=====                           =======              ====

DGROUP                          202f:0000            00002ef0



                        +--------------+
                        |   Segments   |
                        +--------------+

Segment                Class          Group          Address         Size
=======                =====          =====          =======         ====

m_near_TEXT            CODE           AUTO           0000:0000       00000000
d_init_TEXT            CODE           AUTO           0000:0000       00000c5d
st_init_TEXT           CODE           AUTO           0000:0c60       000003c3
r_init_TEXT            CODE           AUTO           0000:1030       00000c32
w_init_TEXT            CODE           AUTO           0000:1c70       00000277
i_init_TEXT            CODE           AUTO           0000:1ef0       000000a5
z_init_TEXT            CODE           AUTO           0000:1fa0       00000837
p_init_TEXT            CODE           AUTO           0000:27e0       00000479
i_main_TEXT            CODE           AUTO           02c6:0000       0000001e
i_quit_TEXT            CODE           AUTO           02c6:0020       000001e9
i_ibm_TEXT             CODE           AUTO           02c6:0210       000002ee
i_sound_TEXT           CODE           AUTO           02c6:0500       00000246
d_main_TEXT            CODE           AUTO           02c6:0750       00001038
d_net_TEXT             CODE           AUTO           02c6:1790       00000105
g_game_TEXT            CODE           AUTO           02c6:18a0       0000090b
m_misc_TEXT            CODE           AUTO           02c6:21b0       000000d5
am_map_TEXT            CODE           AUTO           02c6:2290       0000128d
st_stuff_TEXT          CODE           AUTO           02c6:3520       00000b53
hu_stuff_TEXT          CODE           AUTO           02c6:4080       000001d2
hu_lib_TEXT            CODE           AUTO           02c6:4260       000001b3
m_menu_TEXT            CODE           AUTO           02c6:4420       00001410
D_ALGO_TEXT            CODE           AUTO           02c6:5830       00000045
dmx_TEXT               CODE           AUTO           02c6:5880       000001a2
D_INT_TEXT             CODE           AUTO           02c6:5a22       00000175
MEMORY_TEXT            CODE           AUTO           02c6:5b98       00000000
MATH_TEXT              CODE           AUTO           02c6:5b98       0000078b
MAIN_TEXT              CODE           AUTO           02c6:6324       00000e79
g_setup_TEXT           CODE           AUTO           02c6:71a0       000002cc
r_setup_TEXT           CODE           AUTO           02c6:7470       00000445
st_setup_TEXT          CODE           AUTO           02c6:78c0       00000202
hu_setup_TEXT          CODE           AUTO           02c6:7ad0       000000c1
s_sound_TEXT           CODE           AUTO           0a80:0000       0000066f
s_sbsfx_TEXT           CODE           AUTO           0a80:0670       000017ef
p_ceilng_TEXT          CODE           AUTO           0a80:1e60       0000038e
p_doors_TEXT           CODE           AUTO           0a80:21f0       00000664
p_enemy_TEXT           CODE           AUTO           0a80:2860       0000265f
p_floor_TEXT           CODE           AUTO           0a80:4ec0       000007f6
p_inter_TEXT           CODE           AUTO           0a80:56c0       00000c7f
p_lights_TEXT          CODE           AUTO           0a80:6340       000003ed
P_MAP_TEXT             CODE           AUTO           0a80:672e       00002377
p_plats_TEXT           CODE           AUTO           0a80:8ab0       00000419
p_pspr_TEXT            CODE           AUTO           0a80:8ed0       00000ae5
p_spec_TEXT            CODE           AUTO           0a80:99c0       000011c8
p_switch_TEXT          CODE           AUTO           0a80:ab90       00000ae1
p_mobj_TEXT            CODE           AUTO           0a80:b680       00001633
P_MOBJA_TEXT           CODE           AUTO           0a80:ccb4       00000077
p_telept_TEXT          CODE           AUTO           0a80:cd30       0000021c
P_TICK_TEXT            CODE           AUTO           0a80:cf4c       00000147
p_user_TEXT            CODE           AUTO           0a80:d0a0       0000062f
r_data_TEXT            CODE           AUTO           17ed:0000       00000e3a
R_DATAA_TEXT           CODE           AUTO           17ed:0e3a       000006d0
R_MATH_TEXT            CODE           AUTO           17ed:150a       000001e3
R_MAINHI_TEXT          CODE           AUTO           17ed:16ee       00002491
r_draw_TEXT            CODE           AUTO           17ed:3b80       000000fb
r_main_TEXT            CODE           AUTO           17ed:3c80       000001dd
w_wad_TEXT             CODE           AUTO           17ed:3e60       0000030c
VIDEO_TEXT             CODE           AUTO           17ed:416c       000004e6
v_video_TEXT           CODE           AUTO           17ed:4660       00000218
z_zone_TEXT            CODE           AUTO           17ed:4880       000004e7
p_setup_TEXT           CODE           AUTO           1cc4:0000       00001247
_TEXT                  CODE           AUTO           1cc4:1250       0000245e
FAR_DATA               FAR_DATA       AUTO           202e:000e       00000000
_NULL                  BEGDATA        DGROUP         202f:0000       00000020
_AFTERNULL             BEGDATA        DGROUP         2031:0000       00000002
_FIXEDDATA             DATA           DGROUP         2032:0000       00000670
_DATA                  DATA           DGROUP         2099:0000       00000878
CONST                  DATA           DGROUP         2120:0008       0000070c
CONST2                 DATA           DGROUP         2191:0004       00000101
XIB                    DATA           DGROUP         21a1:0006       00000000
XI                     DATA           DGROUP         21a1:0006       0000000c
XIE                    DATA           DGROUP         21a2:0002       00000000
YIB                    DATA           DGROUP         21a2:0002       00000000
YI                     DATA           DGROUP         21a2:0002       00000012
YIE                    DATA           DGROUP         21a3:0004       00000000
DATA                   DATA           DGROUP         21a3:0004       00000000
_BSS                   BSS            DGROUP         21a4:0000       00000b9e
STACK                  STACK          DGROUP         225e:0000       00000c00


                        +----------------+
                        |   Memory Map   |
                        +----------------+

* = unreferenced symbol
+ = symbol only referenced locally

Address        Symbol
=======        ======

Module: m_near.obj(C:\REALDOOM\m_near.c)
202f:1750      _sb_voicelist
202f:1790      _musdriverstartposition
202f:17a0      _channels
202f:17d0      _codestartposition
202f:17e8      _savename
202f:17f8      _texturecache_nodes
202f:1858      _spritecache_nodes
202f:18a8      _anims
202f:1968      _usedtexturepagemem
202f:1980      _solidsegs
202f:1a00      _wadfiles
202f:1a08      _trace
202f:1a18      _switchlist
202f:1ae0      _saveOldString
202f:1af8      _w_faces
202f:1b00      _w_ammo
202f:1b28      _w_arms
202f:1b58      _w_keyboxes
202f:1b70      _arms
202f:1b88      _w_armsbg
202f:1b90      _w_maxammo
202f:1bb8      _am_l
202f:1bc0      _am_fl
202f:1bc8      _am_lc
202f:1bd0      _am_ml
202f:1bd8      _markpoints
202f:1c00      _cachedsegmentlumps
202f:1c08      _cachedlumps
202f:1c10      _activenumpages
202f:1c18      _activespritepages
202f:1c20      _textureL1LRU
202f:1c28      _activetexturepages
202f:1c38      _deadAttackerY
202f:1c3c      _deadAttackerX
202f:1c40      _currentpageframes
202f:1c44      _flatcache_nodes
202f:1c50      _segloopcachedsegment
202f:1c54      _segloopcachedbasecol
202f:1c58      _segloopprevlookup
202f:1c5c      _levelTimeCount
202f:1c60      _usedspritepagemem
202f:1c74      _filetolumpsize
202f:1c80      _intercept_p
202f:1c84      _bestslidefrac
202f:1c88      _tmymove
202f:1c8c      _tmxmove
202f:1c90      _linetarget_pos
202f:1c94      _aimslope
202f:1c98      _shootz
202f:1c9c      _tmy
202f:1ca0      _tmx
202f:1ca4      _tmthing_pos
202f:1ca8      _setStateReturn_pos
202f:1cac      _buttonlist
202f:1cd0      _bulletslope
202f:1cd4      _TaskServiceCount
202f:1cd8      _OldInt8
202f:1cdc      _activeplats
202f:1d18      _leveltime
202f:1d1c      _st_stuff_buf
202f:1d50      _w_health
202f:1d5c      _w_armor
202f:1d68      _faces
202f:1dbc      _keys
202f:1dc8      _shortnum
202f:1ddc      _tallnum
202f:1df0+     _mousearray
202f:1df4      _starttime
202f:1df8      _gametic
202f:1dfc      _playerMobj_pos
202f:1e00      _maketic
202f:1e04      _gametime
202f:1e08      _p_init_sprtemp
202f:1e0c      _am_scale_mtof
202f:1e10      _am_scale_ftom
202f:1e14      _screen_oldloc
202f:1e18      _am_buffer
202f:1e2c      _am_max_scale_mtof
202f:1e30      _m_paninc
202f:1e34      _spriteL1LRU
202f:1e38      _activespritenumpages
202f:1e3c      _lineopening
202f:1e42      _hu_font
202f:1ec0      _w_ready
202f:1eca      _keyboxes
202f:1ed0      _pcspeaker_endoffset
202f:1ed2      _pcspeaker_currentoffset
202f:1ed4      _pagenum9000
202f:1ed6      _segloopheightvalcache
202f:1ed8      _spritewidths_segment
202f:1eda      _numlinespecials
202f:1edc      _emshandle
202f:1ede      _lastanim
202f:1ee0      _numlumps
202f:1ee2      _newend
202f:1ee4      _attackrange16
202f:1ee6      _lastcalculatedsector
202f:1ee8      _la_damage
202f:1eea      _linetarget
202f:1eec      _shootthing
202f:1eee      _bestslidelinenum
202f:1ef0      _setStateReturn
202f:1ef2      _ceilinglinenum
202f:1ef4      _tmthing
202f:1ef6      _tmfloorz
202f:1ef8      _tmdropoffz
202f:1efa      _tmceilingz
202f:1efc      _numspechit
202f:1efe      _tmflags1
202f:1f00      _oldentertics
202f:1f02      _currentThinkerListHead
202f:1f04      _armsbgarray
202f:1f06      _numswitches
202f:1f08      _whichSkull
202f:1f0a      _currentMenu
202f:1f0c      _skullAnimCounter
202f:1f0e      _saveStringEnter
202f:1f10      _itemOn
202f:1f12      _saveCharIndex
202f:1f14      _messageRoutine
202f:1f16      _saveSlot
202f:1f18      _st_calc_lastcalc
202f:1f1a      _messageLastMenuActive
202f:1f1c      _armsbg
202f:1f1e      _faceback
202f:1f20      _sbar
202f:1f22      _defdemoname
202f:1f24      _myargc
202f:1f26      _myargv
202f:1f28      _tallpercent
202f:1f2a      _dclicks
202f:1f2c      _dclicktime
202f:1f2e      _dclickstate
202f:1f30      _dclicktime2
202f:1f32      _mousex
202f:1f34      _dclickstate2
202f:1f36      _dclicks2
202f:1f38      _demo_p
202f:1f3a      _totalkills
202f:1f3c      _totalitems
202f:1f3e      _totalsecret
202f:1f40      _playerMobj
202f:1f42      _playerMobjRef
202f:1f44      _p_init_maxframe
202f:1f46      _old_screen_botleft_y
202f:1f48      _am_min_level_x
202f:1f4a      _am_min_level_y
202f:1f4c      _screen_viewport_height
202f:1f4e      _screen_topright_y
202f:1f50      _screen_topright_x
202f:1f52      _screen_viewport_width
202f:1f54      _am_min_scale_mtof
202f:1f56      _old_screen_viewport_width
202f:1f58      _old_screen_botleft_x
202f:1f5a      _screen_botleft_x
202f:1f5c      _screen_botleft_y
202f:1f5e      _ftom_zoommul
202f:1f60      _am_max_level_y
202f:1f62      _am_max_level_x
202f:1f64      _old_screen_viewport_height
202f:1f66      _mtof_zoommul
202f:1f68      _skytexture
202f:1f6a      _numpatches
202f:1f6c      _pspritescale
202f:1f6e      _firstpatch
202f:1f70      _numtextures
202f:1f72      _numspritelumps
202f:1f74      _numflats
202f:1f76      _scaledviewwidth
202f:1f78      _viewwindowoffset
202f:1f7a      _r_cachedplayerMobjsecnum
202f:1f7c      _viewwindowx
202f:1f7e      _viewwindowy
202f:1f80      _pendingdetail
202f:1f82      _snd_SBport
202f:1f84      _snd_Mport
202f:1f86      _pagename
202f:1f88      _pagetic
202f:1f8a      _w_title
202f:1fe3      _w_message
202f:214c      _menu_messageString
202f:21b5      _oldweaponsowned
202f:21be      _wminfo
202f:21d3      _player
202f:2236      _useDeadAttackerRef
202f:2237      _mus_paused
202f:2238      _levelTimer
202f:2239      _crushchange
202f:223a      _nofit
202f:223b      _onground
202f:223c      _TS_TimesInInterrupt
202f:223d      _menu_epi
202f:223e      _messageNeedsInput
202f:223f      _message_on
202f:2240      _message_dontfuckwithme
202f:2241      _do_st_refresh
202f:2242      _message_counter
202f:2243      _message_nottobefuckedwith
202f:2244      _messageToPrint
202f:2245      _st_randomnumber
202f:2246      _secretexit
202f:2247      _st_statusbaron
202f:2248      _updatedthisframe
202f:2249      _st_firsttime
202f:224a      _st_gamestate
202f:224b      _usemouse
202f:224c      _mousebforward
202f:224d      _d_episode
202f:224e      _turnheld
202f:224f      _d_skill
202f:2250      _d_map
202f:2251      _savegameslot
202f:2252      _key_speed
202f:2253      _mousebfire
202f:2254      _key_left
202f:2255      _key_fire
202f:2256      _key_strafe
202f:2257      _key_straferight
202f:2258      _key_up
202f:2259      _mousebstrafe
202f:225a      _singledemo
202f:225b      _netdemo
202f:225c      _key_down
202f:225d      _key_use
202f:225e      _key_right
202f:225f      _key_strafeleft
202f:2260      _paused
202f:2261      _timingdemo
202f:2262      _sendsave
202f:2263      _noblit
202f:2264      _demoplayback
202f:2265      _demorecording
202f:2266      _sendpause
202f:2267      _usergame
202f:2268      _borderdrawcount
202f:2269      _numChannels
202f:226a      _gameskill
202f:226b      _respawnmonsters
202f:226c      _mousepresent
202f:226d      _novideo
202f:226e      _usegamma
202f:226f      _setsizeneeded
202f:2270      _setblocks
202f:2271      _eventtail
202f:2272      _sfxVolume
202f:2273      _showMessages
202f:2274      _mouseSensitivity
202f:2275      _menuactive
202f:2276      _screenSize
202f:2277      _inhelpscreens
202f:2278      _quickSaveSlot
202f:2279      _detailLevel
202f:227a      _musicVolume
202f:227b      _startmap
202f:227c      _modifiedgame
202f:227d      _autostart
202f:227e      _advancedemo
202f:227f      _nomonsters
202f:2280      _startskill
202f:2281      _fastparm
202f:2282      _eventhead
202f:2283      _respawnparm
202f:2284      _startepisode
202f:2285      _snd_DesiredMusicDevice
202f:2286      _demosequence
202f:2287      _snd_SBirq
202f:2288      _snd_SfxVolume
202f:2289      _snd_DesiredSfxDevice
202f:06a0      _singletics
202f:06a1      _skytextureloaded
202f:06a2      _clipangle
202f:06a4      _fieldofview
202f:06a6      _spritecache_l2_head
202f:06a7      _spritecache_l2_tail
202f:06a8      _flatcache_l2_head
202f:06a9      _flatcache_l2_tail
202f:06aa      _texturecache_l2_head
202f:06ab      _texturecache_l2_tail
202f:06ac      _cachedtex
202f:06ae      _cachedsegmenttex
202f:06b0      _cachedsegmenttex2
202f:06b2      _cachedtex2
202f:06b4      _cachedcollength
202f:06b5      _cachedcollength2
202f:06b6      _am_cheating
202f:06b7      _am_grid
202f:06b8      _markpointnum
202f:06b9      _followplayer
202f:06ba      _am_stopped
202f:06bb      _am_bigstate
202f:06bc      _am_lastlevel
202f:06bd      _am_lastepisode
202f:06be      _player_arrow
202f:06f6      _cheat_player_arrow
202f:0776      _thintriangle_guy
202f:078e      _pagesegments
202f:07a0      _R_DrawPlanesCall
202f:07a4      _R_WriteBackViewConstantsSpanCall
202f:07a8      _R_DrawMaskedCall
202f:07ac      _wipe_StartScreenCall
202f:07b0      _wipe_WipeLoopCall
202f:07b4      _R_WriteBackMaskedFrameConstantsCall
202f:07b8      _R_WriteBackViewConstantsMaskedCall
202f:07bc      _F_StartFinale
202f:07c0      _F_Ticker
202f:07c4      _F_Drawer
202f:07c8      _F_Responder
202f:07cc      _WI_Start
202f:07d0      _WI_Ticker
202f:07d4      _WI_Drawer
202f:07d8      _P_UnArchivePlayers
202f:07dc      _P_UnArchiveWorld
202f:07e0      _P_UnArchiveThinkers
202f:07e4      _P_UnArchiveSpecials
202f:07e8      _P_ArchivePlayers
202f:07ec      _P_ArchiveWorld
202f:07f0      _P_ArchiveThinkers
202f:07f4      _P_ArchiveSpecials
202f:07f8      _S_ActuallyChangeMusic
202f:07fc      _LoadSFXWadLumps
202f:0800      _P_CheckSight
202f:0804      _currentlumpindex
202f:0806      _maskedcount
202f:0808      _currentpostoffset
202f:080a      _currentpostdataoffset
202f:080c      _currentpixeloffset
202f:080e      _grmode
202f:0810      _oldkeyboardisr
202f:0814      _viewactivestate
202f:0815      _menuactivestate
202f:0816      _inhelpscreensstate
202f:0817      _fullscreen
202f:0818      _oldgamestate
202f:0819      _precache
202f:081c      _forwardmove
202f:0824      _sidemove
202f:082c      _mousebuttons
202f:082e      _prndindex
202f:0830      _st_oldhealth
202f:0832      _st_facecount
202f:0834      _st_faceindex
202f:0836      _st_palette
202f:0838      _st_calc_oldhealth
202f:083a      _st_face_lastattackdown
202f:083b      _st_face_priority
202f:083c      _skullName
202f:0840      _MainMenu
202f:085e      _MainDef
202f:086a+     _EpisodeMenu
202f:087e      _EpiDef
202f:088a+     _NewGameMenu
202f:08a3      _NewDef
202f:08af+     _OptionsMenu
202f:08d7      _OptionsDef
202f:08e3      _ReadMenu1
202f:08e8      _ReadDef1
202f:08f4+     _ReadMenu2
202f:08f9      _ReadDef2
202f:0905+     _SoundMenu
202f:0919      _SoundDef
202f:0925      _LoadMenu
202f:0943      _LoadDef
202f:094f+     _SaveMenu
202f:096d      _SaveDef
202f:0979      _detailNames
202f:097b      _msgNames
202f:097d      _HeadTask
202f:097f      _MUSTask
202f:0981      _TS_Installed
202f:0982      _TS_InInterrupt
202f:0983      _st_stopped
202f:0984      _weaponinfo
202f:09e8      _maxammo
202f:09f0      _clipammo
202f:09f4      _opposite
202f:09fd      _diags
202f:0a02      _filetolumpindex
202f:0a08      _currentloadedfileindex
202f:0a0a      _pageswapargs
202f:0c36      _currenttask
202f:0c37      _seglooptexrepeat
202f:0c3a      _segloopnextlookup
202f:0c3e      _versionstring
202f:0c4a      _currentoverlay
202f:0c4b      _sfx_priority
202f:0cb8      _FORCE_5000_LUMP_LOAD
202f:228a      _snd_SBdma
Module: d_init.obj(C:\REALDOOM\d_init.c)
0000:0000      D_InitStrings_
0000:00aa+     D_GetCursorColumnRow_
0000:00be*     D_SetCursorPosition_
0000:00d0+     D_DrawTitle_
0000:0142+     D_RedrawTitle_
0000:0170+     makethreecharint_
0000:01a8+     HU_Init_
0000:0240+     S_Init_
0000:0274+     AM_loadPics_
0000:02da+     G_RecordDemo_
0000:032c+     G_TimeDemo_
0000:0350+     M_Reload_
0000:0434+     M_Init_
0000:04bc+     check_is_ultimate_
0000:0508      D_DoomMain2_
Module: st_init.obj(C:\REALDOOM\st_init.c)
0000:0c60+     ST_loadGraphics_
0000:0ff0+     ST_loadData_
0000:101a      ST_Init_
Module: r_init.obj(C:\REALDOOM\r_init.c)
0000:1030+     R_InitSpriteLumps_
0000:11ca+     R_GenerateLookup_
0000:1776+     R_InitTextures_
0000:1ae6+     R_InitTextures2_
0000:1b3a+     R_InitPatches_
0000:1bb4+     R_InitData_
0000:1bfa      R_Init_
Module: w_init.obj(C:\REALDOOM\w_init.c)
0000:1c70      W_AddFile_
Module: i_init.obj(C:\REALDOOM\i_init.c)
0000:1ef0+     I_StartupMouse_
0000:1f36+     I_StartupKeyboard_
0000:1f5a      I_Init_
Module: z_init.obj(C:\REALDOOM\z_init.c)
0000:1fa0*     doerror_
0000:1fb0      Z_InitEMS_
0000:20de      Z_GetEMSPageMap_
0000:21dc      Z_LoadBinaries_
Module: p_init.obj(C:\REALDOOM\p_init.c)
0000:27e0+     P_InitSwitchList_
0000:28ac+     P_InitPicAnims_
0000:2982+     R_InstallSpriteLump_
0000:2a12+     R_InitSpriteDefs_
0000:2c20+     R_InitSprites_
0000:2c40      P_Init_
Module: i_main.obj(C:\REALDOOM\i_main.c)
02c6:0000      main_
Module: i_quit.obj(C:\REALDOOM\i_quit.c)
02c6:0020+     I_ShutdownSound_
02c6:0056+     I_ShutdownGraphics_
02c6:0078+     I_ShutdownTimer_
02c6:00b0+     I_ShutdownKeyboard_
02c6:00e2+     I_ShutdownMouse_
02c6:00f0+     Z_ShutdownEMS_
02c6:0122      I_Shutdown_
02c6:0164      M_CheckParm_
02c6:01bc      I_Quit_
Module: i_ibm.obj(C:\REALDOOM\i_ibm.c)
02c6:0210      I_WaitVBL_
02c6:023e      I_SetPalette_
02c6:02b6      I_UpdateBox_
02c6:037c      I_FinishUpdate_
02c6:0396*     I_EndRead_
02c6:0396*     I_BeginRead_
02c6:039e      I_ReadMouse_
02c6:03de*     I_InitDiskFlash_
02c6:03e0      I_ResetMouse_
02c6:03e8      I_Error_
02c6:0446      I_InitGraphics_
Module: i_sound.obj(C:\REALDOOM\i_sound.c)
02c6:0500*     I_StartupTimer_
02c6:0516      I_PauseSong_
02c6:053e      I_ResumeSong_
02c6:0566      I_StartSound_
02c6:05ca      I_StopSound_
02c6:05ea      I_SoundIsPlaying_
02c6:05f0      I_UpdateSoundParams_
02c6:060c      I_StartupSound_
Module: d_main.obj(C:\REALDOOM\d_main.c)
02c6:0750      D_PostEvent_
02c6:077c      D_ProcessEvents_
02c6:07c6      getStringByIndex_
02c6:080c      copystr8_
02c6:0846      locallib_strlen_
02c6:0864      locallib_toupper_
02c6:0870      locallib_strcpy_
02c6:08a0      locallib_strncpy_
02c6:08f6+     locallib_printhexdigit_
02c6:090c      locallib_printhex_
02c6:0a70+     locallib_printdecimal_
02c6:0bde+     locallib_printstringfar_
02c6:0c44*     locallib_printstringnear_
02c6:0c4e      locallib_printf_
02c6:0eb6      DEBUG_PRINT_
02c6:0ecc      locallib_strupr_
02c6:0efa      locallib_strlwr_
02c6:0f28      combine_strings_
02c6:0f9e      combine_strings_near_
02c6:0fea      locallib_strcmp_
02c6:103a      locallib_strncasecmp_
02c6:1096      makesavegamename_
02c6:10d2      D_StartTitle_
02c6:10e6      I_UpdateNoBlit_
02c6:11f2+     D_Display_
02c6:148e+     G_BeginRecording_
02c6:153c      D_PageTicker_
02c6:154e+     D_PageDrawer_
02c6:1576      D_DoAdvanceDemo_
02c6:1690+     Z_ClearDeadCode_
02c6:16d6      D_DoomMain_
02c6:16de*     D_DoomLoop_
Module: d_net.obj(C:\REALDOOM\d_net.c)
02c6:1790      NetUpdate_
02c6:17f2      TryRunTics_
Module: g_game.obj(C:\REALDOOM\g_game.c)
02c6:18a0      R_FlatNumForName_
02c6:18ae+     G_DoWorldDone_
02c6:18d0+     G_DoNewGame_
02c6:1922      G_Ticker_
02c6:1a5e+     G_PlayerFinishLevel_
02c6:1aa6      G_PlayerReborn_
02c6:1b1c      G_ExitLevel_
02c6:1b2a      G_SecretExitLevel_
02c6:1b62+     G_DoCompleted_
02c6:1cc8      G_LoadGame_
02c6:1cf4+     G_DoLoadGame_
02c6:1e08      G_SaveGame_
02c6:1e3a+     G_DoSaveGame_
02c6:1fa8      G_DeferedInitNew_
02c6:1fba+     G_ReadDemoTiccmd_
02c6:200a+     G_WriteDemoTiccmd_
02c6:206e      G_DeferedPlayDemo_
02c6:207a+     G_DoPlayDemo_
02c6:2104      G_CheckDemoStatus_
Module: m_misc.obj(C:\REALDOOM\m_misc.c)
02c6:21b0      M_Random_
02c6:21c8      M_AddToBox16_
02c6:21f2      M_WriteFile_
02c6:2234      M_ReadFile_
Module: am_map.obj(C:\REALDOOM\am_map.c)
02c6:2290*     MTOF16_
02c6:22a4*     CXMTOF16_
02c6:22bc*     CYMTOF16_
02c6:22dc+     AM_activateNewScale_
02c6:2342+     AM_restoreScaleAndLoc_
02c6:23c4+     AM_addMark_
02c6:23fa+     AM_findMinMaxBoundaries_
02c6:24c8+     AM_changeWindowLoc_
02c6:2556+     AM_initVariables_
02c6:25ea*     AM_clearMarks_
02c6:260a+     AM_LevelInit_
02c6:2682      AM_Stop_
02c6:2694+     AM_Start_
02c6:26de+     AM_minOutWindowScale_
02c6:2708+     AM_maxOutWindowScale_
02c6:2732      AM_Responder_
02c6:2ade+     AM_changeWindowScale_
02c6:2b54+     AM_doFollowPlayer_
02c6:2bb8      AM_Ticker_
02c6:2be2+     DOOUTCODE_
02c6:2c06+     AM_clipMline_
02c6:2e2e+     AM_drawMline_
02c6:2f06+     AM_drawGrid_
02c6:3084+     AM_drawWalls_
02c6:324e+     AM_rotate_
02c6:32ba+     AM_drawLineCharacter_
02c6:3376+     AM_drawPlayers_
02c6:33b2+     AM_drawThings_
02c6:341c+     AM_drawMarks_
02c6:34b2*     AM_drawCrosshair_
02c6:34c2      AM_Drawer_
Module: st_stuff.obj(C:\REALDOOM\st_stuff.c)
02c6:3520+     ST_refreshBackground_
02c6:3566      ST_Responder_
02c6:39a0+     ST_calcPainOffset_
02c6:39e2+     ST_updateFaceWidget_
02c6:3c38+     ST_updateWidgets_
02c6:3c7c      ST_Ticker_
02c6:3c8e+     ST_doPaletteStuff_
02c6:3d16*     STlib_updateflag_
02c6:3d2a+     STlib_updateMultIcon_
02c6:3dec+     STlib_drawNum_
02c6:3efa+     STlib_updatePercent_
02c6:3f34+     ST_drawWidgets_
02c6:400e      ST_Drawer_
Module: hu_stuff.obj(C:\REALDOOM\hu_stuff.c)
02c6:4080      HU_Drawer_
02c6:4110      HU_Erase_
02c6:4158      HU_Ticker_
02c6:41f8      HU_Responder_
Module: hu_lib.obj(C:\REALDOOM\hu_lib.c)
02c6:4260      HUlib_addStringToTextLine_
02c6:42b0      HUlib_drawTextLine_
02c6:432e      HUlib_eraseTextLine_
02c6:43ac      HUlib_addMessageToSText_
Module: m_menu.obj(C:\REALDOOM\m_menu.c)
02c6:4420      M_GetMenuPatch_
02c6:445e      M_DrawLoad_
02c6:44c4+     M_DrawSaveLoadBorder_
02c6:452e      M_LoadSelect_
02c6:4558      M_LoadGame_
02c6:4564+     M_ReadSaveStrings_
02c6:45d2      M_DrawSave_
02c6:466c+     M_DoSave_
02c6:4696      M_SaveSelect_
02c6:4716      M_SaveGame_
02c6:4764+     M_QuickSaveResponse_
02c6:4780+     M_QuickSave_
02c6:482e+     M_QuickLoadResponse_
02c6:484a+     M_QuickLoad_
02c6:48dc      M_DrawReadThis1_
02c6:48ee      M_DrawReadThis2_
02c6:4900      M_DrawReadThisRetail_
02c6:4912      M_DrawSound_
02c6:4960      M_Sound_
02c6:496e      M_SfxVol_
02c6:49a2      M_MusicVol_
02c6:49d6      M_DrawMainMenu_
02c6:49f2      M_DrawNewGame_
02c6:4a24      M_NewGame_
02c6:4a4e      M_DrawEpisode_
02c6:4a6a+     M_VerifyNightmare_
02c6:4a8e      M_ChooseSkill_
02c6:4adc      M_Episode_
02c6:4b30      M_DrawOptions_
02c6:4bd0      M_Options_
02c6:4bde      M_ChangeMessages_
02c6:4c02+     M_EndGameResponse_
02c6:4c20      M_EndGame_
02c6:4c60      M_ReadThis_
02c6:4c8a      M_ReadThis2_
02c6:4c98      M_FinishReadThis_
02c6:4ca6+     M_QuitResponse_
02c6:4d04      M_QuitDOOM_
02c6:4d9c      M_ChangeSensitivity_
02c6:4dc4      M_ChangeDetail_
02c6:4e1a      M_SizeDisplay_
02c6:4e60+     M_DrawThermo_
02c6:4ee4+     M_StartMessage_
02c6:4f22+     M_StringWidth_
02c6:4f7e+     M_StringHeight_
02c6:4fc4+     M_WriteText_
02c6:5046      M_Responder_
02c6:5638      M_StartControlPanel_
02c6:5652      M_Drawer_
02c6:5802*     M_SetupNextMenu_
02c6:5812      M_Ticker_
Module: d_algo.obj(d_algo.ASM)
02c6:5859      hackDSBack_
02c6:5875*     D_ALGO_END_
02c6:5830      resetDS_
02c6:5838      hackDS_
Module: dmx.obj(C:\REALDOOM\dmx.c)
02c6:5880*     TS_SetTimerToMaxTaskRate_
02c6:5894+     playpcspeakernote_
02c6:58d8+     TS_ServiceScheduleIntEnabled_
02c6:59bc+     TS_Startup_
02c6:59fc      TS_ScheduleMainTask_
02c6:5a16      TS_Dispatch_
202f:0d2a+     _lastpcspeakernotevalue
Module: d_int.obj(d_int.ASM)
02c6:5a32      MUS_ServiceRoutine_
02c6:5b66      locallib_int86_67_
02c6:5b66      locallib_int86_67_1arg_return_
02c6:5b97*     D_INTERRUPT_ENDMARKER_
02c6:5b66      locallib_int86_67_3arg_return_
02c6:5b69      locallib_int86_10_4args_
02c6:5a22*     D_INTERRUPT_STARTMARKER_
02c6:5b66      locallib_int86_67_1arg_
02c6:5b66      locallib_int86_67_2arg_
02c6:5b6f      S_NormalizeSfxVolume_
02c6:5b66      locallib_int86_67_esdi_
02c6:5b6c      locallib_int86_33_
02c6:5b66      locallib_int86_67_multiple_
02c6:5b69      locallib_int86_10_
Module: math.obj(math.ASM)
02c6:5f53      FastDiv32u16u_
02c6:60e5      FastDiv3232FFFF_
02c6:5ca9      FixedMulTrigNoShift_
02c6:5d85      FastMul16u32u_
02c6:5ee5      FixedDiv_
02c6:5cf4*     FixedMulTrig16_
02c6:5d9a      div48_32_
02c6:5ff9*     FastDiv3232_RPTA_
02c6:61f5*     div48_32_whole_
02c6:5d0c      FastMulTrig16_
02c6:5d33      FixedMulTrigSpeed_
02c6:5d76*     FixedMul16u32u_
02c6:5f71      FastDiv3216u_
02c6:618e      FixedDivWholeA_
02c6:5ca5      FixedMulTrig_
02c6:5bd1*     FixedMulBig16u32_
02c6:5c24      FixedMul2432_
02c6:5c65      FixedMul1632_
02c6:5bda      FixedMul2424_
02c6:5b98      FixedMul_
02c6:5fc8      FastDiv3232_shift_3_8_
02c6:5d4d      FixedMulBig1632_
02c6:5d61      FixedMul16u32_
02c6:5d37      FixedMulTrigSpeedNoShift_
Module: main.obj(main.ASM)
02c6:70a2      G_Responder_
02c6:64ec*     dumpstacktrace_
02c6:66e2      G_CopyCmd_
02c6:681a*     G_SetGameKeyDown_
02c6:6834      G_GetGameKey_
02c6:6827*     G_SetGameKeyUp_
02c6:6de3      M_LoadDefaults_
02c6:64b8      I_KeyboardISR_
02c6:6809      G_ResetGameKeys_
02c6:6b80*     CopyString13_
02c6:6840      G_BuildTiccmd_
02c6:63fb      cht_CheckCheat_
02c6:6fc6      M_SaveDefaults_
02c6:645d      cht_GetParam_
02c6:653a      I_StartTic_
Module: g_setup.obj(C:\REALDOOM\g_setup.c)
02c6:71a0      R_CheckTextureNumForName_
02c6:7200      R_TextureNumForName_
02c6:722c      G_DoLoadLevel_
02c6:72b8      G_InitNew_
Module: r_setup.obj(C:\REALDOOM\r_setup.c)
02c6:7470+     R_InitTextureMapping_
02c6:7762      R_ExecuteSetViewSize_
Module: st_setup.obj(C:\REALDOOM\st_setup.c)
02c6:78c0+     STlib_initNum_
02c6:78e2+     STlib_initPercent_
02c6:7900+     STlib_initMultIcon_
02c6:7916+     ST_createWidgets_
02c6:7a4e+     ST_Stop_
02c6:7a62      ST_Start_
Module: hu_setup.obj(C:\REALDOOM\hu_setup.c)
02c6:7ad0      HU_Start_
Module: s_sound.obj(C:\REALDOOM\s_sound.c)
0a80:0000      S_SetMusicVolume_
0a80:002e      S_ChangeMusic_
0a80:003c      S_StartMusic_
0a80:004a      S_StopChannel_
0a80:00c0+     S_AdjustSoundParamsSep_
0a80:013a+     S_AdjustSoundParamsVol_
0a80:021c      S_SetSfxVolume_
0a80:024e      S_PauseSound_
0a80:026c      S_ResumeSound_
0a80:028a+     S_StopSound_
0a80:02f8      S_StopSoundMobjRef_
0a80:0336+     S_getChannel_
0a80:040c+     S_StartSoundWithPosition_
0a80:0544      S_StartSound_
0a80:0556      S_StartSoundWithParams_
0a80:056a      S_UpdateSounds_
Module: s_sbsfx.obj(C:\REALDOOM\s_sbsfx.c)
202f:2290+     _sfxcache_nodes
202f:22b0*     _sfx_page_multipage_count
202f:22b8+     _sfx_page_reference_count
202f:22c0+     _SB_OldInt
202f:22c4+     _SB_IntController1Mask
202f:22c6+     _SB_IntController2Mask
202f:22c8+     _SB_DSP_Version
202f:22ca+     _sfxcache_tail
202f:22cb+     _sfxcache_head
202f:0d30+     _sb_port
202f:0d32+     _sb_dma
202f:0d34+     _sb_irq
202f:0d36+     _sb_dma_8
202f:0d37+     _SB_CardActive
202f:0d38+     _SB_MixerType
202f:0d39+     _SB_OriginalVoiceVolumeLeft
202f:0d3a+     _SB_OriginalVoiceVolumeRight
202f:0d3b+     _current_sampling_rate
202f:0d3c+     _last_sampling_rate
0a80:0670+     S_IncreaseRefCount_
0a80:06c2+     S_DecreaseRefCount_
0a80:0730+     S_MoveCacheItemBackOne_
0a80:0818+     S_UpdateLRUCache_
0a80:0880+     S_MarkSFXPageMRU_
0a80:09a8+     S_EvictSFXPage_
0a80:0a8c+     SB_Service_Mix22Khz_
0a80:0f8a+     SB_Service_Mix11Khz_
0a80:124e+     SB_ServiceInterrupt_
0a80:126a+     continuecall_
0a80:1382+     SB_WriteDSP_
0a80:13b2+     SB_ReadDSP_
0a80:13e0+     SB_ResetDSP_
0a80:143c+     SB_SetPlaybackRate_
0a80:145a*     SB_SetMixMode_
0a80:1492+     SB_DSP1xx_BeginPlayback_
0a80:14ac+     SB_DSP2xx_BeginPlayback_
0a80:14cc+     SB_DSP4xx_BeginPlayback_
0a80:14ec+     SB_DMA_VerifyChannel_
0a80:14fe+     DMA_SetupTransfer_
0a80:15f4+     SB_SetupDMABuffer_
0a80:162a+     SB_EnableInterrupt_
0a80:1670+     SB_DisableInterrupt_
0a80:16ee+     SB_DMA_EndTransfer_
0a80:172a*     SB_StopPlayback_
0a80:1746+     SB_SetupPlayback_
0a80:17b8+     SB_ReadMixer_
0a80:17ce+     SB_WriteMixer_
0a80:17e4+     SB_SaveVoiceVolume_
0a80:1812+     SB_RestoreVoiceVolume_
0a80:1850      SB_Shutdown_
0a80:1878+     SB_GetDSPVersion_
0a80:18c2+     SB_InitCard_
0a80:196c      S_InitSFXCache_
0a80:19d4      SB_StartInit_
0a80:1a1a+     S_LoadSoundIntoCache_
0a80:1ce2      SFX_PlayPatch_
0a80:1e0a      SFX_StopPatch_
0a80:1e2a      SFX_Playing_
0a80:1e46      SFX_SetOrigin_
202f:0d3d+     _change_sampling_to_22_next_int
202f:0d3e+     _change_sampling_to_11_next_int
202f:0d3f+     _in_first_buffer
202f:0d40+     _in_sound
202f:0d41+     _IRQ_TO_INTERRUPT_MAP
202f:0d51+     _DMA_PortInfo
202f:22cc+     _SB_Mixer_Status
Module: p_ceilng.obj(C:\REALDOOM\p_ceilng.c)
0a80:1e6c      T_MoveCeiling_
0a80:1f9a      EV_DoCeiling_
0a80:20e6      P_AddActiveCeiling_
0a80:210e+     P_RemoveActiveCeiling_
0a80:2144+     P_ActivateInStasisCeiling_
0a80:2194      EV_CeilingCrushStop_
Module: p_doors.obj(C:\REALDOOM\p_doors.c)
0a80:2216      T_VerticalDoor_
0a80:239e      EV_DoLockedDoor_
0a80:244a      EV_DoDoor_
0a80:25a2      EV_VerticalDoor_
0a80:27b0      P_SpawnDoorCloseIn30_
0a80:27f8      P_SpawnDoorRaiseIn5Mins_
Module: p_enemy.obj(C:\REALDOOM\p_enemy.c)
0a80:2860+     P_RecursiveSound_
0a80:2978      P_NoiseAlert_
0a80:2990+     P_CheckMeleeRange_
0a80:2a5e+     P_CheckMissileRange_
0a80:2ba6+     P_Move_
0a80:2d4a+     P_TryWalk_
0a80:2d68+     P_NewChaseDir_
0a80:2fcc+     P_LookForPlayers_
0a80:30d4      A_KeenDie_
0a80:3146      A_Look_
0a80:324e      A_Chase_
0a80:342e      A_FaceTarget_
0a80:34d8      A_PosAttack_
0a80:356a      A_SPosAttack_
0a80:360c      A_CPosAttack_
0a80:369c      A_CPosRefire_
0a80:3706      A_SpidRefire_
0a80:3770      A_BspiAttack_
0a80:3792      A_TroopAttack_
0a80:37f6      A_SargAttack_
0a80:383a      A_HeadAttack_
0a80:388c      A_CyberAttack_
0a80:38ae      A_BruisAttack_
0a80:390e      A_SkelMissile_
0a80:3986      A_Tracer_
0a80:3c28      A_SkelWhoosh_
0a80:3c46      A_SkelFist_
0a80:3c96+     PIT_VileCheck_
0a80:3da2      A_VileChase_
0a80:3fea      A_VileStart_
0a80:3ff6      A_StartFire_
0a80:400a      A_FireCrackle_
0a80:401e      A_Fire_
0a80:4104      A_VileTarget_
0a80:41b6+     GetVileMomz_
0a80:41fa      A_VileAttack_
0a80:4306      A_FatRaise_
0a80:431a      A_FatAttack1_
0a80:43d2      A_FatAttack2_
0a80:4480      A_FatAttack3_
0a80:4558      A_SkullAttack_
0a80:4676+     A_PainShootSkull_
0a80:47ce      A_PainAttack_
0a80:47f0      A_PainDie_
0a80:482a      A_Scream_
0a80:48be      A_XScream_
0a80:48ca      A_Pain_
0a80:48f6      A_Fall_
0a80:48fe      A_Explode_
0a80:491e      A_BossDeath_
0a80:4aa8      A_Hoof_
0a80:4abc      A_Metal_
0a80:4ad0      A_BabyMetal_
0a80:4ae4      A_BrainAwake_
0a80:4b44      A_BrainPain_
0a80:4b52      A_BrainScream_
0a80:4bfe      A_BrainExplode_
0a80:4c7a      A_BrainSpit_
0a80:4d4a      A_SpawnSound_
0a80:4d5e      A_SpawnFly_
0a80:4e98      A_PlayerScream_
Module: p_floor.obj(C:\REALDOOM\p_floor.c)
0a80:4ec0      T_MovePlane_
0a80:50ce      T_MoveFloor_
0a80:5192      EV_DoFloor_
0a80:5522      EV_BuildStairs_
Module: p_inter.obj(C:\REALDOOM\p_inter.c)
0a80:56c8+     P_GiveAmmo_
0a80:57cc+     P_GiveWeapon_
0a80:5814+     P_GiveBody_
0a80:5840+     P_GiveArmor_
0a80:585a+     P_GiveCard_
0a80:5874      P_GivePower_
0a80:592c      P_TouchSpecialThing_
0a80:5da6+     P_KillMobj_
0a80:5f5a+     getMassThrust_
0a80:5fc8      P_DamageMobj_
Module: p_lights.obj(C:\REALDOOM\p_lights.c)
0a80:6340      T_FireFlicker_
0a80:63a0      P_SpawnFireFlicker_
0a80:63f4      T_LightFlash_
0a80:6434      P_SpawnLightFlash_
0a80:64a4      T_StrobeFlash_
0a80:64e2      P_SpawnStrobeFlash_
0a80:6568      EV_StartLightStrobing_
0a80:65a0      EV_LightChange_
0a80:6672      T_Glow_
0a80:66d0      P_SpawnGlowingLight_
Module: p_map.obj(p_map.ASM)
0a80:77a9*     PIT_CheckThing_
0a80:7573*     P_HitSlideLine_
0a80:6ba7      P_SetThingPosition_
0a80:6efd*     P_TraverseIntercepts_
0a80:6c85      R_PointInSubsector_
0a80:6a27*     P_InterceptVector_
0a80:87f3*     PIT_RadiusAttack_
0a80:7968      P_CheckPosition_
0a80:84ec      P_AimLineAttack_
0a80:6cc2*     P_BlockLinesIterator_
0a80:6e5e*     PIT_AddThingIntercepts_
0a80:8641      P_LineAttack_
0a80:8880      P_RadiusAttack_
0a80:8354*     PIT_StompThing_
0a80:680a*     P_PointOnLineSide_
0a80:7d64*     P_GetAttackRangeMult_
0a80:7507*     DoBlockmapLoop_
0a80:6aa7      P_LineOpening_
0a80:6d85*     PIT_AddLineIntercepts_
0a80:6adb      P_UnsetThingPosition_
0a80:6f70*     P_PathTraverse_
0a80:7dac*     PTR_ShootTraverse_
0a80:7240*     PTR_SlideTraverse_
0a80:67cd      P_AproxDistance_
0a80:6953*     P_PointOnDivlineSide_
0a80:6894*     P_BoxOnLineSide_
0a80:7665*     PIT_CheckLine_
0a80:8776      P_UseLines_
0a80:719a*     PTR_UseTraverse_
0a80:672e*     R_PointOnSide_
0a80:88e8*     PIT_ChangeSector_
0a80:83d8      P_TeleportMove_
0a80:7b22      P_SlideMove_
0a80:6d32      P_BlockThingsIterator_
0a80:734d      P_TryMove_
0a80:8a7c      P_ChangeSector_
0a80:8169*     PTR_AimTraverse_
Module: p_plats.obj(C:\REALDOOM\p_plats.c)
0a80:8ab8      T_PlatRaise_
0a80:8bdc      EV_DoPlat_
0a80:8dde      EV_PlatFunc_
0a80:8e5c      P_AddActivePlat_
0a80:8e84+     P_RemoveActivePlat_
Module: p_pspr.obj(C:\REALDOOM\p_pspr.c)
0a80:8ed0      P_BringUpWeapon_
0a80:8ff4      P_DropWeapon_
0a80:900a+     A_WeaponReady_
0a80:90ea+     A_ReFire_
0a80:9104+     P_FireWeapon_
0a80:9118+     P_CheckAmmo_
0a80:9118*     A_CheckReload_
0a80:9178+     A_Lower_
0a80:91be+     A_Raise_
0a80:91fc+     A_GunFlash_
0a80:921c+     A_Punch_
0a80:92d0+     A_Saw_
0a80:93f0+     A_FireMissile_
0a80:940e+     A_FireBFG_
0a80:942e+     A_FirePlasma_
0a80:946e+     P_BulletSlope_
0a80:94d6+     P_GunShot_
0a80:9530+     A_FirePistol_
0a80:9586+     A_FireShotgun_
0a80:95d8+     A_FireShotgun2_
0a80:9688+     A_FireCGun_
0a80:9704*     A_Light0_
0a80:970a*     A_Light1_
0a80:9710*     A_Light2_
0a80:9716*     A_OpenShotgun2_
0a80:9724*     A_LoadShotgun2_
0a80:9732*     A_CloseShotgun2_
0a80:974a      A_BFGSpray_
0a80:97fc*     A_BFGsound_
0a80:980a      P_MovePsprites_
0a80:9894+     P_SetPsprite_
Module: p_spec.obj(C:\REALDOOM\p_spec.c)
0a80:99c0      twoSided_
0a80:99ec+     getNextSectorList_
0a80:9a58      P_FindHighestOrLowestFloorSurrounding_
0a80:9b08      P_FindNextHighestFloor_
0a80:9bda      P_FindLowestOrHighestCeilingSurrounding_
0a80:9ca0      P_FindSectorsFromLineTag_
0a80:9d0e      P_FindMinSurroundingLight_
0a80:9ec0      P_CrossSpecialLine_
0a80:a4b6      P_ShootSpecialLine_
0a80:a5a2      P_PlayerInSpecialSector_
0a80:a6a8      P_UpdateSpecials_
0a80:a810      EV_DoDonut_
0a80:aa2c      P_SpawnSpecials_
Module: p_switch.obj(C:\REALDOOM\p_switch.c)
0a80:ab90+     P_StartButton_
0a80:abf0      P_ChangeSwitchTexture_
0a80:ae64      P_UseSpecialLine_
Module: p_mobj.obj(C:\REALDOOM\p_mobj.c)
0a80:b680      P_Random_
0a80:b69c+     P_SetupPsprites_
0a80:b6b8+     P_SpawnPlayer_
0a80:b778      P_SpawnMapThing_
0a80:b926+     P_ExplodeMissile_
0a80:b9d2+     P_XYMovement_
0a80:bdb0+     P_ZMovement_
0a80:c0bc+     P_NightmareRespawn_
0a80:c24a      P_MobjThinker_
0a80:c350      P_SpawnMobj_
0a80:c50c      P_RemoveMobj_
0a80:c536+     P_CheckMissileSpawn_
0a80:c5da      P_SpawnMissile_
0a80:c7f4      P_SpawnPlayerMissile_
0a80:c9da      P_SetMobjState_
0a80:cca6      OutOfThinkers_
Module: p_mobja.obj(p_mobja.ASM)
0a80:ccb4      P_SpawnPuff_
Module: p_telept.obj(C:\REALDOOM\p_telept.c)
0a80:cd30      EV_Teleport_
Module: p_tick.obj(p_tick.ASM)
0a80:cfa0      P_UpdateThinkerFunc_
0a80:cfb3      P_RemoveThinker_
0a80:cfd7      P_Ticker_
0a80:cf4c      P_CreateThinker_
Module: p_user.obj(C:\REALDOOM\p_user.c)
0a80:d0a0+     P_Thrust_
0a80:d0fe+     P_CalcHeight_
0a80:d2d8+     P_MovePlayer_
0a80:d3a6+     P_DeathThink_
0a80:d502      P_PlayerThink_
Module: r_data.obj(C:\REALDOOM\r_data.c)
17ed:0000+     R_GenerateComposite_
17ed:023e+     R_GetSpritePage_
17ed:0428+     R_GetPatchTexture_
17ed:04f4+     R_GetCompositeTexture_
17ed:058a      R_GetSpriteTexture_
17ed:0600      R_GetColumnSegment_
17ed:08c8      R_GetMaskedColumnSegment_
17ed:0bba+     R_LoadPatchColumns_
17ed:0cac+     R_LoadSpriteColumns_
Module: r_dataa.obj(r_dataa.ASM)
17ed:0fc0*     R_EvictL2CacheEMSPage_
17ed:10f1      R_MarkL2FlatCacheMRU_
17ed:0eca*     R_MarkL2CompositeTextureCacheMRU_
17ed:0edf      R_MarkL2SpriteCacheMRU_
17ed:13d1      R_GetTexturePage_
17ed:121d      R_GetNextTextureBlock_
17ed:0e5a      R_MarkL1SpriteCacheMRU3_
17ed:0e6a*     R_MarkL1TextureCacheMRU_
17ed:0e3a      R_MarkL1SpriteCacheMRU_
17ed:11f9      R_GetNextSpriteBlock_
17ed:0eaa*     R_MarkL1TextureCacheMRU7_
17ed:11aa      R_DrawColumnInCache_
17ed:1147      R_EvictFlatCacheEMSPage_
Module: r_math.obj(r_math.ASM)
17ed:157c      R_PointToAngle_
Module: r_mainhi.obj(r_mainhi.ASM)
17ed:1aa6*     R_AddLine_
17ed:2191*     R_StoreWallRange_
17ed:3270*     R_ClipSolidWallSegment_
17ed:331d*     R_ClipPassWallSegment_
17ed:35b1*     R_CheckBBox_
17ed:1c54*     R_Subsector_
17ed:177d*     FixedMulBSPLocal_
17ed:1870*     R_PointToDist_
17ed:197b*     R_HandleEMSVisplanePagination_
17ed:17b6*     FixedDivBSPLocal_
17ed:3503      R_PrepareMaskedPSprites_
17ed:3845      R_WriteBackViewConstants_
17ed:39ed      R_WriteBackFrameConstants_
17ed:1906      R_ClearPlanes_
17ed:2129*     R_AddSprites_
17ed:18e7      R_ClearClipSegs_
17ed:1a2a*     R_FindPlane_
17ed:2d4b*     R_DrawColumnPrep_
17ed:3370*     R_DrawPSprite_
17ed:1d3e*     R_CheckPlane_
17ed:1e09*     R_ProjectSprite_
17ed:1825*     FixedMulTrigNoShiftBSPLocal_
17ed:375c      R_RenderBSPNode_
17ed:16ee*     R_ScaleFromGlobalAngle_
17ed:3582*     R_PointToAngle16_
Module: r_draw.obj(C:\REALDOOM\r_draw.c)
17ed:3b80      R_VideoErase_
17ed:3c04      R_DrawViewBorder_
Module: r_main.obj(C:\REALDOOM\r_main.c)
17ed:3c80      R_PointToAngle16Old_
17ed:3ca6      R_PointToAngle2_
17ed:3cd0      R_PointToAngle2_16_
17ed:3ce6      R_SetViewSize_
17ed:3cf6+     R_SetupFrame_
17ed:3d72      R_RenderPlayerView_
Module: w_wad.obj(C:\REALDOOM\w_wad.c)
17ed:3e60      locallib_far_fread_
17ed:3eea      locallib_far_fwrite_
17ed:3f74      W_CheckNumForName_
17ed:3f74      W_GetNumForName_
17ed:4024      W_LumpLength_
17ed:4078+     W_ReadLump_
17ed:4122      W_CacheLumpNameDirect_
17ed:4134      W_CacheLumpNumDirect_
17ed:4142      W_CacheLumpNumDirectWithOffset_
17ed:4156      W_CacheLumpNumDirectFragment_
Module: video.obj(video.ASM)
17ed:4424*     CopyString9_
17ed:449b      R_FillBackScreen_
17ed:432c      V_DrawPatchDirect_
17ed:416c      V_DrawPatch_
17ed:425f*     V_DrawPatch5000Screen0_
Module: v_video.obj(C:\REALDOOM\v_video.c)
17ed:4660      V_MarkRect_
17ed:4692      V_CopyRect_
17ed:46e6      V_DrawFullscreenPatch_
Module: z_zone.obj(C:\REALDOOM\z_zone.c)
17ed:4880      Z_QuickMapMusicPageFrame_
17ed:48a4      Z_QuickMapSFXPageFrame_
17ed:48c8      Z_QuickMapWADPageFrame_
17ed:48f8+     Z_QuickMap_
17ed:4936      Z_QuickMapPhysicsCode_
17ed:4942      Z_QuickMapPhysics_
17ed:4954      Z_QuickMapDemo_
17ed:4966      Z_QuickMapRender7000_
17ed:4972      Z_QuickMapRender_
17ed:4984      Z_QuickMapRender_4000To9000_9000Only_
17ed:4990      Z_QuickMapRender_4000To9000_
17ed:49aa*     Z_QuickMapRender_9000To7000_
17ed:49b6      Z_QuickMapRender_9000To6000_
17ed:49c2      Z_QuickMapRender4000_
17ed:49ce      Z_QuickMapRender5000_
17ed:49da*     Z_QuickMapRender9000_
17ed:49e6      Z_QuickMapRenderTexture_
17ed:49f2      Z_QuickMapStatus_
17ed:4a16      Z_QuickMapStatusNoScreen4_
17ed:4a30      Z_QuickMapScratch_5000_
17ed:4a3c      Z_QuickMapScratch_8000_
17ed:4a48      Z_QuickMapScratch_7000_
17ed:4a54      Z_QuickMapScratch_4000_
17ed:4a60      Z_QuickMapScreen0_
17ed:4a6c*     Z_QuickMapRenderPlanes9000only_
17ed:4a82      Z_QuickMapRenderPlanes_
17ed:4aa0*     Z_QuickMapRenderPlanesBack_
17ed:4aac      Z_QuickMapFlatPage_
17ed:4ac2      Z_QuickMapUndoFlatCache_
17ed:4aea      Z_QuickMapMaskedExtraData_
17ed:4af6      Z_QuickMapSpritePage_
17ed:4b02*     Z_QuickMapPhysics5000_
17ed:4b0e*     Z_QuickMapScreen1_
17ed:4b1a      Z_QuickMapPalette_
17ed:4b2c      Z_QuickMapMenu_
17ed:4b3e      Z_QuickMapIntermission_
17ed:4b50      Z_QuickMapWipe_
17ed:4b82      Z_QuickMapByTaskNum_
17ed:4bfc      Z_QuickMapVisplanePage_
17ed:4c60      Z_QuickMapVisplaneRevert_
17ed:4c7e      Z_QuickMapUnmapAll_
17ed:4cc4      Z_SetOverlay_
Module: p_setup.obj(C:\REALDOOM\p_setup.c)
1cc4:0000      P_SetupLevel_
1cc4:0156+     S_Start_
1cc4:01de+     R_LoadPatchColumnsColormap0_
1cc4:02f6+     P_LoadVertexes_
1cc4:0348+     P_LoadSegs_
1cc4:051a+     P_LoadSubsectors_
1cc4:05a2+     P_LoadSectors_
1cc4:0718+     P_LoadNodes_
1cc4:07fc+     P_LoadThings_
1cc4:08fe+     P_LoadLineDefs_
1cc4:0b56+     P_LoadSideDefs_
1cc4:0cc6+     P_LoadBlockMap_
1cc4:0d2c+     P_GroupLines_
1cc4:0f5a      P_InitThinkers_
1cc4:0f84+     Z_FreeConventionalAllocations_
1cc4:1230*     PSetupEndFunc_
Module: C:\WATCOM2\lib286\dos\clibm.lib(fopen.c)
1cc4:1250+     __open_flags_
1cc4:13fe+     _fsopen_
1cc4:1443      fopen_
1cc4:14a7*     freopen_
Module: C:\WATCOM2\lib286\dos\clibm.lib(fgetc.c)
1cc4:14eb      __fill_buffer_
1cc4:15a9      fgetc_
Module: C:\WATCOM2\lib286\dos\clibm.lib(fclose.c)
1cc4:162d      __doclose_
1cc4:16c3      __shutdown_stream_
1cc4:16d7      fclose_
202f:22ce+     ___RmTmpFileFn
Module: C:\WATCOM2\lib286\dos\clibm.lib(atoi.c)
1cc4:16fa      atoi_
Module: C:\WATCOM2\lib286\dos\clibm.lib(fseek.c)
1cc4:179f      fseek_
Module: C:\WATCOM2\lib286\dos\clibm.lib(fread.c)
1cc4:18bd      fread_
Module: C:\WATCOM2\lib286\dos\clibm.lib(accss.c)
1cc4:1a64      access_
Module: C:\WATCOM2\lib286\dos\clibm.lib(iob.c)
202f:0d74      ___iob
202f:22d2      ___OpenStreams
202f:22d4      ___ClosedStreams
Module: C:\WATCOM2\lib286\dos\clibm.lib(setbuf.c)
1cc4:1a9a      setbuf_
Module: C:\WATCOM2\lib286\dos\clibm.lib(i4m.asm)
1cc4:1ab2      __I4M
1cc4:1ab2*     __U4M
Module: C:\WATCOM2\lib286\dos\clibm.lib(i4d.asm)
1cc4:1aca      __I4D
1cc4:1b19*     __U4D
Module: C:\WATCOM2\lib286\dos\clibm.lib(exit.c)
1cc4:1b9d+     __null_int23_exit_
1cc4:1b9e      exit_
1cc4:1bbe*     _exit_
202f:0e8c+     ___int23_exit
202f:0e90+     ___FPE_handler_exit
Module: C:\WATCOM2\lib286\dos\clibm.lib(cmodel.asm)
1cc4:1bcc      _big_code_
1cc4:1bcc*     CodeModelMismatch
Module: C:\WATCOM2\lib286\dos\clibm.lib(ftell.c)
1cc4:1bcc      ftell_
Module: C:\WATCOM2\lib286\dos\clibm.lib(d_getvec.c)
1cc4:1c1e      _dos_getvect_
Module: C:\WATCOM2\lib286\dos\clibm.lib(d_setvec.c)
1cc4:1c29      _dos_setvect_
Module: C:\WATCOM2\lib286\dos\clibm.lib(cstart)
202f:0000*     __nullarea
202f:0e94*     __ovlflag
202f:0e95*     __intno
202f:0e96*     __ovlvec
1cc4:1c36      _cstart_
1cc4:1de7      __exit_
1cc4:1e04      __do_exit_with_msg_
1cc4:1ee3      __GETDS
Module: C:\WATCOM2\lib286\dos\clibm.lib(argcv.c)
202f:22d6      __argc
202f:22d8      __argv
202f:22da      ___argc
202f:22dc      ___argv
Module: C:\WATCOM2\lib286\dos\clibm.lib(fputc.c)
1cc4:1eed      fputc_
Module: C:\WATCOM2\lib286\dos\clibm.lib(chainint)
1cc4:1f9e      _chain_intr_
Module: C:\WATCOM2\lib286\dos\clibm.lib(fwrite.c)
1cc4:1fbe      fwrite_
Module: C:\WATCOM2\lib286\dos\clibm.lib(comtflag.c)
1cc4:2177*     __set_commode_
202f:0e9a      __commode
Module: C:\WATCOM2\lib286\dos\clibm.lib(errno.c)
1cc4:217e      __get_errno_ptr_
202f:22de+     _errno
Module: C:\WATCOM2\lib286\dos\clibm.lib(textmode.c)
202f:0e9c      __fmode
Module: C:\WATCOM2\lib286\dos\clibm.lib(tolower.c)
1cc4:2182      tolower_
Module: C:\WATCOM2\lib286\dos\clibm.lib(open.c)
1cc4:235a*     open_
1cc4:237a      _sopen_
Module: C:\WATCOM2\lib286\dos\clibm.lib(chktty.c)
1cc4:2394      __chktty_
Module: C:\WATCOM2\lib286\dos\clibm.lib(freefp.c)
1cc4:23bb      __freefp_
1cc4:23df      __purgefp_
Module: C:\WATCOM2\lib286\dos\clibm.lib(allocfp.c)
1cc4:23f8      __allocfp_
Module: C:\WATCOM2\lib286\dos\clibm.lib(flushall.c)
1cc4:248a      __flushall_
1cc4:24bd      flushall_
Module: C:\WATCOM2\lib286\dos\clibm.lib(gtche.c)
1cc4:24c2      getche_
Module: C:\WATCOM2\lib286\dos\clibm.lib(ioalloc.c)
1cc4:24d7      __ioalloc_
Module: C:\WATCOM2\lib286\dos\clibm.lib(qread.c)
1cc4:2547      __qread_
Module: C:\WATCOM2\lib286\dos\clibm.lib(__lseek.c)
1cc4:255f      __lseek_
Module: C:\WATCOM2\lib286\dos\clibm.lib(_clse.c)
1cc4:2599      __close_
Module: C:\WATCOM2\lib286\dos\clibm.lib(nfree.c)
1cc4:25cf      _nfree_
1cc4:25cf      free_
202f:22e0+     ___MiniHeapFreeRover
Module: C:\WATCOM2\lib286\dos\clibm.lib(flush.c)
1cc4:2694      __flush_
Module: C:\WATCOM2\lib286\dos\clibm.lib(istable.c)
202f:1624      __IsTable
Module: C:\WATCOM2\lib286\dos\clibm.lib(lseek.c)
1cc4:2788      lseek_
Module: C:\WATCOM2\lib286\dos\clibm.lib(tell.c)
1cc4:27b9      _tell_
Module: C:\WATCOM2\lib286\dos\clibm.lib(gfattdos.c)
1cc4:27ca      _dos_getfileattr_
Module: C:\WATCOM2\lib286\dos\clibm.lib(dosret.c)
1cc4:27e1      __set_errno_dos_
1cc4:2845*     __set_errno_dos_reterr_
Module: C:\WATCOM2\lib286\dos\clibm.lib(initfile.c)
1cc4:2850      __InitFiles_
Module: C:\WATCOM2\lib286\dos\clibm.lib(ioexit.c)
1cc4:2930*     fcloseall_
1cc4:2937      __full_io_exit_
Module: C:\WATCOM2\lib286\dos\clibm.lib(setvbuf.c)
1cc4:2941      setvbuf_
Module: C:\WATCOM2\lib286\dos\clibm.lib(initrtns.c)
1cc4:29cc      __InitRtns
1cc4:29cc*     __FInitRtns
1cc4:2a23      __FiniRtns
1cc4:2a23*     __FFiniRtns
Module: C:\WATCOM2\lib286\dos\clibm.lib(fflush.c)
1cc4:2a81      fflush_
Module: C:\WATCOM2\lib286\dos\clibm.lib(xmsg.c)
1cc4:2a92*     __exit_with_msg_
1cc4:2a97      __fatal_runtime_error_
Module: C:\WATCOM2\lib286\dos\clibm.lib(cmain086.c)
1cc4:2ab1      __CMain
Module: C:\WATCOM2\lib286\dos\clibm.lib(crwdata)
202f:0eb2      __curbrk
202f:0eba      __STACKLOW
202f:0ebc      __STACKTOP
202f:0ebe      __cbyte
202f:0ec0      __child
202f:0ec2      __no87
202f:0ecf      ___FPE_handler
202f:0eb4      __psp
202f:0ec3      __get_ovl_stack
202f:0ec7      __restore_ovl_stack
202f:0ecb      __close_ovl_file
202f:0ed3      __LpCmdLine
202f:0ed7      __LpPgmName
202f:0eb6      __osmajor
202f:0eb7      __osminor
202f:0eb8      __osmode
202f:0eb9      __HShift
Module: C:\WATCOM2\lib286\dos\clibm.lib(uselfn.c)
202f:0edc      ___uselfn
Module: C:\WATCOM2\lib286\dos\clibm.lib(dosseg)
1cc4:2ac8      __DOSseg__
Module: C:\WATCOM2\lib286\dos\clibm.lib(initargv.c)
1cc4:2c30      __Init_Argv_
1cc4:2c67      __Fini_Argv_
Module: C:\WATCOM2\lib286\dos\clibm.lib(qwrit.c)
1cc4:2c7d      __qwrite_
Module: C:\WATCOM2\lib286\dos\clibm.lib(opendos.c)
1cc4:2cdc      _dos_open_
Module: C:\WATCOM2\lib286\dos\clibm.lib(iomode.c)
1cc4:2cf2      __GetIOMode_
1cc4:2d09      __SetIOMode_nogrow_
202f:0ede      ___NFiles
202f:0ee0      ___init_mode
202f:0f08      ___io_mode
Module: C:\WATCOM2\lib286\dos\clibm.lib(isatt.c)
1cc4:2d1e      isatty_
Module: C:\WATCOM2\lib286\dos\clibm.lib(doserrno.c)
1cc4:2d3a      __get_doserrno_ptr_
202f:22e4+     __doserrno
Module: C:\WATCOM2\lib286\dos\clibm.lib(umaskval.c)
202f:0f0a      ___umaskval
Module: C:\WATCOM2\lib286\dos\clibm.lib(creatdos.c)
1cc4:2d3e      _dos_creat_
1cc4:2d52*     _dos_creatnew_
Module: C:\WATCOM2\lib286\dos\clibm.lib(stiomode.c)
1cc4:2d66+     __grow_iomode_
1cc4:2df3+     __shrink_iomode_
1cc4:2e0e      __SetIOMode_
Module: C:\WATCOM2\lib286\dos\clibm.lib(nmalloc.c)
1cc4:2e62      _nmalloc_
1cc4:2e62      malloc_
202f:0f0c      ___nheapbeg
202f:0f0e      ___MiniHeapRover
202f:0f10      ___LargestSizeB4MiniHeapRover
Module: C:\WATCOM2\lib286\dos\clibm.lib(mem.c)
1cc4:2f30      __MemAllocator
1cc4:2ff8      __MemFree
Module: C:\WATCOM2\lib286\dos\clibm.lib(fsync.c)
1cc4:3172      fsync_
Module: C:\WATCOM2\lib286\dos\clibm.lib(error086.asm)
1cc4:3178      __doserror_
1cc4:3186*     __doserror1_
Module: C:\WATCOM2\lib286\dos\clibm.lib(sgdef086)
202f:1726      __Start_XI
202f:1732      __End_XI
202f:1732      __Start_YI
202f:1744      __End_YI
Module: C:\WATCOM2\lib286\dos\clibm.lib(enterdb.c)
1cc4:3192      __EnterWVIDEO_
202f:0f12+     __WD_Present
Module: C:\WATCOM2\lib286\dos\clibm.lib(___argc.c)
202f:22e8      ____Argv
202f:22ea      ____Argc
Module: C:\WATCOM2\lib286\dos\clibm.lib(histsplt.c)
202f:22ec      ___historical_splitparms
Module: C:\WATCOM2\lib286\dos\clibm.lib(nrealloc.c)
1cc4:31ae*     _nrealloc_
1cc4:31ae      realloc_
Module: C:\WATCOM2\lib286\dos\clibm.lib(iomodtty.c)
1cc4:3228      __ChkTTYIOMode_
1cc4:325c*     __IOMode_
Module: C:\WATCOM2\lib286\dos\clibm.lib(nmemneed.c)
1cc4:326c      __nmemneed_
Module: C:\WATCOM2\lib286\dos\clibm.lib(grownear.c)
1cc4:32d5+     __LastFree_
1cc4:333d      __ExpandDGROUP_
Module: C:\WATCOM2\lib286\dos\clibm.lib(filedos.c)
1cc4:3415*     _dos_close_
1cc4:3423      _dos_commit_
Module: C:\WATCOM2\lib286\dos\clibm.lib(nmsize.c)
1cc4:3432*     _msize_
1cc4:3432      _nmsize_
Module: C:\WATCOM2\lib286\dos\clibm.lib(nexpand.c)
1cc4:3441      _nexpand_
1cc4:3441*     _expand_
Module: C:\WATCOM2\lib286\dos\clibm.lib(amblksiz.c)
202f:0f14      __amblksiz
Module: C:\WATCOM2\lib286\dos\clibm.lib(heapen.c)
1cc4:3490*     _heapenable_
202f:0f16      ___heap_enabled
Module: C:\WATCOM2\lib286\dos\clibm.lib(sbrk.c)
1cc4:349c      __brk_
1cc4:34f2*     sbrk_
Module: C:\WATCOM2\lib286\dos\clibm.lib(_expand.c)
1cc4:34f8      __HeapManager_expand_
Module: C:\WATCOM2\lib286\dos\clibm.lib(bfree.c)
1cc4:3689      _bfree_


                        +--------------------+
                        |   Libraries Used   |
                        +--------------------+

C:\WATCOM2\lib286\dos\clibm.lib


                        +-----------------------+
                        |   Linker Statistics   |
                        +-----------------------+

Stack size:  0c00 (3072.)
Memory size:  000231e0 (143840.)
Entry point address: 1cc4:1c36
Link time: 00:00.75
