Open Watcom Linker Version 1.9
Portions Copyright (c) 1985-2002 Sybase, Inc. All Rights Reserved.
Created on:       24/01/10 14:53:27
Executable Image: doom16.exe
creating a DOS executable


                        +------------+
                        |   Groups   |
                        +------------+

Group                           Address              Size
=====                           =======              ====

DGROUP                          2b31:0000            00008e88



                        +--------------+
                        |   Segments   |
                        +--------------+

Segment                Class          Group          Address         Size
=======                =====          =====          =======         ====

i_ibm_TEXT             CODE           AUTO           0000:0000       0000056b
i_sound_TEXT           CODE           AUTO           0000:0570       000000b9
tables_TEXT            CODE           AUTO           0000:0630       00000000
d_main_TEXT            CODE           AUTO           0000:0630       0000085e
d_net_TEXT             CODE           AUTO           0000:0e90       000001f2
g_game_TEXT            CODE           AUTO           0000:1090       000012f7
m_menu_TEXT            CODE           AUTO           0000:2390       000017ea
m_misc_TEXT            CODE           AUTO           0000:3b80       000002e9
p_ceilng_TEXT          CODE           AUTO           0000:3e70       0000046b
p_doors_TEXT           CODE           AUTO           0000:42e0       000007ad
p_enemy_TEXT           CODE           AUTO           0000:4a90       00002bd0
p_floor_TEXT           CODE           AUTO           0000:7660       000009a3
p_inter_TEXT           CODE           AUTO           0000:8010       00000cba
p_lights_TEXT          CODE           AUTO           0000:8cd0       00000575
p_map_TEXT             CODE           AUTO           0000:9250       00002239
p_maputl_TEXT          CODE           AUTO           0000:b490       00000ee4
p_plats_TEXT           CODE           AUTO           0000:c380       0000050b
p_pspr_TEXT            CODE           AUTO           0000:c890       00000cce
p_sight_TEXT           CODE           AUTO           0000:d560       00000866
p_spec_TEXT            CODE           AUTO           0000:ddd0       000014a2
p_switch_TEXT          CODE           AUTO           0000:f280       00000bf3
p_mobj_TEXT            CODE           AUTO           0fe8:0000       00001759
p_telept_TEXT          CODE           AUTO           0fe8:1760       0000023c
p_tick_TEXT            CODE           AUTO           0fe8:19a0       0000025a
p_user_TEXT            CODE           AUTO           0fe8:1c00       00000728
r_bsp_TEXT             CODE           AUTO           0fe8:2330       000008c3
r_data_TEXT            CODE           AUTO           0fe8:2c00       000009c4
r_draw_TEXT            CODE           AUTO           0fe8:35d0       000008e1
r_main_TEXT            CODE           AUTO           0fe8:3ec0       000009d0
r_plane_TEXT           CODE           AUTO           0fe8:4890       0000080b
r_segs_TEXT            CODE           AUTO           0fe8:50a0       00001462
r_things_TEXT          CODE           AUTO           0fe8:6510       00001069
w_wad_TEXT             CODE           AUTO           0fe8:7580       000001c6
v_video_TEXT           CODE           AUTO           0fe8:7750       000002c6
z_zone_TEXT            CODE           AUTO           0fe8:7a20       00000a73
st_stuff_TEXT          CODE           AUTO           0fe8:84a0       000009c8
st_lib_TEXT            CODE           AUTO           0fe8:8e70       000001f6
hu_stuff_TEXT          CODE           AUTO           0fe8:9070       00000241
hu_lib_TEXT            CODE           AUTO           0fe8:92c0       000001ea
s_sound_TEXT           CODE           AUTO           0fe8:94b0       0000001d
sounds_TEXT            CODE           AUTO           0fe8:94d0       00000000
dutils_TEXT            CODE           AUTO           0fe8:94d0       000000ab
info_TEXT              CODE           AUTO           0fe8:9580       0000069c
dmx_TEXT               CODE           AUTO           0fe8:9c20       0000023b
d_math_TEXT            CODE           AUTO           0fe8:9e60       00000000
f_finale_TEXT          CODE           AUTO           0fe8:9e60       00000bee
i_quit_TEXT            CODE           AUTO           0fe8:aa50       000003a4
v_extra_TEXT           CODE           AUTO           0fe8:ae00       00000178
w_init_TEXT            CODE           AUTO           0fe8:af80       00000403
wi_stuff_TEXT          CODE           AUTO           0fe8:b390       000012b5
d_init_TEXT            CODE           AUTO           0fe8:c650       000011bc
i_init_TEXT            CODE           AUTO           0fe8:d810       00000212
i_main_TEXT            CODE           AUTO           0fe8:da30       00000018
f_wipe_TEXT            CODE           AUTO           0fe8:da50       00000369
z_umb_TEXT             CODE           AUTO           0fe8:ddc0       000004a2
z_init_TEXT            CODE           AUTO           0fe8:e270       00000a61
p_setup_TEXT           CODE           AUTO           1eb6:0000       000017a5
g_setup_TEXT           CODE           AUTO           1eb6:17b0       00000371
r_init_TEXT            CODE           AUTO           1eb6:1b30       00000905
r_setup_TEXT           CODE           AUTO           1eb6:2440       00000957
st_setup_TEXT          CODE           AUTO           1eb6:2da0       000002b5
hu_setup_TEXT          CODE           AUTO           1eb6:3060       0000011e
st_init_TEXT           CODE           AUTO           1eb6:3180       000003c7
p_saveg_TEXT           CODE           AUTO           1eb6:3550       00000001
p_init_TEXT            CODE           AUTO           1eb6:3560       00000afa
am_map_TEXT            CODE           AUTO           1eb6:4060       00002018
_TEXT                  CODE           AUTO           1eb6:6080       00006726
FAR_DATA               FAR_DATA       AUTO           2b30:0006       00000000
_NULL                  BEGDATA        DGROUP         2b31:0000       00000020
_AFTERNULL             BEGDATA        DGROUP         2b33:0000       00000002
CONST                  DATA           DGROUP         2b33:0002       00000076
CONST2                 DATA           DGROUP         2b3a:0008       0000010a
_DATA                  DATA           DGROUP         2b4c:0000       00001996
XIB                    DATA           DGROUP         2ce5:0006       00000000
XI                     DATA           DGROUP         2ce5:0006       0000001e
XIE                    DATA           DGROUP         2ce7:0004       00000000
YIB                    DATA           DGROUP         2ce7:0004       00000000
YI                     DATA           DGROUP         2ce7:0004       00000012
YIE                    DATA           DGROUP         2ce8:0006       00000000
STRINGS                DATA           DGROUP         2ce8:0006       00000000
DATA                   DATA           DGROUP         2ce8:0006       00000000
_BSS                   BSS            DGROUP         2ce9:0000       00006744
STACK                  STACK          DGROUP         335e:0000       00000bb8


                        +----------------+
                        |   Memory Map   |
                        +----------------+

* = unreferenced symbol
+ = symbol only referenced locally

Address        Symbol
=======        ======

Module: i_ibm.obj(C:\REALDOOM\i_ibm.c)
0000:0002      I_WaitVBL_
0000:0030      I_SetPalette_
0000:00b0+     I_UpdateBox_
0000:0190      I_UpdateNoBlit_
0000:0290      I_FinishUpdate_
0000:02b4      I_ReadScreen_
0000:0310      I_StartTic_
0000:043a      I_TimerISR_
0000:0450      I_KeyboardISR_
0000:0480      I_ResetMouse_
0000:04a2+     I_ReadMouse_
0000:0510      I_Error_
0000:056a      I_EndRead_
0000:056a      I_BeginRead_
2b31:01b0      _scantokey
2b31:0230      _oldkeyboardisr
2b31:1b80+     _olddb
2b31:1b90      _keyboardque
2b31:1bb0      _segregs
2b31:1bb8      _currentscreen
2b31:1bbc      _pcscreen
2b31:1bc0      _ticcount
2b31:1bc4      _destview
2b31:1bc8      _destscreen
2b31:1bcc+     _out
2b31:1bda+     _in
2b31:1be8      _regs
2b31:1bf6+     _kbdhead
2b31:1bf7+     _kbdtail
2b31:1bf8      _grmode
2b31:1bf9      _mousepresent
2b31:1bfa      _novideo
Module: i_sound.obj(C:\REALDOOM\i_sound.c)
2b31:1bfc*     _snd_SBport
2b31:1bfe*     _snd_Mport
2b31:1c00      _snd_SBirq
2b31:1c01+     _snd_MusicVolume
2b31:1c02      _snd_SBport8bit
2b31:1c03+     _snd_SfxVolume
2b31:1c04      _snd_SBdma
2b31:1c05      _snd_Mport8bit
2b31:1c06      _snd_DesiredSfxDevice
2b31:1c07*     _snd_MusicDevice
2b31:1c08+     _snd_SfxDevice
0000:0588+     _snd_prefixen
0000:0594*     I_StartupTimer_
0000:0594      I_StartupSound_
0000:05b8*     I_ResumeSong_
0000:05b8*     I_PauseSong_
0000:05ba*     I_SetMusicVolume_
0000:05c0*     I_SetSfxVolume_
0000:05c6*     I_QrySongPlaying_
0000:05c6*     I_RegisterSong_
0000:05ca*     I_PlaySong_
0000:05ca*     I_StopSong_
0000:05ca*     I_UnRegisterSong_
0000:05cc*     I_GetSfxLumpNum_
0000:061a*     I_StopSound_
0000:061c*     I_StartSound_
0000:0626*     I_SoundIsPlaying_
0000:0628*     I_SetChannels_
0000:0628*     I_sndArbitrateCards_
0000:0628*     I_UpdateSoundParams_
2b31:1c09      _snd_DesiredMusicDevice
Module: d_main.obj(C:\REALDOOM\d_main.c)
2b31:1c10      _wadfiles
2b31:1c60+     _events
2b31:1fa0+     _pagename
2b31:1fa4      _stringoffsets
2b31:2208+     _pagetic
2b31:220a      _stringbuffersize
2b31:220c      _skipdirectdraws
2b31:220d+     _eventtail
2b31:220e      _advancedemo
2b31:220f+     _eventhead
2b31:2210*     _drone
2b31:2211      _demosequence
2b31:2212      _shareware
2b31:0240      _singletics
2b31:0244      _basedefault
2b31:0248      _wipegamestate
2b31:024a      _wipeduration
2b31:024c      _rendertics
2b31:024e      _physicstics
2b31:0250      _othertics
2b31:0252+     _cachedtics
2b31:0254+     _cachedrendertics
2b31:0256      _rendersetuptics
2b31:0258      _renderplayerviewtics
0000:0664      D_PostEvent_
0000:0694      D_ProcessEvents_
0000:06e4*     getStringLength_
0000:06f6      getStringByIndex_
0000:0736      FixedMul_
0000:0776      FixedMul1632_
0000:07ba      FixedMul16u32_
0000:07f4      FixedMulBig1632_
0000:0834      FixedMul1616_
0000:0858*     FixedDiv2_
0000:089c      FixedDiv_
0000:0940+     D_Display_
0000:0c76      D_PageTicker_
0000:0c84      D_AdvanceDemo_
0000:0c8c+     D_PageDrawer_
0000:0cb4      D_DoAdvanceDemo_
0000:0dbc      D_DoomMain_
0000:0dca*     D_DoomLoop_
2b31:025a      _renderpostplayerviewtics
2b31:025c      _renderplayersetuptics
2b31:025e      _renderplayerbsptics
2b31:0260      _renderplayerplanetics
2b31:0262      _renderplayermaskedtics
2b31:0264      _cachedrenderplayertics
2b31:2213      _startmap
2b31:2214      _autostart
2b31:2215      _startskill
2b31:2216      _registered
2b31:2217      _commercial
2b31:2218      _startepisode
2b31:2219      _modifiedgame
2b31:221a      _nomonsters
2b31:221b      _fastparm
2b31:221c      _respawnparm
Module: d_net.obj(C:\REALDOOM\d_net.c)
0000:0e90      NetUpdate_
0000:0f74      TryRunTics_
2b31:2220      _maketic
2b31:2224+     _gametime
2b31:2228*     _nettics
2b31:222c+     _skiptics
Module: g_game.obj(C:\REALDOOM\g_game.c)
2b31:2240      _gamekeydown
2b31:2340+     _savedescription
2b31:2360*     _bodyque
2b31:23a0+     _localcmds
2b31:2440+     _demoname
2b31:2460+     _defdemoname
2b31:2464+     _dclicks
2b31:2468+     _dclicktime
2b31:246c+     _dclickstate
2b31:2470+     _dclicktime2
2b31:2474+     _mousearray
2b31:2478      _mousey
2b31:247c      _mousex
2b31:2480+     _dclickstate2
2b31:2484+     _dclicks2
2b31:2488      _starttime
2b31:248c      _gametic
2b31:2490      _playerMobj_pos
2b31:2494      _playerMobj
2b31:2498+     _demo_p
2b31:249a      _DEMO_SEGMENT
2b31:249c      _playerMobjRef
2b31:249e      _totalkills
2b31:24a0      _totalitems
2b31:24a2      _totalsecret
2b31:24a4      _player
2b31:2527      _wminfo
2b31:253e      _d_episode
2b31:253f      _d_skill
2b31:2540      _d_map
2b31:2541+     _secretexit
2b31:2542+     _turnheld
2b31:2543+     _savegameslot
2b31:2544      _mousebforward
2b31:2545      _key_speed
2b31:2546      _mousebfire
2b31:2547      _key_left
2b31:2548      _key_fire
2b31:2549      _key_strafe
2b31:254a      _key_straferight
2b31:254b      _key_up
2b31:254c      _mousebstrafe
2b31:254d      _netdemo
2b31:254e      _key_down
2b31:254f      _key_use
2b31:2550      _key_right
2b31:2551      _key_strafeleft
2b31:2552+     _timingdemo
2b31:2553      _sendsave
2b31:2554      _sendpause
2b31:2555      _gameaction
2b31:2556      _bodyqueslot
2b31:2557      _gamestate
2b31:2558      _demorecording
2b31:2559      _singledemo
0000:131e      G_BuildTiccmd_
0000:183a      G_Responder_
0000:1a00      G_Ticker_
0000:1b5c+     G_PlayerFinishLevel_
0000:1baa      G_PlayerReborn_
0000:1c3c      G_ExitLevel_
0000:1c4a      G_SecretExitLevel_
0000:1c86+     G_DoCompleted_
0000:1e3c      G_WorldDone_
0000:1e62*     G_DoLoadGame_
0000:1e62      G_LoadGame_
0000:1e88      G_SaveGame_
0000:1ebe*     G_DoSaveGame_
0000:1ec0      G_DeferedInitNew_
0000:1ed6+     G_ReadDemoTiccmd_
0000:1f32+     G_WriteDemoTiccmd_
0000:1fb0      G_RecordDemo_
0000:204c      G_BeginRecording_
0000:20ba      G_DeferedPlayDemo_
0000:20ca+     G_DoPlayDemo_
0000:215c      G_TimeDemo_
0000:219c      G_CheckDemoStatus_
2b31:0270      _precache
2b31:0274      _forwardmove
2b31:027c      _sidemove
2b31:0284+     _angleturn
2b31:0290      _mousebuttons
2b31:0294+     _pars
2b31:02bc+     _cpars
2b31:255a      _paused
2b31:255b      _viewactive
2b31:255c+     _noblit
2b31:255d      _demoplayback
2b31:255e      _nodrawers
2b31:255f      _usergame
2b31:2560      _gameskill
2b31:2561      _gamemap
2b31:2562      _respawnmonsters
2b31:2563      _gameepisode
Module: m_menu.obj(C:\REALDOOM\m_menu.c)
2b31:2570+     _tempstring
2b31:25c0+     _savegamestrings
2b31:26b0+     _endstring
2b31:2750+     _saveOldString
2b31:2768      _currentMenu
2b31:276c      _messageString
2b31:27d0+     _messageRoutine
2b31:27d4      _menuoffsets
2b31:282e      _whichSkull
2b31:2830      _skullAnimCounter
2b31:2832+     _saveStringEnter
2b31:2834      _itemOn
2b31:2836+     _saveCharIndex
2b31:2838+     _saveSlot
2b31:283a      _messageLastMenuActive
2b31:283c+     _epi
2b31:283d*     _sound_e
2b31:283e*     _options_e
2b31:283f*     _read_e2
2b31:2840*     _newgame_e
2b31:2841*     _read_e
2b31:2842*     _episodes_e
2b31:2843      _inhelpscreens
2b31:2844      _sfxVolume
2b31:2845      _showMessages
2b31:02e0      _menugraphicspage0
2b31:02e4      _menugraphicspage4
2b31:02e8      _menugraphics
2b31:047e+     _gammamsg
2b31:0488+     _endmsg
2b31:0498+     _endmsg2
2b31:04a8+     _skullName
2b31:04aa      _MainMenu
2b31:04d4      _MainDef
2b31:04e8+     _EpisodeMenu
2b31:04fd+     _EpiDef
2b31:0511+     _NewGameMenu
2b31:0534      _NewDef
2b31:0548+     _OptionsMenu
2b31:0580+     _OptionsDef
2b31:0594      _ReadMenu1
2b31:059b      _ReadDef1
2b31:05af+     _ReadMenu2
2b31:05b6+     _ReadDef2
2b31:05ca+     _SoundMenu
2b31:05e6+     _SoundDef
2b31:05fa+     _LoadMenu
2b31:0624+     _LoadDef
2b31:0638+     _SaveMenu
2b31:0662+     _SaveDef
2b31:0676+     _detailNames
2b31:0678+     _msgNames
0000:23d8      M_GetMenuPatch_
0000:243a+     M_DrawLoad_
0000:24a0+     M_DrawSaveLoadBorder_
0000:250c+     M_LoadSelect_
0000:255a+     M_LoadGame_
0000:256e+     M_ReadSaveStrings_
0000:2620+     M_DrawSave_
0000:26be+     M_DoSave_
0000:26ee+     M_SaveSelect_
0000:279e+     M_SaveGame_
0000:27fa+     M_QuickSaveResponse_
0000:281e+     M_QuickSave_
0000:28be+     M_QuickLoadResponse_
0000:28e2+     M_QuickLoad_
0000:295e+     M_DrawReadThis1_
0000:2972+     M_DrawReadThis2_
0000:2986      M_DrawReadThisRetail_
0000:299a+     M_DrawSound_
0000:29ec+     M_Sound_
0000:2a02+     M_SfxVol_
0000:2a38+     M_MusicVol_
0000:2a6e+     M_DrawMainMenu_
0000:2a8a+     M_DrawNewGame_
0000:2abe+     M_NewGame_
0000:2af0+     M_DrawEpisode_
0000:2b0e+     M_VerifyNightmare_
0000:2b36+     M_ChooseSkill_
0000:2b8c+     M_Episode_
0000:2bea+     M_DrawOptions_
0000:2c96+     M_Options_
0000:2cac+     M_ChangeMessages_
0000:2cd6+     M_EndGameResponse_
0000:2cf8+     M_EndGame_
0000:2d40+     M_ReadThis_
0000:2d56+     M_ReadThis2_
0000:2d6c      M_FinishReadThis_
0000:2d82+     M_QuitResponse_
0000:2dd0+     M_QuitDOOM_
0000:2e70+     M_ChangeSensitivity_
0000:2e9a+     M_ChangeDetail_
0000:2ece+     M_SizeDisplay_
0000:2f16+     M_DrawThermo_
0000:2f9e+     M_StartMessage_
0000:2ff6+     M_StringWidth_
0000:305e+     M_StringHeight_
0000:30b4+     M_WriteText_
0000:3124      M_Responder_
0000:38fc      M_StartControlPanel_
0000:3920      M_Drawer_
0000:3b38*     M_ClearMenus_
0000:3b40*     M_SetupNextMenu_
0000:3b58      M_Ticker_
2b31:067a+     _quitsounds
2b31:0682+     _quitsounds2
2b31:2846+     _messageNeedsInput
2b31:2847      _screenblocks
2b31:2848      _screenSize
2b31:2849      _messageToPrint
2b31:284a      _quickSaveSlot
2b31:284b      _detailLevel
2b31:284c      _musicVolume
2b31:284d      _mouseSensitivity
2b31:284e      _menuactive
Module: m_misc.obj(C:\REALDOOM\m_misc.c)
0000:3cd4      M_CheckParm_
0000:3d22      P_Random_
0000:3d38      M_Random_
0000:3d4e      M_ClearRandom_
0000:3d5a      M_AddToBox16_
0000:3d86      M_ClearBox16_
0000:3da2      M_WriteFile_
0000:3de6      M_SaveDefaults_
2b31:0694+     _rndtable
2b31:0794+     _rndindex
2b31:0796      _prndindex
2b31:0798      _defaults
2b31:2860      _defaultfile
2b31:2864      _myargv
2b31:2868      _myargc
2b31:286a      _usemouse
Module: p_ceilng.obj(C:\REALDOOM\p_ceilng.c)
0000:3e7c      T_MoveCeiling_
0000:4012      EV_DoCeiling_
0000:41a4+     P_AddActiveCeiling_
0000:41ce+     P_RemoveActiveCeiling_
0000:4218+     P_ActivateInStasisCeiling_
0000:426e      EV_CeilingCrushStop_
2b31:286c      _activeceilings
Module: p_doors.obj(C:\REALDOOM\p_doors.c)
0000:4306      T_VerticalDoor_
0000:4510      EV_DoLockedDoor_
0000:45d4      EV_DoDoor_
0000:476e      EV_VerticalDoor_
0000:49ca      P_SpawnDoorCloseIn30_
0000:4a1c      P_SpawnDoorRaiseIn5Mins_
Module: p_enemy.obj(C:\REALDOOM\p_enemy.c)
0000:4a90+     P_RecursiveSound_
0000:4bae      P_NoiseAlert_
0000:4bc6+     P_CheckMeleeRange_
0000:4cc2+     P_CheckMissileRange_
0000:4e06+     P_Move_
0000:4f8c+     P_TryWalk_
0000:4fb4+     P_NewChaseDir_
0000:526e+     P_LookForPlayers_
0000:5370      A_KeenDie_
0000:53e4      A_Look_
0000:552a      A_Chase_
0000:5770      A_FaceTarget_
0000:5818      A_PosAttack_
0000:58c8      A_SPosAttack_
0000:5986      A_CPosAttack_
0000:5a36      A_CPosRefire_
0000:5ac4      A_SpidRefire_
0000:5b52      A_BspiAttack_
0000:5b82      A_TroopAttack_
0000:5c06      A_SargAttack_
0000:5c56      A_HeadAttack_
0000:5cc4      A_CyberAttack_
0000:5cf4      A_BruisAttack_
0000:5d72      A_SkelMissile_
0000:5e0a      A_Tracer_
0000:609c      A_SkelWhoosh_
0000:60c4      A_SkelFist_
0000:612a+     PIT_VileCheck_
0000:6226      A_VileChase_
0000:6440      A_VileStart_
0000:644c      A_StartFire_
0000:6472      A_FireCrackle_
0000:6498      A_Fire_
0000:65a4      A_VileTarget_
0000:663c      A_VileAttack_
0000:67b8      A_FatRaise_
0000:67d4      A_FatAttack1_
0000:68ec      A_FatAttack2_
0000:6a00      A_FatAttack3_
0000:6b56      A_SkullAttack_
0000:6ca8+     A_PainShootSkull_
0000:6e52      A_PainAttack_
0000:6e7c      A_PainDie_
0000:6ed2      A_Scream_
0000:6f7e      A_XScream_
0000:6f8a      A_Pain_
0000:6fa8      A_Fall_
0000:6fb0      A_Explode_
0000:6fcc      A_BossDeath_
0000:70ea      A_Hoof_
0000:7110      A_Metal_
0000:7136      A_BabyMetal_
0000:715c*     A_OpenShotgun2_
0000:7170*     A_LoadShotgun2_
0000:7184*     A_CloseShotgun2_
0000:71aa      A_BrainAwake_
0000:721e      A_BrainPain_
0000:7230      A_BrainScream_
0000:7308      A_BrainExplode_
0000:73b8      A_BrainDie_
0000:73be      A_BrainSpit_
0000:74a2      A_SpawnSound_
0000:74c8      A_SpawnFly_
0000:7632      A_PlayerScream_
2b31:08d0+     _opposite
2b31:08d9+     _diags
2b31:08e0+     _xspeed
2b31:0900+     _yspeed
2b31:0920+     _movedirangles
2b31:28b0+     _braintargets
2b31:28f0+     _viletryy
2b31:28f4+     _viletryx
2b31:28f8+     _vileobj
2b31:28fc+     _numbraintargets
2b31:28fe+     _braintargeton
2b31:2900+     _corpsehitRef
Module: p_floor.obj(C:\REALDOOM\p_floor.c)
0000:7660      T_MovePlane_
0000:7940      T_MoveFloor_
0000:7a44      EV_DoFloor_
0000:7e56      EV_BuildStairs_
Module: p_inter.obj(C:\REALDOOM\p_inter.c)
0000:8018+     P_GiveAmmo_
0000:8140+     P_GiveWeapon_
0000:818e+     P_GiveBody_
0000:81c0+     P_GiveArmor_
0000:81dc+     P_GiveCard_
0000:81fa      P_GivePower_
0000:82b8      P_TouchSpecialThing_
0000:87a8+     P_KillMobj_
0000:88fc      P_DamageMobj_
2b31:0932      _maxammo
2b31:093a+     _clipammo
Module: p_lights.obj(C:\REALDOOM\p_lights.c)
0000:8cd0      T_FireFlicker_
0000:8d32      P_SpawnFireFlicker_
0000:8d8a      T_LightFlash_
0000:8ddc      P_SpawnLightFlash_
0000:8e60      T_StrobeFlash_
0000:8eba      P_SpawnStrobeFlash_
0000:8f60      EV_StartLightStrobing_
0000:8fa0      EV_TurnTagLightsOff_
0000:9094      EV_LightTurnOn_
0000:9180      T_Glow_
0000:91dc      P_SpawnGlowingLight_
Module: p_map.obj(C:\REALDOOM\p_map.c)
2b31:2910+     _tmbbox
2b31:2920      _spechit
2b31:2930+     _bombsource
2b31:2934+     _bombspot_pos
2b31:2938+     _bombspot
2b31:293c      _attackrange
2b31:2940+     _aimslope
2b31:2944+     _shootthing
2b31:2948+     _shootz
2b31:294c+     _bestslidefrac
2b31:2950+     _tmymove
2b31:2954+     _tmxmove
2b31:2958+     _tmy
2b31:295c+     _tmx
2b31:2960+     _tmflags
2b31:2964+     _tmthing
2b31:2968+     _tmthing_pos
2b31:296c      _linetarget
2b31:2970      _linetarget_pos
2b31:2974+     _bombdamage
2b31:2976+     _la_damage
2b31:2978+     _bestslidelinenum
2b31:297a+     _lastcalculatedsector
2b31:297c+     _tmdropoffz
2b31:297e      _numspechit
2b31:2980      _ceilinglinenum
2b31:2982      _tmfloorz
0000:9250+     PIT_StompThing_
0000:9324      P_TeleportMove_
0000:952a+     PIT_CheckLine_
0000:96a2+     PIT_CheckThing_
0000:998e      P_CheckPosition_
0000:9c44      P_TryMove_
0000:9e74+     P_ThingHeightClip_
0000:9f60+     P_HitSlideLine_
0000:a0d2+     PTR_SlideTraverse_
0000:a20e      P_SlideMove_
0000:a572+     PTR_AimTraverse_
0000:a85c+     PTR_ShootTraverse_
0000:acfe      P_AimLineAttack_
0000:ae5a      P_LineAttack_
0000:af82+     PTR_UseTraverse_
0000:b044      P_UseLines_
0000:b0da+     PIT_RadiusAttack_
0000:b1ca      P_RadiusAttack_
0000:b2ac+     PIT_ChangeSector_
0000:b3e0      P_ChangeSector_
2b31:2984+     _tmceilingz
2b31:2986+     _crushchange
2b31:2987+     _nofit
2b31:2988      _floatok
Module: p_maputl.obj(C:\REALDOOM\p_maputl.c)
0000:b490      P_AproxDistance_
0000:b4dc      P_PointOnLineSide_
0000:b586      P_BoxOnLineSide_
0000:b6d6+     P_PointOnDivlineSide_
0000:b820+     P_InterceptVector_
0000:b90a      P_LoadLineOpening_
0000:ba0a      P_UpdateLineOpening_
0000:ba9c      P_UnsetThingPosition_
0000:bbbe      P_SetThingPosition_
0000:bcea      P_BlockLinesIterator_
0000:bd74      P_BlockThingsIterator_
0000:bdee+     PIT_AddLineIntercepts_
0000:bf7a+     PIT_AddThingIntercepts_
0000:c07c+     P_TraverseIntercepts_
0000:c106      P_PathTraverse_
2b31:2990      _trace
2b31:29a0*     _ptflags
2b31:29a4+     _intercept_p
2b31:29a8      _lineopening
2b31:29af+     _earlyout
Module: p_plats.obj(C:\REALDOOM\p_plats.c)
0000:c388      T_PlatRaise_
0000:c4f4      EV_DoPlat_
0000:c750+     P_ActivateInStasis_
0000:c79e      EV_StopPlat_
0000:c7f8+     P_AddActivePlat_
0000:c82c+     P_RemoveActivePlat_
2b31:29b0      _activeplats
Module: p_pspr.obj(C:\REALDOOM\p_pspr.c)
0000:c890      P_BringUpWeapon_
0000:c9e2      P_DropWeapon_
0000:c9fc+     A_WeaponReady_
0000:cb30      A_ReFire_
0000:cb4e+     P_FireWeapon_
0000:cb64+     P_CheckAmmo_
0000:cb64*     A_CheckReload_
0000:cbce+     A_Lower_
0000:cc18+     A_Raise_
0000:cc58+     A_GunFlash_
0000:cc82+     A_Punch_
0000:cd52+     A_Saw_
0000:ce9e+     A_FireMissile_
0000:cec2+     A_FireBFG_
0000:cee6+     A_FirePlasma_
0000:cf2e+     P_BulletSlope_
0000:cfce+     P_GunShot_
0000:d03a+     A_FirePistol_
0000:d0a6+     A_FireShotgun_
0000:d10c+     A_FireShotgun2_
0000:d1e0+     A_FireCGun_
0000:d28e*     A_Light0_
0000:d296*     A_Light1_
0000:d29e*     A_Light2_
0000:d2a6*     A_BFGSpray_
0000:d378*     A_BFGsound_
0000:d38c      P_MovePsprites_
0000:d41e+     P_SetPsprite_
2b31:0944      _weaponinfo
2b31:29f0+     _bulletslope
Module: p_sight.obj(C:\REALDOOM\p_sight.c)
0000:d560+     P_DivlineSide_
0000:d64a+     P_DivlineSide16_
0000:d716+     P_DivlineSideNode_
0000:d7e8+     P_InterceptVector2_
0000:d8ec+     P_CrossSubsector_
0000:dbaa+     P_CrossBSPNode_
0000:dc5a      P_CheckSight_
2b31:2a00+     _strace
2b31:2a10+     _cachedt2x
2b31:2a14+     _cachedt2y
2b31:2a18      _bottomslope
2b31:2a1c+     _sightzstart
2b31:2a20      _topslope
Module: p_spec.obj(C:\REALDOOM\p_spec.c)
0000:ddda      getSideNum_
0000:de1a*     getSector_
0000:de62      twoSided_
0000:dea0      getNextSectorList_
0000:df20      P_FindLowestFloorSurrounding_
0000:dfc2      P_FindHighestFloorSurrounding_
0000:e062      P_FindNextHighestFloor_
0000:e13c      P_FindLowestCeilingSurrounding_
0000:e1dc      P_FindHighestCeilingSurrounding_
0000:e27c      P_FindSectorsFromLineTag_
0000:e2fc      P_FindMinSurroundingLight_
0000:e4b4      P_CrossSpecialLine_
0000:eae8      P_ShootSpecialLine_
0000:ebf0      P_PlayerInSpecialSector_
0000:ed24      P_UpdateSpecials_
0000:eec6      EV_DoDonut_
0000:f106      P_SpawnSpecials_
2b31:2a30+     _linespeciallist
2b31:2ab0      _anims
2b31:2b30      _lastanim
2b31:2b34+     _levelTimeCount
2b31:2b38+     _numlinespecials
2b31:2b3a+     _levelTimer
Module: p_switch.obj(C:\REALDOOM\p_switch.c)
0000:f280+     P_StartButton_
0000:f2fe      P_ChangeSwitchTexture_
0000:f594      P_UseSpecialLine_
2b31:2b3c      _buttonlist
2b31:2bdc      _switchlist
2b31:2c40      _numswitches
Module: p_mobj.obj(C:\REALDOOM\p_mobj.c)
0fe8:0000+     P_ExplodeMissile_
0fe8:009c+     P_XYMovement_
0fe8:04bc+     P_ZMovement_
0fe8:07d0+     P_NightmareRespawn_
0fe8:0984      P_MobjThinker_
0fe8:0aaa      P_SpawnMobj_
0fe8:0ca0      P_RemoveMobj_
0fe8:0cea      P_SpawnPuff_
0fe8:0d84      P_SpawnBlood_
0fe8:0e2c+     P_CheckMissileSpawn_
0fe8:0ed0      P_SpawnMissile_
0fe8:111a      P_SpawnPlayerMissile_
0fe8:1382      P_SetMobjState2_
2b31:2c50      _setStateReturn
2b31:2c54      _setStateReturn_pos
2b31:2c58*     _SAVEDUNIT
Module: p_telept.obj(C:\REALDOOM\p_telept.c)
0fe8:1760      EV_Teleport_
Module: p_tick.obj(C:\REALDOOM\p_tick.c)
0fe8:19a0+     P_GetNextThinkerRef_
0fe8:19e0      P_CreateThinker_
0fe8:1a1a      P_UpdateThinkerFunc_
0fe8:1a2e      P_RemoveThinker_
0fe8:1a44+     P_RunThinkers_
0fe8:1bb6      P_Ticker_
2b31:09a8+     _addCount
2b31:09aa*     _setval
2b31:2c60      _leveltime
2b31:2c64      _mobjposlist
2b31:2c68      _currentThinkerListHead
Module: p_user.obj(C:\REALDOOM\p_user.c)
0fe8:1c00+     P_Thrust_
0fe8:1c80+     P_CalcHeight_
0fe8:1eca+     P_MovePlayer_
0fe8:1fda+     P_DeathThink_
0fe8:2124      P_PlayerThink_
2b31:2c6a+     _onground
Module: r_bsp.obj(C:\REALDOOM\r_bsp.c)
0fe8:2330      R_ClearDrawSegs_
0fe8:2340+     R_ClipSolidWallSegment_
0fe8:244a+     R_ClipPassWallSegment_
0fe8:24c4      R_ClearClipSegs_
0fe8:24ee+     R_AddLine_
0fe8:2784+     R_CheckBBox_
0fe8:2998+     R_Subsector_
0fe8:2aa2      R_RenderBSPNode_
2b31:2c70+     _solidsegs
2b31:2cf0      _frontsector
2b31:2cf4      _backsector
2b31:2cf8      _ds_p
2b31:2cfc      _curseg_render
2b31:2d00+     _newend
2b31:2d04      _curseg
Module: r_data.obj(C:\REALDOOM\r_data.c)
2b31:2d10      _textureLRU
2b31:2d18      _activetexturepages
2b31:2d20      _activenumpages
2b31:2d24      _spritedefs_bytes
2b31:2d28      _compositetextureoffset
2b31:2d2c      _compositetexturepage
2b31:2d30      _patchoffset
2b31:2d34      _spriteoffsets
2b31:2d38      _spriteoffset
2b31:2d3c      _flatindex
2b31:2d40      _patchpage
2b31:2d44      _spritepage
2b31:2d48      _spritetopoffsets
2b31:2d4c      _texturecompositesizes
2b31:2d4e      _lastflat
2b31:2d50      _firstspritelump
2b31:2d52      _lastpatch
2b31:2d54      _numpatches
2b31:2d56      _texturecolumn_offset
2b31:2d58      _firstpatch
2b31:2d5a      _lastspritelump
0fe8:2c00+     R_DrawColumnInCache_
0fe8:2c84+     R_GetNextCompositeBlock_
0fe8:2d9e+     R_GetNextPatchBlock_
0fe8:2eba+     R_GetNextSpriteBlock_
0fe8:2fd6+     R_GenerateComposite_
0fe8:315c+     gettexturepage_
0fe8:33c6      getpatchtexture_
0fe8:345a      getcompositetexture_
0fe8:34de      getspritetexture_
0fe8:3572      R_GetColumn_
2b31:09b0      _firstunusedflat
2b31:09b4      _totalpatchsize
2b31:2d5c      _flattranslation
2b31:2d5e      _numtextures
2b31:2d60      _numspritelumps
2b31:2d62      _texturewidthmasks
2b31:2d64      _texturetranslation
2b31:2d66      _numflats
2b31:2d68      _textureheights
2b31:2d6a      _texturedefs_offset
2b31:2d6c      _firstflat
Module: r_draw.obj(C:\REALDOOM\r_draw.c)
2b31:2d70      _columnofs
2b31:2ff0*     _viewimage
2b31:2ff4      _ds_xstep
2b31:2ff8      _ds_ystep
2b31:2ffc      _dc_texturemid
2b31:3000      _dc_iscale
2b31:3004      _ds_yfrac
2b31:3008      _ds_source
2b31:300c      _dc_source
2b31:3010      _ds_colormap
2b31:3014      _ds_xfrac
2b31:3018      _dc_colormap
2b31:301c      _ds_x1
2b31:301e      _ds_x2
0fe8:360c      R_DrawColumn_
0fe8:36c2      R_DrawColumnLow_
0fe8:377c      R_DrawFuzzColumn_
0fe8:3894      R_DrawSpan_
0fe8:39dc      R_DrawSpanLow_
0fe8:3b06      R_FillBackScreen_
0fe8:3dbc      R_VideoErase_
0fe8:3e30      R_DrawViewBorder_
2b31:09b8+     _fuzzoffset
2b31:0a1c+     _fuzzpos
2b31:3020      _ds_y
2b31:3022      _dc_x
2b31:3024      _dc_yh
2b31:3026      _dc_yl
2b31:3028      _viewwindowoffset
2b31:302a      _viewwindowx
2b31:302c      _viewwindowy
2b31:302e      _scaledviewwidth
2b31:3030      _viewheight
2b31:3032      _viewwidth
Module: r_main.obj(C:\REALDOOM\r_main.c)
2b31:3040      _r_cachedstatecopy
2b31:304c      _fixedcolormap
2b31:3050      _projection
2b31:3054      _centeryfrac_shiftright4
2b31:3058      _centeryfrac
2b31:305c      _centerxfrac
2b31:3060      _basecolfunc
2b31:3064      _spanfunc
2b31:3068      _fuzzcolfunc
2b31:306c      _viewsin
2b31:3070      _colfunc
2b31:3074      _viewangle
2b31:3078      _viewz
2b31:307c      _viewy
2b31:3080      _viewcos
2b31:3084      _viewx
2b31:3088      _r_cachedplayerMobjsecnum
2b31:308a      _centerx
2b31:308c      _centery
2b31:308e      _viewz_shortheight
2b31:3090      _viewangle_shiftright3
2b31:3092      _setsizeneeded
2b31:3093      _setdetail
2b31:3094      _setblocks
2b31:3095      _skyflatnum
0fe8:3ec0+     R_PointOnSide_
0fe8:3fa0      R_PointOnSegSide_
0fe8:4088      R_PointToAngle16_
0fe8:409e      R_PointToAngle_
0fe8:4466      R_PointToAngle2_
0fe8:4490      R_PointToAngle2_16_
0fe8:44b6      R_PointToDist_
0fe8:4566      R_ScaleFromGlobalAngle_
0fe8:4620      R_SetViewSize_
0fe8:4630      R_PointInSubsector_
0fe8:468c+     R_SetupFrame_
0fe8:475c      R_RenderPlayerView_
2b31:0a30      _validcount
2b31:0a32      _clipangle
2b31:0a36      _fieldofview
2b31:3096      _detailshift
2b31:3097      _extralight
2b31:3098      _skytexture
Module: r_plane.obj(C:\REALDOOM\r_plane.c)
0fe8:4896+     R_MapPlane_
0fe8:4ab4      R_ClearPlanes_
0fe8:4b9e      R_FindPlane_
0fe8:4c64      R_CheckPlane_
0fe8:4d72      R_DrawPlanes_
2b31:0a3a*     _tempcounter
2b31:30a0+     _planeheight
2b31:30a4+     _baseyscale
2b31:30a8+     _basexscale
2b31:30ac+     _planezlight
2b31:30b0      _lastopening
2b31:30b4+     _lastvisplane
2b31:30b6      _floorplaneindex
2b31:30b8      _ceilingplaneindex
Module: r_segs.obj(C:\REALDOOM\r_segs.c)
2b31:30c0+     _topfrac
2b31:30c4+     _worldtop
2b31:30c8+     _bottomstep
2b31:30cc+     _rw_bottomtexturemid
2b31:30d0+     _pixhigh
2b31:30d4+     _bottomfrac
2b31:30d8+     _pixlow
2b31:30dc+     _worldbottom
2b31:30e0+     _pixhighstep
2b31:30e4      _walllights
2b31:30e8+     _topstep
2b31:30ec+     _pixlowstep
2b31:30f0+     _worldlow
2b31:30f4+     _worldhigh
2b31:30f8+     _maskedtexturecol
2b31:30fc+     _rw_toptexturemid
2b31:3100+     _rw_midtexturemid
2b31:3104+     _rw_scale
2b31:3108+     _rw_offset
2b31:310c      _rw_distance
2b31:3110      _rw_angle1
2b31:3114+     _rw_centerangle
2b31:3116+     _rw_scalestep
2b31:3118+     _rw_stopx
2b31:311a+     _rw_x
2b31:311c      _rw_normalangle
0fe8:50a0      R_RenderMaskedSegRange_
0fe8:5530+     R_RenderSegLoop_
0fe8:59cc      R_StoreWallRange_
2b31:311e+     _maskedtexture
2b31:311f+     _toptexture
2b31:3120+     _midtexture
2b31:3121+     _bottomtexture
2b31:3122+     _segtextured
2b31:3123+     _markfloor
2b31:3124+     _markceiling
Module: r_things.obj(C:\REALDOOM\r_things.c)
2b31:3130+     _spritelights
2b31:3134      _spritename
2b31:3138      _mceilingclip
2b31:313c      _sprtopscreen
2b31:3140      _pspriteiscale
2b31:3144      _spryscale
2b31:3148      _mfloorclip
2b31:314c+     _vissprite_p
2b31:3150      _sprites
2b31:3154*     _overflowsprite
2b31:318a+     _vsprsortedhead
2b31:31c0      _pspritescale
0fe8:6510      R_ClearSprites_
0fe8:6520      R_DrawMaskedColumn_
0fe8:6652+     R_DrawVisSprite_
0fe8:676c+     R_ProjectSprite_
0fe8:6bbe      R_AddSprites_
0fe8:6c56+     R_DrawPSprite_
0fe8:6ef4+     R_DrawPlayerSprites_
0fe8:6fbe+     R_SortVisSprites_
0fe8:712e+     R_DrawSprite_
0fe8:74ec      R_DrawMasked_
2b31:31c2      _numsprites
Module: w_wad.obj(C:\REALDOOM\w_wad.c)
0fe8:7580      W_CheckNumForName_
0fe8:7580      W_GetNumForName_
0fe8:761a      W_LumpLength_
0fe8:764a+     W_ReadLump_
0fe8:7704*     W_CacheLumpNumCheck_
0fe8:7708      W_CacheLumpNameDirect_
0fe8:771a      W_CacheLumpNumDirect_
0fe8:7728      W_EraseFullscreenCache_
0fe8:7730      W_CacheLumpNumDirectFragment_
2b31:0a40+     _fullscreencache
2b31:31d0      _lumpbytes
2b31:7200      _reloadname
2b31:7204      _lumpinfo
2b31:7208      _wadfilehandle
2b31:720a      _reloadlump
2b31:720c      _numlumps
Module: v_video.obj(C:\REALDOOM\v_video.c)
0fe8:7750      V_MarkRect_
0fe8:778a      V_CopyRect_
0fe8:780a      V_DrawPatch_
0fe8:7938      V_DrawPatchDirect_
2b31:720e      _dirtybox
2b31:7216      _usegamma
Module: z_zone.obj(C:\REALDOOM\z_zone.c)
2b31:0a50      _STATIC_CONVENTIONAL_BLOCK_SIZE
2b31:0a52      _remainingconventional
2b31:0a54+     _conventional1head
2b31:0a56      _pageswapargs
2b31:0bfc      _taskswitchcount
2b31:0c00      _texturepageswitchcount
2b31:0c04      _flatpageswitchcount
2b31:0c08      _scratchpageswitchcount
0fe8:7a32      Z_FreeConventionalAllocations_
0fe8:7bf4      Z_MallocConventional_
0fe8:7c30      Z_InitEMS_
0fe8:7c56      Z_QuickmapPhysics_
0fe8:7d18      Z_QuickmapDemo_
0fe8:7d6a      Z_QuickmapRender7000to6000_
0fe8:7dbc      Z_QuickmapRender_
0fe8:7e82      Z_QuickmapRender_NoTex_
0fe8:7f48      Z_QuickmapRenderTexture_
0fe8:7fa6      Z_QuickmapStatus_
0fe8:7ff8      Z_QuickmapScratch_5000_
0fe8:8050      Z_QuickmapScratch_4000_
0fe8:80a8      Z_QuickmapScreen0_
0fe8:80e8      Z_PushScratchFrame_
0fe8:815e      Z_PopScratchFrame_
0fe8:81e4      Z_QuickMapFlatPage_
0fe8:8240*     Z_QuickMapTextureInfoPage_
0fe8:828c      Z_RemapScratchFrame_
0fe8:8304      Z_QuickmapPalette_
0fe8:8356      Z_QuickmapMenu_
0fe8:83a8      Z_QuickmapWipe_
0fe8:8448      Z_QuickmapByTaskNum_
2b31:0c0c      _scratchpoppageswitchcount
2b31:0c10      _scratchpushpageswitchcount
2b31:0c14      _scratchremapswitchcount
2b31:0c18      _currenttask
2b31:0c1a+     _oldtask
2b31:0c1c+     _scratchstacklevel
2b31:7220+     _pageFrameArea
2b31:7224      _conventionalmemoryblock
2b31:7228      _pageswapargseg
2b31:722a      _pagenum9000
2b31:722c      _pageswapargoff
2b31:722e      _emshandle
Module: st_stuff.obj(C:\REALDOOM\st_stuff.c)
2b31:7230      _w_ammo
2b31:7260      _w_armor
2b31:7270      _w_maxammo
2b31:72a0      _w_health
2b31:72b0      _arms
2b31:72e0      _faces
2b31:7388      _keys
2b31:73a0      _shortnum
2b31:73c8      _tallnum
2b31:73f0      _armsbg
2b31:73f4      _faceback
2b31:73f8      _w_ready
2b31:7404      _w_arms
2b31:7440      _sbar
2b31:7444      _tallpercent
2b31:7448      _keyboxes
2b31:744e      _w_faces
2b31:0c1e      _st_oldhealth
2b31:0c20+     _st_facecount
2b31:0c22      _st_faceindex
2b31:0c24+     _cheat_mus_seq
2b31:0c2d+     _cheat_choppers_seq
2b31:0c38+     _cheat_god_seq
2b31:0c3e+     _cheat_ammo_seq
2b31:0c44+     _cheat_ammonokey_seq
2b31:0c49+     _cheat_noclip_seq
2b31:0c54+     _cheat_commercial_noclip_seq
2b31:0c5b+     _cheat_powerup_seq
2b31:0ca1+     _cheat_clev_seq
2b31:0cab+     _cheat_mypos_seq
2b31:0cb3+     _cheat_mus
2b31:0cbb+     _cheat_god
2b31:0cc3+     _cheat_ammo
2b31:0ccb+     _cheat_ammonokey
2b31:0cd3+     _cheat_noclip
2b31:0cdb+     _cheat_commercial_noclip
2b31:0ce3+     _cheat_powerup
2b31:0d1b+     _cheat_choppers
0fe8:84ba+     ST_refreshBackground_
0fe8:84f8      ST_Responder_
0fe8:8918+     ST_calcPainOffset_
0fe8:8960+     ST_updateFaceWidget_
0fe8:8bec+     ST_updateWidgets_
0fe8:8c34      ST_Ticker_
0fe8:8c4a+     ST_doPaletteStuff_
0fe8:8cc6+     ST_drawWidgets_
0fe8:8e00      ST_Drawer_
0fe8:8e4e*     ST_unloadGraphics_
2b31:0d23+     _cheat_clev
2b31:0d2b+     _cheat_mypos
2b31:0d38      _st_palette
2b31:7458      _w_keyboxes
2b31:7476      _w_armsbg
2b31:7480      _oldweaponsowned
2b31:7489      _updatedthisframe
2b31:748a      _st_firsttime
2b31:748b+     _st_randomnumber
2b31:748c      _st_statusbaron
2b31:748d      _st_gamestate
Module: st_lib.obj(C:\REALDOOM\st_lib.c)
0fe8:8e70*     STlib_updateflag_
0fe8:8e86      STlib_drawNum_
0fe8:8f7a      STlib_updatePercent_
0fe8:8fba      STlib_updateMultIcon_
Module: hu_stuff.obj(C:\REALDOOM\hu_stuff.c)
0fe8:9070      HU_Drawer_
0fe8:9100      HU_Erase_
0fe8:915c      HU_Ticker_
0fe8:923a      HU_Responder_
2b31:74c4      _w_title
2b31:751d      _w_message
2b31:7688      _message_on
2b31:7689      _message_dontfuckwithme
2b31:768a+     _message_counter
2b31:768b      _message_nottobefuckedwith
Module: hu_lib.obj(C:\REALDOOM\hu_lib.c)
0fe8:92c0      HUlib_addCharToTextLine_
0fe8:92f2      HUlib_drawTextLine_
0fe8:938c      HUlib_eraseTextLine_
0fe8:9422      HUlib_addMessageToSText_
Module: s_sound.obj(C:\REALDOOM\s_sound.c)
2b31:768c      _numChannels
0fe8:94b0*     S_StopChannel_
0fe8:94b0      S_StartMusic_
0fe8:94b0      S_ChangeMusic_
0fe8:94b0*     S_StopMusic_
0fe8:94b0      S_SetMusicVolume_
0fe8:94b2*     S_AdjustSoundParams_
0fe8:94bc      S_SetSfxVolume_
0fe8:94c0      S_StopSound_
0fe8:94c0      S_ResumeSound_
0fe8:94c0      S_PauseSound_
0fe8:94c2*     S_getChannel_
0fe8:94c4      S_Start_
0fe8:94c4      S_UpdateSounds_
0fe8:94c4      S_StartSoundWithParams_
0fe8:94c4      S_StartSound_
0fe8:94c4      S_StartSoundFromRef_
0fe8:94c6*     S_StartSoundAtVolume_
Module: dutils.obj(C:\REALDOOM\dutils.c)
0fe8:94d0      cht_CheckCheat_
0fe8:9544      cht_GetParam_
Module: info.obj(C:\REALDOOM\info.c)
0fe8:95b4      getPainChance_
0fe8:9632      getRaiseState_
0fe8:968a      getXDeathState_
0fe8:96da      getMeleeState_
0fe8:9738      getMobjMass_
0fe8:97a2      getActiveSound_
0fe8:9804      getPainSound_
0fe8:9838      getAttackSound_
0fe8:985a      getDamage_
0fe8:98d0      getSeeState_
0fe8:9974      getMissileState_
0fe8:9a28      getDeathState_
0fe8:9b06      getPainState_
0fe8:9bbc      getSpawnHealth_
Module: dmx.obj(C:\REALDOOM\dmx.c)
0fe8:9c20      TS_FreeTaskList_
0fe8:9c30      TS_SetClockSpeed_
0fe8:9c82+     TS_SetTimer_
0fe8:9cbc      TS_SetTimerToMaxTaskRate_
0fe8:9ccc+     TS_ServiceScheduleIntEnabled_
0fe8:9dc6+     TS_Startup_
0fe8:9e1c      TS_ScheduleTask_
0fe8:9e50      TS_Dispatch_
2b31:0d40+     _TaskServiceRate
2b31:0d44+     _TaskServiceCount
2b31:0d48      _TS_Installed
2b31:0d4c+     _TS_InInterrupt
2b31:7690      _OldInt8
2b31:7694+     _TS_TimesInInterrupt
2b31:7698      _HeadTask
Module: d_math.obj(C:\REALDOOM\d_math.c)
2b31:0d50      _lightmult48lookup
2b31:0d70      _lightshift7lookup
2b31:0d90      _pageoffsets
2b31:0d98      _MULT_4096
Module: f_finale.obj(C:\REALDOOM\f_finale.c)
0fe8:9ed4+     V_DrawPatchFlipped_
0fe8:9fa4      F_StartFinale_
0fe8:a0bc      F_Responder_
0fe8:a0c8*     F_CastResponder_
0fe8:a0de      F_Ticker_
0fe8:a19c+     F_TextWrite_
0fe8:a2b8+     F_StartCast_
0fe8:a320+     F_CastTicker_
0fe8:a716+     F_CastPrint_
0fe8:a7de+     F_CastDrawer_
0fe8:a8a6*     F_DrawPatchCol_
0fe8:a91a+     F_BunnyScroll_
0fe8:a9ee      F_Drawer_
2b31:0da0+     _e1text
2b31:0da2+     _e2text
2b31:0da4+     _e3text
2b31:0da6+     _c1text
2b31:0da8+     _c2text
2b31:0daa+     _c3text
2b31:0dac+     _c4text
2b31:0dae+     _c5text
2b31:0db0+     _c6text
2b31:0db2+     _castorder
2b31:76b0+     _caststate
2b31:76b4+     _finaleflat
2b31:76b8+     _finaletext
2b31:76ba+     _finalecount
2b31:76bc+     _finalestage
2b31:76be+     _castonmelee
2b31:76bf+     _casttics
2b31:76c0+     _castdeath
2b31:76c1+     _castframes
2b31:76c2+     _castattacking
2b31:76c3+     _castnum
Module: i_quit.obj(C:\REALDOOM\i_quit.c)
0fe8:aaa4*     I_ShutdownSound_
0fe8:aaa6+     I_ShutdownGraphics_
0fe8:aad2*     TS_Terminate_
0fe8:aae8+     TS_Shutdown_
0fe8:ab22*     I_ShutdownTimer_
0fe8:ab3c+     I_ShutdownKeyboard_
0fe8:ab6e+     I_ShutdownMouse_
0fe8:ab80+     Z_ShutdownUMB_
0fe8:ac14+     Z_QuickmapUnmapAll_
0fe8:acf8+     Z_ShutdownEMS_
0fe8:ad42      I_Shutdown_
0fe8:ad70      I_Quit_
2b31:0de8+     _ems_backfill_page_order
Module: v_extra.obj(C:\REALDOOM\v_extra.c)
0fe8:ae00      V_DrawFullscreenPatch_
Module: w_init.obj(C:\REALDOOM\w_init.c)
0fe8:afaa+     ExtractFileBase_
0fe8:b038+     W_AddFile_
0fe8:b33c      W_InitMultipleFiles_
Module: wi_stuff.obj(C:\REALDOOM\wi_stuff.c)
2b31:76d4+     _wioffsets
2b31:0fa0+     _wigraphicspage0
2b31:0fa4+     _wigraphicslevelname
2b31:0fa8*     _wigraphicsfullscreen
2b31:0fac+     _unloaded
0fe8:b5e4+     getLnodeX_
0fe8:b6e6+     getLnodeY_
0fe8:b7ac*     WI_GetPatch_
0fe8:b7c2*     WI_slamBackground_
0fe8:b7d8+     WI_drawLF_
0fe8:b856+     WI_drawEL_
0fe8:b8c2+     WI_drawOnLnode_
0fe8:b9b4+     WI_updateAnimatedBack_
0fe8:bac6+     WI_drawAnimatedBack_
0fe8:bb42+     WI_drawNum_
0fe8:bc2e+     WI_drawPercent_
0fe8:bc76+     WI_drawTime_
0fe8:bd1e*     WI_unloadData_
0fe8:bd1e*     WI_End_
0fe8:bd32*     WI_initNoState_
0fe8:bd46+     WI_updateNoState_
0fe8:bd6c*     WI_initShowNextLoc_
0fe8:bd82+     WI_updateShowNextLoc_
0fe8:bdba*     WI_drawNoState_
0fe8:bdc0+     WI_drawShowNextLoc_
0fe8:be54*     WI_initStats_
0fe8:be86+     WI_initAnimatedBack_
0fe8:bf02+     WI_updateStats_
0fe8:c15a+     WI_drawStats_
0fe8:c288*     WI_checkForAccelerate_
0fe8:c2d2      WI_Ticker_
0fe8:c324+     WI_loadData_
0fe8:c3c4+     M_Reload_
0fe8:c434      WI_Drawer_
0fe8:c46a+     WI_initVariables_
0fe8:c4cc+     WI_Init_
0fe8:c61e      WI_Start_
Module: d_init.obj(C:\REALDOOM\d_init.c)
0fe8:c9e0+     D_InitStrings_
0fe8:cac2      D_StartTitle_
0fe8:cad4+     D_GetCursorColumn_
0fe8:cafc+     D_GetCursorRow_
0fe8:cb24+     D_SetCursorPosition_
0fe8:cb50+     D_DrawTitle_
0fe8:cbe2+     D_RedrawTitle_
0fe8:cc18+     D_AddFile_
0fe8:cc94+     IdentifyVersion_
0fe8:cd40+     M_LoadDefaults_
0fe8:cf4c+     HU_Init_
0fe8:cf9c*     S_Init_
0fe8:cf9e+     M_Init_
0fe8:d0d2+     D_InitGraphicCounts_
0fe8:d1a0      D_DoomMain2_
2b31:7774+     _title
Module: i_init.obj(C:\REALDOOM\i_init.c)
0fe8:d87a*     I_InitDiskFlash_
0fe8:d87c      I_InitGraphics_
0fe8:d952+     I_StartupMouse_
0fe8:d9a6+     I_StartupKeyboard_
0fe8:d9e0      I_Init_
Module: i_main.obj(C:\REALDOOM\i_main.c)
0fe8:da30      main_
Module: f_wipe.obj(C:\REALDOOM\f_wipe.c)
0fe8:da50+     wipe_shittyColMajorXform_
0fe8:dac8+     wipe_initMelt_
0fe8:db74+     wipe_doMelt_
0fe8:dc9a      wipe_StartScreen_
0fe8:dcbe+     V_DrawBlock_
0fe8:dd10      wipe_EndScreen_
0fe8:dd50      wipe_ScreenWipe_
Module: z_umb.obj(C:\REALDOOM\z_umb.c)
0fe8:df1e+     Z_InitUMBDOS_
0fe8:e21c      Z_InitUMB_
2b31:122e      _UMBbase
2b31:1230+     _UMBsize
2b31:1232      _UMBbase2
2b31:1234+     _UMBsize2
2b31:7810*     _XMSaddr
Module: z_init.obj(C:\REALDOOM\z_init.c)
0fe8:e546      I_ZoneBaseEMS_
0fe8:e71a      Z_GetEMSPageMap_
0fe8:e816      Z_LinkEMSVariables_
0fe8:eb2c      Z_LoadBinaries_
0fe8:ec98      Z_LinkConventionalVariables_
2b31:1236+     _fontlen
2b31:1275+     _facelen
2b31:7814+     _conventionallowerblock
2b31:7cf6+     _EMS_PAGE
Module: p_setup.obj(C:\REALDOOM\p_setup.c)
2b31:7d00      _blocklinks
2b31:7d04      _blockmaplump
2b31:7d08      _lines_physics
2b31:7d0c      _sides_render
2b31:7d10      _linebuffer
2b31:7d14      _nodes_render
2b31:7d18      _lineopenings
2b31:7d1c      _seenlines
2b31:7d20      _sides
2b31:7d24      _lines
2b31:7d28      _subsectors
2b31:7d2c      _nodes
2b31:7d30      _sectors
2b31:7d34      _segs
2b31:7d38      _sectors_physics
2b31:7d3c      _segs_render
2b31:7d40      _vertexes
2b31:7d44      _segs_physics
2b31:7d48+     _total
2b31:7d4a      _bmapwidth
2b31:7d4c      _bmaporgx
2b31:7d4e      _bmaporgy
2b31:7d50      _bmapheight
2b31:7d52      _numlines
2b31:7d54      _numsides
2b31:7d56      _numvertexes
2b31:7d58      _numnodes
2b31:7d5a      _numsectors
1eb6:0060+     Z_GetNext0x6000Address_
1eb6:0092+     Z_GetNext0x7000Address_
1eb6:00f8+     Z_Subtract0x7000Address_
1eb6:010e+     P_LoadVertexes_
1eb6:0184+     P_LoadSegs_
1eb6:03c0+     P_LoadSubsectors_
1eb6:0454*     R_FlatNumForNameC_
1eb6:0460+     P_LoadSectors_
1eb6:060e+     P_LoadNodes_
1eb6:0738+     P_SetupPsprites_
1eb6:0766+     P_SpawnPlayer_
1eb6:0940+     getDoomEdNum_
1eb6:0ba6+     P_SpawnMapThing_
1eb6:0d56+     P_CacheLineOpenings_
1eb6:0e74+     P_LoadThings_
1eb6:0f44+     P_LoadLineDefs_
1eb6:1204+     P_LoadSideDefs_
1eb6:1374+     P_LoadBlockMap_
1eb6:13e8+     P_GroupLines_
1eb6:163e+     P_InitThinkers_
1eb6:1674      P_SetupLevel_
2b31:12a0      _leveldataoffset_phys
2b31:12a2      _leveldataoffset_rend
2b31:12a4+     _leveldataoffset_6000_phys
2b31:7d5c+     _numsubsectors
2b31:7d5e+     _numsegs
Module: g_setup.obj(C:\REALDOOM\g_setup.c)
1eb6:17cc+     R_CheckTextureNumForNameB_
1eb6:182c      R_TextureNumForNameB_
1eb6:1854+     G_DoLoadLevel_
1eb6:1914      G_InitNew_
1eb6:1ac0      G_DoNewGame_
1eb6:1b00      G_DoWorldDone_
Module: r_init.obj(C:\REALDOOM\r_init.c)
1eb6:1bc8*     R_FlatNumForNameB_
1eb6:1bd4+     R_InitSkyMap_
1eb6:1bea*     R_InitPlanes_
1eb6:1bf0+     R_InitLightTables_
1eb6:1cae+     R_InitSpriteLumps_
1eb6:1d28+     R_GenerateLookup_
1eb6:1fae+     R_InitTextures_
1eb6:2374+     R_InitData_
1eb6:23d6      R_Init_
Module: r_setup.obj(C:\REALDOOM\r_setup.c)
1eb6:2440+     R_InitBuffer_
1eb6:249e+     R_InitTextureMapping_
1eb6:28b6      R_ExecuteSetViewSize_
1eb6:29e6      R_PrecacheLevel_
Module: st_setup.obj(C:\REALDOOM\st_setup.c)
1eb6:2da0+     STlib_initNum_
1eb6:2dca+     STlib_initPercent_
1eb6:2df4+     STlib_initMultIcon_
1eb6:2e18+     ST_createWidgets_
1eb6:2fd0+     ST_Stop_
1eb6:2fe8      ST_Start_
2b31:12a6+     _st_stopped
Module: hu_setup.obj(C:\REALDOOM\hu_setup.c)
1eb6:3060      HU_Start_
2b31:7d60      _hu_font
Module: st_init.obj(C:\REALDOOM\st_init.c)
1eb6:3214+     ST_loadGraphics_
1eb6:3510+     ST_loadData_
1eb6:353e      ST_Init_
Module: p_saveg.obj(C:\REALDOOM\p_saveg.c)
1eb6:3550*     P_UnArchiveSpecials_
1eb6:3550*     P_ArchiveSpecials_
1eb6:3550*     P_UnArchiveThinkers_
1eb6:3550*     P_ArchiveThinkers_
1eb6:3550*     P_UnArchiveWorld_
1eb6:3550*     P_ArchiveWorld_
1eb6:3550*     P_UnArchivePlayers_
1eb6:3550*     P_ArchivePlayers_
2b31:7e60*     _save_p
2b31:7e64*     _specials_e
Module: p_init.obj(C:\REALDOOM\p_init.c)
1eb6:3b4c+     R_CheckTextureNumForNameA_
1eb6:3bac+     R_TextureNumForNameA_
1eb6:3bd4+     P_InitSwitchList_
1eb6:3c8a*     R_FlatNumForNameA_
1eb6:3c96+     P_InitPicAnims_
1eb6:3d84+     R_InstallSpriteLump_
1eb6:3e1a+     R_InitSpriteDefs_
1eb6:4024+     R_InitSprites_
1eb6:4044      P_Init_
2b31:7e70+     _sprtemp
2b31:7e74+     _maxframe
Module: am_map.obj(C:\REALDOOM\am_map.c)
2b31:7ee0+     _ammnumpatchbytes
2b31:80ec+     _ammnumpatchoffsets
2b31:1730+     _player_arrow
2b31:17a0+     _cheat_player_arrow
2b31:18a0*     _triangle_guy
2b31:18d0+     _thintriangle_guy
2b31:1906      _automapactive
1eb6:4070+     AM_activateNewScale_
1eb6:4158*     AM_saveScaleAndLoc_
1eb6:41a4+     AM_restoreScaleAndLoc_
1eb6:42d0+     AM_addMark_
1eb6:4346+     AM_findMinMaxBoundaries_
1eb6:44d4+     AM_changeWindowLoc_
1eb6:465a+     AM_initVariables_
1eb6:4798+     AM_clearMarks_
1eb6:47c2+     AM_LevelInit_
1eb6:484a      AM_Stop_
1eb6:4864+     AM_Start_
1eb6:4890*     AM_loadPics_
1eb6:48f0*     AM_unloadPics_
1eb6:490e*     AM_minOutWindowScale_
1eb6:4940*     AM_maxOutWindowScale_
1eb6:4972      AM_Responder_
1eb6:4e04+     AM_changeWindowScale_
1eb6:4ea6+     AM_doFollowPlayer_
1eb6:500a      AM_Ticker_
1eb6:5046*     AM_clearFB_
1eb6:5070+     AM_clipMline_
1eb6:5638+     AM_drawFline_
1eb6:57fc+     AM_drawMline_
1eb6:5828+     AM_drawGrid_
1eb6:59e8+     AM_drawWalls_
1eb6:5bd6+     AM_rotate_
1eb6:5cc2+     AM_drawLineCharacter_
1eb6:5e0c+     AM_drawPlayers_
1eb6:5e6e+     AM_drawThings_
1eb6:5ef4+     AM_drawMarks_
1eb6:5fce*     AM_drawCrosshair_
1eb6:5ff2      AM_Drawer_
Module: C:\WATCOM\lib286\dos\clibl.lib(intx086.c)
1eb6:6080      int86x_
1eb6:6119      int86_
Module: C:\WATCOM\lib286\dos\clibl.lib(printf.c)
1eb6:6146      printf_
Module: C:\WATCOM\lib286\dos\clibl.lib(vprintf.c)
1eb6:6175      vprintf_
Module: C:\WATCOM\lib286\dos\clibl.lib(exit.c)
1eb6:6187+     __null_int23_exit_
1eb6:6188      exit_
1eb6:61b9*     _exit_
2b31:193e+     ___int23_exit
2b31:1942+     ___FPE_handler_exit
Module: C:\WATCOM\lib286\dos\clibl.lib(cmodel)
1eb6:61d2      _big_code_
1eb6:61d2*     CodeModelMismatch
Module: C:\WATCOM\lib286\dos\clibl.lib(sprintf.c)
1eb6:61d2      sprintf_
Module: C:\WATCOM\lib286\dos\clibl.lib(i8m086)
1eb6:621d      __I8M
1eb6:621d      __U8M
1eb6:6202*     __I8ME
1eb6:6202*     __U8ME
Module: C:\WATCOM\lib286\dos\clibl.lib(i4m)
1eb6:6368      __I4M
1eb6:6368      __U4M
Module: C:\WATCOM\lib286\dos\clibl.lib(i8ls086)
1eb6:6380      __I8LS
1eb6:6380*     __U8LS
Module: C:\WATCOM\lib286\dos\clibl.lib(i8d086)
1eb6:669b*     __U8DQ
1eb6:66b1*     __U8DR
1eb6:66c7      __I8DQ
1eb6:66e3*     __I8DR
1eb6:66f9*     __U8DQE
1eb6:670f*     __U8DRE
1eb6:6725*     __I8DQE
1eb6:673b*     __I8DRE
Module: C:\WATCOM\lib286\dos\clibl.lib(i4d)
1eb6:6752      __I4D
1eb6:67a1      __U4D
Module: C:\WATCOM\lib286\dos\clibl.lib(atoi.c)
1eb6:6825      atoi_
Module: C:\WATCOM\lib286\dos\clibl.lib(read.c)
1eb6:688d      read_
Module: C:\WATCOM\lib286\dos\clibl.lib(close.c)
1eb6:6971      close_
Module: C:\WATCOM\lib286\dos\clibl.lib(open.c)
1eb6:6b72      open_
1eb6:6ba9      sopen_
Module: C:\WATCOM\lib286\dos\clibl.lib(toupper.c)
1eb6:6bd6      toupper_
Module: C:\WATCOM\lib286\dos\clibl.lib(strncpy.c)
1eb6:6be4      strncpy_
Module: C:\WATCOM\lib286\dos\clibl.lib(_istrcc_.asm)
1eb6:6c20      strcasecmp_
Module: C:\WATCOM\lib286\dos\clibl.lib(write.c)
1eb6:6d5b      write_
Module: C:\WATCOM\lib286\dos\clibl.lib(fopen.c)
1eb6:6f3d+     __open_flags_
1eb6:713d+     _fsopen_
1eb6:71a4      fopen_
1eb6:727f*     freopen_
Module: C:\WATCOM\lib286\dos\clibl.lib(fprintf.c)
1eb6:72f5      fprintf_
Module: C:\WATCOM\lib286\dos\clibl.lib(fclose.c)
1eb6:7324      __doclose_
1eb6:73d5      __shutdown_stream_
1eb6:73ef      fclose_
2b31:8194+     ___RmTmpFileFn
Module: C:\WATCOM\lib286\dos\clibl.lib(memmove.c)
1eb6:743a      memmove_
Module: C:\WATCOM\lib286\dos\clibl.lib(strupr.c)
1eb6:74b0      strupr_
Module: C:\WATCOM\lib286\dos\clibl.lib(lseek.c)
1eb6:74d2      lseek_
Module: C:\WATCOM\lib286\dos\clibl.lib(ffree.c)
1eb6:7503      _ffree_
1eb6:7503      free_
Module: C:\WATCOM\lib286\dos\clibl.lib(chainint)
1eb6:754a      _chain_intr_
Module: C:\WATCOM\lib286\dos\clibl.lib(d_getvec.c)
1eb6:756a      _dos_getvect_
Module: C:\WATCOM\lib286\dos\clibl.lib(d_setvec.c)
1eb6:7575      _dos_setvect_
Module: C:\WATCOM\lib286\dos\clibl.lib(_istrcmp.asm)
1eb6:7582      strcmpi_
Module: C:\WATCOM\lib286\dos\clibl.lib(filelen.c)
1eb6:7587      filelength_
Module: C:\WATCOM\lib286\dos\clibl.lib(strncmp.c)
1eb6:75e5      strncmp_
Module: C:\WATCOM\lib286\dos\clibl.lib(fgetc.c)
1eb6:7624      __fill_buffer_
1eb6:7719      fgetc_
Module: C:\WATCOM\lib286\dos\clibl.lib(fmalloc.c)
1eb6:77be      _fmalloc_
1eb6:77be      malloc_
2b31:1946+     ___fheap
2b31:1948      ___fheapRover
2b31:194a      ___LargestSizeB4Rover
Module: C:\WATCOM\lib286\dos\clibl.lib(accss.c)
1eb6:78cb      access_
Module: C:\WATCOM\lib286\dos\clibl.lib(fscanf.c)
1eb6:7975+     vfscanf_
1eb6:79d0      fscanf_
Module: C:\WATCOM\lib286\dos\clibl.lib(sscanf.c)
1eb6:7a29+     vsscanf_
1eb6:7a5f      sscanf_
Module: C:\WATCOM\lib286\dos\clibl.lib(iob.c)
2b31:194c      ___iob
2b31:1ab4      __fmode
2b31:8198      ___OpenStreams
2b31:819c      ___ClosedStreams
Module: C:\WATCOM\lib286\dos\clibl.lib(setbuf.c)
1eb6:7a8d      setbuf_
Module: C:\WATCOM\lib286\dos\clibl.lib(cstart)
2b31:0000*     __nullarea
2b31:1ab6*     __ovlflag
2b31:1ab7*     __intno
2b31:1ab8*     __ovlvec
1eb6:7aaa      _cstart_
1eb6:7b7d*     _Not_Enough_Memory_
1eb6:7cb1      __exit_
1eb6:7cd0      __do_exit_with_msg__
1eb6:7d2e      __GETDS
Module: C:\WATCOM\lib286\dos\clibl.lib(argcv.c)
2b31:81a0      __argv
2b31:81a4      ___argv
2b31:81a8      __argc
2b31:81aa      ___argc
Module: C:\WATCOM\lib286\dos\clibl.lib(fread.c)
1eb6:7d38      fread_
Module: C:\WATCOM\lib286\dos\clibl.lib(_istrncc.asm)
1eb6:7f2c      strncasecmp_
Module: C:\WATCOM\lib286\dos\clibl.lib(stack086.c)
1eb6:7f31      stackavail_
Module: C:\WATCOM\lib286\dos\clibl.lib(intr.c)
1eb6:7f3f      intr_
Module: C:\WATCOM\lib286\dos\clibl.lib(segread.c)
1eb6:7f53      segread_
Module: C:\WATCOM\lib286\dos\clibl.lib(fprtf.c)
1eb6:7f8d      __fprtf_
Module: C:\WATCOM\lib286\dos\clibl.lib(initrtns.c)
1eb6:8093      __InitRtns
1eb6:8093*     __FInitRtns
1eb6:80ee      __FiniRtns
1eb6:80ee*     __FFiniRtns
Module: C:\WATCOM\lib286\dos\clibl.lib(vsprintf.c)
1eb6:816b      vsprintf_
Module: C:\WATCOM\lib286\dos\clibl.lib(istable.c)
2b31:0098      __IsTable
Module: C:\WATCOM\lib286\dos\clibl.lib(iomodtty.c)
1eb6:8196      __ChkTTYIOMode_
1eb6:81d4*     __IOMode_
Module: C:\WATCOM\lib286\dos\clibl.lib(iomode.c)
1eb6:81e4      __GetIOMode_
1eb6:8209      __SetIOMode_nogrow_
2b31:1abc      ___NFiles
2b31:1abe      ___init_mode
2b31:1ae6      ___io_mode
Module: C:\WATCOM\lib286\dos\clibl.lib(seterrno.c)
1eb6:822c      __set_errno_
1eb6:8240*     __set_EDOM_
1eb6:8252*     __set_ERANGE_
1eb6:8264*     __set_EINVAL_
1eb6:8279      __set_doserrno_
Module: C:\WATCOM\lib286\dos\clibl.lib(dosret.c)
1eb6:8285*     _dosretax_
1eb6:828a*     _dosret0_
1eb6:8291      __set_errno_dos_
1eb6:82ef*     __set_errno_dos_reterr_
Module: C:\WATCOM\lib286\dos\clibl.lib(__lseek.c)
1eb6:82fa      __lseek_
Module: C:\WATCOM\lib286\dos\clibl.lib(_clse.c)
1eb6:8334      __close_
Module: C:\WATCOM\lib286\dos\clibl.lib(opendos.c)
1eb6:8367      _dos_open_
Module: C:\WATCOM\lib286\dos\clibl.lib(isatt.c)
1eb6:838d      isatty_
Module: C:\WATCOM\lib286\dos\clibl.lib(errno.c)
1eb6:83a9      __get_errno_ptr_
1eb6:83b0      __get_doserrno_ptr_
2b31:81ac+     _errno
2b31:81ae+     __doserrno
Module: C:\WATCOM\lib286\dos\clibl.lib(umaskval.c)
2b31:1afe      ___umaskval
Module: C:\WATCOM\lib286\dos\clibl.lib(creatdos.c)
1eb6:83b7      _dos_creat_
1eb6:83db*     _dos_creatnew_
Module: C:\WATCOM\lib286\dos\clibl.lib(stiomode.c)
1eb6:83fd+     __grow_iomode_
1eb6:84c0+     __shrink_iomode_
1eb6:84fb      __SetIOMode_
Module: C:\WATCOM\lib286\dos\clibl.lib(stricmp.c)
1eb6:855e      stricmp_
Module: C:\WATCOM\lib286\dos\clibl.lib(stk)
1eb6:85a1*     __STK
1eb6:85c1      __STKOVERFLOW_
Module: C:\WATCOM\lib286\dos\clibl.lib(comtflag.c)
1eb6:85de*     __set_commode_
2b31:1b02      __commode
Module: C:\WATCOM\lib286\dos\clibl.lib(tolower.c)
1eb6:85ea      tolower_
Module: C:\WATCOM\lib286\dos\clibl.lib(fseek.c)
1eb6:8663      fseek_
Module: C:\WATCOM\lib286\dos\clibl.lib(chktty.c)
1eb6:87b1      __chktty_
Module: C:\WATCOM\lib286\dos\clibl.lib(freefp.c)
1eb6:87dc      __freefp_
1eb6:8857      __purgefp_
Module: C:\WATCOM\lib286\dos\clibl.lib(allocfp.c)
1eb6:8898      __allocfp_
Module: C:\WATCOM\lib286\dos\clibl.lib(flush.c)
1eb6:89ba      __flush_
Module: C:\WATCOM\lib286\dos\clibl.lib(nmalloc.c)
1eb6:8aed      _nmalloc_
2b31:1b04      ___nheapbeg
2b31:1b06      ___MiniHeapRover
2b31:1b08      ___LargestSizeB4MiniHeapRover
Module: C:\WATCOM\lib286\dos\clibl.lib(mem.c)
1eb6:8bd0      __MemAllocator
1eb6:8c9a      __MemFree
Module: C:\WATCOM\lib286\dos\clibl.lib(nfree.c)
1eb6:8df7      _nfree_
2b31:81b2+     ___MiniHeapFreeRover
Module: C:\WATCOM\lib286\dos\clibl.lib(flushall.c)
1eb6:8ef2      __flushall_
1eb6:8f4f*     flushall_
Module: C:\WATCOM\lib286\dos\clibl.lib(gtche.c)
1eb6:8f54      getche_
Module: C:\WATCOM\lib286\dos\clibl.lib(ioalloc.c)
1eb6:8f6e      __ioalloc_
Module: C:\WATCOM\lib286\dos\clibl.lib(qread.c)
1eb6:9008      __qread_
Module: C:\WATCOM\lib286\dos\clibl.lib(hpgrw086.c)
1eb6:9028      __CMain_nheapgrow_
Module: C:\WATCOM\lib286\dos\clibl.lib(growseg.c)
1eb6:902d      __GrowSeg_
Module: C:\WATCOM\lib286\dos\clibl.lib(allocseg.c)
1eb6:911f      __AllocSeg_
Module: C:\WATCOM\lib286\dos\clibl.lib(fmemneed.c)
1eb6:91b6      __fmemneed_
Module: C:\WATCOM\lib286\dos\clibl.lib(gfattdos.c)
1eb6:91b9      _dos_getfileattr_
Module: C:\WATCOM\lib286\dos\clibl.lib(ungetc.c)
1eb6:91d0      ungetc_
Module: C:\WATCOM\lib286\dos\clibl.lib(scnf.c)
1eb6:a188      __scnf_
Module: C:\WATCOM\lib286\dos\clibl.lib(initfile.c)
1eb6:a416      __InitFiles_
Module: C:\WATCOM\lib286\dos\clibl.lib(ioexit.c)
1eb6:a564*     fcloseall_
1eb6:a56b      __full_io_exit_
Module: C:\WATCOM\lib286\dos\clibl.lib(setvbuf.c)
1eb6:a575      setvbuf_
Module: C:\WATCOM\lib286\dos\clibl.lib(xmsg.c)
1eb6:a5fd*     __exit_with_msg_
1eb6:a602      __fatal_runtime_error_
Module: C:\WATCOM\lib286\dos\clibl.lib(cmain086.c)
1eb6:a620      __CMain
Module: C:\WATCOM\lib286\dos\clibl.lib(crwdata)
2b31:1b0a      __curbrk
2b31:1b12      __STACKLOW
2b31:1b14      __STACKTOP
2b31:1b16      __cbyte
2b31:1b18      __child
2b31:1b1a      __no87
2b31:1b28      ___FPE_handler
2b31:1b0c      __psp
2b31:1b1c      __get_ovl_stack
2b31:1b20      __restore_ovl_stack
2b31:1b24      __close_ovl_file
2b31:1b2c      __LpCmdLine
2b31:1b30      __LpPgmName
2b31:1b0e      __osmajor
2b31:1b0f      __osminor
2b31:1b10      __osmode
2b31:1b11      __HShift
Module: C:\WATCOM\lib286\dos\clibl.lib(uselfn.c)
2b31:1b34      ___uselfn
Module: C:\WATCOM\lib286\dos\clibl.lib(dosseg)
1eb6:a64c      __DOSseg__
Module: C:\WATCOM\lib286\dos\clibl.lib(initargv.c)
1eb6:a64d      __Init_Argv_
1eb6:a6b0+     _getargv_
1eb6:a8af      __Fini_Argv_
Module: C:\WATCOM\lib286\dos\clibl.lib(strnicmp.c)
1eb6:a8d9      strnicmp_
Module: C:\WATCOM\lib286\dos\clibl.lib(dointr)
1eb6:a928      _DoINTR_
Module: C:\WATCOM\lib286\dos\clibl.lib(fputc.c)
1eb6:aca1      fputc_
Module: C:\WATCOM\lib286\dos\clibl.lib(prtf.c)
1eb6:ad71      __prtf_
Module: C:\WATCOM\lib286\dos\clibl.lib(sgdef086)
2b31:1b46      __Start_XI
2b31:1b64      __End_XI
2b31:1b64      __Start_YI
2b31:1b76      __End_YI
Module: C:\WATCOM\lib286\dos\clibl.lib(doserror)
1eb6:bb40      __doserror_
Module: C:\WATCOM\lib286\dos\clibl.lib(frealloc.c)
1eb6:bb4e*     _frealloc_
1eb6:bb4e      realloc_
Module: C:\WATCOM\lib286\dos\clibl.lib(tell.c)
1eb6:bc2a      tell_
Module: C:\WATCOM\lib286\dos\clibl.lib(qwrit.c)
1eb6:bc3b      __qwrite_
Module: C:\WATCOM\lib286\dos\clibl.lib(fsync.c)
1eb6:bc98      fsync_
Module: C:\WATCOM\lib286\dos\clibl.lib(nmemneed.c)
1eb6:bc9d      __nmemneed_
Module: C:\WATCOM\lib286\dos\clibl.lib(grownear.c)
1eb6:bd25      __LastFree_
1eb6:bd9f      __ExpandDGROUP_
Module: C:\WATCOM\lib286\dos\clibl.lib(heapgrow.c)
1eb6:beb0*     _heapgrow_
1eb6:beb0*     _fheapgrow_
1eb6:beb1      _nheapgrow_
Module: C:\WATCOM\lib286\dos\clibl.lib(heapen.c)
1eb6:bf2b*     _heapenable_
2b31:1b36      ___heap_enabled
Module: C:\WATCOM\lib286\dos\clibl.lib(amblksiz.c)
2b31:1b38      __amblksiz
Module: C:\WATCOM\lib286\dos\clibl.lib(mbisdbcs.c)
2b31:81b8      ___IsDBCS
Module: C:\WATCOM\lib286\dos\clibl.lib(mbislead.c)
1eb6:bf3c*     _ismbblead_
2b31:81ba      ___MBCSIsTable
Module: C:\WATCOM\lib286\dos\clibl.lib(mbtowc.c)
1eb6:bf58      mbtowc_
Module: C:\WATCOM\lib286\dos\clibl.lib(bits.c)
2b31:019a      __Bits
Module: C:\WATCOM\lib286\dos\clibl.lib(fdfs086)
1eb6:c05a      __FDFS
Module: C:\WATCOM\lib286\dos\clibl.lib(noefgfmt.c)
2b31:1b3a      ___EFG_printf
2b31:1b3e      ___EFG_scanf
Module: C:\WATCOM\lib286\dos\clibl.lib(enterdb.c)
1eb6:c0b4      __EnterWVIDEO_
2b31:1b42+     ___WD_Present
Module: C:\WATCOM\lib286\dos\clibl.lib(___argc.c)
2b31:82bc      ____Argv
2b31:82c0      ____Argc
Module: C:\WATCOM\lib286\dos\clibl.lib(histsplt.c)
2b31:82c2      ___historical_splitparms
Module: C:\WATCOM\lib286\dos\clibl.lib(wctomb.c)
1eb6:c0d8      wctomb_
Module: C:\WATCOM\lib286\dos\clibl.lib(itoa.c)
1eb6:c101+     utoa_
1eb6:c15e      itoa_
Module: C:\WATCOM\lib286\dos\clibl.lib(lltoa.c)
1eb6:c182      ulltoa_
1eb6:c267*     lltoa_
Module: C:\WATCOM\lib286\dos\clibl.lib(ltoa.c)
1eb6:c2c9      ultoa_
1eb6:c338*     ltoa_
Module: C:\WATCOM\lib286\dos\clibl.lib(fmsize.c)
1eb6:c367*     _msize_
1eb6:c367      _fmsize_
Module: C:\WATCOM\lib286\dos\clibl.lib(nexpand.c)
1eb6:c378      __HeapManager_expand_
1eb6:c4ef      _nexpand_
Module: C:\WATCOM\lib286\dos\clibl.lib(fexpand.c)
1eb6:c542      _fexpand_
1eb6:c542*     _expand_
Module: C:\WATCOM\lib286\dos\clibl.lib(filedos.c)
1eb6:c577*     _dos_close_
1eb6:c585      _dos_commit_
Module: C:\WATCOM\lib286\dos\clibl.lib(sbrk.c)
1eb6:c595*     sbrk_
1eb6:c5a5      __brk_
Module: C:\WATCOM\lib286\dos\clibl.lib(mbinit.c)
1eb6:c64d      __mbinit_
2b31:1b44+     ___MBCodePage
Module: C:\WATCOM\lib286\dos\clibl.lib(alphabet.c)
2b31:0072      ___Alphabet
Module: C:\WATCOM\lib286\dos\clibl.lib(bfree.c)
1eb6:c728      _bfree_
Module: C:\WATCOM\lib286\dos\clibl.lib(bexpand.c)
1eb6:c74d      _bexpand_


                        +--------------------+
                        |   Libraries Used   |
                        +--------------------+

C:\WATCOM\lib286\dos\clibl.lib


                        +-----------------------+
                        |   Linker Statistics   |
                        +-----------------------+

Stack size:  0bb8 (3000.)
Memory size:  00034198 (213400.)
Entry point address: 1eb6:7aaa
Link time: 00:00.04
