Archive member included to satisfy reference by file (symbol)

/usr/lib/x86_64-linux-gnu/gcc/ia16-elf/6.3.0/../../../../../ia16-elf/lib/medium/regparmcall/libi86.a(libi86-int86-do.o)
                              /tmp/ccY2HWex.o (__libi86_int86_do)
/usr/lib/x86_64-linux-gnu/gcc/ia16-elf/6.3.0/../../../../../ia16-elf/lib/medium/regparmcall/libi86.a(libi86-int86x-do.o)
                              /tmp/ccY2HWex.o (__libi86_int86x_do)
/usr/lib/x86_64-linux-gnu/gcc/ia16-elf/6.3.0/../../../../../ia16-elf/lib/medium/regparmcall/libi86.a(libi86-intr-call-0020.o)
                              /tmp/ccY2HWex.o (__libi86_intr_call_0020)
/usr/lib/x86_64-linux-gnu/gcc/ia16-elf/6.3.0/../../../../../ia16-elf/lib/medium/regparmcall/libi86.a(libi86-intr-call-0041.o)
                              /tmp/ccY2HWex.o (__libi86_intr_call_0041)
/usr/lib/x86_64-linux-gnu/gcc/ia16-elf/6.3.0/../../../../../ia16-elf/lib/medium/regparmcall/libi86.a(libi86-intr-call-0063.o)
                              /tmp/cc93SlUQ.o (__libi86_intr_call_0063)
/usr/lib/x86_64-linux-gnu/gcc/ia16-elf/6.3.0/../../../../../ia16-elf/lib/medium/regparmcall/libi86.a(libi86-intr-call-0147.o)
                              /tmp/ccY2HWex.o (__libi86_intr_call_0147)
/usr/lib/x86_64-linux-gnu/gcc/ia16-elf/6.3.0/../../../../../ia16-elf/lib/medium/regparmcall/libi86.a(fmemcpy.o)
                              /tmp/cc1ZPtdm.o (_fmemcpy)
/usr/lib/x86_64-linux-gnu/gcc/ia16-elf/6.3.0/../../../../../ia16-elf/lib/medium/regparmcall/libi86.a(fmemset.o)
                              /tmp/cc93SlUQ.o (_fmemset)
/usr/lib/x86_64-linux-gnu/gcc/ia16-elf/6.3.0/../../../../../ia16-elf/lib/medium/regparmcall/libi86.a(dos-getvect.o)
                              /tmp/cck4tHRS.o (_dos_getvect)
/usr/lib/x86_64-linux-gnu/gcc/ia16-elf/6.3.0/../../../../../ia16-elf/lib/medium/regparmcall/libi86.a(dos-setvect.o)
                              /tmp/cck4tHRS.o (_dos_setvect)
/usr/lib/x86_64-linux-gnu/gcc/ia16-elf/6.3.0/../../../../../ia16-elf/lib/medium/regparmcall/libi86.a(ffree.o)
                              /tmp/ccY2HWex.o (_ffree)
/usr/lib/x86_64-linux-gnu/gcc/ia16-elf/6.3.0/../../../../../ia16-elf/lib/medium/regparmcall/libi86.a(fmalloc.o)
                              /tmp/ccZuqmpR.o (_fmalloc)
/usr/lib/x86_64-linux-gnu/gcc/ia16-elf/6.3.0/../../../../../ia16-elf/lib/medium/regparmcall/libi86.a(dos-allocmem.o)
                              /usr/lib/x86_64-linux-gnu/gcc/ia16-elf/6.3.0/../../../../../ia16-elf/lib/medium/regparmcall/libi86.a(fmalloc.o) (_dos_allocmem)
/usr/lib/x86_64-linux-gnu/gcc/ia16-elf/6.3.0/../../../../../ia16-elf/lib/medium/regparmcall/libi86.a(dos-freemem.o)
                              /usr/lib/x86_64-linux-gnu/gcc/ia16-elf/6.3.0/../../../../../ia16-elf/lib/medium/regparmcall/libi86.a(ffree.o) (_dos_freemem)
/usr/lib/x86_64-linux-gnu/gcc/ia16-elf/6.3.0/../../../../../ia16-elf/lib/medium/regparmcall/libi86.a(libi86-ret-really-set-errno.o)
                              /usr/lib/x86_64-linux-gnu/gcc/ia16-elf/6.3.0/../../../../../ia16-elf/lib/medium/regparmcall/libi86.a(dos-allocmem.o) (__libi86_ret_really_set_errno)
/usr/lib/x86_64-linux-gnu/gcc/ia16-elf/6.3.0/../../../../../ia16-elf/lib/medium/regparmcall/tprtf-fw.a(t-sprintf.o)
                              /tmp/ccUdihEh.o (sprintf)
/usr/lib/x86_64-linux-gnu/gcc/ia16-elf/6.3.0/../../../../../ia16-elf/lib/medium/regparmcall/tprtf-fw.a(t-fprintf.o)
                              /tmp/ccglWK9A.o (fprintf)
/usr/lib/x86_64-linux-gnu/gcc/ia16-elf/6.3.0/../../../../../ia16-elf/lib/medium/regparmcall/tprtf-fw.a(t-printf.o)
                              /tmp/cck4tHRS.o (printf)
/usr/lib/x86_64-linux-gnu/gcc/ia16-elf/6.3.0/../../../../../ia16-elf/lib/medium/regparmcall/tprtf-fw.a(t-vprintf.o)
                              /tmp/cc93SlUQ.o (vprintf)
/usr/lib/x86_64-linux-gnu/gcc/ia16-elf/6.3.0/../../../../../ia16-elf/lib/medium/regparmcall/tscnf-fw.a(t-sscanf.o)
                              /tmp/ccATr31P.o (sscanf)
/usr/lib/x86_64-linux-gnu/gcc/ia16-elf/6.3.0/../../../../../ia16-elf/lib/medium/regparmcall/tscnf-fw.a(t-fscanf.o)
                              /tmp/ccATr31P.o (fscanf)
/usr/lib/x86_64-linux-gnu/gcc/ia16-elf/6.3.0/../../../../../ia16-elf/lib/medium/regparmcall/iprtf-fw.a(i-sprintf.o)
                              /usr/lib/x86_64-linux-gnu/gcc/ia16-elf/6.3.0/../../../../../ia16-elf/lib/medium/regparmcall/tprtf-fw.a(t-sprintf.o) (sprintf.impl)
/usr/lib/x86_64-linux-gnu/gcc/ia16-elf/6.3.0/../../../../../ia16-elf/lib/medium/regparmcall/iprtf-fw.a(i-fprintf.o)
                              /usr/lib/x86_64-linux-gnu/gcc/ia16-elf/6.3.0/../../../../../ia16-elf/lib/medium/regparmcall/tprtf-fw.a(t-fprintf.o) (fprintf.impl)
/usr/lib/x86_64-linux-gnu/gcc/ia16-elf/6.3.0/../../../../../ia16-elf/lib/medium/regparmcall/iprtf-fw.a(i-printf.o)
                              /usr/lib/x86_64-linux-gnu/gcc/ia16-elf/6.3.0/../../../../../ia16-elf/lib/medium/regparmcall/tprtf-fw.a(t-printf.o) (printf.impl)
[...]
Memory Configuration

Name             Origin             Length             Attributes
bseglma          0x0000000000000000 0x00000000000a0000 xw
hdrvma           0x0000000000000000 0x0000000000040020 xw
csegvma          0x0000000000000020 0x0000000000010000 xw
ft00segvma       0x0000000000000000 0x0000000000010000 xw
ft01segvma       0x0000000000000000 0x0000000000010000 xw
ft02segvma       0x0000000000000000 0x0000000000010000 xw
ft03segvma       0x0000000000000000 0x0000000000010000 xw
ft04segvma       0x0000000000000000 0x0000000000010000 xw
ft05segvma       0x0000000000000000 0x0000000000010000 xw
ft06segvma       0x0000000000000000 0x0000000000010000 xw
ft07segvma       0x0000000000000000 0x0000000000010000 xw
ft10segvma       0x0000000000000000 0x0000000000010000 xw
ft11segvma       0x0000000000000000 0x0000000000010000 xw
ft12segvma       0x0000000000000000 0x0000000000010000 xw
ft13segvma       0x0000000000000000 0x0000000000010000 xw
ft14segvma       0x0000000000000000 0x0000000000010000 xw
ft15segvma       0x0000000000000000 0x0000000000010000 xw
ft16segvma       0x0000000000000000 0x0000000000010000 xw
ft17segvma       0x0000000000000000 0x0000000000010000 xw
ft20segvma       0x0000000000000000 0x0000000000010000 xw
ft21segvma       0x0000000000000000 0x0000000000010000 xw
ft22segvma       0x0000000000000000 0x0000000000010000 xw
ft23segvma       0x0000000000000000 0x0000000000010000 xw
ft24segvma       0x0000000000000000 0x0000000000010000 xw
ft25segvma       0x0000000000000000 0x0000000000010000 xw
ft26segvma       0x0000000000000000 0x0000000000010000 xw
ft27segvma       0x0000000000000000 0x0000000000010000 xw
ft30segvma       0x0000000000000000 0x0000000000010000 xw
ft31segvma       0x0000000000000000 0x0000000000010000 xw
ft32segvma       0x0000000000000000 0x0000000000010000 xw
ft33segvma       0x0000000000000000 0x0000000000010000 xw
ft34segvma       0x0000000000000000 0x0000000000010000 xw
ft35segvma       0x0000000000000000 0x0000000000010000 xw
ft36segvma       0x0000000000000000 0x0000000000010000 xw
ft37segvma       0x0000000000000000 0x0000000000010000 xw
ft40segvma       0x0000000000000000 0x0000000000010000 xw
ft41segvma       0x0000000000000000 0x0000000000010000 xw
ft42segvma       0x0000000000000000 0x0000000000010000 xw
ft43segvma       0x0000000000000000 0x0000000000010000 xw
ft44segvma       0x0000000000000000 0x0000000000010000 xw
ft45segvma       0x0000000000000000 0x0000000000010000 xw
ft46segvma       0x0000000000000000 0x0000000000010000 xw
ft47segvma       0x0000000000000000 0x0000000000010000 xw
ft50segvma       0x0000000000000000 0x0000000000010000 xw
ft51segvma       0x0000000000000000 0x0000000000010000 xw
ft52segvma       0x0000000000000000 0x0000000000010000 xw
ft53segvma       0x0000000000000000 0x0000000000010000 xw
ft54segvma       0x0000000000000000 0x0000000000010000 xw
ft55segvma       0x0000000000000000 0x0000000000010000 xw
ft56segvma       0x0000000000000000 0x0000000000010000 xw
ft57segvma       0x0000000000000000 0x0000000000010000 xw
ft60segvma       0x0000000000000000 0x0000000000010000 xw
ft61segvma       0x0000000000000000 0x0000000000010000 xw
ft62segvma       0x0000000000000000 0x0000000000010000 xw
ft63segvma       0x0000000000000000 0x0000000000010000 xw
ft64segvma       0x0000000000000000 0x0000000000010000 xw
ft65segvma       0x0000000000000000 0x0000000000010000 xw
ft66segvma       0x0000000000000000 0x0000000000010000 xw
ft67segvma       0x0000000000000000 0x0000000000010000 xw
ft70segvma       0x0000000000000000 0x0000000000010000 xw
ft71segvma       0x0000000000000000 0x0000000000010000 xw
ft72segvma       0x0000000000000000 0x0000000000010000 xw
ft73segvma       0x0000000000000000 0x0000000000010000 xw
ft74segvma       0x0000000000000000 0x0000000000010000 xw
ft75segvma       0x0000000000000000 0x0000000000010000 xw
ft76segvma       0x0000000000000000 0x0000000000010000 xw
ft77segvma       0x0000000000000000 0x0000000000010000 xw
ftXXsegvma       0x0000000000000000 0x0000000000010000 xw
fr00segvma       0x0000000000000000 0x0000000000010000 xw
fr01segvma       0x0000000000000000 0x0000000000010000 xw
fr02segvma       0x0000000000000000 0x0000000000010000 xw
fr03segvma       0x0000000000000000 0x0000000000010000 xw
fr04segvma       0x0000000000000000 0x0000000000010000 xw
fr05segvma       0x0000000000000000 0x0000000000010000 xw
fr06segvma       0x0000000000000000 0x0000000000010000 xw
fr07segvma       0x0000000000000000 0x0000000000010000 xw
fr10segvma       0x0000000000000000 0x0000000000010000 xw
fr11segvma       0x0000000000000000 0x0000000000010000 xw
fr12segvma       0x0000000000000000 0x0000000000010000 xw
fr13segvma       0x0000000000000000 0x0000000000010000 xw
fr14segvma       0x0000000000000000 0x0000000000010000 xw
fr15segvma       0x0000000000000000 0x0000000000010000 xw
fr16segvma       0x0000000000000000 0x0000000000010000 xw
fr17segvma       0x0000000000000000 0x0000000000010000 xw
fr20segvma       0x0000000000000000 0x0000000000010000 xw
fr21segvma       0x0000000000000000 0x0000000000010000 xw
fr22segvma       0x0000000000000000 0x0000000000010000 xw
fr23segvma       0x0000000000000000 0x0000000000010000 xw
fr24segvma       0x0000000000000000 0x0000000000010000 xw
fr25segvma       0x0000000000000000 0x0000000000010000 xw
fr26segvma       0x0000000000000000 0x0000000000010000 xw
fr27segvma       0x0000000000000000 0x0000000000010000 xw
fr30segvma       0x0000000000000000 0x0000000000010000 xw
fr31segvma       0x0000000000000000 0x0000000000010000 xw
fr32segvma       0x0000000000000000 0x0000000000010000 xw
fr33segvma       0x0000000000000000 0x0000000000010000 xw
fr34segvma       0x0000000000000000 0x0000000000010000 xw
fr35segvma       0x0000000000000000 0x0000000000010000 xw
fr36segvma       0x0000000000000000 0x0000000000010000 xw
fr37segvma       0x0000000000000000 0x0000000000010000 xw
fr40segvma       0x0000000000000000 0x0000000000010000 xw
fr41segvma       0x0000000000000000 0x0000000000010000 xw
fr42segvma       0x0000000000000000 0x0000000000010000 xw
fr43segvma       0x0000000000000000 0x0000000000010000 xw
fr44segvma       0x0000000000000000 0x0000000000010000 xw
fr45segvma       0x0000000000000000 0x0000000000010000 xw
fr46segvma       0x0000000000000000 0x0000000000010000 xw
fr47segvma       0x0000000000000000 0x0000000000010000 xw
fr50segvma       0x0000000000000000 0x0000000000010000 xw
fr51segvma       0x0000000000000000 0x0000000000010000 xw
fr52segvma       0x0000000000000000 0x0000000000010000 xw
fr53segvma       0x0000000000000000 0x0000000000010000 xw
fr54segvma       0x0000000000000000 0x0000000000010000 xw
fr55segvma       0x0000000000000000 0x0000000000010000 xw
fr56segvma       0x0000000000000000 0x0000000000010000 xw
fr57segvma       0x0000000000000000 0x0000000000010000 xw
fr60segvma       0x0000000000000000 0x0000000000010000 xw
fr61segvma       0x0000000000000000 0x0000000000010000 xw
fr62segvma       0x0000000000000000 0x0000000000010000 xw
fr63segvma       0x0000000000000000 0x0000000000010000 xw
fr64segvma       0x0000000000000000 0x0000000000010000 xw
fr65segvma       0x0000000000000000 0x0000000000010000 xw
fr66segvma       0x0000000000000000 0x0000000000010000 xw
fr67segvma       0x0000000000000000 0x0000000000010000 xw
fr70segvma       0x0000000000000000 0x0000000000010000 xw
fr71segvma       0x0000000000000000 0x0000000000010000 xw
fr72segvma       0x0000000000000000 0x0000000000010000 xw
fr73segvma       0x0000000000000000 0x0000000000010000 xw
fr74segvma       0x0000000000000000 0x0000000000010000 xw
fr75segvma       0x0000000000000000 0x0000000000010000 xw
fr76segvma       0x0000000000000000 0x0000000000010000 xw
fr77segvma       0x0000000000000000 0x0000000000010000 xw
frXXsegvma       0x0000000000000000 0x0000000000010000 xw
fd00segvma       0x0000000000000000 0x0000000000010000 xw
fd01segvma       0x0000000000000000 0x0000000000010000 xw
fd02segvma       0x0000000000000000 0x0000000000010000 xw
fd03segvma       0x0000000000000000 0x0000000000010000 xw
fd04segvma       0x0000000000000000 0x0000000000010000 xw
fd05segvma       0x0000000000000000 0x0000000000010000 xw
fd06segvma       0x0000000000000000 0x0000000000010000 xw
fd07segvma       0x0000000000000000 0x0000000000010000 xw
fd10segvma       0x0000000000000000 0x0000000000010000 xw
fd11segvma       0x0000000000000000 0x0000000000010000 xw
fd12segvma       0x0000000000000000 0x0000000000010000 xw
fd13segvma       0x0000000000000000 0x0000000000010000 xw
fd14segvma       0x0000000000000000 0x0000000000010000 xw
fd15segvma       0x0000000000000000 0x0000000000010000 xw
fd16segvma       0x0000000000000000 0x0000000000010000 xw
fd17segvma       0x0000000000000000 0x0000000000010000 xw
fd20segvma       0x0000000000000000 0x0000000000010000 xw
fd21segvma       0x0000000000000000 0x0000000000010000 xw
fd22segvma       0x0000000000000000 0x0000000000010000 xw
fd23segvma       0x0000000000000000 0x0000000000010000 xw
fd24segvma       0x0000000000000000 0x0000000000010000 xw
fd25segvma       0x0000000000000000 0x0000000000010000 xw
fd26segvma       0x0000000000000000 0x0000000000010000 xw
fd27segvma       0x0000000000000000 0x0000000000010000 xw
fd30segvma       0x0000000000000000 0x0000000000010000 xw
fd31segvma       0x0000000000000000 0x0000000000010000 xw
fd32segvma       0x0000000000000000 0x0000000000010000 xw
fd33segvma       0x0000000000000000 0x0000000000010000 xw
fd34segvma       0x0000000000000000 0x0000000000010000 xw
fd35segvma       0x0000000000000000 0x0000000000010000 xw
fd36segvma       0x0000000000000000 0x0000000000010000 xw
fd37segvma       0x0000000000000000 0x0000000000010000 xw
fd40segvma       0x0000000000000000 0x0000000000010000 xw
fd41segvma       0x0000000000000000 0x0000000000010000 xw
fd42segvma       0x0000000000000000 0x0000000000010000 xw
fd43segvma       0x0000000000000000 0x0000000000010000 xw
fd44segvma       0x0000000000000000 0x0000000000010000 xw
fd45segvma       0x0000000000000000 0x0000000000010000 xw
fd46segvma       0x0000000000000000 0x0000000000010000 xw
fd47segvma       0x0000000000000000 0x0000000000010000 xw
fd50segvma       0x0000000000000000 0x0000000000010000 xw
fd51segvma       0x0000000000000000 0x0000000000010000 xw
fd52segvma       0x0000000000000000 0x0000000000010000 xw
fd53segvma       0x0000000000000000 0x0000000000010000 xw
fd54segvma       0x0000000000000000 0x0000000000010000 xw
fd55segvma       0x0000000000000000 0x0000000000010000 xw
fd56segvma       0x0000000000000000 0x0000000000010000 xw
fd57segvma       0x0000000000000000 0x0000000000010000 xw
fd60segvma       0x0000000000000000 0x0000000000010000 xw
fd61segvma       0x0000000000000000 0x0000000000010000 xw
fd62segvma       0x0000000000000000 0x0000000000010000 xw
fd63segvma       0x0000000000000000 0x0000000000010000 xw
fd64segvma       0x0000000000000000 0x0000000000010000 xw
fd65segvma       0x0000000000000000 0x0000000000010000 xw
fd66segvma       0x0000000000000000 0x0000000000010000 xw
fd67segvma       0x0000000000000000 0x0000000000010000 xw
fd70segvma       0x0000000000000000 0x0000000000010000 xw
fd71segvma       0x0000000000000000 0x0000000000010000 xw
fd72segvma       0x0000000000000000 0x0000000000010000 xw
fd73segvma       0x0000000000000000 0x0000000000010000 xw
fd74segvma       0x0000000000000000 0x0000000000010000 xw
fd75segvma       0x0000000000000000 0x0000000000010000 xw
fd76segvma       0x0000000000000000 0x0000000000010000 xw
fd77segvma       0x0000000000000000 0x0000000000010000 xw
fdXXsegvma       0x0000000000000000 0x0000000000010000 xw
dsegvma          0x0000000000000020 0x0000000000010000 xw
*default*        0x0000000000000000 0xffffffffffffffff

Linker script and memory map

LOAD /tmp/cck4tHRS.o
LOAD /tmp/ccY2HWex.o
LOAD /tmp/ccDEUSU2.o
LOAD /tmp/cc93SlUQ.o
LOAD /tmp/ccUdihEh.o
LOAD /tmp/ccQFAyXT.o
LOAD /tmp/cc1ZPtdm.o
LOAD /tmp/ccATr31P.o
LOAD /tmp/cc0FrV6q.o
LOAD /tmp/cctDV973.o
LOAD /tmp/cc2bUSE4.o
LOAD /tmp/ccT9dZk3.o
LOAD /tmp/ccgK5muo.o
LOAD /tmp/ccglWK9A.o
LOAD /tmp/ccsdSEZj.o
LOAD /tmp/cc8EAIf1.o
LOAD /tmp/ccaOlj3J.o
LOAD /tmp/ccMV7ajq.o
LOAD /tmp/ccDQOURh.o
LOAD /tmp/ccq8YCds.o
LOAD /tmp/cc0CVKEm.o
LOAD /tmp/ccWhfAah.o
LOAD /tmp/ccq0JUZM.o
LOAD /tmp/ccf4P6IR.o
LOAD /tmp/cc1Qcgmx.o
LOAD /tmp/cclCPTv6.o
LOAD /tmp/ccSSVqdD.o
LOAD /tmp/ccuoD8Jp.o
LOAD /tmp/ccDUzXzw.o
LOAD /tmp/ccsv7xql.o
LOAD /tmp/ccWrr1O7.o
LOAD /tmp/ccfWx5Zf.o
LOAD /tmp/ccjsGGw5.o
LOAD /tmp/ccWBJLkz.o
LOAD /tmp/cc5hOfPI.o
LOAD /tmp/ccftBXTq.o
LOAD /tmp/ccTuUF4F.o
LOAD /tmp/ccSr19gO.o
LOAD /tmp/ccAamcCj.o
LOAD /tmp/ccRfyHwr.o
LOAD /tmp/ccxsbypm.o
LOAD /tmp/ccVPeekO.o
LOAD /tmp/cc4Bm0qE.o
LOAD /tmp/ccYFjJ5K.o
LOAD /tmp/ccYEznBF.o
LOAD /tmp/ccBFc0gc.o
LOAD /tmp/ccMGVTYK.o
LOAD /tmp/cc19M990.o
LOAD /tmp/cch4vWhB.o
LOAD /tmp/ccZuqmpR.o
LOAD /tmp/cc72FmDJ.o
LOAD /tmp/ccz69C0k.o
LOAD /tmp/ccxhZxht.o
LOAD /tmp/ccWd9E4h.o
LOAD /tmp/ccMgDciN.o
LOAD /tmp/ccduOd1R.o
LOAD /tmp/cc0Dh9Mc.o
LOAD /tmp/ccsnbUdQ.o
LOAD /tmp/cc0xq4he.o
LOAD /tmp/ccNaXHoW.o
LOAD /tmp/cckLNsfy.o
LOAD /tmp/cc7Bi48q.o
LOAD /tmp/ccrICatz.o
LOAD /tmp/ccsuWJHw.o
LOAD /tmp/ccOvG1ha.o
LOAD /tmp/ccdeTfPp.o
LOAD /usr/lib/x86_64-linux-gnu/gcc/ia16-elf/6.3.0/../../../../../ia16-elf/lib/medium/regparmcall/libi86.a
LOAD /usr/lib/x86_64-linux-gnu/gcc/ia16-elf/6.3.0/../../../../../ia16-elf/lib/medium/regparmcall/libastdio.a
LOAD /usr/lib/x86_64-linux-gnu/gcc/ia16-elf/6.3.0/../../../../../ia16-elf/lib/medium/regparmcall/gprtf-fw.a
LOAD /usr/lib/x86_64-linux-gnu/gcc/ia16-elf/6.3.0/../../../../../ia16-elf/lib/medium/regparmcall/gscnf-fw.a
LOAD /usr/lib/x86_64-linux-gnu/gcc/ia16-elf/6.3.0/../../../../../ia16-elf/lib/medium/regparmcall/tprtf-fw.a
LOAD /usr/lib/x86_64-linux-gnu/gcc/ia16-elf/6.3.0/../../../../../ia16-elf/lib/medium/regparmcall/tscnf-fw.a
LOAD /usr/lib/x86_64-linux-gnu/gcc/ia16-elf/6.3.0/../../../../../ia16-elf/lib/medium/regparmcall/iprtf-fw.a
LOAD /usr/lib/x86_64-linux-gnu/gcc/ia16-elf/6.3.0/../../../../../ia16-elf/lib/medium/regparmcall/iscnf-fw.a
LOAD /usr/lib/x86_64-linux-gnu/gcc/ia16-elf/6.3.0/../../../../../ia16-elf/lib/medium/regparmcall/libfstdio.a
LOAD /usr/lib/x86_64-linux-gnu/gcc/ia16-elf/6.3.0/../../../../../ia16-elf/lib/medium/regparmcall/tprtf-fw.a
LOAD /usr/lib/x86_64-linux-gnu/gcc/ia16-elf/6.3.0/../../../../../ia16-elf/lib/medium/regparmcall/tscnf-fw.a
LOAD /usr/lib/x86_64-linux-gnu/gcc/ia16-elf/6.3.0/../../../../../ia16-elf/lib/medium/regparmcall/gprtf-fw.a
LOAD /usr/lib/x86_64-linux-gnu/gcc/ia16-elf/6.3.0/../../../../../ia16-elf/lib/medium/regparmcall/gscnf-fw.a
LOAD /usr/lib/x86_64-linux-gnu/gcc/ia16-elf/6.3.0/medium/regparmcall/crtbegin.o
LOAD /usr/lib/x86_64-linux-gnu/gcc/ia16-elf/6.3.0/medium/regparmcall/crtend.o
LOAD /usr/lib/x86_64-linux-gnu/gcc/ia16-elf/6.3.0/../../../../../ia16-elf/lib/medium/regparmcall/dos-m-c0.o
START GROUP
LOAD /usr/lib/x86_64-linux-gnu/gcc/ia16-elf/6.3.0/../../../../../ia16-elf/lib/medium/regparmcall/libc.a
LOAD /usr/lib/x86_64-linux-gnu/gcc/ia16-elf/6.3.0/medium/regparmcall/libgcc.a
LOAD /usr/lib/x86_64-linux-gnu/gcc/ia16-elf/6.3.0/../../../../../ia16-elf/lib/medium/regparmcall/libdos-m.a
LOAD /usr/lib/x86_64-linux-gnu/gcc/ia16-elf/6.3.0/../../../../../ia16-elf/lib/medium/regparmcall/libm.a
END GROUP

.head
 *(.head)
 *(.head.*)

.msdos_mz_hdr   0x0000000000000000     0x2a00
                0x0000000000000000                __msdos_mz_hdr_start = .
                0x0000000000000000        0x2 SHORT 0x5a4d
                0x0000000000000002        0x2 SHORT 0x70 ((LOADADDR (.data) + SIZEOF (.data)) % 0x200)
                0x0000000000000004        0x2 SHORT 0x1a5 (((LOADADDR (.data) + SIZEOF (.data)) + 0x1ff) / 0x200)
                0x0000000000000006        0x2 SHORT 0xa79 __msdos_mz_rels
                0x0000000000000008        0x2 SHORT 0x2a0 __msdos_mz_hdr_paras
                0x000000000000000a        0x2 SHORT 0x912 (((0x10000 - SIZEOF (.data)) - ADDR (.data)) / 0x10)
                0x000000000000000c        0x2 SHORT 0x912 DEFINED (__msdos_handle_v1)?0xffff:(((0x10000 - SIZEOF (.data)) - ADDR (.data)) / 0x10)
                0x000000000000000e        0x2 SHORT 0x12af9 ((((LOADADDR (.data) / 0x10) - __msdos_mz_hdr_paras) - (ADDR (.data) / 0x10)) + 0x10000)
                0x0000000000000010        0x2 SHORT 0x0
                0x0000000000000012        0x2 SHORT 0x0
                0x0000000000000014        0x2 SHORT 0x20 _start
                0x0000000000000016        0x2 SHORT 0xfffe ((((LOADADDR (.text) / 0x10) - __msdos_mz_hdr_paras) - (ADDR (.text) / 0x10)) + 0x10000)
                0x0000000000000018        0x2 SHORT 0x1c (__msdos_mz_rel_start - __msdos_mz_hdr_start)
                0x000000000000001a        0x2 SHORT 0x0
 *(.msdos_mz_hdr .msdos_mz_hdr.*)
                0x000000000000001c                __msdos_mz_rel_start = .
 *(.msdos_mz_reloc .msdos_mz_reloc.*)
 .msdos_mz_reloc.0
                0x000000000000001c       0x30 /tmp/cck4tHRS.o
 .msdos_mz_reloc.0
                0x000000000000004c       0x58 /tmp/ccY2HWex.o
 .msdos_mz_reloc.0
                0x00000000000000a4        0x4 /tmp/ccDEUSU2.o
 .msdos_mz_reloc.0
                0x00000000000000a8       0x38 /tmp/cc93SlUQ.o
 .msdos_mz_reloc.0
                0x00000000000000e0       0x18 /tmp/ccUdihEh.o
 .msdos_mz_reloc.0
                0x00000000000000f8       0xb8 /tmp/cc1ZPtdm.o
 .msdos_mz_reloc.0
                0x00000000000001b0      0x1e8 /tmp/ccATr31P.o
 .msdos_mz_reloc.0
                0x0000000000000398       0xc8 /tmp/cc0FrV6q.o
 .msdos_mz_reloc.0
                0x0000000000000460       0x1c /tmp/cctDV973.o
 .msdos_mz_reloc.0
                0x000000000000047c       0x30 /tmp/cc2bUSE4.o
 .msdos_mz_reloc.0
                0x00000000000004ac       0xf0 /tmp/ccT9dZk3.o
 .msdos_mz_reloc.0
                0x000000000000059c      0x258 /tmp/ccgK5muo.o
 .msdos_mz_reloc.0
                0x00000000000007f4       0x18 /tmp/ccglWK9A.o
 .msdos_mz_reloc.0
                0x000000000000080c       0x98 /tmp/ccsdSEZj.o
 .msdos_mz_reloc.0
                0x00000000000008a4       0xfc /tmp/cc8EAIf1.o
 .msdos_mz_reloc.0
                0x00000000000009a0       0x30 /tmp/ccaOlj3J.o
 .msdos_mz_reloc.0
                0x00000000000009d0       0x50 /tmp/ccMV7ajq.o
 .msdos_mz_reloc.0
                0x0000000000000a20      0x310 /tmp/ccDQOURh.o
 .msdos_mz_reloc.0
                0x0000000000000d30       0x88 /tmp/ccq8YCds.o
 .msdos_mz_reloc.0
                0x0000000000000db8       0x68 /tmp/cc0CVKEm.o
 .msdos_mz_reloc.0
                0x0000000000000e20       0x50 /tmp/ccWhfAah.o
 .msdos_mz_reloc.0
                0x0000000000000e70      0x240 /tmp/ccq0JUZM.o
 .msdos_mz_reloc.0
                0x00000000000010b0       0x68 /tmp/ccf4P6IR.o
 .msdos_mz_reloc.0
                0x0000000000001118       0x40 /tmp/cc1Qcgmx.o
 .msdos_mz_reloc.0
                0x0000000000001158       0xd4 /tmp/cclCPTv6.o
 .msdos_mz_reloc.0
                0x000000000000122c      0x198 /tmp/ccSSVqdD.o
 .msdos_mz_reloc.0
                0x00000000000013c4       0x54 /tmp/ccuoD8Jp.o
 .msdos_mz_reloc.0
                0x0000000000001418       0xa8 /tmp/ccDUzXzw.o
 .msdos_mz_reloc.0
                0x00000000000014c0       0xd4 /tmp/ccsv7xql.o
 .msdos_mz_reloc.0
                0x0000000000001594      0x1a0 /tmp/ccWrr1O7.o
 .msdos_mz_reloc.0
                0x0000000000001734       0x14 /tmp/ccfWx5Zf.o
 .msdos_mz_reloc.0
                0x0000000000001748       0x34 /tmp/ccWBJLkz.o
 .msdos_mz_reloc.0
                0x000000000000177c       0x34 /tmp/cc5hOfPI.o
 .msdos_mz_reloc.0
                0x00000000000017b0       0xb0 /tmp/ccftBXTq.o
 .msdos_mz_reloc.0
                0x0000000000001860       0x84 /tmp/ccTuUF4F.o
 .msdos_mz_reloc.0
                0x00000000000018e4       0x60 /tmp/ccSr19gO.o
 .msdos_mz_reloc.0
                0x0000000000001944       0x24 /tmp/ccAamcCj.o
 .msdos_mz_reloc.0
                0x0000000000001968       0x54 /tmp/ccRfyHwr.o
 .msdos_mz_reloc.0
                0x00000000000019bc       0x9c /tmp/ccxsbypm.o
 .msdos_mz_reloc.0
                0x0000000000001a58       0x44 /tmp/ccVPeekO.o
 .msdos_mz_reloc.0
                0x0000000000001a9c       0x88 /tmp/cc4Bm0qE.o
 .msdos_mz_reloc.0
                0x0000000000001b24       0x70 /tmp/ccYFjJ5K.o
 .msdos_mz_reloc.0
                0x0000000000001b94       0x2c /tmp/ccYEznBF.o
 .msdos_mz_reloc.0
                0x0000000000001bc0       0x58 /tmp/ccBFc0gc.o
 .msdos_mz_reloc.0
                0x0000000000001c18       0x18 /tmp/ccMGVTYK.o
 .msdos_mz_reloc.0
                0x0000000000001c30        0xc /tmp/cc19M990.o
 .msdos_mz_reloc.0
                0x0000000000001c3c       0xe0 /tmp/cch4vWhB.o
 .msdos_mz_reloc.0
                0x0000000000001d1c       0x40 /tmp/ccZuqmpR.o
 .msdos_mz_reloc.0
                0x0000000000001d5c       0xcc /tmp/cc72FmDJ.o
 .msdos_mz_reloc.0
                0x0000000000001e28       0x80 /tmp/ccz69C0k.o
 .msdos_mz_reloc.0
                0x0000000000001ea8        0x4 /tmp/ccxhZxht.o
 .msdos_mz_reloc.0
                0x0000000000001eac       0x84 /tmp/ccWd9E4h.o
 .msdos_mz_reloc.0
                0x0000000000001f30       0x1c /tmp/ccMgDciN.o
 .msdos_mz_reloc.0
                0x0000000000001f4c        0x8 /tmp/ccduOd1R.o
 .msdos_mz_reloc.0
                0x0000000000001f54       0x28 /tmp/cc0Dh9Mc.o
 .msdos_mz_reloc.0
                0x0000000000001f7c        0xc /tmp/ccsnbUdQ.o
 .msdos_mz_reloc.0
                0x0000000000001f88       0xe4 /tmp/cc0xq4he.o
 .msdos_mz_reloc.0
                0x000000000000206c       0x40 /tmp/ccrICatz.o
 .msdos_mz_reloc.0
                0x00000000000020ac       0x14 /tmp/ccdeTfPp.o
 .msdos_mz_reloc.0
                0x00000000000020c0        0x4 /usr/lib/x86_64-linux-gnu/gcc/ia16-elf/6.3.0/../../../../../ia16-elf/lib/medium/regparmcall/libi86.a(ffree.o)
 .msdos_mz_reloc.0
                0x00000000000020c4        0x4 /usr/lib/x86_64-linux-gnu/gcc/ia16-elf/6.3.0/../../../../../ia16-elf/lib/medium/regparmcall/libi86.a(fmalloc.o)
 .msdos_mz_reloc.0
                0x00000000000020c8        0x4 /usr/lib/x86_64-linux-gnu/gcc/ia16-elf/6.3.0/../../../../../ia16-elf/lib/medium/regparmcall/libi86.a(dos-allocmem.o)
 .msdos_mz_reloc.0
                0x00000000000020cc        0x4 /usr/lib/x86_64-linux-gnu/gcc/ia16-elf/6.3.0/../../../../../ia16-elf/lib/medium/regparmcall/libi86.a(dos-freemem.o)
 .msdos_mz_reloc.0
                0x00000000000020d0        0x4 /usr/lib/x86_64-linux-gnu/gcc/ia16-elf/6.3.0/../../../../../ia16-elf/lib/medium/regparmcall/libi86.a(libi86-ret-really-set-errno.o)
 .msdos_mz_reloc.0
                0x00000000000020d4        0x4 /usr/lib/x86_64-linux-gnu/gcc/ia16-elf/6.3.0/../../../../../ia16-elf/lib/medium/regparmcall/iprtf-fw.a(i-sprintf.o)
 .msdos_mz_reloc.0
                0x00000000000020d8        0x4 /usr/lib/x86_64-linux-gnu/gcc/ia16-elf/6.3.0/../../../../../ia16-elf/lib/medium/regparmcall/iprtf-fw.a(i-fprintf.o)
 .msdos_mz_reloc.0
                0x00000000000020dc        0x4 /usr/lib/x86_64-linux-gnu/gcc/ia16-elf/6.3.0/../../../../../ia16-elf/lib/medium/regparmcall/iprtf-fw.a(i-printf.o)
 .msdos_mz_reloc.0
                0x00000000000020e0        0x4 /usr/lib/x86_64-linux-gnu/gcc/ia16-elf/6.3.0/../../../../../ia16-elf/lib/medium/regparmcall/iprtf-fw.a(i-vprintf.o)
 .msdos_mz_reloc.0
                0x00000000000020e4        0x4 /usr/lib/x86_64-linux-gnu/gcc/ia16-elf/6.3.0/../../../../../ia16-elf/lib/medium/regparmcall/iscnf-fw.a(i-sscanf.o)
 .msdos_mz_reloc.0
                0x00000000000020e8        0x4 /usr/lib/x86_64-linux-gnu/gcc/ia16-elf/6.3.0/../../../../../ia16-elf/lib/medium/regparmcall/iscnf-fw.a(i-fscanf.o)
 .msdos_mz_reloc.0
                0x00000000000020ec        0x8 /usr/lib/x86_64-linux-gnu/gcc/ia16-elf/6.3.0/medium/regparmcall/crtbegin.o
 .msdos_mz_reloc.0
                0x00000000000020f4        0x4 /usr/lib/x86_64-linux-gnu/gcc/ia16-elf/6.3.0/medium/regparmcall/crtend.o
 .msdos_mz_reloc.0
                0x00000000000020f8        0x8 /usr/lib/x86_64-linux-gnu/gcc/ia16-elf/6.3.0/../../../../../ia16-elf/lib/medium/regparmcall/dos-m-c0.o
 .msdos_mz_reloc.0
                0x0000000000002100        0x8 /usr/lib/x86_64-linux-gnu/gcc/ia16-elf/6.3.0/../../../../../ia16-elf/lib/medium/regparmcall/libc.a(lib_a-atoi.o)
 .msdos_mz_reloc.0
                0x0000000000002108        0x8 /usr/lib/x86_64-linux-gnu/gcc/ia16-elf/6.3.0/../../../../../ia16-elf/lib/medium/regparmcall/libc.a(lib_a-exit.o)
 .msdos_mz_reloc.0
                0x0000000000002110       0x14 /usr/lib/x86_64-linux-gnu/gcc/ia16-elf/6.3.0/../../../../../ia16-elf/lib/medium/regparmcall/libc.a(lib_a-fclose.o)
 .msdos_mz_reloc.0
                0x0000000000002124        0x4 /usr/lib/x86_64-linux-gnu/gcc/ia16-elf/6.3.0/../../../../../ia16-elf/lib/medium/regparmcall/libc.a(lib_a-feof.o)
 .msdos_mz_reloc.0
                0x0000000000002128       0x10 /usr/lib/x86_64-linux-gnu/gcc/ia16-elf/6.3.0/../../../../../ia16-elf/lib/medium/regparmcall/libc.a(lib_a-fflush.o)
 .msdos_mz_reloc.0
                0x0000000000002138       0x10 /usr/lib/x86_64-linux-gnu/gcc/ia16-elf/6.3.0/../../../../../ia16-elf/lib/medium/regparmcall/libc.a(lib_a-fgetc.o)
 .msdos_mz_reloc.0
                0x0000000000002148       0x30 /usr/lib/x86_64-linux-gnu/gcc/ia16-elf/6.3.0/../../../../../ia16-elf/lib/medium/regparmcall/libc.a(lib_a-findfp.o)
 .msdos_mz_reloc.0
                0x0000000000002178        0x8 /usr/lib/x86_64-linux-gnu/gcc/ia16-elf/6.3.0/../../../../../ia16-elf/lib/medium/regparmcall/libc.a(lib_a-fiprintf.o)
 .msdos_mz_reloc.0
                0x0000000000002180        0x8 /usr/lib/x86_64-linux-gnu/gcc/ia16-elf/6.3.0/../../../../../ia16-elf/lib/medium/regparmcall/libc.a(lib_a-fiscanf.o)
 .msdos_mz_reloc.0
                0x0000000000002188       0x24 /usr/lib/x86_64-linux-gnu/gcc/ia16-elf/6.3.0/../../../../../ia16-elf/lib/medium/regparmcall/libc.a(lib_a-fopen.o)
 .msdos_mz_reloc.0
                0x00000000000021ac       0x1c /usr/lib/x86_64-linux-gnu/gcc/ia16-elf/6.3.0/../../../../../ia16-elf/lib/medium/regparmcall/libc.a(lib_a-fread.o)
 .msdos_mz_reloc.0
                0x00000000000021c8        0x8 /usr/lib/x86_64-linux-gnu/gcc/ia16-elf/6.3.0/../../../../../ia16-elf/lib/medium/regparmcall/libc.a(lib_a-fseek.o)
 .msdos_mz_reloc.0
                0x00000000000021d0       0x1c /usr/lib/x86_64-linux-gnu/gcc/ia16-elf/6.3.0/../../../../../ia16-elf/lib/medium/regparmcall/libc.a(lib_a-fseeko.o)
 .msdos_mz_reloc.0
                0x00000000000021ec        0x8 /usr/lib/x86_64-linux-gnu/gcc/ia16-elf/6.3.0/../../../../../ia16-elf/lib/medium/regparmcall/libc.a(lib_a-fwrite.o)
 .msdos_mz_reloc.0
                0x00000000000021f4       0x14 /usr/lib/x86_64-linux-gnu/gcc/ia16-elf/6.3.0/../../../../../ia16-elf/lib/medium/regparmcall/libc.a(lib_a-getc.o)
 .msdos_mz_reloc.0
                0x0000000000002208       0x10 /usr/lib/x86_64-linux-gnu/gcc/ia16-elf/6.3.0/../../../../../ia16-elf/lib/medium/regparmcall/libc.a(lib_a-iprintf.o)
 .msdos_mz_reloc.0
                0x0000000000002218        0xc /usr/lib/x86_64-linux-gnu/gcc/ia16-elf/6.3.0/../../../../../ia16-elf/lib/medium/regparmcall/libc.a(lib_a-makebuf.o)
 .msdos_mz_reloc.0
                0x0000000000002224        0x8 /usr/lib/x86_64-linux-gnu/gcc/ia16-elf/6.3.0/../../../../../ia16-elf/lib/medium/regparmcall/libc.a(lib_a-malloc.o)
 .msdos_mz_reloc.0
                0x000000000000222c       0x10 /usr/lib/x86_64-linux-gnu/gcc/ia16-elf/6.3.0/../../../../../ia16-elf/lib/medium/regparmcall/libc.a(lib_a-nano-freer.o)
 .msdos_mz_reloc.0
                0x000000000000223c       0x18 /usr/lib/x86_64-linux-gnu/gcc/ia16-elf/6.3.0/../../../../../ia16-elf/lib/medium/regparmcall/libc.a(lib_a-nano-mallocr.o)
 .msdos_mz_reloc.0
                0x0000000000002254       0x10 /usr/lib/x86_64-linux-gnu/gcc/ia16-elf/6.3.0/../../../../../ia16-elf/lib/medium/regparmcall/libc.a(lib_a-putchar.o)
 .msdos_mz_reloc.0
                0x0000000000002264       0x10 /usr/lib/x86_64-linux-gnu/gcc/ia16-elf/6.3.0/../../../../../ia16-elf/lib/medium/regparmcall/libc.a(lib_a-puts.o)
 .msdos_mz_reloc.0
                0x0000000000002274       0x20 /usr/lib/x86_64-linux-gnu/gcc/ia16-elf/6.3.0/../../../../../ia16-elf/lib/medium/regparmcall/libc.a(lib_a-refill.o)
 .msdos_mz_reloc.0
                0x0000000000002294        0x8 /usr/lib/x86_64-linux-gnu/gcc/ia16-elf/6.3.0/../../../../../ia16-elf/lib/medium/regparmcall/libc.a(lib_a-rget.o)
 .msdos_mz_reloc.0
                0x000000000000229c        0x4 /usr/lib/x86_64-linux-gnu/gcc/ia16-elf/6.3.0/../../../../../ia16-elf/lib/medium/regparmcall/libc.a(lib_a-setbuf.o)
 .msdos_mz_reloc.0
                0x00000000000022a0       0x20 /usr/lib/x86_64-linux-gnu/gcc/ia16-elf/6.3.0/../../../../../ia16-elf/lib/medium/regparmcall/libc.a(lib_a-setvbuf.o)
 .msdos_mz_reloc.0
                0x00000000000022c0        0x8 /usr/lib/x86_64-linux-gnu/gcc/ia16-elf/6.3.0/../../../../../ia16-elf/lib/medium/regparmcall/libc.a(lib_a-siprintf.o)
 .msdos_mz_reloc.0
                0x00000000000022c8       0x18 /usr/lib/x86_64-linux-gnu/gcc/ia16-elf/6.3.0/../../../../../ia16-elf/lib/medium/regparmcall/libc.a(lib_a-siscanf.o)
 .msdos_mz_reloc.0
                0x00000000000022e0       0x18 /usr/lib/x86_64-linux-gnu/gcc/ia16-elf/6.3.0/../../../../../ia16-elf/lib/medium/regparmcall/libc.a(lib_a-stdio.o)
 .msdos_mz_reloc.0
                0x00000000000022f8        0x8 /usr/lib/x86_64-linux-gnu/gcc/ia16-elf/6.3.0/../../../../../ia16-elf/lib/medium/regparmcall/libc.a(lib_a-strtol.o)
 .msdos_mz_reloc.0
                0x0000000000002300       0xa4 /usr/lib/x86_64-linux-gnu/gcc/ia16-elf/6.3.0/../../../../../ia16-elf/lib/medium/regparmcall/libc.a(lib_a-svfiprintf.o)
 .msdos_mz_reloc.0
                0x00000000000023a4       0x64 /usr/lib/x86_64-linux-gnu/gcc/ia16-elf/6.3.0/../../../../../ia16-elf/lib/medium/regparmcall/libc.a(lib_a-svfiscanf.o)
 .msdos_mz_reloc.0
                0x0000000000002408        0x4 /usr/lib/x86_64-linux-gnu/gcc/ia16-elf/6.3.0/../../../../../ia16-elf/lib/medium/regparmcall/libc.a(lib_a-sysclose.o)
 .msdos_mz_reloc.0
                0x000000000000240c        0x4 /usr/lib/x86_64-linux-gnu/gcc/ia16-elf/6.3.0/../../../../../ia16-elf/lib/medium/regparmcall/libc.a(lib_a-sysisatty.o)
 .msdos_mz_reloc.0
                0x0000000000002410        0x4 /usr/lib/x86_64-linux-gnu/gcc/ia16-elf/6.3.0/../../../../../ia16-elf/lib/medium/regparmcall/libc.a(lib_a-syslseek.o)
 .msdos_mz_reloc.0
                0x0000000000002414        0x4 /usr/lib/x86_64-linux-gnu/gcc/ia16-elf/6.3.0/../../../../../ia16-elf/lib/medium/regparmcall/libc.a(lib_a-sysopen.o)
 .msdos_mz_reloc.0
                0x0000000000002418        0x4 /usr/lib/x86_64-linux-gnu/gcc/ia16-elf/6.3.0/../../../../../ia16-elf/lib/medium/regparmcall/libc.a(lib_a-sysread.o)
 .msdos_mz_reloc.0
                0x000000000000241c        0x4 /usr/lib/x86_64-linux-gnu/gcc/ia16-elf/6.3.0/../../../../../ia16-elf/lib/medium/regparmcall/libc.a(lib_a-syswrite.o)
 .msdos_mz_reloc.0
                0x0000000000002420       0x14 /usr/lib/x86_64-linux-gnu/gcc/ia16-elf/6.3.0/../../../../../ia16-elf/lib/medium/regparmcall/libc.a(lib_a-ungetc.o)
 .msdos_mz_reloc.0
                0x0000000000002434       0xa8 /usr/lib/x86_64-linux-gnu/gcc/ia16-elf/6.3.0/../../../../../ia16-elf/lib/medium/regparmcall/libc.a(lib_a-vfiprintf.o)
 .msdos_mz_reloc.0
                0x00000000000024dc       0x98 /usr/lib/x86_64-linux-gnu/gcc/ia16-elf/6.3.0/../../../../../ia16-elf/lib/medium/regparmcall/libc.a(lib_a-vfiscanf.o)
 .msdos_mz_reloc.0
                0x0000000000002574       0x10 /usr/lib/x86_64-linux-gnu/gcc/ia16-elf/6.3.0/../../../../../ia16-elf/lib/medium/regparmcall/libc.a(lib_a-viprintf.o)
 .msdos_mz_reloc.0
                0x0000000000002584        0xc /usr/lib/x86_64-linux-gnu/gcc/ia16-elf/6.3.0/../../../../../ia16-elf/lib/medium/regparmcall/libc.a(lib_a-wcrtomb.o)
 .msdos_mz_reloc.0
                0x0000000000002590        0x8 /usr/lib/x86_64-linux-gnu/gcc/ia16-elf/6.3.0/../../../../../ia16-elf/lib/medium/regparmcall/libc.a(lib_a-wcsrtombs.o)
 .msdos_mz_reloc.0
                0x0000000000002598        0x8 /usr/lib/x86_64-linux-gnu/gcc/ia16-elf/6.3.0/../../../../../ia16-elf/lib/medium/regparmcall/libc.a(lib_a-wctomb_r.o)
 .msdos_mz_reloc.0
                0x00000000000025a0        0xc /usr/lib/x86_64-linux-gnu/gcc/ia16-elf/6.3.0/../../../../../ia16-elf/lib/medium/regparmcall/libc.a(lib_a-wsetup.o)
 .msdos_mz_reloc.0
                0x00000000000025ac        0xc /usr/lib/x86_64-linux-gnu/gcc/ia16-elf/6.3.0/../../../../../ia16-elf/lib/medium/regparmcall/libc.a(lib_a-__call_atexit.o)
 .msdos_mz_reloc.0
                0x00000000000025b8       0x38 /usr/lib/x86_64-linux-gnu/gcc/ia16-elf/6.3.0/../../../../../ia16-elf/lib/medium/regparmcall/libc.a(lib_a-fvwrite.o)
 .msdos_mz_reloc.0
                0x00000000000025f0        0x4 /usr/lib/x86_64-linux-gnu/gcc/ia16-elf/6.3.0/../../../../../ia16-elf/lib/medium/regparmcall/libc.a(lib_a-iswspace.o)
 .msdos_mz_reloc.0
                0x00000000000025f4       0x18 /usr/lib/x86_64-linux-gnu/gcc/ia16-elf/6.3.0/../../../../../ia16-elf/lib/medium/regparmcall/libc.a(lib_a-jp2uc.o)
 .msdos_mz_reloc.0
                0x000000000000260c      0x144 /usr/lib/x86_64-linux-gnu/gcc/ia16-elf/6.3.0/../../../../../ia16-elf/lib/medium/regparmcall/libc.a(lib_a-locale.o)
 .msdos_mz_reloc.0
                0x0000000000002750        0xc /usr/lib/x86_64-linux-gnu/gcc/ia16-elf/6.3.0/../../../../../ia16-elf/lib/medium/regparmcall/libc.a(lib_a-mbrtowc.o)
 .msdos_mz_reloc.0
                0x000000000000275c        0x8 /usr/lib/x86_64-linux-gnu/gcc/ia16-elf/6.3.0/../../../../../ia16-elf/lib/medium/regparmcall/libc.a(lib_a-mbtowc_r.o)
 .msdos_mz_reloc.0
                0x0000000000002764       0x18 /usr/lib/x86_64-linux-gnu/gcc/ia16-elf/6.3.0/../../../../../ia16-elf/lib/medium/regparmcall/libc.a(lib_a-nano-reallocr.o)
 .msdos_mz_reloc.0
                0x000000000000277c        0x8 /usr/lib/x86_64-linux-gnu/gcc/ia16-elf/6.3.0/../../../../../ia16-elf/lib/medium/regparmcall/libc.a(lib_a-putc.o)
 .msdos_mz_reloc.0
                0x0000000000002784        0x4 /usr/lib/x86_64-linux-gnu/gcc/ia16-elf/6.3.0/../../../../../ia16-elf/lib/medium/regparmcall/libc.a(lib_a-sprintr.o)
 .msdos_mz_reloc.0
                0x0000000000002788       0x14 /usr/lib/x86_64-linux-gnu/gcc/ia16-elf/6.3.0/../../../../../ia16-elf/lib/medium/regparmcall/libc.a(lib_a-ssprintr.o)
 .msdos_mz_reloc.0
                0x000000000000279c       0x10 /usr/lib/x86_64-linux-gnu/gcc/ia16-elf/6.3.0/../../../../../ia16-elf/lib/medium/regparmcall/libc.a(lib_a-strtoll_r.o)
 .msdos_mz_reloc.0
                0x00000000000027ac        0x8 /usr/lib/x86_64-linux-gnu/gcc/ia16-elf/6.3.0/../../../../../ia16-elf/lib/medium/regparmcall/libc.a(lib_a-strtoul.o)
 .msdos_mz_reloc.0
                0x00000000000027b4       0x10 /usr/lib/x86_64-linux-gnu/gcc/ia16-elf/6.3.0/../../../../../ia16-elf/lib/medium/regparmcall/libc.a(lib_a-strtoull_r.o)
 .msdos_mz_reloc.0
                0x00000000000027c4       0x10 /usr/lib/x86_64-linux-gnu/gcc/ia16-elf/6.3.0/../../../../../ia16-elf/lib/medium/regparmcall/libc.a(lib_a-wbuf.o)
 .msdos_mz_reloc.0
                0x00000000000027d4        0x8 /usr/lib/x86_64-linux-gnu/gcc/ia16-elf/6.3.0/../../../../../ia16-elf/lib/medium/regparmcall/libc.a(lib_a-wcsnrtombs.o)
 .msdos_mz_reloc.0
                0x00000000000027dc       0x10 /usr/lib/x86_64-linux-gnu/gcc/ia16-elf/6.3.0/../../../../../ia16-elf/lib/medium/regparmcall/libc.a(lib_a-getenv_r.o)
 .msdos_mz_reloc.0
                0x00000000000027ec       0x10 /usr/lib/x86_64-linux-gnu/gcc/ia16-elf/6.3.0/medium/regparmcall/libgcc.a(_lshrdi3.o)
 .msdos_mz_reloc.0
                0x00000000000027fc       0x10 /usr/lib/x86_64-linux-gnu/gcc/ia16-elf/6.3.0/medium/regparmcall/libgcc.a(_ashldi3.o)
 .msdos_mz_reloc.0
                0x000000000000280c       0x90 /usr/lib/x86_64-linux-gnu/gcc/ia16-elf/6.3.0/medium/regparmcall/libgcc.a(_divdi3.o)
 .msdos_mz_reloc.0
                0x000000000000289c       0x90 /usr/lib/x86_64-linux-gnu/gcc/ia16-elf/6.3.0/medium/regparmcall/libgcc.a(_udivdi3.o)
 .msdos_mz_reloc.0
                0x000000000000292c       0xa0 /usr/lib/x86_64-linux-gnu/gcc/ia16-elf/6.3.0/medium/regparmcall/libgcc.a(_umoddi3.o)
 .msdos_mz_reloc.0
                0x00000000000029cc        0xc /usr/lib/x86_64-linux-gnu/gcc/ia16-elf/6.3.0/../../../../../ia16-elf/lib/medium/regparmcall/libdos-m.a(dos-access.o)
 .msdos_mz_reloc.0
                0x00000000000029d8        0xc /usr/lib/x86_64-linux-gnu/gcc/ia16-elf/6.3.0/../../../../../ia16-elf/lib/medium/regparmcall/libdos-m.a(dos-openr.o)
 .msdos_mz_reloc.0
                0x00000000000029e4        0x4 /usr/lib/x86_64-linux-gnu/gcc/ia16-elf/6.3.0/../../../../../ia16-elf/lib/medium/regparmcall/libdos-m.a(dos-sbrkr.o)
 .msdos_mz_reloc.0
                0x00000000000029e8        0x4 /usr/lib/x86_64-linux-gnu/gcc/ia16-elf/6.3.0/../../../../../ia16-elf/lib/medium/regparmcall/libdos-m.a(dos-msmmabort.o)
 .msdos_mz_reloc.0
                0x00000000000029ec        0x4 /usr/lib/x86_64-linux-gnu/gcc/ia16-elf/6.3.0/../../../../../ia16-elf/lib/medium/regparmcall/libdos-m.a(dos-near-data-segment.o)
 .msdos_mz_reloc.0
                0x00000000000029f0       0x10 /usr/lib/x86_64-linux-gnu/gcc/ia16-elf/6.3.0/../../../../../ia16-elf/lib/medium/regparmcall/libc.a(lib_a-abort.o)
                0x0000000000002a00                __msdos_mz_rel_end = .
                0x0000000000000a79                __msdos_mz_rels = ((. - __msdos_mz_rel_start) / 0x4)
                0x0000000000002a00                . = DEFINED (__msdos_handle_v1)?ALIGN (0x200):.
                0x00000000000002a0                __msdos_mz_hdr_paras = (((. - __msdos_mz_hdr_start) + 0xf) / 0x10)
                0x0000000000002a00                . = ALIGN (0x10)
                0x0000000000000001                ASSERT ((((__msdos_mz_rel_end - __msdos_mz_rel_start) % 0x4) == 0x0), Error: MZ relocations are not 4-byte aligned)
                0x0000000000000001                ASSERT ((__msdos_mz_rels <= 0xffff), Error: too many MZ relocations)

.text           0x0000000000000020      0x230 load address 0x0000000000002a00
                0x0000000000000020                __stext = .
 *(.startupA)
 .startupA      0x0000000000000020        0x0 /usr/lib/x86_64-linux-gnu/gcc/ia16-elf/6.3.0/../../../../../ia16-elf/lib/medium/regparmcall/dos-m-c0.o
                0x0000000000000020                _start
 *(.startupB)
 *(.startupC)
 .startupC      0x0000000000000020        0x8 /usr/lib/x86_64-linux-gnu/gcc/ia16-elf/6.3.0/../../../../../ia16-elf/lib/medium/regparmcall/dos-m-c0.o
 *(.msdos_init)
 *(.msdos_init.*)
 *(.msdos_initA)
 *(.msdos_initA.*)
 *(.startupD)
 .startupD      0x0000000000000028        0xf /usr/lib/x86_64-linux-gnu/gcc/ia16-elf/6.3.0/../../../../../ia16-elf/lib/medium/regparmcall/dos-m-c0.o
 *(.msdos_initB)
 *(.msdos_initB.*)
 *(.startupE)
 .startupE      0x0000000000000037       0xab /usr/lib/x86_64-linux-gnu/gcc/ia16-elf/6.3.0/../../../../../ia16-elf/lib/medium/regparmcall/dos-m-c0.o
 *(.preinit)
 .preinit       0x00000000000000e2        0x4 /usr/lib/x86_64-linux-gnu/gcc/ia16-elf/6.3.0/../../../../../ia16-elf/lib/medium/regparmcall/libdos-m.a(dos-environ.o)
 *(.preinit.*)
 *(.init)
 .init          0x00000000000000e6        0x5 /usr/lib/x86_64-linux-gnu/gcc/ia16-elf/6.3.0/medium/regparmcall/crtbegin.o
 .init          0x00000000000000eb        0x5 /usr/lib/x86_64-linux-gnu/gcc/ia16-elf/6.3.0/medium/regparmcall/crtend.o
 *(.startupF)
 .startupF      0x00000000000000f0       0x7a /usr/lib/x86_64-linux-gnu/gcc/ia16-elf/6.3.0/../../../../../ia16-elf/lib/medium/regparmcall/dos-m-c0.o
 *(.exitA)
 .exitA         0x000000000000016a        0x1 /usr/lib/x86_64-linux-gnu/gcc/ia16-elf/6.3.0/../../../../../ia16-elf/lib/medium/regparmcall/dos-m-c0.o
                0x000000000000016a                _exit
 *(.fini)
 .fini          0x000000000000016b        0x5 /usr/lib/x86_64-linux-gnu/gcc/ia16-elf/6.3.0/medium/regparmcall/crtbegin.o
 *(.exitB)
 .exitB         0x0000000000000170        0x5 /usr/lib/x86_64-linux-gnu/gcc/ia16-elf/6.3.0/../../../../../ia16-elf/lib/medium/regparmcall/dos-m-c0.o
                0x0000000000000171                __msdos_crt_exit
 *(.text)
 .text          0x0000000000000175        0x0 /tmp/cck4tHRS.o
 .text          0x0000000000000175        0x0 /tmp/ccY2HWex.o
 .text          0x0000000000000175        0x0 /tmp/ccDEUSU2.o
 .text          0x0000000000000175        0x0 /tmp/cc93SlUQ.o
 .text          0x0000000000000175        0x0 /tmp/ccUdihEh.o
 .text          0x0000000000000175        0x0 /tmp/ccQFAyXT.o
 .text          0x0000000000000175        0x0 /tmp/cc1ZPtdm.o
 .text          0x0000000000000175        0x0 /tmp/ccATr31P.o
 .text          0x0000000000000175        0x0 /tmp/cc0FrV6q.o
 .text          0x0000000000000175        0x0 /tmp/cctDV973.o
 .text          0x0000000000000175        0x0 /tmp/cc2bUSE4.o
 .text          0x0000000000000175        0x0 /tmp/ccT9dZk3.o
 .text          0x0000000000000175        0x0 /tmp/ccgK5muo.o
 .text          0x0000000000000175        0x0 /tmp/ccglWK9A.o
 .text          0x0000000000000175        0x0 /tmp/ccsdSEZj.o
 .text          0x0000000000000175        0x0 /tmp/cc8EAIf1.o
 .text          0x0000000000000175        0x0 /tmp/ccaOlj3J.o
 .text          0x0000000000000175        0x0 /tmp/ccMV7ajq.o
 .text          0x0000000000000175        0x0 /tmp/ccDQOURh.o
 .text          0x0000000000000175        0x0 /tmp/ccq8YCds.o
 .text          0x0000000000000175        0x0 /tmp/cc0CVKEm.o
 .text          0x0000000000000175        0x0 /tmp/ccWhfAah.o
 .text          0x0000000000000175        0x0 /tmp/ccq0JUZM.o
 .text          0x0000000000000175        0x0 /tmp/ccf4P6IR.o
 .text          0x0000000000000175        0x0 /tmp/cc1Qcgmx.o
 .text          0x0000000000000175        0x0 /tmp/cclCPTv6.o
 .text          0x0000000000000175        0x0 /tmp/ccSSVqdD.o
 .text          0x0000000000000175        0x0 /tmp/ccuoD8Jp.o
 .text          0x0000000000000175        0x0 /tmp/ccDUzXzw.o
 .text          0x0000000000000175        0x0 /tmp/ccsv7xql.o
 .text          0x0000000000000175        0x0 /tmp/ccWrr1O7.o
 .text          0x0000000000000175        0x0 /tmp/ccfWx5Zf.o
 .text          0x0000000000000175        0x0 /tmp/ccjsGGw5.o
 .text          0x0000000000000175        0x0 /tmp/ccWBJLkz.o
 .text          0x0000000000000175        0x0 /tmp/cc5hOfPI.o
 .text          0x0000000000000175        0x0 /tmp/ccftBXTq.o
 .text          0x0000000000000175        0x0 /tmp/ccTuUF4F.o
 .text          0x0000000000000175        0x0 /tmp/ccSr19gO.o
 .text          0x0000000000000175        0x0 /tmp/ccAamcCj.o
 .text          0x0000000000000175        0x0 /tmp/ccRfyHwr.o
 .text          0x0000000000000175        0x0 /tmp/ccxsbypm.o
 .text          0x0000000000000175        0x0 /tmp/ccVPeekO.o
 .text          0x0000000000000175        0x0 /tmp/cc4Bm0qE.o
 .text          0x0000000000000175        0x0 /tmp/ccYFjJ5K.o
 .text          0x0000000000000175        0x0 /tmp/ccYEznBF.o
 .text          0x0000000000000175        0x0 /tmp/ccBFc0gc.o
 .text          0x0000000000000175        0x0 /tmp/ccMGVTYK.o
 .text          0x0000000000000175        0x0 /tmp/cc19M990.o
 .text          0x0000000000000175        0x0 /tmp/cch4vWhB.o
 .text          0x0000000000000175        0x0 /tmp/ccZuqmpR.o
 .text          0x0000000000000175        0x0 /tmp/cc72FmDJ.o
 .text          0x0000000000000175        0x0 /tmp/ccz69C0k.o
 .text          0x0000000000000175        0x0 /tmp/ccxhZxht.o
 .text          0x0000000000000175        0x0 /tmp/ccWd9E4h.o
 .text          0x0000000000000175        0x0 /tmp/ccMgDciN.o
 .text          0x0000000000000175        0x0 /tmp/ccduOd1R.o
 .text          0x0000000000000175        0x0 /tmp/cc0Dh9Mc.o
 .text          0x0000000000000175        0x0 /tmp/ccsnbUdQ.o
 .text          0x0000000000000175        0x0 /tmp/cc0xq4he.o
 .text          0x0000000000000175        0x0 /tmp/ccNaXHoW.o
 .text          0x0000000000000175        0x0 /tmp/cckLNsfy.o
 .text          0x0000000000000175        0x0 /tmp/cc7Bi48q.o
 .text          0x0000000000000175        0x0 /tmp/ccrICatz.o
 .text          0x0000000000000175        0x0 /tmp/ccsuWJHw.o
 .text          0x0000000000000175        0x0 /tmp/ccOvG1ha.o
 .text          0x0000000000000175        0x0 /tmp/ccdeTfPp.o
 .text          0x0000000000000175       0x54 /usr/lib/x86_64-linux-gnu/gcc/ia16-elf/6.3.0/../../../../../ia16-elf/lib/medium/regparmcall/libi86.a(libi86-int86-do.o)
                0x0000000000000175                __libi86_int86_do
 .text          0x00000000000001c9       0x6f /usr/lib/x86_64-linux-gnu/gcc/ia16-elf/6.3.0/../../../../../ia16-elf/lib/medium/regparmcall/libi86.a(libi86-int86x-do.o)
                0x00000000000001c9                __libi86_int86x_do
 .text          0x0000000000000238        0x3 /usr/lib/x86_64-linux-gnu/gcc/ia16-elf/6.3.0/../../../../../ia16-elf/lib/medium/regparmcall/libi86.a(libi86-intr-call-0020.o)
                0x0000000000000238                __libi86_intr_call_0020
 .text          0x000000000000023b        0x3 /usr/lib/x86_64-linux-gnu/gcc/ia16-elf/6.3.0/../../../../../ia16-elf/lib/medium/regparmcall/libi86.a(libi86-intr-call-0041.o)
                0x000000000000023b                __libi86_intr_call_0041
 .text          0x000000000000023e        0x3 /usr/lib/x86_64-linux-gnu/gcc/ia16-elf/6.3.0/../../../../../ia16-elf/lib/medium/regparmcall/libi86.a(libi86-intr-call-0063.o)
                0x000000000000023e                __libi86_intr_call_0063
 .text          0x0000000000000241        0x3 /usr/lib/x86_64-linux-gnu/gcc/ia16-elf/6.3.0/../../../../../ia16-elf/lib/medium/regparmcall/libi86.a(libi86-intr-call-0147.o)
                0x0000000000000241                __libi86_intr_call_0147
 .text          0x0000000000000244        0x0 /usr/lib/x86_64-linux-gnu/gcc/ia16-elf/6.3.0/../../../../../ia16-elf/lib/medium/regparmcall/libi86.a(fmemcpy.o)
 .text          0x0000000000000244        0x0 /usr/lib/x86_64-linux-gnu/gcc/ia16-elf/6.3.0/../../../../../ia16-elf/lib/medium/regparmcall/libi86.a(fmemset.o)
 .text          0x0000000000000244        0x0 /usr/lib/x86_64-linux-gnu/gcc/ia16-elf/6.3.0/../../../../../ia16-elf/lib/medium/regparmcall/libi86.a(dos-getvect.o)
 .text          0x0000000000000244        0x0 /usr/lib/x86_64-linux-gnu/gcc/ia16-elf/6.3.0/../../../../../ia16-elf/lib/medium/regparmcall/libi86.a(dos-setvect.o)
 .text          0x0000000000000244        0x0 /usr/lib/x86_64-linux-gnu/gcc/ia16-elf/6.3.0/../../../../../ia16-elf/lib/medium/regparmcall/libi86.a(ffree.o)
 .text          0x0000000000000244        0x0 /usr/lib/x86_64-linux-gnu/gcc/ia16-elf/6.3.0/../../../../../ia16-elf/lib/medium/regparmcall/libi86.a(fmalloc.o)
 .text          0x0000000000000244        0x0 /usr/lib/x86_64-linux-gnu/gcc/ia16-elf/6.3.0/../../../../../ia16-elf/lib/medium/regparmcall/libi86.a(dos-allocmem.o)
 .text          0x0000000000000244        0x0 /usr/lib/x86_64-linux-gnu/gcc/ia16-elf/6.3.0/../../../../../ia16-elf/lib/medium/regparmcall/libi86.a(dos-freemem.o)
 .text          0x0000000000000244        0x0 /usr/lib/x86_64-linux-gnu/gcc/ia16-elf/6.3.0/../../../../../ia16-elf/lib/medium/regparmcall/libi86.a(libi86-ret-really-set-errno.o)
 .text          0x0000000000000244        0x0 /usr/lib/x86_64-linux-gnu/gcc/ia16-elf/6.3.0/../../../../../ia16-elf/lib/medium/regparmcall/tprtf-fw.a(t-sprintf.o)
 .text          0x0000000000000244        0x0 /usr/lib/x86_64-linux-gnu/gcc/ia16-elf/6.3.0/../../../../../ia16-elf/lib/medium/regparmcall/tprtf-fw.a(t-fprintf.o)
 .text          0x0000000000000244        0x0 /usr/lib/x86_64-linux-gnu/gcc/ia16-elf/6.3.0/../../../../../ia16-elf/lib/medium/regparmcall/tprtf-fw.a(t-printf.o)
 .text          0x0000000000000244        0x0 /usr/lib/x86_64-linux-gnu/gcc/ia16-elf/6.3.0/../../../../../ia16-elf/lib/medium/regparmcall/tprtf-fw.a(t-vprintf.o)
 .text          0x0000000000000244        0x0 /usr/lib/x86_64-linux-gnu/gcc/ia16-elf/6.3.0/../../../../../ia16-elf/lib/medium/regparmcall/tscnf-fw.a(t-sscanf.o)
 .text          0x0000000000000244        0x0 /usr/lib/x86_64-linux-gnu/gcc/ia16-elf/6.3.0/../../../../../ia16-elf/lib/medium/regparmcall/tscnf-fw.a(t-fscanf.o)
 .text          0x0000000000000244        0x0 /usr/lib/x86_64-linux-gnu/gcc/ia16-elf/6.3.0/../../../../../ia16-elf/lib/medium/regparmcall/iprtf-fw.a(i-sprintf.o)
 .text          0x0000000000000244        0x0 /usr/lib/x86_64-linux-gnu/gcc/ia16-elf/6.3.0/../../../../../ia16-elf/lib/medium/regparmcall/iprtf-fw.a(i-fprintf.o)
 .text          0x0000000000000244        0x0 /usr/lib/x86_64-linux-gnu/gcc/ia16-elf/6.3.0/../../../../../ia16-elf/lib/medium/regparmcall/iprtf-fw.a(i-printf.o)
 .text          0x0000000000000244        0x0 /usr/lib/x86_64-linux-gnu/gcc/ia16-elf/6.3.0/../../../../../ia16-elf/lib/medium/regparmcall/iprtf-fw.a(i-vprintf.o)
 .text          0x0000000000000244        0x0 /usr/lib/x86_64-linux-gnu/gcc/ia16-elf/6.3.0/../../../../../ia16-elf/lib/medium/regparmcall/iscnf-fw.a(i-sscanf.o)
 .text          0x0000000000000244        0x0 /usr/lib/x86_64-linux-gnu/gcc/ia16-elf/6.3.0/../../../../../ia16-elf/lib/medium/regparmcall/iscnf-fw.a(i-fscanf.o)
 .text          0x0000000000000244        0x0 /usr/lib/x86_64-linux-gnu/gcc/ia16-elf/6.3.0/medium/regparmcall/crtbegin.o
 .text          0x0000000000000244        0x0 /usr/lib/x86_64-linux-gnu/gcc/ia16-elf/6.3.0/medium/regparmcall/crtend.o
 .text          0x0000000000000244        0x0 /usr/lib/x86_64-linux-gnu/gcc/ia16-elf/6.3.0/../../../../../ia16-elf/lib/medium/regparmcall/dos-m-c0.o
 .text          0x0000000000000244        0x0 /usr/lib/x86_64-linux-gnu/gcc/ia16-elf/6.3.0/../../../../../ia16-elf/lib/medium/regparmcall/libc.a(lib_a-atoi.o)
 .text          0x0000000000000244        0x0 /usr/lib/x86_64-linux-gnu/gcc/ia16-elf/6.3.0/../../../../../ia16-elf/lib/medium/regparmcall/libc.a(lib_a-ctype_.o)
 .text          0x0000000000000244        0x0 /usr/lib/x86_64-linux-gnu/gcc/ia16-elf/6.3.0/../../../../../ia16-elf/lib/medium/regparmcall/libc.a(lib_a-errno.o)
 .text          0x0000000000000244        0x0 /usr/lib/x86_64-linux-gnu/gcc/ia16-elf/6.3.0/../../../../../ia16-elf/lib/medium/regparmcall/libc.a(lib_a-exit.o)
 .text          0x0000000000000244        0x0 /usr/lib/x86_64-linux-gnu/gcc/ia16-elf/6.3.0/../../../../../ia16-elf/lib/medium/regparmcall/libc.a(lib_a-fclose.o)
 .text          0x0000000000000244        0x0 /usr/lib/x86_64-linux-gnu/gcc/ia16-elf/6.3.0/../../../../../ia16-elf/lib/medium/regparmcall/libc.a(lib_a-feof.o)
 .text          0x0000000000000244        0x0 /usr/lib/x86_64-linux-gnu/gcc/ia16-elf/6.3.0/../../../../../ia16-elf/lib/medium/regparmcall/libc.a(lib_a-fflush.o)
 .text          0x0000000000000244        0x0 /usr/lib/x86_64-linux-gnu/gcc/ia16-elf/6.3.0/../../../../../ia16-elf/lib/medium/regparmcall/libc.a(lib_a-fgetc.o)
 .text          0x0000000000000244        0x0 /usr/lib/x86_64-linux-gnu/gcc/ia16-elf/6.3.0/../../../../../ia16-elf/lib/medium/regparmcall/libc.a(lib_a-findfp.o)
 .text          0x0000000000000244        0x0 /usr/lib/x86_64-linux-gnu/gcc/ia16-elf/6.3.0/../../../../../ia16-elf/lib/medium/regparmcall/libc.a(lib_a-fiprintf.o)
 .text          0x0000000000000244        0x0 /usr/lib/x86_64-linux-gnu/gcc/ia16-elf/6.3.0/../../../../../ia16-elf/lib/medium/regparmcall/libc.a(lib_a-fiscanf.o)
 .text          0x0000000000000244        0x0 /usr/lib/x86_64-linux-gnu/gcc/ia16-elf/6.3.0/../../../../../ia16-elf/lib/medium/regparmcall/libc.a(lib_a-fopen.o)
 .text          0x0000000000000244        0x0 /usr/lib/x86_64-linux-gnu/gcc/ia16-elf/6.3.0/../../../../../ia16-elf/lib/medium/regparmcall/libc.a(lib_a-fread.o)
 .text          0x0000000000000244        0x0 /usr/lib/x86_64-linux-gnu/gcc/ia16-elf/6.3.0/../../../../../ia16-elf/lib/medium/regparmcall/libc.a(lib_a-fseek.o)
 .text          0x0000000000000244        0x0 /usr/lib/x86_64-linux-gnu/gcc/ia16-elf/6.3.0/../../../../../ia16-elf/lib/medium/regparmcall/libc.a(lib_a-fseeko.o)
 .text          0x0000000000000244        0x0 /usr/lib/x86_64-linux-gnu/gcc/ia16-elf/6.3.0/../../../../../ia16-elf/lib/medium/regparmcall/libc.a(lib_a-fwalk.o)
 .text          0x0000000000000244        0x0 /usr/lib/x86_64-linux-gnu/gcc/ia16-elf/6.3.0/../../../../../ia16-elf/lib/medium/regparmcall/libc.a(lib_a-fwrite.o)
 .text          0x0000000000000244        0x0 /usr/lib/x86_64-linux-gnu/gcc/ia16-elf/6.3.0/../../../../../ia16-elf/lib/medium/regparmcall/libc.a(lib_a-getc.o)
 .text          0x0000000000000244        0x0 /usr/lib/x86_64-linux-gnu/gcc/ia16-elf/6.3.0/../../../../../ia16-elf/lib/medium/regparmcall/libc.a(lib_a-impure.o)
 .text          0x0000000000000244        0x0 /usr/lib/x86_64-linux-gnu/gcc/ia16-elf/6.3.0/../../../../../ia16-elf/lib/medium/regparmcall/libc.a(lib_a-iprintf.o)
 .text          0x0000000000000244        0x0 /usr/lib/x86_64-linux-gnu/gcc/ia16-elf/6.3.0/../../../../../ia16-elf/lib/medium/regparmcall/libc.a(lib_a-makebuf.o)
 .text          0x0000000000000244        0x0 /usr/lib/x86_64-linux-gnu/gcc/ia16-elf/6.3.0/../../../../../ia16-elf/lib/medium/regparmcall/libc.a(lib_a-malloc.o)
 .text          0x0000000000000244        0x0 /usr/lib/x86_64-linux-gnu/gcc/ia16-elf/6.3.0/../../../../../ia16-elf/lib/medium/regparmcall/libc.a(lib_a-memcpy.o)
 .text          0x0000000000000244        0x0 /usr/lib/x86_64-linux-gnu/gcc/ia16-elf/6.3.0/../../../../../ia16-elf/lib/medium/regparmcall/libc.a(lib_a-memmove.o)
 .text          0x0000000000000244        0x0 /usr/lib/x86_64-linux-gnu/gcc/ia16-elf/6.3.0/../../../../../ia16-elf/lib/medium/regparmcall/libc.a(lib_a-memset.o)
 .text          0x0000000000000244        0x0 /usr/lib/x86_64-linux-gnu/gcc/ia16-elf/6.3.0/../../../../../ia16-elf/lib/medium/regparmcall/libc.a(lib_a-nano-freer.o)
 .text          0x0000000000000244        0x0 /usr/lib/x86_64-linux-gnu/gcc/ia16-elf/6.3.0/../../../../../ia16-elf/lib/medium/regparmcall/libc.a(lib_a-nano-mallocr.o)
 .text          0x0000000000000244        0x0 /usr/lib/x86_64-linux-gnu/gcc/ia16-elf/6.3.0/../../../../../ia16-elf/lib/medium/regparmcall/libc.a(lib_a-putchar.o)
 .text          0x0000000000000244        0x0 /usr/lib/x86_64-linux-gnu/gcc/ia16-elf/6.3.0/../../../../../ia16-elf/lib/medium/regparmcall/libc.a(lib_a-puts.o)
 .text          0x0000000000000244        0x0 /usr/lib/x86_64-linux-gnu/gcc/ia16-elf/6.3.0/../../../../../ia16-elf/lib/medium/regparmcall/libc.a(lib_a-refill.o)
 .text          0x0000000000000244        0x0 /usr/lib/x86_64-linux-gnu/gcc/ia16-elf/6.3.0/../../../../../ia16-elf/lib/medium/regparmcall/libc.a(lib_a-rget.o)
 .text          0x0000000000000244        0x0 /usr/lib/x86_64-linux-gnu/gcc/ia16-elf/6.3.0/../../../../../ia16-elf/lib/medium/regparmcall/libc.a(lib_a-setbuf.o)
 .text          0x0000000000000244        0x0 /usr/lib/x86_64-linux-gnu/gcc/ia16-elf/6.3.0/../../../../../ia16-elf/lib/medium/regparmcall/libc.a(lib_a-setvbuf.o)
 .text          0x0000000000000244        0x0 /usr/lib/x86_64-linux-gnu/gcc/ia16-elf/6.3.0/../../../../../ia16-elf/lib/medium/regparmcall/libc.a(lib_a-siprintf.o)
 .text          0x0000000000000244        0x0 /usr/lib/x86_64-linux-gnu/gcc/ia16-elf/6.3.0/../../../../../ia16-elf/lib/medium/regparmcall/libc.a(lib_a-siscanf.o)
 .text          0x0000000000000244        0x0 /usr/lib/x86_64-linux-gnu/gcc/ia16-elf/6.3.0/../../../../../ia16-elf/lib/medium/regparmcall/libc.a(lib_a-stdio.o)
 .text          0x0000000000000244        0x0 /usr/lib/x86_64-linux-gnu/gcc/ia16-elf/6.3.0/../../../../../ia16-elf/lib/medium/regparmcall/libc.a(lib_a-strcasecmp.o)
 .text          0x0000000000000244        0x0 /usr/lib/x86_64-linux-gnu/gcc/ia16-elf/6.3.0/../../../../../ia16-elf/lib/medium/regparmcall/libc.a(lib_a-strcat.o)
 .text          0x0000000000000244        0x0 /usr/lib/x86_64-linux-gnu/gcc/ia16-elf/6.3.0/../../../../../ia16-elf/lib/medium/regparmcall/libc.a(lib_a-strcmp.o)
 .text          0x0000000000000244        0x0 /usr/lib/x86_64-linux-gnu/gcc/ia16-elf/6.3.0/../../../../../ia16-elf/lib/medium/regparmcall/libc.a(lib_a-strcpy.o)
 .text          0x0000000000000244        0x0 /usr/lib/x86_64-linux-gnu/gcc/ia16-elf/6.3.0/../../../../../ia16-elf/lib/medium/regparmcall/libc.a(lib_a-strlen.o)
 .text          0x0000000000000244        0x0 /usr/lib/x86_64-linux-gnu/gcc/ia16-elf/6.3.0/../../../../../ia16-elf/lib/medium/regparmcall/libc.a(lib_a-strncasecmp.o)
 .text          0x0000000000000244        0x0 /usr/lib/x86_64-linux-gnu/gcc/ia16-elf/6.3.0/../../../../../ia16-elf/lib/medium/regparmcall/libc.a(lib_a-strncmp.o)
 .text          0x0000000000000244        0x0 /usr/lib/x86_64-linux-gnu/gcc/ia16-elf/6.3.0/../../../../../ia16-elf/lib/medium/regparmcall/libc.a(lib_a-strncpy.o)
 .text          0x0000000000000244        0x0 /usr/lib/x86_64-linux-gnu/gcc/ia16-elf/6.3.0/../../../../../ia16-elf/lib/medium/regparmcall/libc.a(lib_a-strtol.o)
 .text          0x0000000000000244        0x0 /usr/lib/x86_64-linux-gnu/gcc/ia16-elf/6.3.0/../../../../../ia16-elf/lib/medium/regparmcall/libc.a(lib_a-strupr.o)
 .text          0x0000000000000244        0x0 /usr/lib/x86_64-linux-gnu/gcc/ia16-elf/6.3.0/../../../../../ia16-elf/lib/medium/regparmcall/libc.a(lib_a-svfiprintf.o)
 .text          0x0000000000000244        0x0 /usr/lib/x86_64-linux-gnu/gcc/ia16-elf/6.3.0/../../../../../ia16-elf/lib/medium/regparmcall/libc.a(lib_a-svfiscanf.o)
 .text          0x0000000000000244        0x0 /usr/lib/x86_64-linux-gnu/gcc/ia16-elf/6.3.0/../../../../../ia16-elf/lib/medium/regparmcall/libc.a(lib_a-sysclose.o)
 .text          0x0000000000000244        0x0 /usr/lib/x86_64-linux-gnu/gcc/ia16-elf/6.3.0/../../../../../ia16-elf/lib/medium/regparmcall/libc.a(lib_a-sysisatty.o)
 .text          0x0000000000000244        0x0 /usr/lib/x86_64-linux-gnu/gcc/ia16-elf/6.3.0/../../../../../ia16-elf/lib/medium/regparmcall/libc.a(lib_a-syslseek.o)
 .text          0x0000000000000244        0x0 /usr/lib/x86_64-linux-gnu/gcc/ia16-elf/6.3.0/../../../../../ia16-elf/lib/medium/regparmcall/libc.a(lib_a-sysopen.o)
 .text          0x0000000000000244        0x0 /usr/lib/x86_64-linux-gnu/gcc/ia16-elf/6.3.0/../../../../../ia16-elf/lib/medium/regparmcall/libc.a(lib_a-sysread.o)
 .text          0x0000000000000244        0x0 /usr/lib/x86_64-linux-gnu/gcc/ia16-elf/6.3.0/../../../../../ia16-elf/lib/medium/regparmcall/libc.a(lib_a-syswrite.o)
 .text          0x0000000000000244        0x0 /usr/lib/x86_64-linux-gnu/gcc/ia16-elf/6.3.0/../../../../../ia16-elf/lib/medium/regparmcall/libc.a(lib_a-ungetc.o)
 .text          0x0000000000000244        0x0 /usr/lib/x86_64-linux-gnu/gcc/ia16-elf/6.3.0/../../../../../ia16-elf/lib/medium/regparmcall/libc.a(lib_a-vfiprintf.o)
 .text          0x0000000000000244        0x0 /usr/lib/x86_64-linux-gnu/gcc/ia16-elf/6.3.0/../../../../../ia16-elf/lib/medium/regparmcall/libc.a(lib_a-vfiscanf.o)
 .text          0x0000000000000244        0x0 /usr/lib/x86_64-linux-gnu/gcc/ia16-elf/6.3.0/../../../../../ia16-elf/lib/medium/regparmcall/libc.a(lib_a-viprintf.o)
 .text          0x0000000000000244        0x0 /usr/lib/x86_64-linux-gnu/gcc/ia16-elf/6.3.0/../../../../../ia16-elf/lib/medium/regparmcall/libc.a(lib_a-wcrtomb.o)
 .text          0x0000000000000244        0x0 /usr/lib/x86_64-linux-gnu/gcc/ia16-elf/6.3.0/../../../../../ia16-elf/lib/medium/regparmcall/libc.a(lib_a-wcsrtombs.o)
 .text          0x0000000000000244        0x0 /usr/lib/x86_64-linux-gnu/gcc/ia16-elf/6.3.0/../../../../../ia16-elf/lib/medium/regparmcall/libc.a(lib_a-wctomb_r.o)
 .text          0x0000000000000244        0x0 /usr/lib/x86_64-linux-gnu/gcc/ia16-elf/6.3.0/../../../../../ia16-elf/lib/medium/regparmcall/libc.a(lib_a-wsetup.o)
 .text          0x0000000000000244        0x0 /usr/lib/x86_64-linux-gnu/gcc/ia16-elf/6.3.0/../../../../../ia16-elf/lib/medium/regparmcall/libc.a(lib_a-__call_atexit.o)
 .text          0x0000000000000244        0x0 /usr/lib/x86_64-linux-gnu/gcc/ia16-elf/6.3.0/../../../../../ia16-elf/lib/medium/regparmcall/libc.a(lib_a-flags.o)
 .text          0x0000000000000244        0x0 /usr/lib/x86_64-linux-gnu/gcc/ia16-elf/6.3.0/../../../../../ia16-elf/lib/medium/regparmcall/libc.a(lib_a-fvwrite.o)
 .text          0x0000000000000244        0x0 /usr/lib/x86_64-linux-gnu/gcc/ia16-elf/6.3.0/../../../../../ia16-elf/lib/medium/regparmcall/libc.a(lib_a-iswspace.o)
 .text          0x0000000000000244        0x0 /usr/lib/x86_64-linux-gnu/gcc/ia16-elf/6.3.0/../../../../../ia16-elf/lib/medium/regparmcall/libc.a(lib_a-jp2uc.o)
 .text          0x0000000000000244        0x0 /usr/lib/x86_64-linux-gnu/gcc/ia16-elf/6.3.0/../../../../../ia16-elf/lib/medium/regparmcall/libc.a(lib_a-locale.o)
 .text          0x0000000000000244        0x0 /usr/lib/x86_64-linux-gnu/gcc/ia16-elf/6.3.0/../../../../../ia16-elf/lib/medium/regparmcall/libc.a(lib_a-mbrtowc.o)
 .text          0x0000000000000244        0x0 /usr/lib/x86_64-linux-gnu/gcc/ia16-elf/6.3.0/../../../../../ia16-elf/lib/medium/regparmcall/libc.a(lib_a-mbtowc_r.o)
 .text          0x0000000000000244        0x0 /usr/lib/x86_64-linux-gnu/gcc/ia16-elf/6.3.0/../../../../../ia16-elf/lib/medium/regparmcall/libc.a(lib_a-memchr.o)
 .text          0x0000000000000244        0x0 /usr/lib/x86_64-linux-gnu/gcc/ia16-elf/6.3.0/../../../../../ia16-elf/lib/medium/regparmcall/libc.a(lib_a-nano-reallocr.o)
 .text          0x0000000000000244        0x0 /usr/lib/x86_64-linux-gnu/gcc/ia16-elf/6.3.0/../../../../../ia16-elf/lib/medium/regparmcall/libc.a(lib_a-putc.o)
 .text          0x0000000000000244        0x0 /usr/lib/x86_64-linux-gnu/gcc/ia16-elf/6.3.0/../../../../../ia16-elf/lib/medium/regparmcall/libc.a(lib_a-sccl.o)
 .text          0x0000000000000244        0x0 /usr/lib/x86_64-linux-gnu/gcc/ia16-elf/6.3.0/../../../../../ia16-elf/lib/medium/regparmcall/libc.a(lib_a-sprintr.o)
 .text          0x0000000000000244        0x0 /usr/lib/x86_64-linux-gnu/gcc/ia16-elf/6.3.0/../../../../../ia16-elf/lib/medium/regparmcall/libc.a(lib_a-ssprintr.o)
 .text          0x0000000000000244        0x0 /usr/lib/x86_64-linux-gnu/gcc/ia16-elf/6.3.0/../../../../../ia16-elf/lib/medium/regparmcall/libc.a(lib_a-strchr.o)
 .text          0x0000000000000244        0x0 /usr/lib/x86_64-linux-gnu/gcc/ia16-elf/6.3.0/../../../../../ia16-elf/lib/medium/regparmcall/libc.a(lib_a-strlcpy.o)
 .text          0x0000000000000244        0x0 /usr/lib/x86_64-linux-gnu/gcc/ia16-elf/6.3.0/../../../../../ia16-elf/lib/medium/regparmcall/libc.a(lib_a-strtoll_r.o)
 .text          0x0000000000000244        0x0 /usr/lib/x86_64-linux-gnu/gcc/ia16-elf/6.3.0/../../../../../ia16-elf/lib/medium/regparmcall/libc.a(lib_a-strtoul.o)
 .text          0x0000000000000244        0x0 /usr/lib/x86_64-linux-gnu/gcc/ia16-elf/6.3.0/../../../../../ia16-elf/lib/medium/regparmcall/libc.a(lib_a-strtoull_r.o)
 .text          0x0000000000000244        0x0 /usr/lib/x86_64-linux-gnu/gcc/ia16-elf/6.3.0/../../../../../ia16-elf/lib/medium/regparmcall/libc.a(lib_a-wbuf.o)
 .text          0x0000000000000244        0x0 /usr/lib/x86_64-linux-gnu/gcc/ia16-elf/6.3.0/../../../../../ia16-elf/lib/medium/regparmcall/libc.a(lib_a-wcsnrtombs.o)
 .text          0x0000000000000244        0x0 /usr/lib/x86_64-linux-gnu/gcc/ia16-elf/6.3.0/../../../../../ia16-elf/lib/medium/regparmcall/libc.a(lib_a-getenv_r.o)
 .text          0x0000000000000244        0x0 /usr/lib/x86_64-linux-gnu/gcc/ia16-elf/6.3.0/../../../../../ia16-elf/lib/medium/regparmcall/libc.a(lib_a-nano-msizer.o)
 .text          0x0000000000000244        0x0 /usr/lib/x86_64-linux-gnu/gcc/ia16-elf/6.3.0/../../../../../ia16-elf/lib/medium/regparmcall/libc.a(lib_a-envlock.o)
 .text          0x0000000000000244        0x0 /usr/lib/x86_64-linux-gnu/gcc/ia16-elf/6.3.0/medium/regparmcall/libgcc.a(_ashrsi3.o)
 .text          0x0000000000000244        0x0 /usr/lib/x86_64-linux-gnu/gcc/ia16-elf/6.3.0/medium/regparmcall/libgcc.a(_cmpsi2.o)
 .text          0x0000000000000244        0x0 /usr/lib/x86_64-linux-gnu/gcc/ia16-elf/6.3.0/medium/regparmcall/libgcc.a(_ucmpsi2.o)
 .text          0x0000000000000244        0x0 /usr/lib/x86_64-linux-gnu/gcc/ia16-elf/6.3.0/medium/regparmcall/libgcc.a(_muldi3.o)
 .text          0x0000000000000244        0x0 /usr/lib/x86_64-linux-gnu/gcc/ia16-elf/6.3.0/medium/regparmcall/libgcc.a(_lshrdi3.o)
 .text          0x0000000000000244        0x0 /usr/lib/x86_64-linux-gnu/gcc/ia16-elf/6.3.0/medium/regparmcall/libgcc.a(_ashldi3.o)
 .text          0x0000000000000244        0x0 /usr/lib/x86_64-linux-gnu/gcc/ia16-elf/6.3.0/medium/regparmcall/libgcc.a(_divdi3.o)
 .text          0x0000000000000244        0x0 /usr/lib/x86_64-linux-gnu/gcc/ia16-elf/6.3.0/medium/regparmcall/libgcc.a(_udivdi3.o)
 .text          0x0000000000000244        0x0 /usr/lib/x86_64-linux-gnu/gcc/ia16-elf/6.3.0/medium/regparmcall/libgcc.a(_umoddi3.o)
 .text          0x0000000000000244        0x0 /usr/lib/x86_64-linux-gnu/gcc/ia16-elf/6.3.0/medium/regparmcall/libgcc.a(udivsi3.o)
 .text          0x0000000000000244        0x0 /usr/lib/x86_64-linux-gnu/gcc/ia16-elf/6.3.0/medium/regparmcall/libgcc.a(umodsi3.o)
 .text          0x0000000000000244        0x0 /usr/lib/x86_64-linux-gnu/gcc/ia16-elf/6.3.0/medium/regparmcall/libgcc.a(ia16-ldivmodu.o)
 .text          0x0000000000000244        0x0 /usr/lib/x86_64-linux-gnu/gcc/ia16-elf/6.3.0/medium/regparmcall/libgcc.a(divsi3.o)
 .text          0x0000000000000244        0x0 /usr/lib/x86_64-linux-gnu/gcc/ia16-elf/6.3.0/medium/regparmcall/libgcc.a(ia16-ldivmods.o)
 .text          0x0000000000000244        0x0 /usr/lib/x86_64-linux-gnu/gcc/ia16-elf/6.3.0/medium/regparmcall/libgcc.a(ashlsi3.o)
 .text          0x0000000000000244        0x0 /usr/lib/x86_64-linux-gnu/gcc/ia16-elf/6.3.0/medium/regparmcall/libgcc.a(lshrsi3.o)
 .text          0x0000000000000244        0x0 /usr/lib/x86_64-linux-gnu/gcc/ia16-elf/6.3.0/medium/regparmcall/libgcc.a(_clz.o)
 .text          0x0000000000000244        0x0 /usr/lib/x86_64-linux-gnu/gcc/ia16-elf/6.3.0/../../../../../ia16-elf/lib/medium/regparmcall/libdos-m.a(dos-access.o)
 .text          0x0000000000000244        0x0 /usr/lib/x86_64-linux-gnu/gcc/ia16-elf/6.3.0/../../../../../ia16-elf/lib/medium/regparmcall/libdos-m.a(dos-closer.o)
 .text          0x0000000000000244        0x0 /usr/lib/x86_64-linux-gnu/gcc/ia16-elf/6.3.0/../../../../../ia16-elf/lib/medium/regparmcall/libdos-m.a(dos-environ.o)
 .text          0x0000000000000244        0x0 /usr/lib/x86_64-linux-gnu/gcc/ia16-elf/6.3.0/../../../../../ia16-elf/lib/medium/regparmcall/libdos-m.a(dos-isattyr.o)
 .text          0x0000000000000244        0x0 /usr/lib/x86_64-linux-gnu/gcc/ia16-elf/6.3.0/../../../../../ia16-elf/lib/medium/regparmcall/libdos-m.a(dos-lseekr.o)
 .text          0x0000000000000244        0x0 /usr/lib/x86_64-linux-gnu/gcc/ia16-elf/6.3.0/../../../../../ia16-elf/lib/medium/regparmcall/libdos-m.a(dos-openr.o)
 .text          0x0000000000000244        0x0 /usr/lib/x86_64-linux-gnu/gcc/ia16-elf/6.3.0/../../../../../ia16-elf/lib/medium/regparmcall/libdos-m.a(dos-readr.o)
 .text          0x0000000000000244        0x0 /usr/lib/x86_64-linux-gnu/gcc/ia16-elf/6.3.0/../../../../../ia16-elf/lib/medium/regparmcall/libdos-m.a(dos-sbrkr.o)
 .text          0x0000000000000244        0x0 /usr/lib/x86_64-linux-gnu/gcc/ia16-elf/6.3.0/../../../../../ia16-elf/lib/medium/regparmcall/libdos-m.a(dos-writer.o)
 .text          0x0000000000000244        0x0 /usr/lib/x86_64-linux-gnu/gcc/ia16-elf/6.3.0/../../../../../ia16-elf/lib/medium/regparmcall/libdos-m.a(dos-msmmabort.o)
 .text          0x0000000000000244        0x0 /usr/lib/x86_64-linux-gnu/gcc/ia16-elf/6.3.0/../../../../../ia16-elf/lib/medium/regparmcall/libdos-m.a(dos-heaplen.o)
 .text          0x0000000000000244        0x2 /usr/lib/x86_64-linux-gnu/gcc/ia16-elf/6.3.0/../../../../../ia16-elf/lib/medium/regparmcall/libdos-m.a(dos-near-data-segment.o)
                0x0000000000000244                __ia16_near_data_segment
 .text          0x0000000000000246        0x0 /usr/lib/x86_64-linux-gnu/gcc/ia16-elf/6.3.0/../../../../../ia16-elf/lib/medium/regparmcall/libc.a(lib_a-abort.o)
 *(.text.*)
                0x0000000000000246                __etext = .
                0x0000000000000250                . = ALIGN (0x10)
 *fill*         0x0000000000000246        0xa 
                0x0000000000000250                __etext_padded = .
                0x0000000000000001                ASSERT ((. <= 0x10000), Error: too large for a small or medium model .exe file.)
                0x0000000000000226                __ltext = (__etext - __stext)
                0x0000000000000230                __ltext_padded = (__etext_padded - __stext)

.fartext.00$    0x0000000000000000      0x2f0 load address 0x0000000000002c30
 *(.fartext.*00 .fartext.*00$)
 .fartext.f.strtoull_r.c.33100$
                0x0000000000000000      0x2e3 /usr/lib/x86_64-linux-gnu/gcc/ia16-elf/6.3.0/../../../../../ia16-elf/lib/medium/regparmcall/libc.a(lib_a-strtoull_r.o)
                0x0000000000000000                _strtoull_r
                0x00000000000002f0                . = ALIGN (0x10)
 *fill*         0x00000000000002e3        0xd 

.fartext.01$    0x0000000000000000      0x9f0 load address 0x0000000000002f20
 *(.fartext.*01 .fartext.*01$)
 .fartext.f.d_main.c.43201$
                0x0000000000000000      0x715 /tmp/cc0FrV6q.o
                0x0000000000000000                D_PostEvent
                0x000000000000003a                D_ProcessEvents
                0x0000000000000079                getStringByIndex
                0x00000000000000b5                FixedMul
                0x00000000000000e3                FixedMul1632
                0x000000000000010d                FixedMul16u32
                0x0000000000000136                FixedMulBig1632
                0x0000000000000161                FixedMul1616
                0x0000000000000166                FixedDiv2
                0x00000000000001aa                FixedDiv
                0x000000000000024d                D_PageTicker
                0x000000000000025e                D_PageDrawer
                0x0000000000000270                D_Display
                0x0000000000000562                D_AdvanceDemo
                0x0000000000000568                D_DoAdvanceDemo
                0x000000000000061b                D_DoomLoop
                0x0000000000000702                D_DoomMain
 .fartext.f.fgetc.c.77701$
                0x0000000000000715       0xad /usr/lib/x86_64-linux-gnu/gcc/ia16-elf/6.3.0/../../../../../ia16-elf/lib/medium/regparmcall/libc.a(lib_a-fgetc.o)
                0x0000000000000715                _fgetc_r
                0x00000000000007bb                fgetc
 .fartext.f.strtoul.c.07601$
                0x00000000000007c2      0x21f /usr/lib/x86_64-linux-gnu/gcc/ia16-elf/6.3.0/../../../../../ia16-elf/lib/medium/regparmcall/libc.a(lib_a-strtoul.o)
                0x00000000000007c2                _strtoul_r
                0x00000000000009d5                strtoul
                0x00000000000009f0                . = ALIGN (0x10)
 *fill*         0x00000000000009e1        0xf 

.fartext.02$    0x0000000000000000     0x13b0 load address 0x0000000000003910
 *(.fartext.*02 .fartext.*02$)
 .fartext.f.p_pspr.c.27602$
                0x0000000000000000      0xc3d /tmp/cclCPTv6.o
                0x0000000000000000                A_Punch
                0x0000000000000100                A_Saw
                0x0000000000000266                A_FireMissile
                0x0000000000000288                A_FireBFG
                0x00000000000002ab                P_BulletSlope
                0x0000000000000321                P_GunShot
                0x000000000000038a                A_Light0
                0x0000000000000390                A_Light1
                0x0000000000000396                A_Light2
                0x000000000000039c                A_BFGSpray
                0x0000000000000488                A_BFGsound
                0x0000000000000495                P_SetPsprite
                0x00000000000005e9                P_MovePsprites
                0x000000000000065c                A_FireCGun
                0x00000000000006f6                A_FireShotgun2
                0x00000000000007cc                A_FireShotgun
                0x0000000000000832                A_FirePistol
                0x0000000000000891                A_FirePlasma
                0x00000000000008d9                A_GunFlash
                0x00000000000008f8                A_Raise
                0x0000000000000934                P_DropWeapon
                0x0000000000000945                P_CheckAmmo
                0x0000000000000a53                A_CheckReload
                0x0000000000000a56                P_FireWeapon
                0x0000000000000a84                A_ReFire
                0x0000000000000aa6                A_WeaponReady
                0x0000000000000bb6                P_BringUpWeapon
                0x0000000000000bfc                A_Lower
 .fartext.f.r_plane.c.44502$
                0x0000000000000c3d      0x76b /tmp/ccVPeekO.o
                0x0000000000000c3d                R_MapPlane
                0x0000000000000e45                R_ClearPlanes
                0x0000000000000efc                R_FindPlane
                0x0000000000000fbf                R_CheckPlane
                0x00000000000010a6                R_DrawPlanes
                0x00000000000013b0                . = ALIGN (0x10)
 *fill*         0x00000000000013a8        0x8 

.fartext.03$    0x0000000000000000      0x760 load address 0x0000000000004cc0
 *(.fartext.*03 .fartext.*03$)
 .fartext.f.p_saveg.c.74603$
                0x0000000000000000        0x8 /tmp/ccjsGGw5.o
                0x0000000000000000                P_ArchivePlayers
                0x0000000000000001                P_UnArchivePlayers
                0x0000000000000002                P_ArchiveWorld
                0x0000000000000003                P_UnArchiveWorld
                0x0000000000000004                P_ArchiveThinkers
                0x0000000000000005                P_UnArchiveThinkers
                0x0000000000000006                P_ArchiveSpecials
                0x0000000000000007                P_UnArchiveSpecials
 .fartext.f.v_extra.c.11503$
                0x0000000000000008      0x1c3 /tmp/ccMGVTYK.o
                0x0000000000000008                V_DrawFullscreenPatch
 .fartext.f.f_wipe.c.37003$
                0x00000000000001cb      0x330 /tmp/ccrICatz.o
                0x00000000000001cb                wipe_shittyColMajorXform
                0x0000000000000232                wipe_initMelt
                0x00000000000002d5                wipe_doMelt
                0x00000000000003ed                wipe_StartScreen
                0x0000000000000413                V_DrawBlock
                0x000000000000046d                wipe_EndScreen
                0x00000000000004a9                wipe_ScreenWipe
 .fartext.f.puts.c.61303$
                0x00000000000004fb       0x9a /usr/lib/x86_64-linux-gnu/gcc/ia16-elf/6.3.0/../../../../../ia16-elf/lib/medium/regparmcall/libc.a(lib_a-puts.o)
                0x00000000000004fb                _puts_r
                0x000000000000058e                puts
 .fartext.f.setvbuf.c.34603$
                0x0000000000000595      0x199 /usr/lib/x86_64-linux-gnu/gcc/ia16-elf/6.3.0/../../../../../ia16-elf/lib/medium/regparmcall/libc.a(lib_a-setvbuf.o)
                0x0000000000000595                setvbuf
 .fartext.s.__cmpsi2.11003$
                0x000000000000072e       0x23 /usr/lib/x86_64-linux-gnu/gcc/ia16-elf/6.3.0/medium/regparmcall/libgcc.a(_cmpsi2.o)
                0x000000000000072e                __cmpsi2
                0x0000000000000760                . = ALIGN (0x10)
 *fill*         0x0000000000000751        0xf 

.fartext.04$    0x0000000000000000       0x60 load address 0x0000000000005420
 *(.fartext.*04 .fartext.*04$)
 .fartext.f.rget.c.75004$
                0x0000000000000000       0x5c /usr/lib/x86_64-linux-gnu/gcc/ia16-elf/6.3.0/../../../../../ia16-elf/lib/medium/regparmcall/libc.a(lib_a-rget.o)
                0x0000000000000000                __srget_r
                0x0000000000000056                __srget
                0x0000000000000060                . = ALIGN (0x10)
 *fill*         0x000000000000005c        0x4 

.fartext.05$    0x0000000000000000      0x3a0 load address 0x0000000000005480
 *(.fartext.*05 .fartext.*05$)
 .fartext.f.viprintf.c.45605$
                0x0000000000000000       0x66 /usr/lib/x86_64-linux-gnu/gcc/ia16-elf/6.3.0/../../../../../ia16-elf/lib/medium/regparmcall/libc.a(lib_a-viprintf.o)
                0x0000000000000000                viprintf
                0x0000000000000035                _viprintf_r
 .fartext.f.strtoll_r.c.45205$
                0x0000000000000066      0x32d /usr/lib/x86_64-linux-gnu/gcc/ia16-elf/6.3.0/../../../../../ia16-elf/lib/medium/regparmcall/libc.a(lib_a-strtoll_r.o)
                0x0000000000000066                _strtoll_r
                0x00000000000003a0                . = ALIGN (0x10)
 *fill*         0x0000000000000393        0xd 

.fartext.06$    0x0000000000000000      0x370 load address 0x0000000000005820
 *(.fartext.*06 .fartext.*06$)
 .fartext.f.dmx.c.47106$
                0x0000000000000000      0x23b /tmp/ccdeTfPp.o
                0x0000000000000000                TS_ServiceScheduleIntEnabled
                0x0000000000000123                TS_FreeTaskList
                0x0000000000000124                TS_SetClockSpeed
                0x000000000000016b                TS_SetTimer
                0x0000000000000196                TS_SetTimerToMaxTaskRate
                0x00000000000001a2                TS_Startup
                0x00000000000001f0                TS_ScheduleTask
                0x0000000000000232                TS_Dispatch
 .fartext.f.flags.c.47406$
                0x000000000000023b       0x72 /usr/lib/x86_64-linux-gnu/gcc/ia16-elf/6.3.0/../../../../../ia16-elf/lib/medium/regparmcall/libc.a(lib_a-flags.o)
                0x000000000000023b                __sflags
 .fartext.f.putc.c.11706$
                0x00000000000002ad       0xbe /usr/lib/x86_64-linux-gnu/gcc/ia16-elf/6.3.0/../../../../../ia16-elf/lib/medium/regparmcall/libc.a(lib_a-putc.o)
                0x0000000000000319                _putc_r
                0x0000000000000363                putc
                0x0000000000000370                . = ALIGN (0x10)
 *fill*         0x000000000000036b        0x5 

.fartext.07$    0x0000000000000000       0xb0 load address 0x0000000000005b90
 *(.fartext.*07 .fartext.*07$)
 .fartext.f.fwalk.c.72007$
                0x0000000000000000       0xa6 /usr/lib/x86_64-linux-gnu/gcc/ia16-elf/6.3.0/../../../../../ia16-elf/lib/medium/regparmcall/libc.a(lib_a-fwalk.o)
                0x0000000000000000                _fwalk
                0x0000000000000050                _fwalk_reent
                0x00000000000000b0                . = ALIGN (0x10)
 *fill*         0x00000000000000a6        0xa 

.fartext.10$    0x0000000000000000      0x290 load address 0x0000000000005c40
 *(.fartext.*10 .fartext.*10$)
 .fartext.f.fiprintf.c.23210$
                0x0000000000000000       0x32 /usr/lib/x86_64-linux-gnu/gcc/ia16-elf/6.3.0/../../../../../ia16-elf/lib/medium/regparmcall/libc.a(lib_a-fiprintf.o)
                0x0000000000000000                _fiprintf_r
                0x0000000000000016                fiprintf
 .fartext.f.strtol.c.60110$
                0x0000000000000032      0x249 /usr/lib/x86_64-linux-gnu/gcc/ia16-elf/6.3.0/../../../../../ia16-elf/lib/medium/regparmcall/libc.a(lib_a-strtol.o)
                0x0000000000000032                _strtol_r
                0x000000000000026f                strtol
 .fartext.f.sysisatty.c.27010$
                0x000000000000027b        0x9 /usr/lib/x86_64-linux-gnu/gcc/ia16-elf/6.3.0/../../../../../ia16-elf/lib/medium/regparmcall/libc.a(lib_a-sysisatty.o)
                0x000000000000027b                isatty
                0x0000000000000290                . = ALIGN (0x10)
 *fill*         0x0000000000000284        0xc 

.fartext.11$    0x0000000000000000        0x0 load address 0x0000000000005ed0
 *(.fartext.*11 .fartext.*11$)
                0x0000000000000000                . = ALIGN (0x10)

.fartext.12$    0x0000000000000000      0x680 load address 0x0000000000005ed0
 *(.fartext.*12 .fartext.*12$)
 .fartext.f.w_init.c.54412$
                0x0000000000000000      0x1f2 /tmp/ccYEznBF.o
                0x0000000000000000                W_AddFile
                0x00000000000001d9                W_InitMultipleFiles
 .fartext.f.s_sound.c.50112$
                0x00000000000001f2       0x23 /tmp/ccNaXHoW.o
                0x00000000000001f2                S_SetMusicVolume
                0x00000000000001f3                S_StopMusic
                0x00000000000001f4                S_ChangeMusic
                0x00000000000001f5                S_StartMusic
                0x00000000000001f6                S_StopChannel
                0x00000000000001f7                S_AdjustSoundParams
                0x0000000000000201                S_SetSfxVolume
                0x0000000000000202                S_PauseSound
                0x0000000000000203                S_ResumeSound
                0x0000000000000204                S_StopSound
                0x0000000000000205                S_getChannel
                0x0000000000000208                S_StartSoundAtVolume
                0x0000000000000210                S_StartSoundFromRef
                0x0000000000000211                S_StartSound
                0x0000000000000212                S_StartSoundWithParams
                0x0000000000000213                S_UpdateSounds
                0x0000000000000214                S_Start
 .fartext.f.malloc.c.71312$
                0x0000000000000215       0x12 /usr/lib/x86_64-linux-gnu/gcc/ia16-elf/6.3.0/../../../../../ia16-elf/lib/medium/regparmcall/libc.a(lib_a-malloc.o)
                0x0000000000000215                malloc
                0x000000000000021e                free
 .fartext.f.sysread.c.55712$
                0x0000000000000227        0xd /usr/lib/x86_64-linux-gnu/gcc/ia16-elf/6.3.0/../../../../../ia16-elf/lib/medium/regparmcall/libc.a(lib_a-sysread.o)
                0x0000000000000227                read
 .fartext.f.fvwrite.c.65612$
                0x0000000000000234      0x3fe /usr/lib/x86_64-linux-gnu/gcc/ia16-elf/6.3.0/../../../../../ia16-elf/lib/medium/regparmcall/libc.a(lib_a-fvwrite.o)
                0x00000000000002a0                __sfvwrite_r
 .fartext.f.dos_sbrkr.c.64512$
                0x0000000000000632       0x4c /usr/lib/x86_64-linux-gnu/gcc/ia16-elf/6.3.0/../../../../../ia16-elf/lib/medium/regparmcall/libdos-m.a(dos-sbrkr.o)
                0x0000000000000632                _sbrk_r
                0x0000000000000680                . = ALIGN (0x10)
 *fill*         0x000000000000067e        0x2 

.fartext.13$    0x0000000000000000     0x17c0 load address 0x0000000000006550
 *(.fartext.*13 .fartext.*13$)
 .fartext.f.p_lights.c.13613$
                0x0000000000000000      0x56a /tmp/ccWhfAah.o
                0x0000000000000000                T_FireFlicker
                0x000000000000007a                P_SpawnFireFlicker
                0x00000000000000d1                T_LightFlash
                0x0000000000000143                P_SpawnLightFlash
                0x00000000000001c5                T_StrobeFlash
                0x0000000000000219                P_SpawnStrobeFlash
                0x00000000000002b4                EV_StartLightStrobing
                0x00000000000002e5                EV_TurnTagLightsOff
                0x00000000000003ae                EV_LightTurnOn
                0x000000000000048d                T_Glow
                0x0000000000000509                P_SpawnGlowingLight
 .fartext.f.p_maputl.c.17313$
                0x000000000000056a      0xff2 /tmp/ccf4P6IR.o
                0x000000000000056a                P_AproxDistance
                0x00000000000005c3                P_PointOnLineSide
                0x0000000000000670                P_BoxOnLineSide
                0x0000000000000794                P_PointOnDivlineSide
                0x00000000000008df                P_InterceptVector
                0x00000000000009bd                PIT_AddThingIntercepts
                0x0000000000000b1f                PIT_AddLineIntercepts
                0x0000000000000ccb                P_LoadLineOpening
                0x0000000000000d80                P_UpdateLineOpening
                0x0000000000000e0c                P_UnsetThingPosition
                0x0000000000000f05                P_SetThingPosition
                0x0000000000001094                P_BlockLinesIterator
                0x0000000000001130                P_BlockThingsIterator
                0x00000000000011c0                P_TraverseIntercepts
                0x0000000000001272                P_PathTraverse
 .fartext.f.wbuf.c.15113$
                0x000000000000155c       0xe4 /usr/lib/x86_64-linux-gnu/gcc/ia16-elf/6.3.0/../../../../../ia16-elf/lib/medium/regparmcall/libc.a(lib_a-wbuf.o)
                0x000000000000155c                __swbuf_r
                0x0000000000001637                __swbuf
 .fartext.f.wcsnrtombs.c.27213$
                0x0000000000001640      0x17a /usr/lib/x86_64-linux-gnu/gcc/ia16-elf/6.3.0/../../../../../ia16-elf/lib/medium/regparmcall/libc.a(lib_a-wcsnrtombs.o)
                0x0000000000001640                _wcsnrtombs_r
                0x00000000000017a0                wcsnrtombs
                0x00000000000017c0                . = ALIGN (0x10)
 *fill*         0x00000000000017ba        0x6 

.fartext.14$    0x0000000000000000      0xab0 load address 0x0000000000007d10
 *(.fartext.*14 .fartext.*14$)
 .fartext.f.f_finale.c.00014$
                0x0000000000000000      0xa07 /tmp/cc1ZPtdm.o
                0x0000000000000000                V_DrawPatchFlipped
                0x00000000000000b8                F_StartFinale
                0x0000000000000198                F_TextWrite
                0x00000000000002b2                F_StartCast
                0x0000000000000309                F_CastTicker
                0x00000000000005f6                F_Ticker
                0x0000000000000689                F_CastResponder
                0x000000000000071e                F_Responder
                0x000000000000072b                F_CastPrint
                0x00000000000007f4                F_CastDrawer
                0x000000000000089f                F_DrawPatchCol
                0x000000000000090b                F_BunnyScroll
                0x00000000000009bf                F_Drawer
 .fartext.f.siscanf.c.63714$
                0x0000000000000a07       0xa9 /usr/lib/x86_64-linux-gnu/gcc/ia16-elf/6.3.0/../../../../../ia16-elf/lib/medium/regparmcall/libc.a(lib_a-siscanf.o)
                0x0000000000000a07                siscanf
                0x0000000000000a5b                _siscanf_r
                0x0000000000000ab0                . = ALIGN (0x10)

.fartext.15$    0x0000000000000000      0x120 load address 0x00000000000087c0
 *(.fartext.*15 .fartext.*15$)
 .fartext.s.__muldi3.27315$
                0x0000000000000000      0x113 /usr/lib/x86_64-linux-gnu/gcc/ia16-elf/6.3.0/medium/regparmcall/libgcc.a(_muldi3.o)
                0x0000000000000000                __muldi3
                0x0000000000000120                . = ALIGN (0x10)
 *fill*         0x0000000000000113        0xd 

.fartext.16$    0x0000000000000000        0x0 load address 0x00000000000088e0
 *(.fartext.*16 .fartext.*16$)
                0x0000000000000000                . = ALIGN (0x10)

.fartext.17$    0x0000000000000000      0x280 load address 0x00000000000088e0
 *(.fartext.*17 .fartext.*17$)
 .fartext.f.p_tick.c.74517$
                0x0000000000000000      0x236 /tmp/ccWBJLkz.o
                0x0000000000000000                P_GetNextThinkerRef
                0x000000000000002f                P_CreateThinker
                0x0000000000000068                P_UpdateThinkerFunc
                0x000000000000007c                P_RemoveThinker
                0x0000000000000091                P_RunThinkers
                0x00000000000001f0                P_Ticker
 .fartext.f.sysopen.c.46517$
                0x0000000000000236       0x1e /usr/lib/x86_64-linux-gnu/gcc/ia16-elf/6.3.0/../../../../../ia16-elf/lib/medium/regparmcall/libc.a(lib_a-sysopen.o)
                0x0000000000000236                open
 .fartext.s.__ucmpsi2.41017$
                0x0000000000000254       0x23 /usr/lib/x86_64-linux-gnu/gcc/ia16-elf/6.3.0/medium/regparmcall/libgcc.a(_ucmpsi2.o)
                0x0000000000000254                __ucmpsi2
                0x0000000000000280                . = ALIGN (0x10)
 *fill*         0x0000000000000277        0x9 

.fartext.20$    0x0000000000000000     0x1610 load address 0x0000000000008b60
 *(.fartext.*20 .fartext.*20$)
 .fartext.f.i_ibm.c.66620$
                0x0000000000000000      0x57b /tmp/cc93SlUQ.o
                0x0000000000000000                I_WaitVBL
                0x0000000000000031                I_SetPalette
                0x0000000000000098                I_UpdateBox
                0x0000000000000182                I_UpdateNoBlit
                0x0000000000000271                I_FinishUpdate
                0x0000000000000295                I_ReadScreen
                0x00000000000002de                I_TimerISR
                0x00000000000002f3                I_KeyboardISR
                0x000000000000031e                I_ResetMouse
                0x0000000000000336                I_ReadMouse
                0x000000000000038e                I_StartTic
                0x0000000000000490                I_Error
                0x00000000000004c3                I_BeginRead
                0x00000000000004c4                I_EndRead
                0x00000000000004c5                I_InitDiskFlash
                0x00000000000004c6                I_InitGraphics
 .fartext.f.p_doors.c.66620$
                0x000000000000057b      0x6fa /tmp/ccMV7ajq.o
                0x000000000000057b                T_VerticalDoor
                0x0000000000000778                EV_DoDoor
                0x0000000000000935                EV_DoLockedDoor
                0x00000000000009b8                EV_VerticalDoor
                0x0000000000000bb3                P_SpawnDoorCloseIn30
                0x0000000000000c00                P_SpawnDoorRaiseIn5Mins
 .fartext.s.__divdi3.34720$
                0x0000000000000c75      0x98c /usr/lib/x86_64-linux-gnu/gcc/ia16-elf/6.3.0/medium/regparmcall/libgcc.a(_divdi3.o)
                0x0000000000000c75                __divdi3
                0x0000000000001610                . = ALIGN (0x10)
 *fill*         0x0000000000001601        0xf 

.fartext.21$    0x0000000000000000      0x310 load address 0x000000000000a170
 *(.fartext.*21 .fartext.*21$)
 .fartext.f.st_setup.c.53421$
                0x0000000000000000      0x2e0 /tmp/ccxhZxht.o
                0x0000000000000000                STlib_initNum
                0x000000000000001f                STlib_initPercent
                0x0000000000000043                STlib_initMultIcon
                0x000000000000005c                ST_createWidgets
                0x000000000000026f                ST_Stop
                0x0000000000000283                ST_Start
 .fartext.f.fmalloc.c.50021$
                0x00000000000002e0       0x2f /usr/lib/x86_64-linux-gnu/gcc/ia16-elf/6.3.0/../../../../../ia16-elf/lib/medium/regparmcall/libi86.a(fmalloc.o)
                0x00000000000002e0                _fmalloc
                0x0000000000000310                . = ALIGN (0x10)
 *fill*         0x000000000000030f        0x1 

.fartext.22$    0x0000000000000000      0x600 load address 0x000000000000a480
 *(.fartext.*22 .fartext.*22$)
 .fartext.f.errno.c.71122$
                0x0000000000000000        0x4 /usr/lib/x86_64-linux-gnu/gcc/ia16-elf/6.3.0/../../../../../ia16-elf/lib/medium/regparmcall/libc.a(lib_a-errno.o)
                0x0000000000000000                __errno
 .fartext.f.wctomb_r.c.40322$
                0x0000000000000004      0x2fa /usr/lib/x86_64-linux-gnu/gcc/ia16-elf/6.3.0/../../../../../ia16-elf/lib/medium/regparmcall/libc.a(lib_a-wctomb_r.o)
                0x0000000000000004                __ascii_wctomb
                0x0000000000000024                _wctomb_r
                0x0000000000000053                __utf8_wctomb
                0x0000000000000180                __sjis_wctomb
                0x00000000000001f4                __eucjp_wctomb
                0x0000000000000277                __jis_wctomb
 .fartext.f.__call_atexit.c.64322$
                0x00000000000002fe      0x141 /usr/lib/x86_64-linux-gnu/gcc/ia16-elf/6.3.0/../../../../../ia16-elf/lib/medium/regparmcall/libc.a(lib_a-__call_atexit.o)
                0x00000000000002fe                __call_exitprocs
 .fartext.f.jp2uc.c.11722$
                0x000000000000043f      0x1b7 /usr/lib/x86_64-linux-gnu/gcc/ia16-elf/6.3.0/../../../../../ia16-elf/lib/medium/regparmcall/libc.a(lib_a-jp2uc.o)
                0x00000000000005ac                _jp2uc
                0x0000000000000600                . = ALIGN (0x10)
 *fill*         0x00000000000005f6        0xa 

.fartext.23$    0x0000000000000000      0x100 load address 0x000000000000aa80
 *(.fartext.*23 .fartext.*23$)
 .fartext.f.crtstuff.c.43723$
                0x0000000000000000       0x3c /usr/lib/x86_64-linux-gnu/gcc/ia16-elf/6.3.0/medium/regparmcall/crtbegin.o
 .fartext.f.crtstuff.c.43723$
                0x000000000000003c       0x42 /usr/lib/x86_64-linux-gnu/gcc/ia16-elf/6.3.0/medium/regparmcall/crtend.o
 .fartext.f.siprintf.c.66223$
                0x000000000000007e       0x7b /usr/lib/x86_64-linux-gnu/gcc/ia16-elf/6.3.0/../../../../../ia16-elf/lib/medium/regparmcall/libc.a(lib_a-siprintf.o)
                0x000000000000007e                _siprintf_r
                0x00000000000000b9                siprintf
                0x0000000000000100                . = ALIGN (0x10)
 *fill*         0x00000000000000f9        0x7 

.fartext.24$    0x0000000000000000      0xaf0 load address 0x000000000000ab80
 *(.fartext.*24 .fartext.*24$)
 .fartext.f.d_init.c.40224$
                0x0000000000000000      0xabe /tmp/ccATr31P.o
                0x0000000000000000                D_InitStrings
                0x000000000000009c                D_StartTitle
                0x00000000000000ab                D_GetCursorColumn
                0x00000000000000cb                D_GetCursorRow
                0x00000000000000eb                D_SetCursorPosition
                0x000000000000010c                D_DrawTitle
                0x0000000000000172                D_RedrawTitle
                0x0000000000000197                D_AddFile