Archive member included to satisfy reference by file (symbol)

/usr/lib/x86_64-linux-gnu/gcc/ia16-elf/6.3.0/../../../../../ia16-elf/lib/medium/regparmcall/libi86.a(libi86-int86-do.o)
                              /tmp/cc5KFOYl.o (__libi86_int86_do)
/usr/lib/x86_64-linux-gnu/gcc/ia16-elf/6.3.0/../../../../../ia16-elf/lib/medium/regparmcall/libi86.a(libi86-int86x-do.o)
                              /tmp/cc5KFOYl.o (__libi86_int86x_do)
/usr/lib/x86_64-linux-gnu/gcc/ia16-elf/6.3.0/../../../../../ia16-elf/lib/medium/regparmcall/libi86.a(libi86-intr-call-0020.o)
                              /tmp/cc5KFOYl.o (__libi86_intr_call_0020)
/usr/lib/x86_64-linux-gnu/gcc/ia16-elf/6.3.0/../../../../../ia16-elf/lib/medium/regparmcall/libi86.a(libi86-intr-call-0041.o)
                              /tmp/cc5KFOYl.o (__libi86_intr_call_0041)
/usr/lib/x86_64-linux-gnu/gcc/ia16-elf/6.3.0/../../../../../ia16-elf/lib/medium/regparmcall/libi86.a(libi86-intr-call-0063.o)
                              /tmp/cckN0mvM.o (__libi86_intr_call_0063)
/usr/lib/x86_64-linux-gnu/gcc/ia16-elf/6.3.0/../../../../../ia16-elf/lib/medium/regparmcall/libi86.a(libi86-intr-call-0147.o)
                              /tmp/cc5KFOYl.o (__libi86_intr_call_0147)
/usr/lib/x86_64-linux-gnu/gcc/ia16-elf/6.3.0/../../../../../ia16-elf/lib/medium/regparmcall/libi86.a(fmemcpy.o)
                              /tmp/ccBv77bx.o (_fmemcpy)
/usr/lib/x86_64-linux-gnu/gcc/ia16-elf/6.3.0/../../../../../ia16-elf/lib/medium/regparmcall/libi86.a(fmemset.o)
                              /tmp/cckN0mvM.o (_fmemset)
/usr/lib/x86_64-linux-gnu/gcc/ia16-elf/6.3.0/../../../../../ia16-elf/lib/medium/regparmcall/libi86.a(dos-getvect.o)
                              /tmp/ccjXCpwP.o (_dos_getvect)
/usr/lib/x86_64-linux-gnu/gcc/ia16-elf/6.3.0/../../../../../ia16-elf/lib/medium/regparmcall/libi86.a(dos-setvect.o)
                              /tmp/ccjXCpwP.o (_dos_setvect)
/usr/lib/x86_64-linux-gnu/gcc/ia16-elf/6.3.0/../../../../../ia16-elf/lib/medium/regparmcall/libi86.a(ffree.o)
                              /tmp/cc5KFOYl.o (_ffree)
/usr/lib/x86_64-linux-gnu/gcc/ia16-elf/6.3.0/../../../../../ia16-elf/lib/medium/regparmcall/libi86.a(fmalloc.o)
                              /tmp/cclNrgx8.o (_fmalloc)
/usr/lib/x86_64-linux-gnu/gcc/ia16-elf/6.3.0/../../../../../ia16-elf/lib/medium/regparmcall/libi86.a(dos-allocmem.o)
                              /usr/lib/x86_64-linux-gnu/gcc/ia16-elf/6.3.0/../../../../../ia16-elf/lib/medium/regparmcall/libi86.a(fmalloc.o) (_dos_allocmem)
/usr/lib/x86_64-linux-gnu/gcc/ia16-elf/6.3.0/../../../../../ia16-elf/lib/medium/regparmcall/libi86.a(dos-freemem.o)
                              /usr/lib/x86_64-linux-gnu/gcc/ia16-elf/6.3.0/../../../../../ia16-elf/lib/medium/regparmcall/libi86.a(ffree.o) (_dos_freemem)
/usr/lib/x86_64-linux-gnu/gcc/ia16-elf/6.3.0/../../../../../ia16-elf/lib/medium/regparmcall/libi86.a(libi86-ret-really-set-errno.o)
                              /usr/lib/x86_64-linux-gnu/gcc/ia16-elf/6.3.0/../../../../../ia16-elf/lib/medium/regparmcall/libi86.a(dos-allocmem.o) (__libi86_ret_really_set_errno)
/usr/lib/x86_64-linux-gnu/gcc/ia16-elf/6.3.0/../../../../../ia16-elf/lib/medium/regparmcall/tprtf-fw.a(t-sprintf.o)
                              /tmp/ccKMs2FZ.o (sprintf)
/usr/lib/x86_64-linux-gnu/gcc/ia16-elf/6.3.0/../../../../../ia16-elf/lib/medium/regparmcall/tprtf-fw.a(t-fprintf.o)
                              /tmp/ccUrYh8M.o (fprintf)
/usr/lib/x86_64-linux-gnu/gcc/ia16-elf/6.3.0/../../../../../ia16-elf/lib/medium/regparmcall/tprtf-fw.a(t-printf.o)
                              /tmp/cc5KFOYl.o (printf)
/usr/lib/x86_64-linux-gnu/gcc/ia16-elf/6.3.0/../../../../../ia16-elf/lib/medium/regparmcall/tprtf-fw.a(t-vprintf.o)
                              /tmp/cckN0mvM.o (vprintf)
/usr/lib/x86_64-linux-gnu/gcc/ia16-elf/6.3.0/../../../../../ia16-elf/lib/medium/regparmcall/tscnf-fw.a(t-sscanf.o)
                              /tmp/cc6lJHtx.o (sscanf)
/usr/lib/x86_64-linux-gnu/gcc/ia16-elf/6.3.0/../../../../../ia16-elf/lib/medium/regparmcall/tscnf-fw.a(t-fscanf.o)
                              /tmp/cc6lJHtx.o (fscanf)
/usr/lib/x86_64-linux-gnu/gcc/ia16-elf/6.3.0/../../../../../ia16-elf/lib/medium/regparmcall/iprtf-fw.a(i-sprintf.o)
                              /usr/lib/x86_64-linux-gnu/gcc/ia16-elf/6.3.0/../../../../../ia16-elf/lib/medium/regparmcall/tprtf-fw.a(t-sprintf.o) (sprintf.impl)
/usr/lib/x86_64-linux-gnu/gcc/ia16-elf/6.3.0/../../../../../ia16-elf/lib/medium/regparmcall/iprtf-fw.a(i-fprintf.o)
                              /usr/lib/x86_64-linux-gnu/gcc/ia16-elf/6.3.0/../../../../../ia16-elf/lib/medium/regparmcall/tprtf-fw.a(t-fprintf.o) (fprintf.impl)
/usr/lib/x86_64-linux-gnu/gcc/ia16-elf/6.3.0/../../../../../ia16-elf/lib/medium/regparmcall/iprtf-fw.a(i-printf.o)
                              /usr/lib/x86_64-linux-gnu/gcc/ia16-elf/6.3.0/../../../../../ia16-elf/lib/medium/regparmcall/tprtf-fw.a(t-printf.o) (printf.impl)
[...]
Memory Configuration

Name             Origin             Length             Attributes
bseglma          0x0000000000000000 0x00000000000a0000 xw
hdrvma           0x0000000000000000 0x0000000000040020 xw
csegvma          0x0000000000000020 0x0000000000010000 xw
ft00segvma       0x0000000000000000 0x0000000000010000 xw
ft01segvma       0x0000000000000000 0x0000000000010000 xw
ft02segvma       0x0000000000000000 0x0000000000010000 xw
ft03segvma       0x0000000000000000 0x0000000000010000 xw
ft04segvma       0x0000000000000000 0x0000000000010000 xw
ft05segvma       0x0000000000000000 0x0000000000010000 xw
ft06segvma       0x0000000000000000 0x0000000000010000 xw
ft07segvma       0x0000000000000000 0x0000000000010000 xw
ft10segvma       0x0000000000000000 0x0000000000010000 xw
ft11segvma       0x0000000000000000 0x0000000000010000 xw
ft12segvma       0x0000000000000000 0x0000000000010000 xw
ft13segvma       0x0000000000000000 0x0000000000010000 xw
ft14segvma       0x0000000000000000 0x0000000000010000 xw
ft15segvma       0x0000000000000000 0x0000000000010000 xw
ft16segvma       0x0000000000000000 0x0000000000010000 xw
ft17segvma       0x0000000000000000 0x0000000000010000 xw
ft20segvma       0x0000000000000000 0x0000000000010000 xw
ft21segvma       0x0000000000000000 0x0000000000010000 xw
ft22segvma       0x0000000000000000 0x0000000000010000 xw
ft23segvma       0x0000000000000000 0x0000000000010000 xw
ft24segvma       0x0000000000000000 0x0000000000010000 xw
ft25segvma       0x0000000000000000 0x0000000000010000 xw
ft26segvma       0x0000000000000000 0x0000000000010000 xw
ft27segvma       0x0000000000000000 0x0000000000010000 xw
ft30segvma       0x0000000000000000 0x0000000000010000 xw
ft31segvma       0x0000000000000000 0x0000000000010000 xw
ft32segvma       0x0000000000000000 0x0000000000010000 xw
ft33segvma       0x0000000000000000 0x0000000000010000 xw
ft34segvma       0x0000000000000000 0x0000000000010000 xw
ft35segvma       0x0000000000000000 0x0000000000010000 xw
ft36segvma       0x0000000000000000 0x0000000000010000 xw
ft37segvma       0x0000000000000000 0x0000000000010000 xw
ft40segvma       0x0000000000000000 0x0000000000010000 xw
ft41segvma       0x0000000000000000 0x0000000000010000 xw
ft42segvma       0x0000000000000000 0x0000000000010000 xw
ft43segvma       0x0000000000000000 0x0000000000010000 xw
ft44segvma       0x0000000000000000 0x0000000000010000 xw
ft45segvma       0x0000000000000000 0x0000000000010000 xw
ft46segvma       0x0000000000000000 0x0000000000010000 xw
ft47segvma       0x0000000000000000 0x0000000000010000 xw
ft50segvma       0x0000000000000000 0x0000000000010000 xw
ft51segvma       0x0000000000000000 0x0000000000010000 xw
ft52segvma       0x0000000000000000 0x0000000000010000 xw
ft53segvma       0x0000000000000000 0x0000000000010000 xw
ft54segvma       0x0000000000000000 0x0000000000010000 xw
ft55segvma       0x0000000000000000 0x0000000000010000 xw
ft56segvma       0x0000000000000000 0x0000000000010000 xw
ft57segvma       0x0000000000000000 0x0000000000010000 xw
ft60segvma       0x0000000000000000 0x0000000000010000 xw
ft61segvma       0x0000000000000000 0x0000000000010000 xw
ft62segvma       0x0000000000000000 0x0000000000010000 xw
ft63segvma       0x0000000000000000 0x0000000000010000 xw
ft64segvma       0x0000000000000000 0x0000000000010000 xw
ft65segvma       0x0000000000000000 0x0000000000010000 xw
ft66segvma       0x0000000000000000 0x0000000000010000 xw
ft67segvma       0x0000000000000000 0x0000000000010000 xw
ft70segvma       0x0000000000000000 0x0000000000010000 xw
ft71segvma       0x0000000000000000 0x0000000000010000 xw
ft72segvma       0x0000000000000000 0x0000000000010000 xw
ft73segvma       0x0000000000000000 0x0000000000010000 xw
ft74segvma       0x0000000000000000 0x0000000000010000 xw
ft75segvma       0x0000000000000000 0x0000000000010000 xw
ft76segvma       0x0000000000000000 0x0000000000010000 xw
ft77segvma       0x0000000000000000 0x0000000000010000 xw
ftXXsegvma       0x0000000000000000 0x0000000000010000 xw
fr00segvma       0x0000000000000000 0x0000000000010000 xw
fr01segvma       0x0000000000000000 0x0000000000010000 xw
fr02segvma       0x0000000000000000 0x0000000000010000 xw
fr03segvma       0x0000000000000000 0x0000000000010000 xw
fr04segvma       0x0000000000000000 0x0000000000010000 xw
fr05segvma       0x0000000000000000 0x0000000000010000 xw
fr06segvma       0x0000000000000000 0x0000000000010000 xw
fr07segvma       0x0000000000000000 0x0000000000010000 xw
fr10segvma       0x0000000000000000 0x0000000000010000 xw
fr11segvma       0x0000000000000000 0x0000000000010000 xw
fr12segvma       0x0000000000000000 0x0000000000010000 xw
fr13segvma       0x0000000000000000 0x0000000000010000 xw
fr14segvma       0x0000000000000000 0x0000000000010000 xw
fr15segvma       0x0000000000000000 0x0000000000010000 xw
fr16segvma       0x0000000000000000 0x0000000000010000 xw
fr17segvma       0x0000000000000000 0x0000000000010000 xw
fr20segvma       0x0000000000000000 0x0000000000010000 xw
fr21segvma       0x0000000000000000 0x0000000000010000 xw
fr22segvma       0x0000000000000000 0x0000000000010000 xw
fr23segvma       0x0000000000000000 0x0000000000010000 xw
fr24segvma       0x0000000000000000 0x0000000000010000 xw
fr25segvma       0x0000000000000000 0x0000000000010000 xw
fr26segvma       0x0000000000000000 0x0000000000010000 xw
fr27segvma       0x0000000000000000 0x0000000000010000 xw
fr30segvma       0x0000000000000000 0x0000000000010000 xw
fr31segvma       0x0000000000000000 0x0000000000010000 xw
fr32segvma       0x0000000000000000 0x0000000000010000 xw
fr33segvma       0x0000000000000000 0x0000000000010000 xw
fr34segvma       0x0000000000000000 0x0000000000010000 xw
fr35segvma       0x0000000000000000 0x0000000000010000 xw
fr36segvma       0x0000000000000000 0x0000000000010000 xw
fr37segvma       0x0000000000000000 0x0000000000010000 xw
fr40segvma       0x0000000000000000 0x0000000000010000 xw
fr41segvma       0x0000000000000000 0x0000000000010000 xw
fr42segvma       0x0000000000000000 0x0000000000010000 xw
fr43segvma       0x0000000000000000 0x0000000000010000 xw
fr44segvma       0x0000000000000000 0x0000000000010000 xw
fr45segvma       0x0000000000000000 0x0000000000010000 xw
fr46segvma       0x0000000000000000 0x0000000000010000 xw
fr47segvma       0x0000000000000000 0x0000000000010000 xw
fr50segvma       0x0000000000000000 0x0000000000010000 xw
fr51segvma       0x0000000000000000 0x0000000000010000 xw
fr52segvma       0x0000000000000000 0x0000000000010000 xw
fr53segvma       0x0000000000000000 0x0000000000010000 xw
fr54segvma       0x0000000000000000 0x0000000000010000 xw
fr55segvma       0x0000000000000000 0x0000000000010000 xw
fr56segvma       0x0000000000000000 0x0000000000010000 xw
fr57segvma       0x0000000000000000 0x0000000000010000 xw
fr60segvma       0x0000000000000000 0x0000000000010000 xw
fr61segvma       0x0000000000000000 0x0000000000010000 xw
fr62segvma       0x0000000000000000 0x0000000000010000 xw
fr63segvma       0x0000000000000000 0x0000000000010000 xw
fr64segvma       0x0000000000000000 0x0000000000010000 xw
fr65segvma       0x0000000000000000 0x0000000000010000 xw
fr66segvma       0x0000000000000000 0x0000000000010000 xw
fr67segvma       0x0000000000000000 0x0000000000010000 xw
fr70segvma       0x0000000000000000 0x0000000000010000 xw
fr71segvma       0x0000000000000000 0x0000000000010000 xw
fr72segvma       0x0000000000000000 0x0000000000010000 xw
fr73segvma       0x0000000000000000 0x0000000000010000 xw
fr74segvma       0x0000000000000000 0x0000000000010000 xw
fr75segvma       0x0000000000000000 0x0000000000010000 xw
fr76segvma       0x0000000000000000 0x0000000000010000 xw
fr77segvma       0x0000000000000000 0x0000000000010000 xw
frXXsegvma       0x0000000000000000 0x0000000000010000 xw
fd00segvma       0x0000000000000000 0x0000000000010000 xw
fd01segvma       0x0000000000000000 0x0000000000010000 xw
fd02segvma       0x0000000000000000 0x0000000000010000 xw
fd03segvma       0x0000000000000000 0x0000000000010000 xw
fd04segvma       0x0000000000000000 0x0000000000010000 xw
fd05segvma       0x0000000000000000 0x0000000000010000 xw
fd06segvma       0x0000000000000000 0x0000000000010000 xw
fd07segvma       0x0000000000000000 0x0000000000010000 xw
fd10segvma       0x0000000000000000 0x0000000000010000 xw
fd11segvma       0x0000000000000000 0x0000000000010000 xw
fd12segvma       0x0000000000000000 0x0000000000010000 xw
fd13segvma       0x0000000000000000 0x0000000000010000 xw
fd14segvma       0x0000000000000000 0x0000000000010000 xw
fd15segvma       0x0000000000000000 0x0000000000010000 xw
fd16segvma       0x0000000000000000 0x0000000000010000 xw
fd17segvma       0x0000000000000000 0x0000000000010000 xw
fd20segvma       0x0000000000000000 0x0000000000010000 xw
fd21segvma       0x0000000000000000 0x0000000000010000 xw
fd22segvma       0x0000000000000000 0x0000000000010000 xw
fd23segvma       0x0000000000000000 0x0000000000010000 xw
fd24segvma       0x0000000000000000 0x0000000000010000 xw
fd25segvma       0x0000000000000000 0x0000000000010000 xw
fd26segvma       0x0000000000000000 0x0000000000010000 xw
fd27segvma       0x0000000000000000 0x0000000000010000 xw
fd30segvma       0x0000000000000000 0x0000000000010000 xw
fd31segvma       0x0000000000000000 0x0000000000010000 xw
fd32segvma       0x0000000000000000 0x0000000000010000 xw
fd33segvma       0x0000000000000000 0x0000000000010000 xw
fd34segvma       0x0000000000000000 0x0000000000010000 xw
fd35segvma       0x0000000000000000 0x0000000000010000 xw
fd36segvma       0x0000000000000000 0x0000000000010000 xw
fd37segvma       0x0000000000000000 0x0000000000010000 xw
fd40segvma       0x0000000000000000 0x0000000000010000 xw
fd41segvma       0x0000000000000000 0x0000000000010000 xw
fd42segvma       0x0000000000000000 0x0000000000010000 xw
fd43segvma       0x0000000000000000 0x0000000000010000 xw
fd44segvma       0x0000000000000000 0x0000000000010000 xw
fd45segvma       0x0000000000000000 0x0000000000010000 xw
fd46segvma       0x0000000000000000 0x0000000000010000 xw
fd47segvma       0x0000000000000000 0x0000000000010000 xw
fd50segvma       0x0000000000000000 0x0000000000010000 xw
fd51segvma       0x0000000000000000 0x0000000000010000 xw
fd52segvma       0x0000000000000000 0x0000000000010000 xw
fd53segvma       0x0000000000000000 0x0000000000010000 xw
fd54segvma       0x0000000000000000 0x0000000000010000 xw
fd55segvma       0x0000000000000000 0x0000000000010000 xw
fd56segvma       0x0000000000000000 0x0000000000010000 xw
fd57segvma       0x0000000000000000 0x0000000000010000 xw
fd60segvma       0x0000000000000000 0x0000000000010000 xw
fd61segvma       0x0000000000000000 0x0000000000010000 xw
fd62segvma       0x0000000000000000 0x0000000000010000 xw
fd63segvma       0x0000000000000000 0x0000000000010000 xw
fd64segvma       0x0000000000000000 0x0000000000010000 xw
fd65segvma       0x0000000000000000 0x0000000000010000 xw
fd66segvma       0x0000000000000000 0x0000000000010000 xw
fd67segvma       0x0000000000000000 0x0000000000010000 xw
fd70segvma       0x0000000000000000 0x0000000000010000 xw
fd71segvma       0x0000000000000000 0x0000000000010000 xw
fd72segvma       0x0000000000000000 0x0000000000010000 xw
fd73segvma       0x0000000000000000 0x0000000000010000 xw
fd74segvma       0x0000000000000000 0x0000000000010000 xw
fd75segvma       0x0000000000000000 0x0000000000010000 xw
fd76segvma       0x0000000000000000 0x0000000000010000 xw
fd77segvma       0x0000000000000000 0x0000000000010000 xw
fdXXsegvma       0x0000000000000000 0x0000000000010000 xw
dsegvma          0x0000000000000020 0x0000000000010000 xw
*default*        0x0000000000000000 0xffffffffffffffff

Linker script and memory map

LOAD /tmp/ccjXCpwP.o
LOAD /tmp/cc5KFOYl.o
LOAD /tmp/ccMGvAa1.o
LOAD /tmp/cckN0mvM.o
LOAD /tmp/ccKMs2FZ.o
LOAD /tmp/ccOWJzPh.o
LOAD /tmp/cc0k8qMr.o
LOAD /tmp/cc6lJHtx.o
LOAD /tmp/ccBv77bx.o
LOAD /tmp/cc4kEn4u.o
LOAD /tmp/ccuZhwKo.o
LOAD /tmp/cc6qefRs.o
LOAD /tmp/ccoe5U3r.o
LOAD /tmp/ccUrYh8M.o
LOAD /tmp/ccifMnKz.o
LOAD /tmp/ccVPYWrx.o
LOAD /tmp/ccg77WK3.o
LOAD /tmp/ccELi7Wb.o
LOAD /tmp/ccK8rGbd.o
LOAD /tmp/ccPTYDFB.o
LOAD /tmp/ccPDOQUM.o
LOAD /tmp/ccktLnb8.o
LOAD /tmp/ccK6SZiZ.o
LOAD /tmp/ccs5QaER.o
LOAD /tmp/cc0IkdK2.o
LOAD /tmp/ccvLlBlg.o
LOAD /tmp/ccJPGoEF.o
LOAD /tmp/cc6qxVY7.o
LOAD /tmp/ccBbLlSv.o
LOAD /tmp/ccLHUhfP.o
LOAD /tmp/cc1cNDqq.o
LOAD /tmp/ccI5e336.o
LOAD /tmp/ccg3YY3t.o
LOAD /tmp/cc1GO2b1.o
LOAD /tmp/ccDBUB5p.o
LOAD /tmp/ccCzf0Ho.o
LOAD /tmp/ccXKW1sM.o
LOAD /tmp/cctaQ7uO.o
LOAD /tmp/ccKfc3Do.o
LOAD /tmp/cc0GjBLu.o
LOAD /tmp/cc1xZUhU.o
LOAD /tmp/ccHNyVBU.o
LOAD /tmp/ccUpVBLI.o
LOAD /tmp/ccXRTGyY.o
LOAD /tmp/ccnysXoJ.o
LOAD /tmp/ccTbfcfv.o
LOAD /tmp/ccsejeBg.o
LOAD /tmp/ccN1BmNC.o
LOAD /tmp/ccTUrtiM.o
LOAD /tmp/cclNrgx8.o
LOAD /tmp/ccKxJyNY.o
LOAD /tmp/ccTaF8PL.o
LOAD /tmp/ccM5g46M.o
LOAD /tmp/ccvz4KO7.o
LOAD /tmp/ccci87mY.o
LOAD /tmp/cc5Pq2k1.o
LOAD /tmp/cchVtVfK.o
LOAD /tmp/cchAvAZw.o
LOAD /tmp/ccutBGku.o
LOAD /tmp/ccd1exGC.o
LOAD /tmp/ccoGrP2n.o
LOAD /tmp/ccQXMRCG.o
LOAD /tmp/cc04iXbJ.o
LOAD /tmp/ccYQHrbc.o
LOAD /tmp/ccxFvA5J.o
LOAD /tmp/ccdx0VQN.o
LOAD /usr/lib/x86_64-linux-gnu/gcc/ia16-elf/6.3.0/../../../../../ia16-elf/lib/medium/regparmcall/libi86.a
LOAD /usr/lib/x86_64-linux-gnu/gcc/ia16-elf/6.3.0/../../../../../ia16-elf/lib/medium/regparmcall/libastdio.a
LOAD /usr/lib/x86_64-linux-gnu/gcc/ia16-elf/6.3.0/../../../../../ia16-elf/lib/medium/regparmcall/gprtf-fw.a
LOAD /usr/lib/x86_64-linux-gnu/gcc/ia16-elf/6.3.0/../../../../../ia16-elf/lib/medium/regparmcall/gscnf-fw.a
LOAD /usr/lib/x86_64-linux-gnu/gcc/ia16-elf/6.3.0/../../../../../ia16-elf/lib/medium/regparmcall/tprtf-fw.a
LOAD /usr/lib/x86_64-linux-gnu/gcc/ia16-elf/6.3.0/../../../../../ia16-elf/lib/medium/regparmcall/tscnf-fw.a
LOAD /usr/lib/x86_64-linux-gnu/gcc/ia16-elf/6.3.0/../../../../../ia16-elf/lib/medium/regparmcall/iprtf-fw.a
LOAD /usr/lib/x86_64-linux-gnu/gcc/ia16-elf/6.3.0/../../../../../ia16-elf/lib/medium/regparmcall/iscnf-fw.a
LOAD /usr/lib/x86_64-linux-gnu/gcc/ia16-elf/6.3.0/../../../../../ia16-elf/lib/medium/regparmcall/libfstdio.a
LOAD /usr/lib/x86_64-linux-gnu/gcc/ia16-elf/6.3.0/../../../../../ia16-elf/lib/medium/regparmcall/tprtf-fw.a
LOAD /usr/lib/x86_64-linux-gnu/gcc/ia16-elf/6.3.0/../../../../../ia16-elf/lib/medium/regparmcall/tscnf-fw.a
LOAD /usr/lib/x86_64-linux-gnu/gcc/ia16-elf/6.3.0/../../../../../ia16-elf/lib/medium/regparmcall/gprtf-fw.a
LOAD /usr/lib/x86_64-linux-gnu/gcc/ia16-elf/6.3.0/../../../../../ia16-elf/lib/medium/regparmcall/gscnf-fw.a
LOAD /usr/lib/x86_64-linux-gnu/gcc/ia16-elf/6.3.0/medium/regparmcall/crtbegin.o
LOAD /usr/lib/x86_64-linux-gnu/gcc/ia16-elf/6.3.0/medium/regparmcall/crtend.o
LOAD /usr/lib/x86_64-linux-gnu/gcc/ia16-elf/6.3.0/../../../../../ia16-elf/lib/medium/regparmcall/dos-m-c0.o
START GROUP
LOAD /usr/lib/x86_64-linux-gnu/gcc/ia16-elf/6.3.0/../../../../../ia16-elf/lib/medium/regparmcall/libc.a
LOAD /usr/lib/x86_64-linux-gnu/gcc/ia16-elf/6.3.0/medium/regparmcall/libgcc.a
LOAD /usr/lib/x86_64-linux-gnu/gcc/ia16-elf/6.3.0/../../../../../ia16-elf/lib/medium/regparmcall/libdos-m.a
LOAD /usr/lib/x86_64-linux-gnu/gcc/ia16-elf/6.3.0/../../../../../ia16-elf/lib/medium/regparmcall/libm.a
END GROUP

.head
 *(.head)
 *(.head.*)

.msdos_mz_hdr   0x0000000000000000     0x2130
                0x0000000000000000                __msdos_mz_hdr_start = .
                0x0000000000000000        0x2 SHORT 0x5a4d
                0x0000000000000002        0x2 SHORT 0x110 ((LOADADDR (.data) + SIZEOF (.data)) % 0x200)
                0x0000000000000004        0x2 SHORT 0x167 (((LOADADDR (.data) + SIZEOF (.data)) + 0x1ff) / 0x200)
                0x0000000000000006        0x2 SHORT 0x844 __msdos_mz_rels
                0x0000000000000008        0x2 SHORT 0x213 __msdos_mz_hdr_paras
                0x000000000000000a        0x2 SHORT 0xa7c (((0x10000 - SIZEOF (.data)) - ADDR (.data)) / 0x10)
                0x000000000000000c        0x2 SHORT 0xa7c DEFINED (__msdos_handle_v1)?0xffff:(((0x10000 - SIZEOF (.data)) - ADDR (.data)) / 0x10)
                0x000000000000000e        0x2 SHORT 0x1253a ((((LOADADDR (.data) / 0x10) - __msdos_mz_hdr_paras) - (ADDR (.data) / 0x10)) + 0x10000)
                0x0000000000000010        0x2 SHORT 0x0
                0x0000000000000012        0x2 SHORT 0x0
                0x0000000000000014        0x2 SHORT 0x20 _start
                0x0000000000000016        0x2 SHORT 0xfffe ((((LOADADDR (.text) / 0x10) - __msdos_mz_hdr_paras) - (ADDR (.text) / 0x10)) + 0x10000)
                0x0000000000000018        0x2 SHORT 0x1c (__msdos_mz_rel_start - __msdos_mz_hdr_start)
                0x000000000000001a        0x2 SHORT 0x0
 *(.msdos_mz_hdr .msdos_mz_hdr.*)
                0x000000000000001c                __msdos_mz_rel_start = .
 *(.msdos_mz_reloc .msdos_mz_reloc.*)
 .msdos_mz_reloc.0
                0x000000000000001c       0x1c /tmp/ccjXCpwP.o
 .msdos_mz_reloc.0
                0x0000000000000038       0x58 /tmp/cc5KFOYl.o
 .msdos_mz_reloc.0
                0x0000000000000090        0x4 /tmp/ccMGvAa1.o
 .msdos_mz_reloc.0
                0x0000000000000094       0x38 /tmp/cckN0mvM.o
 .msdos_mz_reloc.0
                0x00000000000000cc       0x18 /tmp/ccKMs2FZ.o
 .msdos_mz_reloc.0
                0x00000000000000e4      0x130 /tmp/cc6lJHtx.o
 .msdos_mz_reloc.0
                0x0000000000000214       0xa0 /tmp/ccBv77bx.o
 .msdos_mz_reloc.0
                0x00000000000002b4       0x1c /tmp/cc4kEn4u.o
 .msdos_mz_reloc.0
                0x00000000000002d0       0x30 /tmp/ccuZhwKo.o
 .msdos_mz_reloc.0
                0x0000000000000300       0xf0 /tmp/cc6qefRs.o
 .msdos_mz_reloc.0
                0x00000000000003f0       0x18 /tmp/ccUrYh8M.o
 .msdos_mz_reloc.0
                0x0000000000000408       0x60 /tmp/ccVPYWrx.o
 .msdos_mz_reloc.0
                0x0000000000000468       0x30 /tmp/ccg77WK3.o
 .msdos_mz_reloc.0
                0x0000000000000498       0x50 /tmp/ccELi7Wb.o
 .msdos_mz_reloc.0
                0x00000000000004e8      0x2fc /tmp/ccK8rGbd.o
 .msdos_mz_reloc.0
                0x00000000000007e4       0x68 /tmp/ccPTYDFB.o
 .msdos_mz_reloc.0
                0x000000000000084c       0x60 /tmp/ccPDOQUM.o
 .msdos_mz_reloc.0
                0x00000000000008ac       0x50 /tmp/ccktLnb8.o
 .msdos_mz_reloc.0
                0x00000000000008fc      0x18c /tmp/ccK6SZiZ.o
 .msdos_mz_reloc.0
                0x0000000000000a88       0x40 /tmp/ccs5QaER.o
 .msdos_mz_reloc.0
                0x0000000000000ac8       0x40 /tmp/cc0IkdK2.o
 .msdos_mz_reloc.0
                0x0000000000000b08       0xd4 /tmp/ccvLlBlg.o
 .msdos_mz_reloc.0
                0x0000000000000bdc      0x194 /tmp/ccJPGoEF.o
 .msdos_mz_reloc.0
                0x0000000000000d70       0x34 /tmp/cc6qxVY7.o
 .msdos_mz_reloc.0
                0x0000000000000da4       0xa8 /tmp/ccBbLlSv.o
 .msdos_mz_reloc.0
                0x0000000000000e4c       0xd4 /tmp/ccLHUhfP.o
 .msdos_mz_reloc.0
                0x0000000000000f20      0x188 /tmp/cc1cNDqq.o
 .msdos_mz_reloc.0
                0x00000000000010a8       0x14 /tmp/ccI5e336.o
 .msdos_mz_reloc.0
                0x00000000000010bc       0x34 /tmp/cc1GO2b1.o
 .msdos_mz_reloc.0
                0x00000000000010f0       0x2c /tmp/ccDBUB5p.o
 .msdos_mz_reloc.0
                0x000000000000111c       0x74 /tmp/ccCzf0Ho.o
 .msdos_mz_reloc.0
                0x0000000000001190       0x78 /tmp/ccXKW1sM.o
 .msdos_mz_reloc.0
                0x0000000000001208       0x44 /tmp/cctaQ7uO.o
 .msdos_mz_reloc.0
                0x000000000000124c       0x28 /tmp/ccKfc3Do.o
 .msdos_mz_reloc.0
                0x0000000000001274       0x54 /tmp/cc0GjBLu.o
 .msdos_mz_reloc.0
                0x00000000000012c8       0x78 /tmp/cc1xZUhU.o
 .msdos_mz_reloc.0
                0x0000000000001340       0x44 /tmp/ccHNyVBU.o
 .msdos_mz_reloc.0
                0x0000000000001384       0x6c /tmp/ccUpVBLI.o
 .msdos_mz_reloc.0
                0x00000000000013f0       0x60 /tmp/ccXRTGyY.o
 .msdos_mz_reloc.0
                0x0000000000001450       0x20 /tmp/ccnysXoJ.o
 .msdos_mz_reloc.0
                0x0000000000001470       0x58 /tmp/ccTbfcfv.o
 .msdos_mz_reloc.0
                0x00000000000014c8       0x18 /tmp/ccsejeBg.o
 .msdos_mz_reloc.0
                0x00000000000014e0        0xc /tmp/ccN1BmNC.o
 .msdos_mz_reloc.0
                0x00000000000014ec       0x94 /tmp/ccTUrtiM.o
 .msdos_mz_reloc.0
                0x0000000000001580       0x2c /tmp/cclNrgx8.o
 .msdos_mz_reloc.0
                0x00000000000015ac       0xcc /tmp/ccKxJyNY.o
 .msdos_mz_reloc.0
                0x0000000000001678       0x80 /tmp/ccTaF8PL.o
 .msdos_mz_reloc.0
                0x00000000000016f8        0x4 /tmp/ccM5g46M.o
 .msdos_mz_reloc.0
                0x00000000000016fc       0x84 /tmp/ccvz4KO7.o
 .msdos_mz_reloc.0
                0x0000000000001780       0x1c /tmp/ccci87mY.o
 .msdos_mz_reloc.0
                0x000000000000179c        0x8 /tmp/cc5Pq2k1.o
 .msdos_mz_reloc.0
                0x00000000000017a4       0x28 /tmp/cchVtVfK.o
 .msdos_mz_reloc.0
                0x00000000000017cc        0xc /tmp/cchAvAZw.o
 .msdos_mz_reloc.0
                0x00000000000017d8       0x14 /tmp/ccdx0VQN.o
 .msdos_mz_reloc.0
                0x00000000000017ec        0x4 /usr/lib/x86_64-linux-gnu/gcc/ia16-elf/6.3.0/../../../../../ia16-elf/lib/medium/regparmcall/libi86.a(ffree.o)
 .msdos_mz_reloc.0
                0x00000000000017f0        0x4 /usr/lib/x86_64-linux-gnu/gcc/ia16-elf/6.3.0/../../../../../ia16-elf/lib/medium/regparmcall/libi86.a(fmalloc.o)
 .msdos_mz_reloc.0
                0x00000000000017f4        0x4 /usr/lib/x86_64-linux-gnu/gcc/ia16-elf/6.3.0/../../../../../ia16-elf/lib/medium/regparmcall/libi86.a(dos-allocmem.o)
 .msdos_mz_reloc.0
                0x00000000000017f8        0x4 /usr/lib/x86_64-linux-gnu/gcc/ia16-elf/6.3.0/../../../../../ia16-elf/lib/medium/regparmcall/libi86.a(dos-freemem.o)
 .msdos_mz_reloc.0
                0x00000000000017fc        0x4 /usr/lib/x86_64-linux-gnu/gcc/ia16-elf/6.3.0/../../../../../ia16-elf/lib/medium/regparmcall/libi86.a(libi86-ret-really-set-errno.o)
 .msdos_mz_reloc.0
                0x0000000000001800        0x4 /usr/lib/x86_64-linux-gnu/gcc/ia16-elf/6.3.0/../../../../../ia16-elf/lib/medium/regparmcall/iprtf-fw.a(i-sprintf.o)
 .msdos_mz_reloc.0
                0x0000000000001804        0x4 /usr/lib/x86_64-linux-gnu/gcc/ia16-elf/6.3.0/../../../../../ia16-elf/lib/medium/regparmcall/iprtf-fw.a(i-fprintf.o)
 .msdos_mz_reloc.0
                0x0000000000001808        0x4 /usr/lib/x86_64-linux-gnu/gcc/ia16-elf/6.3.0/../../../../../ia16-elf/lib/medium/regparmcall/iprtf-fw.a(i-printf.o)
 .msdos_mz_reloc.0
                0x000000000000180c        0x4 /usr/lib/x86_64-linux-gnu/gcc/ia16-elf/6.3.0/../../../../../ia16-elf/lib/medium/regparmcall/iprtf-fw.a(i-vprintf.o)
 .msdos_mz_reloc.0
                0x0000000000001810        0x4 /usr/lib/x86_64-linux-gnu/gcc/ia16-elf/6.3.0/../../../../../ia16-elf/lib/medium/regparmcall/iscnf-fw.a(i-sscanf.o)
 .msdos_mz_reloc.0
                0x0000000000001814        0x4 /usr/lib/x86_64-linux-gnu/gcc/ia16-elf/6.3.0/../../../../../ia16-elf/lib/medium/regparmcall/iscnf-fw.a(i-fscanf.o)
 .msdos_mz_reloc.0
                0x0000000000001818        0x8 /usr/lib/x86_64-linux-gnu/gcc/ia16-elf/6.3.0/medium/regparmcall/crtbegin.o
 .msdos_mz_reloc.0
                0x0000000000001820        0x4 /usr/lib/x86_64-linux-gnu/gcc/ia16-elf/6.3.0/medium/regparmcall/crtend.o
 .msdos_mz_reloc.0
                0x0000000000001824        0x8 /usr/lib/x86_64-linux-gnu/gcc/ia16-elf/6.3.0/../../../../../ia16-elf/lib/medium/regparmcall/dos-m-c0.o
 .msdos_mz_reloc.0
                0x000000000000182c        0x8 /usr/lib/x86_64-linux-gnu/gcc/ia16-elf/6.3.0/../../../../../ia16-elf/lib/medium/regparmcall/libc.a(lib_a-atoi.o)
 .msdos_mz_reloc.0
                0x0000000000001834        0x8 /usr/lib/x86_64-linux-gnu/gcc/ia16-elf/6.3.0/../../../../../ia16-elf/lib/medium/regparmcall/libc.a(lib_a-exit.o)
 .msdos_mz_reloc.0
                0x000000000000183c       0x14 /usr/lib/x86_64-linux-gnu/gcc/ia16-elf/6.3.0/../../../../../ia16-elf/lib/medium/regparmcall/libc.a(lib_a-fclose.o)
 .msdos_mz_reloc.0
                0x0000000000001850        0x4 /usr/lib/x86_64-linux-gnu/gcc/ia16-elf/6.3.0/../../../../../ia16-elf/lib/medium/regparmcall/libc.a(lib_a-feof.o)
 .msdos_mz_reloc.0
                0x0000000000001854       0x10 /usr/lib/x86_64-linux-gnu/gcc/ia16-elf/6.3.0/../../../../../ia16-elf/lib/medium/regparmcall/libc.a(lib_a-fflush.o)
 .msdos_mz_reloc.0
                0x0000000000001864       0x10 /usr/lib/x86_64-linux-gnu/gcc/ia16-elf/6.3.0/../../../../../ia16-elf/lib/medium/regparmcall/libc.a(lib_a-fgetc.o)
 .msdos_mz_reloc.0
                0x0000000000001874       0x30 /usr/lib/x86_64-linux-gnu/gcc/ia16-elf/6.3.0/../../../../../ia16-elf/lib/medium/regparmcall/libc.a(lib_a-findfp.o)
 .msdos_mz_reloc.0
                0x00000000000018a4        0x8 /usr/lib/x86_64-linux-gnu/gcc/ia16-elf/6.3.0/../../../../../ia16-elf/lib/medium/regparmcall/libc.a(lib_a-fiprintf.o)
 .msdos_mz_reloc.0
                0x00000000000018ac        0x8 /usr/lib/x86_64-linux-gnu/gcc/ia16-elf/6.3.0/../../../../../ia16-elf/lib/medium/regparmcall/libc.a(lib_a-fiscanf.o)
 .msdos_mz_reloc.0
                0x00000000000018b4       0x24 /usr/lib/x86_64-linux-gnu/gcc/ia16-elf/6.3.0/../../../../../ia16-elf/lib/medium/regparmcall/libc.a(lib_a-fopen.o)
 .msdos_mz_reloc.0
                0x00000000000018d8       0x1c /usr/lib/x86_64-linux-gnu/gcc/ia16-elf/6.3.0/../../../../../ia16-elf/lib/medium/regparmcall/libc.a(lib_a-fread.o)
 .msdos_mz_reloc.0
                0x00000000000018f4        0x8 /usr/lib/x86_64-linux-gnu/gcc/ia16-elf/6.3.0/../../../../../ia16-elf/lib/medium/regparmcall/libc.a(lib_a-fseek.o)
 .msdos_mz_reloc.0
                0x00000000000018fc       0x1c /usr/lib/x86_64-linux-gnu/gcc/ia16-elf/6.3.0/../../../../../ia16-elf/lib/medium/regparmcall/libc.a(lib_a-fseeko.o)
 .msdos_mz_reloc.0
                0x0000000000001918        0x8 /usr/lib/x86_64-linux-gnu/gcc/ia16-elf/6.3.0/../../../../../ia16-elf/lib/medium/regparmcall/libc.a(lib_a-fwrite.o)
 .msdos_mz_reloc.0
                0x0000000000001920       0x14 /usr/lib/x86_64-linux-gnu/gcc/ia16-elf/6.3.0/../../../../../ia16-elf/lib/medium/regparmcall/libc.a(lib_a-getc.o)
 .msdos_mz_reloc.0
                0x0000000000001934       0x10 /usr/lib/x86_64-linux-gnu/gcc/ia16-elf/6.3.0/../../../../../ia16-elf/lib/medium/regparmcall/libc.a(lib_a-iprintf.o)
 .msdos_mz_reloc.0
                0x0000000000001944        0xc /usr/lib/x86_64-linux-gnu/gcc/ia16-elf/6.3.0/../../../../../ia16-elf/lib/medium/regparmcall/libc.a(lib_a-makebuf.o)
 .msdos_mz_reloc.0
                0x0000000000001950        0x8 /usr/lib/x86_64-linux-gnu/gcc/ia16-elf/6.3.0/../../../../../ia16-elf/lib/medium/regparmcall/libc.a(lib_a-malloc.o)
 .msdos_mz_reloc.0
                0x0000000000001958       0x10 /usr/lib/x86_64-linux-gnu/gcc/ia16-elf/6.3.0/../../../../../ia16-elf/lib/medium/regparmcall/libc.a(lib_a-nano-freer.o)
 .msdos_mz_reloc.0
                0x0000000000001968       0x18 /usr/lib/x86_64-linux-gnu/gcc/ia16-elf/6.3.0/../../../../../ia16-elf/lib/medium/regparmcall/libc.a(lib_a-nano-mallocr.o)
 .msdos_mz_reloc.0
                0x0000000000001980       0x10 /usr/lib/x86_64-linux-gnu/gcc/ia16-elf/6.3.0/../../../../../ia16-elf/lib/medium/regparmcall/libc.a(lib_a-putchar.o)
 .msdos_mz_reloc.0
                0x0000000000001990       0x10 /usr/lib/x86_64-linux-gnu/gcc/ia16-elf/6.3.0/../../../../../ia16-elf/lib/medium/regparmcall/libc.a(lib_a-puts.o)
 .msdos_mz_reloc.0
                0x00000000000019a0       0x20 /usr/lib/x86_64-linux-gnu/gcc/ia16-elf/6.3.0/../../../../../ia16-elf/lib/medium/regparmcall/libc.a(lib_a-refill.o)
 .msdos_mz_reloc.0
                0x00000000000019c0        0x8 /usr/lib/x86_64-linux-gnu/gcc/ia16-elf/6.3.0/../../../../../ia16-elf/lib/medium/regparmcall/libc.a(lib_a-rget.o)
 .msdos_mz_reloc.0
                0x00000000000019c8        0x4 /usr/lib/x86_64-linux-gnu/gcc/ia16-elf/6.3.0/../../../../../ia16-elf/lib/medium/regparmcall/libc.a(lib_a-setbuf.o)
 .msdos_mz_reloc.0
                0x00000000000019cc       0x20 /usr/lib/x86_64-linux-gnu/gcc/ia16-elf/6.3.0/../../../../../ia16-elf/lib/medium/regparmcall/libc.a(lib_a-setvbuf.o)
 .msdos_mz_reloc.0
                0x00000000000019ec        0x8 /usr/lib/x86_64-linux-gnu/gcc/ia16-elf/6.3.0/../../../../../ia16-elf/lib/medium/regparmcall/libc.a(lib_a-siprintf.o)
 .msdos_mz_reloc.0
                0x00000000000019f4       0x18 /usr/lib/x86_64-linux-gnu/gcc/ia16-elf/6.3.0/../../../../../ia16-elf/lib/medium/regparmcall/libc.a(lib_a-siscanf.o)
 .msdos_mz_reloc.0
                0x0000000000001a0c       0x18 /usr/lib/x86_64-linux-gnu/gcc/ia16-elf/6.3.0/../../../../../ia16-elf/lib/medium/regparmcall/libc.a(lib_a-stdio.o)
 .msdos_mz_reloc.0
                0x0000000000001a24        0x8 /usr/lib/x86_64-linux-gnu/gcc/ia16-elf/6.3.0/../../../../../ia16-elf/lib/medium/regparmcall/libc.a(lib_a-strtol.o)
 .msdos_mz_reloc.0
                0x0000000000001a2c       0xa4 /usr/lib/x86_64-linux-gnu/gcc/ia16-elf/6.3.0/../../../../../ia16-elf/lib/medium/regparmcall/libc.a(lib_a-svfiprintf.o)
 .msdos_mz_reloc.0
                0x0000000000001ad0       0x64 /usr/lib/x86_64-linux-gnu/gcc/ia16-elf/6.3.0/../../../../../ia16-elf/lib/medium/regparmcall/libc.a(lib_a-svfiscanf.o)
 .msdos_mz_reloc.0
                0x0000000000001b34        0x4 /usr/lib/x86_64-linux-gnu/gcc/ia16-elf/6.3.0/../../../../../ia16-elf/lib/medium/regparmcall/libc.a(lib_a-sysclose.o)
 .msdos_mz_reloc.0
                0x0000000000001b38        0x4 /usr/lib/x86_64-linux-gnu/gcc/ia16-elf/6.3.0/../../../../../ia16-elf/lib/medium/regparmcall/libc.a(lib_a-sysisatty.o)
 .msdos_mz_reloc.0
                0x0000000000001b3c        0x4 /usr/lib/x86_64-linux-gnu/gcc/ia16-elf/6.3.0/../../../../../ia16-elf/lib/medium/regparmcall/libc.a(lib_a-syslseek.o)
 .msdos_mz_reloc.0
                0x0000000000001b40        0x4 /usr/lib/x86_64-linux-gnu/gcc/ia16-elf/6.3.0/../../../../../ia16-elf/lib/medium/regparmcall/libc.a(lib_a-sysopen.o)
 .msdos_mz_reloc.0
                0x0000000000001b44        0x4 /usr/lib/x86_64-linux-gnu/gcc/ia16-elf/6.3.0/../../../../../ia16-elf/lib/medium/regparmcall/libc.a(lib_a-sysread.o)
 .msdos_mz_reloc.0
                0x0000000000001b48        0x4 /usr/lib/x86_64-linux-gnu/gcc/ia16-elf/6.3.0/../../../../../ia16-elf/lib/medium/regparmcall/libc.a(lib_a-syswrite.o)
 .msdos_mz_reloc.0
                0x0000000000001b4c       0x14 /usr/lib/x86_64-linux-gnu/gcc/ia16-elf/6.3.0/../../../../../ia16-elf/lib/medium/regparmcall/libc.a(lib_a-ungetc.o)
 .msdos_mz_reloc.0
                0x0000000000001b60       0xa8 /usr/lib/x86_64-linux-gnu/gcc/ia16-elf/6.3.0/../../../../../ia16-elf/lib/medium/regparmcall/libc.a(lib_a-vfiprintf.o)
 .msdos_mz_reloc.0
                0x0000000000001c08       0x98 /usr/lib/x86_64-linux-gnu/gcc/ia16-elf/6.3.0/../../../../../ia16-elf/lib/medium/regparmcall/libc.a(lib_a-vfiscanf.o)
 .msdos_mz_reloc.0
                0x0000000000001ca0       0x10 /usr/lib/x86_64-linux-gnu/gcc/ia16-elf/6.3.0/../../../../../ia16-elf/lib/medium/regparmcall/libc.a(lib_a-viprintf.o)
 .msdos_mz_reloc.0
                0x0000000000001cb0        0xc /usr/lib/x86_64-linux-gnu/gcc/ia16-elf/6.3.0/../../../../../ia16-elf/lib/medium/regparmcall/libc.a(lib_a-wcrtomb.o)
 .msdos_mz_reloc.0
                0x0000000000001cbc        0x8 /usr/lib/x86_64-linux-gnu/gcc/ia16-elf/6.3.0/../../../../../ia16-elf/lib/medium/regparmcall/libc.a(lib_a-wcsrtombs.o)
 .msdos_mz_reloc.0
                0x0000000000001cc4        0x8 /usr/lib/x86_64-linux-gnu/gcc/ia16-elf/6.3.0/../../../../../ia16-elf/lib/medium/regparmcall/libc.a(lib_a-wctomb_r.o)
 .msdos_mz_reloc.0
                0x0000000000001ccc        0xc /usr/lib/x86_64-linux-gnu/gcc/ia16-elf/6.3.0/../../../../../ia16-elf/lib/medium/regparmcall/libc.a(lib_a-wsetup.o)
 .msdos_mz_reloc.0
                0x0000000000001cd8        0xc /usr/lib/x86_64-linux-gnu/gcc/ia16-elf/6.3.0/../../../../../ia16-elf/lib/medium/regparmcall/libc.a(lib_a-__call_atexit.o)
 .msdos_mz_reloc.0
                0x0000000000001ce4       0x38 /usr/lib/x86_64-linux-gnu/gcc/ia16-elf/6.3.0/../../../../../ia16-elf/lib/medium/regparmcall/libc.a(lib_a-fvwrite.o)
 .msdos_mz_reloc.0
                0x0000000000001d1c        0x4 /usr/lib/x86_64-linux-gnu/gcc/ia16-elf/6.3.0/../../../../../ia16-elf/lib/medium/regparmcall/libc.a(lib_a-iswspace.o)
 .msdos_mz_reloc.0
                0x0000000000001d20       0x18 /usr/lib/x86_64-linux-gnu/gcc/ia16-elf/6.3.0/../../../../../ia16-elf/lib/medium/regparmcall/libc.a(lib_a-jp2uc.o)
 .msdos_mz_reloc.0
                0x0000000000001d38      0x144 /usr/lib/x86_64-linux-gnu/gcc/ia16-elf/6.3.0/../../../../../ia16-elf/lib/medium/regparmcall/libc.a(lib_a-locale.o)
 .msdos_mz_reloc.0
                0x0000000000001e7c        0xc /usr/lib/x86_64-linux-gnu/gcc/ia16-elf/6.3.0/../../../../../ia16-elf/lib/medium/regparmcall/libc.a(lib_a-mbrtowc.o)
 .msdos_mz_reloc.0
                0x0000000000001e88        0x8 /usr/lib/x86_64-linux-gnu/gcc/ia16-elf/6.3.0/../../../../../ia16-elf/lib/medium/regparmcall/libc.a(lib_a-mbtowc_r.o)
 .msdos_mz_reloc.0
                0x0000000000001e90       0x18 /usr/lib/x86_64-linux-gnu/gcc/ia16-elf/6.3.0/../../../../../ia16-elf/lib/medium/regparmcall/libc.a(lib_a-nano-reallocr.o)
 .msdos_mz_reloc.0
                0x0000000000001ea8        0x8 /usr/lib/x86_64-linux-gnu/gcc/ia16-elf/6.3.0/../../../../../ia16-elf/lib/medium/regparmcall/libc.a(lib_a-putc.o)
 .msdos_mz_reloc.0
                0x0000000000001eb0        0x4 /usr/lib/x86_64-linux-gnu/gcc/ia16-elf/6.3.0/../../../../../ia16-elf/lib/medium/regparmcall/libc.a(lib_a-sprintr.o)
 .msdos_mz_reloc.0
                0x0000000000001eb4       0x14 /usr/lib/x86_64-linux-gnu/gcc/ia16-elf/6.3.0/../../../../../ia16-elf/lib/medium/regparmcall/libc.a(lib_a-ssprintr.o)
 .msdos_mz_reloc.0
                0x0000000000001ec8       0x10 /usr/lib/x86_64-linux-gnu/gcc/ia16-elf/6.3.0/../../../../../ia16-elf/lib/medium/regparmcall/libc.a(lib_a-strtoll_r.o)
 .msdos_mz_reloc.0
                0x0000000000001ed8        0x8 /usr/lib/x86_64-linux-gnu/gcc/ia16-elf/6.3.0/../../../../../ia16-elf/lib/medium/regparmcall/libc.a(lib_a-strtoul.o)
 .msdos_mz_reloc.0
                0x0000000000001ee0       0x10 /usr/lib/x86_64-linux-gnu/gcc/ia16-elf/6.3.0/../../../../../ia16-elf/lib/medium/regparmcall/libc.a(lib_a-strtoull_r.o)
 .msdos_mz_reloc.0
                0x0000000000001ef0       0x10 /usr/lib/x86_64-linux-gnu/gcc/ia16-elf/6.3.0/../../../../../ia16-elf/lib/medium/regparmcall/libc.a(lib_a-wbuf.o)
 .msdos_mz_reloc.0
                0x0000000000001f00        0x8 /usr/lib/x86_64-linux-gnu/gcc/ia16-elf/6.3.0/../../../../../ia16-elf/lib/medium/regparmcall/libc.a(lib_a-wcsnrtombs.o)
 .msdos_mz_reloc.0
                0x0000000000001f08       0x10 /usr/lib/x86_64-linux-gnu/gcc/ia16-elf/6.3.0/../../../../../ia16-elf/lib/medium/regparmcall/libc.a(lib_a-getenv_r.o)
 .msdos_mz_reloc.0
                0x0000000000001f18       0x10 /usr/lib/x86_64-linux-gnu/gcc/ia16-elf/6.3.0/medium/regparmcall/libgcc.a(_lshrdi3.o)
 .msdos_mz_reloc.0
                0x0000000000001f28       0x10 /usr/lib/x86_64-linux-gnu/gcc/ia16-elf/6.3.0/medium/regparmcall/libgcc.a(_ashldi3.o)
 .msdos_mz_reloc.0
                0x0000000000001f38       0x90 /usr/lib/x86_64-linux-gnu/gcc/ia16-elf/6.3.0/medium/regparmcall/libgcc.a(_divdi3.o)
 .msdos_mz_reloc.0
                0x0000000000001fc8       0x90 /usr/lib/x86_64-linux-gnu/gcc/ia16-elf/6.3.0/medium/regparmcall/libgcc.a(_udivdi3.o)
 .msdos_mz_reloc.0
                0x0000000000002058       0xa0 /usr/lib/x86_64-linux-gnu/gcc/ia16-elf/6.3.0/medium/regparmcall/libgcc.a(_umoddi3.o)
 .msdos_mz_reloc.0
                0x00000000000020f8        0xc /usr/lib/x86_64-linux-gnu/gcc/ia16-elf/6.3.0/../../../../../ia16-elf/lib/medium/regparmcall/libdos-m.a(dos-access.o)
 .msdos_mz_reloc.0
                0x0000000000002104        0xc /usr/lib/x86_64-linux-gnu/gcc/ia16-elf/6.3.0/../../../../../ia16-elf/lib/medium/regparmcall/libdos-m.a(dos-openr.o)
 .msdos_mz_reloc.0
                0x0000000000002110        0x4 /usr/lib/x86_64-linux-gnu/gcc/ia16-elf/6.3.0/../../../../../ia16-elf/lib/medium/regparmcall/libdos-m.a(dos-sbrkr.o)
 .msdos_mz_reloc.0
                0x0000000000002114        0x4 /usr/lib/x86_64-linux-gnu/gcc/ia16-elf/6.3.0/../../../../../ia16-elf/lib/medium/regparmcall/libdos-m.a(dos-msmmabort.o)
 .msdos_mz_reloc.0
                0x0000000000002118        0x4 /usr/lib/x86_64-linux-gnu/gcc/ia16-elf/6.3.0/../../../../../ia16-elf/lib/medium/regparmcall/libdos-m.a(dos-near-data-segment.o)
 .msdos_mz_reloc.0
                0x000000000000211c       0x10 /usr/lib/x86_64-linux-gnu/gcc/ia16-elf/6.3.0/../../../../../ia16-elf/lib/medium/regparmcall/libc.a(lib_a-abort.o)
                0x000000000000212c                __msdos_mz_rel_end = .
                0x0000000000000844                __msdos_mz_rels = ((. - __msdos_mz_rel_start) / 0x4)
                0x000000000000212c                . = DEFINED (__msdos_handle_v1)?ALIGN (0x200):.
                0x0000000000000213                __msdos_mz_hdr_paras = (((. - __msdos_mz_hdr_start) + 0xf) / 0x10)
                0x0000000000002130                . = ALIGN (0x10)
 *fill*         0x000000000000212c        0x4 
                0x0000000000000001                ASSERT ((((__msdos_mz_rel_end - __msdos_mz_rel_start) % 0x4) == 0x0), Error: MZ relocations are not 4-byte aligned)
                0x0000000000000001                ASSERT ((__msdos_mz_rels <= 0xffff), Error: too many MZ relocations)

.text           0x0000000000000020      0x230 load address 0x0000000000002130
                0x0000000000000020                __stext = .
 *(.startupA)
 .startupA      0x0000000000000020        0x0 /usr/lib/x86_64-linux-gnu/gcc/ia16-elf/6.3.0/../../../../../ia16-elf/lib/medium/regparmcall/dos-m-c0.o
                0x0000000000000020                _start
 *(.startupB)
 *(.startupC)
 .startupC      0x0000000000000020        0x8 /usr/lib/x86_64-linux-gnu/gcc/ia16-elf/6.3.0/../../../../../ia16-elf/lib/medium/regparmcall/dos-m-c0.o
 *(.msdos_init)
 *(.msdos_init.*)
 *(.msdos_initA)
 *(.msdos_initA.*)
 *(.startupD)
 .startupD      0x0000000000000028        0xf /usr/lib/x86_64-linux-gnu/gcc/ia16-elf/6.3.0/../../../../../ia16-elf/lib/medium/regparmcall/dos-m-c0.o
 *(.msdos_initB)
 *(.msdos_initB.*)
 *(.startupE)
 .startupE      0x0000000000000037       0xab /usr/lib/x86_64-linux-gnu/gcc/ia16-elf/6.3.0/../../../../../ia16-elf/lib/medium/regparmcall/dos-m-c0.o
 *(.preinit)
 .preinit       0x00000000000000e2        0x4 /usr/lib/x86_64-linux-gnu/gcc/ia16-elf/6.3.0/../../../../../ia16-elf/lib/medium/regparmcall/libdos-m.a(dos-environ.o)
 *(.preinit.*)
 *(.init)
 .init          0x00000000000000e6        0x5 /usr/lib/x86_64-linux-gnu/gcc/ia16-elf/6.3.0/medium/regparmcall/crtbegin.o
 .init          0x00000000000000eb        0x5 /usr/lib/x86_64-linux-gnu/gcc/ia16-elf/6.3.0/medium/regparmcall/crtend.o
 *(.startupF)
 .startupF      0x00000000000000f0       0x7a /usr/lib/x86_64-linux-gnu/gcc/ia16-elf/6.3.0/../../../../../ia16-elf/lib/medium/regparmcall/dos-m-c0.o
 *(.exitA)
 .exitA         0x000000000000016a        0x1 /usr/lib/x86_64-linux-gnu/gcc/ia16-elf/6.3.0/../../../../../ia16-elf/lib/medium/regparmcall/dos-m-c0.o
                0x000000000000016a                _exit
 *(.fini)
 .fini          0x000000000000016b        0x5 /usr/lib/x86_64-linux-gnu/gcc/ia16-elf/6.3.0/medium/regparmcall/crtbegin.o
 *(.exitB)
 .exitB         0x0000000000000170        0x5 /usr/lib/x86_64-linux-gnu/gcc/ia16-elf/6.3.0/../../../../../ia16-elf/lib/medium/regparmcall/dos-m-c0.o
                0x0000000000000171                __msdos_crt_exit
 *(.text)
 .text          0x0000000000000175        0x0 /tmp/ccjXCpwP.o
 .text          0x0000000000000175        0x0 /tmp/cc5KFOYl.o
 .text          0x0000000000000175        0x0 /tmp/ccMGvAa1.o
 .text          0x0000000000000175        0x0 /tmp/cckN0mvM.o
 .text          0x0000000000000175        0x0 /tmp/ccKMs2FZ.o
 .text          0x0000000000000175        0x0 /tmp/ccOWJzPh.o
 .text          0x0000000000000175        0x0 /tmp/cc0k8qMr.o
 .text          0x0000000000000175        0x0 /tmp/cc6lJHtx.o
 .text          0x0000000000000175        0x0 /tmp/ccBv77bx.o
 .text          0x0000000000000175        0x0 /tmp/cc4kEn4u.o
 .text          0x0000000000000175        0x0 /tmp/ccuZhwKo.o
 .text          0x0000000000000175        0x0 /tmp/cc6qefRs.o
 .text          0x0000000000000175        0x0 /tmp/ccoe5U3r.o
 .text          0x0000000000000175        0x0 /tmp/ccUrYh8M.o
 .text          0x0000000000000175        0x0 /tmp/ccifMnKz.o
 .text          0x0000000000000175        0x0 /tmp/ccVPYWrx.o
 .text          0x0000000000000175        0x0 /tmp/ccg77WK3.o
 .text          0x0000000000000175        0x0 /tmp/ccELi7Wb.o
 .text          0x0000000000000175        0x0 /tmp/ccK8rGbd.o
 .text          0x0000000000000175        0x0 /tmp/ccPTYDFB.o
 .text          0x0000000000000175        0x0 /tmp/ccPDOQUM.o
 .text          0x0000000000000175        0x0 /tmp/ccktLnb8.o
 .text          0x0000000000000175        0x0 /tmp/ccK6SZiZ.o
 .text          0x0000000000000175        0x0 /tmp/ccs5QaER.o
 .text          0x0000000000000175        0x0 /tmp/cc0IkdK2.o
 .text          0x0000000000000175        0x0 /tmp/ccvLlBlg.o
 .text          0x0000000000000175        0x0 /tmp/ccJPGoEF.o
 .text          0x0000000000000175        0x0 /tmp/cc6qxVY7.o
 .text          0x0000000000000175        0x0 /tmp/ccBbLlSv.o
 .text          0x0000000000000175        0x0 /tmp/ccLHUhfP.o
 .text          0x0000000000000175        0x0 /tmp/cc1cNDqq.o
 .text          0x0000000000000175        0x0 /tmp/ccI5e336.o
 .text          0x0000000000000175        0x0 /tmp/ccg3YY3t.o
 .text          0x0000000000000175        0x0 /tmp/cc1GO2b1.o
 .text          0x0000000000000175        0x0 /tmp/ccDBUB5p.o
 .text          0x0000000000000175        0x0 /tmp/ccCzf0Ho.o
 .text          0x0000000000000175        0x0 /tmp/ccXKW1sM.o
 .text          0x0000000000000175        0x0 /tmp/cctaQ7uO.o
 .text          0x0000000000000175        0x0 /tmp/ccKfc3Do.o
 .text          0x0000000000000175        0x0 /tmp/cc0GjBLu.o
 .text          0x0000000000000175        0x0 /tmp/cc1xZUhU.o
 .text          0x0000000000000175        0x0 /tmp/ccHNyVBU.o
 .text          0x0000000000000175        0x0 /tmp/ccUpVBLI.o
 .text          0x0000000000000175        0x0 /tmp/ccXRTGyY.o
 .text          0x0000000000000175        0x0 /tmp/ccnysXoJ.o
 .text          0x0000000000000175        0x0 /tmp/ccTbfcfv.o
 .text          0x0000000000000175        0x0 /tmp/ccsejeBg.o
 .text          0x0000000000000175        0x0 /tmp/ccN1BmNC.o
 .text          0x0000000000000175        0x0 /tmp/ccTUrtiM.o
 .text          0x0000000000000175        0x0 /tmp/cclNrgx8.o
 .text          0x0000000000000175        0x0 /tmp/ccKxJyNY.o
 .text          0x0000000000000175        0x0 /tmp/ccTaF8PL.o
 .text          0x0000000000000175        0x0 /tmp/ccM5g46M.o
 .text          0x0000000000000175        0x0 /tmp/ccvz4KO7.o
 .text          0x0000000000000175        0x0 /tmp/ccci87mY.o
 .text          0x0000000000000175        0x0 /tmp/cc5Pq2k1.o
 .text          0x0000000000000175        0x0 /tmp/cchVtVfK.o
 .text          0x0000000000000175        0x0 /tmp/cchAvAZw.o
 .text          0x0000000000000175        0x0 /tmp/ccutBGku.o
 .text          0x0000000000000175        0x0 /tmp/ccd1exGC.o
 .text          0x0000000000000175        0x0 /tmp/ccoGrP2n.o
 .text          0x0000000000000175        0x0 /tmp/ccQXMRCG.o
 .text          0x0000000000000175        0x0 /tmp/cc04iXbJ.o
 .text          0x0000000000000175        0x0 /tmp/ccYQHrbc.o
 .text          0x0000000000000175        0x0 /tmp/ccxFvA5J.o
 .text          0x0000000000000175        0x0 /tmp/ccdx0VQN.o
 .text          0x0000000000000175       0x54 /usr/lib/x86_64-linux-gnu/gcc/ia16-elf/6.3.0/../../../../../ia16-elf/lib/medium/regparmcall/libi86.a(libi86-int86-do.o)
                0x0000000000000175                __libi86_int86_do
 .text          0x00000000000001c9       0x6f /usr/lib/x86_64-linux-gnu/gcc/ia16-elf/6.3.0/../../../../../ia16-elf/lib/medium/regparmcall/libi86.a(libi86-int86x-do.o)
                0x00000000000001c9                __libi86_int86x_do
 .text          0x0000000000000238        0x3 /usr/lib/x86_64-linux-gnu/gcc/ia16-elf/6.3.0/../../../../../ia16-elf/lib/medium/regparmcall/libi86.a(libi86-intr-call-0020.o)
                0x0000000000000238                __libi86_intr_call_0020
 .text          0x000000000000023b        0x3 /usr/lib/x86_64-linux-gnu/gcc/ia16-elf/6.3.0/../../../../../ia16-elf/lib/medium/regparmcall/libi86.a(libi86-intr-call-0041.o)
                0x000000000000023b                __libi86_intr_call_0041
 .text          0x000000000000023e        0x3 /usr/lib/x86_64-linux-gnu/gcc/ia16-elf/6.3.0/../../../../../ia16-elf/lib/medium/regparmcall/libi86.a(libi86-intr-call-0063.o)
                0x000000000000023e                __libi86_intr_call_0063
 .text          0x0000000000000241        0x3 /usr/lib/x86_64-linux-gnu/gcc/ia16-elf/6.3.0/../../../../../ia16-elf/lib/medium/regparmcall/libi86.a(libi86-intr-call-0147.o)
                0x0000000000000241                __libi86_intr_call_0147
 .text          0x0000000000000244        0x0 /usr/lib/x86_64-linux-gnu/gcc/ia16-elf/6.3.0/../../../../../ia16-elf/lib/medium/regparmcall/libi86.a(fmemcpy.o)
 .text          0x0000000000000244        0x0 /usr/lib/x86_64-linux-gnu/gcc/ia16-elf/6.3.0/../../../../../ia16-elf/lib/medium/regparmcall/libi86.a(fmemset.o)
 .text          0x0000000000000244        0x0 /usr/lib/x86_64-linux-gnu/gcc/ia16-elf/6.3.0/../../../../../ia16-elf/lib/medium/regparmcall/libi86.a(dos-getvect.o)
 .text          0x0000000000000244        0x0 /usr/lib/x86_64-linux-gnu/gcc/ia16-elf/6.3.0/../../../../../ia16-elf/lib/medium/regparmcall/libi86.a(dos-setvect.o)
 .text          0x0000000000000244        0x0 /usr/lib/x86_64-linux-gnu/gcc/ia16-elf/6.3.0/../../../../../ia16-elf/lib/medium/regparmcall/libi86.a(ffree.o)
 .text          0x0000000000000244        0x0 /usr/lib/x86_64-linux-gnu/gcc/ia16-elf/6.3.0/../../../../../ia16-elf/lib/medium/regparmcall/libi86.a(fmalloc.o)
 .text          0x0000000000000244        0x0 /usr/lib/x86_64-linux-gnu/gcc/ia16-elf/6.3.0/../../../../../ia16-elf/lib/medium/regparmcall/libi86.a(dos-allocmem.o)
 .text          0x0000000000000244        0x0 /usr/lib/x86_64-linux-gnu/gcc/ia16-elf/6.3.0/../../../../../ia16-elf/lib/medium/regparmcall/libi86.a(dos-freemem.o)
 .text          0x0000000000000244        0x0 /usr/lib/x86_64-linux-gnu/gcc/ia16-elf/6.3.0/../../../../../ia16-elf/lib/medium/regparmcall/libi86.a(libi86-ret-really-set-errno.o)
 .text          0x0000000000000244        0x0 /usr/lib/x86_64-linux-gnu/gcc/ia16-elf/6.3.0/../../../../../ia16-elf/lib/medium/regparmcall/tprtf-fw.a(t-sprintf.o)
 .text          0x0000000000000244        0x0 /usr/lib/x86_64-linux-gnu/gcc/ia16-elf/6.3.0/../../../../../ia16-elf/lib/medium/regparmcall/tprtf-fw.a(t-fprintf.o)
 .text          0x0000000000000244        0x0 /usr/lib/x86_64-linux-gnu/gcc/ia16-elf/6.3.0/../../../../../ia16-elf/lib/medium/regparmcall/tprtf-fw.a(t-printf.o)
 .text          0x0000000000000244        0x0 /usr/lib/x86_64-linux-gnu/gcc/ia16-elf/6.3.0/../../../../../ia16-elf/lib/medium/regparmcall/tprtf-fw.a(t-vprintf.o)
 .text          0x0000000000000244        0x0 /usr/lib/x86_64-linux-gnu/gcc/ia16-elf/6.3.0/../../../../../ia16-elf/lib/medium/regparmcall/tscnf-fw.a(t-sscanf.o)
 .text          0x0000000000000244        0x0 /usr/lib/x86_64-linux-gnu/gcc/ia16-elf/6.3.0/../../../../../ia16-elf/lib/medium/regparmcall/tscnf-fw.a(t-fscanf.o)
 .text          0x0000000000000244        0x0 /usr/lib/x86_64-linux-gnu/gcc/ia16-elf/6.3.0/../../../../../ia16-elf/lib/medium/regparmcall/iprtf-fw.a(i-sprintf.o)
 .text          0x0000000000000244        0x0 /usr/lib/x86_64-linux-gnu/gcc/ia16-elf/6.3.0/../../../../../ia16-elf/lib/medium/regparmcall/iprtf-fw.a(i-fprintf.o)
 .text          0x0000000000000244        0x0 /usr/lib/x86_64-linux-gnu/gcc/ia16-elf/6.3.0/../../../../../ia16-elf/lib/medium/regparmcall/iprtf-fw.a(i-printf.o)
 .text          0x0000000000000244        0x0 /usr/lib/x86_64-linux-gnu/gcc/ia16-elf/6.3.0/../../../../../ia16-elf/lib/medium/regparmcall/iprtf-fw.a(i-vprintf.o)
 .text          0x0000000000000244        0x0 /usr/lib/x86_64-linux-gnu/gcc/ia16-elf/6.3.0/../../../../../ia16-elf/lib/medium/regparmcall/iscnf-fw.a(i-sscanf.o)
 .text          0x0000000000000244        0x0 /usr/lib/x86_64-linux-gnu/gcc/ia16-elf/6.3.0/../../../../../ia16-elf/lib/medium/regparmcall/iscnf-fw.a(i-fscanf.o)
 .text          0x0000000000000244        0x0 /usr/lib/x86_64-linux-gnu/gcc/ia16-elf/6.3.0/medium/regparmcall/crtbegin.o
 .text          0x0000000000000244        0x0 /usr/lib/x86_64-linux-gnu/gcc/ia16-elf/6.3.0/medium/regparmcall/crtend.o
 .text          0x0000000000000244        0x0 /usr/lib/x86_64-linux-gnu/gcc/ia16-elf/6.3.0/../../../../../ia16-elf/lib/medium/regparmcall/dos-m-c0.o
 .text          0x0000000000000244        0x0 /usr/lib/x86_64-linux-gnu/gcc/ia16-elf/6.3.0/../../../../../ia16-elf/lib/medium/regparmcall/libc.a(lib_a-atoi.o)
 .text          0x0000000000000244        0x0 /usr/lib/x86_64-linux-gnu/gcc/ia16-elf/6.3.0/../../../../../ia16-elf/lib/medium/regparmcall/libc.a(lib_a-ctype_.o)
 .text          0x0000000000000244        0x0 /usr/lib/x86_64-linux-gnu/gcc/ia16-elf/6.3.0/../../../../../ia16-elf/lib/medium/regparmcall/libc.a(lib_a-errno.o)
 .text          0x0000000000000244        0x0 /usr/lib/x86_64-linux-gnu/gcc/ia16-elf/6.3.0/../../../../../ia16-elf/lib/medium/regparmcall/libc.a(lib_a-exit.o)
 .text          0x0000000000000244        0x0 /usr/lib/x86_64-linux-gnu/gcc/ia16-elf/6.3.0/../../../../../ia16-elf/lib/medium/regparmcall/libc.a(lib_a-fclose.o)
 .text          0x0000000000000244        0x0 /usr/lib/x86_64-linux-gnu/gcc/ia16-elf/6.3.0/../../../../../ia16-elf/lib/medium/regparmcall/libc.a(lib_a-feof.o)
 .text          0x0000000000000244        0x0 /usr/lib/x86_64-linux-gnu/gcc/ia16-elf/6.3.0/../../../../../ia16-elf/lib/medium/regparmcall/libc.a(lib_a-fflush.o)
 .text          0x0000000000000244        0x0 /usr/lib/x86_64-linux-gnu/gcc/ia16-elf/6.3.0/../../../../../ia16-elf/lib/medium/regparmcall/libc.a(lib_a-fgetc.o)
 .text          0x0000000000000244        0x0 /usr/lib/x86_64-linux-gnu/gcc/ia16-elf/6.3.0/../../../../../ia16-elf/lib/medium/regparmcall/libc.a(lib_a-findfp.o)
 .text          0x0000000000000244        0x0 /usr/lib/x86_64-linux-gnu/gcc/ia16-elf/6.3.0/../../../../../ia16-elf/lib/medium/regparmcall/libc.a(lib_a-fiprintf.o)
 .text          0x0000000000000244        0x0 /usr/lib/x86_64-linux-gnu/gcc/ia16-elf/6.3.0/../../../../../ia16-elf/lib/medium/regparmcall/libc.a(lib_a-fiscanf.o)
 .text          0x0000000000000244        0x0 /usr/lib/x86_64-linux-gnu/gcc/ia16-elf/6.3.0/../../../../../ia16-elf/lib/medium/regparmcall/libc.a(lib_a-fopen.o)
 .text          0x0000000000000244        0x0 /usr/lib/x86_64-linux-gnu/gcc/ia16-elf/6.3.0/../../../../../ia16-elf/lib/medium/regparmcall/libc.a(lib_a-fread.o)
 .text          0x0000000000000244        0x0 /usr/lib/x86_64-linux-gnu/gcc/ia16-elf/6.3.0/../../../../../ia16-elf/lib/medium/regparmcall/libc.a(lib_a-fseek.o)
 .text          0x0000000000000244        0x0 /usr/lib/x86_64-linux-gnu/gcc/ia16-elf/6.3.0/../../../../../ia16-elf/lib/medium/regparmcall/libc.a(lib_a-fseeko.o)
 .text          0x0000000000000244        0x0 /usr/lib/x86_64-linux-gnu/gcc/ia16-elf/6.3.0/../../../../../ia16-elf/lib/medium/regparmcall/libc.a(lib_a-fwalk.o)
 .text          0x0000000000000244        0x0 /usr/lib/x86_64-linux-gnu/gcc/ia16-elf/6.3.0/../../../../../ia16-elf/lib/medium/regparmcall/libc.a(lib_a-fwrite.o)
 .text          0x0000000000000244        0x0 /usr/lib/x86_64-linux-gnu/gcc/ia16-elf/6.3.0/../../../../../ia16-elf/lib/medium/regparmcall/libc.a(lib_a-getc.o)
 .text          0x0000000000000244        0x0 /usr/lib/x86_64-linux-gnu/gcc/ia16-elf/6.3.0/../../../../../ia16-elf/lib/medium/regparmcall/libc.a(lib_a-impure.o)
 .text          0x0000000000000244        0x0 /usr/lib/x86_64-linux-gnu/gcc/ia16-elf/6.3.0/../../../../../ia16-elf/lib/medium/regparmcall/libc.a(lib_a-iprintf.o)
 .text          0x0000000000000244        0x0 /usr/lib/x86_64-linux-gnu/gcc/ia16-elf/6.3.0/../../../../../ia16-elf/lib/medium/regparmcall/libc.a(lib_a-makebuf.o)
 .text          0x0000000000000244        0x0 /usr/lib/x86_64-linux-gnu/gcc/ia16-elf/6.3.0/../../../../../ia16-elf/lib/medium/regparmcall/libc.a(lib_a-malloc.o)
 .text          0x0000000000000244        0x0 /usr/lib/x86_64-linux-gnu/gcc/ia16-elf/6.3.0/../../../../../ia16-elf/lib/medium/regparmcall/libc.a(lib_a-memcpy.o)
 .text          0x0000000000000244        0x0 /usr/lib/x86_64-linux-gnu/gcc/ia16-elf/6.3.0/../../../../../ia16-elf/lib/medium/regparmcall/libc.a(lib_a-memmove.o)
 .text          0x0000000000000244        0x0 /usr/lib/x86_64-linux-gnu/gcc/ia16-elf/6.3.0/../../../../../ia16-elf/lib/medium/regparmcall/libc.a(lib_a-memset.o)
 .text          0x0000000000000244        0x0 /usr/lib/x86_64-linux-gnu/gcc/ia16-elf/6.3.0/../../../../../ia16-elf/lib/medium/regparmcall/libc.a(lib_a-nano-freer.o)
 .text          0x0000000000000244        0x0 /usr/lib/x86_64-linux-gnu/gcc/ia16-elf/6.3.0/../../../../../ia16-elf/lib/medium/regparmcall/libc.a(lib_a-nano-mallocr.o)
 .text          0x0000000000000244        0x0 /usr/lib/x86_64-linux-gnu/gcc/ia16-elf/6.3.0/../../../../../ia16-elf/lib/medium/regparmcall/libc.a(lib_a-putchar.o)
 .text          0x0000000000000244        0x0 /usr/lib/x86_64-linux-gnu/gcc/ia16-elf/6.3.0/../../../../../ia16-elf/lib/medium/regparmcall/libc.a(lib_a-puts.o)
 .text          0x0000000000000244        0x0 /usr/lib/x86_64-linux-gnu/gcc/ia16-elf/6.3.0/../../../../../ia16-elf/lib/medium/regparmcall/libc.a(lib_a-refill.o)
 .text          0x0000000000000244        0x0 /usr/lib/x86_64-linux-gnu/gcc/ia16-elf/6.3.0/../../../../../ia16-elf/lib/medium/regparmcall/libc.a(lib_a-rget.o)
 .text          0x0000000000000244        0x0 /usr/lib/x86_64-linux-gnu/gcc/ia16-elf/6.3.0/../../../../../ia16-elf/lib/medium/regparmcall/libc.a(lib_a-setbuf.o)
 .text          0x0000000000000244        0x0 /usr/lib/x86_64-linux-gnu/gcc/ia16-elf/6.3.0/../../../../../ia16-elf/lib/medium/regparmcall/libc.a(lib_a-setvbuf.o)
 .text          0x0000000000000244        0x0 /usr/lib/x86_64-linux-gnu/gcc/ia16-elf/6.3.0/../../../../../ia16-elf/lib/medium/regparmcall/libc.a(lib_a-siprintf.o)
 .text          0x0000000000000244        0x0 /usr/lib/x86_64-linux-gnu/gcc/ia16-elf/6.3.0/../../../../../ia16-elf/lib/medium/regparmcall/libc.a(lib_a-siscanf.o)
 .text          0x0000000000000244        0x0 /usr/lib/x86_64-linux-gnu/gcc/ia16-elf/6.3.0/../../../../../ia16-elf/lib/medium/regparmcall/libc.a(lib_a-stdio.o)
 .text          0x0000000000000244        0x0 /usr/lib/x86_64-linux-gnu/gcc/ia16-elf/6.3.0/../../../../../ia16-elf/lib/medium/regparmcall/libc.a(lib_a-strcasecmp.o)
 .text          0x0000000000000244        0x0 /usr/lib/x86_64-linux-gnu/gcc/ia16-elf/6.3.0/../../../../../ia16-elf/lib/medium/regparmcall/libc.a(lib_a-strcat.o)
 .text          0x0000000000000244        0x0 /usr/lib/x86_64-linux-gnu/gcc/ia16-elf/6.3.0/../../../../../ia16-elf/lib/medium/regparmcall/libc.a(lib_a-strcmp.o)
 .text          0x0000000000000244        0x0 /usr/lib/x86_64-linux-gnu/gcc/ia16-elf/6.3.0/../../../../../ia16-elf/lib/medium/regparmcall/libc.a(lib_a-strcpy.o)
 .text          0x0000000000000244        0x0 /usr/lib/x86_64-linux-gnu/gcc/ia16-elf/6.3.0/../../../../../ia16-elf/lib/medium/regparmcall/libc.a(lib_a-strlen.o)
 .text          0x0000000000000244        0x0 /usr/lib/x86_64-linux-gnu/gcc/ia16-elf/6.3.0/../../../../../ia16-elf/lib/medium/regparmcall/libc.a(lib_a-strncasecmp.o)
 .text          0x0000000000000244        0x0 /usr/lib/x86_64-linux-gnu/gcc/ia16-elf/6.3.0/../../../../../ia16-elf/lib/medium/regparmcall/libc.a(lib_a-strncmp.o)
 .text          0x0000000000000244        0x0 /usr/lib/x86_64-linux-gnu/gcc/ia16-elf/6.3.0/../../../../../ia16-elf/lib/medium/regparmcall/libc.a(lib_a-strncpy.o)
 .text          0x0000000000000244        0x0 /usr/lib/x86_64-linux-gnu/gcc/ia16-elf/6.3.0/../../../../../ia16-elf/lib/medium/regparmcall/libc.a(lib_a-strtol.o)
 .text          0x0000000000000244        0x0 /usr/lib/x86_64-linux-gnu/gcc/ia16-elf/6.3.0/../../../../../ia16-elf/lib/medium/regparmcall/libc.a(lib_a-strupr.o)
 .text          0x0000000000000244        0x0 /usr/lib/x86_64-linux-gnu/gcc/ia16-elf/6.3.0/../../../../../ia16-elf/lib/medium/regparmcall/libc.a(lib_a-svfiprintf.o)
 .text          0x0000000000000244        0x0 /usr/lib/x86_64-linux-gnu/gcc/ia16-elf/6.3.0/../../../../../ia16-elf/lib/medium/regparmcall/libc.a(lib_a-svfiscanf.o)
 .text          0x0000000000000244        0x0 /usr/lib/x86_64-linux-gnu/gcc/ia16-elf/6.3.0/../../../../../ia16-elf/lib/medium/regparmcall/libc.a(lib_a-sysclose.o)
 .text          0x0000000000000244        0x0 /usr/lib/x86_64-linux-gnu/gcc/ia16-elf/6.3.0/../../../../../ia16-elf/lib/medium/regparmcall/libc.a(lib_a-sysisatty.o)
 .text          0x0000000000000244        0x0 /usr/lib/x86_64-linux-gnu/gcc/ia16-elf/6.3.0/../../../../../ia16-elf/lib/medium/regparmcall/libc.a(lib_a-syslseek.o)
 .text          0x0000000000000244        0x0 /usr/lib/x86_64-linux-gnu/gcc/ia16-elf/6.3.0/../../../../../ia16-elf/lib/medium/regparmcall/libc.a(lib_a-sysopen.o)
 .text          0x0000000000000244        0x0 /usr/lib/x86_64-linux-gnu/gcc/ia16-elf/6.3.0/../../../../../ia16-elf/lib/medium/regparmcall/libc.a(lib_a-sysread.o)
 .text          0x0000000000000244        0x0 /usr/lib/x86_64-linux-gnu/gcc/ia16-elf/6.3.0/../../../../../ia16-elf/lib/medium/regparmcall/libc.a(lib_a-syswrite.o)
 .text          0x0000000000000244        0x0 /usr/lib/x86_64-linux-gnu/gcc/ia16-elf/6.3.0/../../../../../ia16-elf/lib/medium/regparmcall/libc.a(lib_a-ungetc.o)
 .text          0x0000000000000244        0x0 /usr/lib/x86_64-linux-gnu/gcc/ia16-elf/6.3.0/../../../../../ia16-elf/lib/medium/regparmcall/libc.a(lib_a-vfiprintf.o)
 .text          0x0000000000000244        0x0 /usr/lib/x86_64-linux-gnu/gcc/ia16-elf/6.3.0/../../../../../ia16-elf/lib/medium/regparmcall/libc.a(lib_a-vfiscanf.o)
 .text          0x0000000000000244        0x0 /usr/lib/x86_64-linux-gnu/gcc/ia16-elf/6.3.0/../../../../../ia16-elf/lib/medium/regparmcall/libc.a(lib_a-viprintf.o)
 .text          0x0000000000000244        0x0 /usr/lib/x86_64-linux-gnu/gcc/ia16-elf/6.3.0/../../../../../ia16-elf/lib/medium/regparmcall/libc.a(lib_a-wcrtomb.o)
 .text          0x0000000000000244        0x0 /usr/lib/x86_64-linux-gnu/gcc/ia16-elf/6.3.0/../../../../../ia16-elf/lib/medium/regparmcall/libc.a(lib_a-wcsrtombs.o)
 .text          0x0000000000000244        0x0 /usr/lib/x86_64-linux-gnu/gcc/ia16-elf/6.3.0/../../../../../ia16-elf/lib/medium/regparmcall/libc.a(lib_a-wctomb_r.o)
 .text          0x0000000000000244        0x0 /usr/lib/x86_64-linux-gnu/gcc/ia16-elf/6.3.0/../../../../../ia16-elf/lib/medium/regparmcall/libc.a(lib_a-wsetup.o)
 .text          0x0000000000000244        0x0 /usr/lib/x86_64-linux-gnu/gcc/ia16-elf/6.3.0/../../../../../ia16-elf/lib/medium/regparmcall/libc.a(lib_a-__call_atexit.o)
 .text          0x0000000000000244        0x0 /usr/lib/x86_64-linux-gnu/gcc/ia16-elf/6.3.0/../../../../../ia16-elf/lib/medium/regparmcall/libc.a(lib_a-flags.o)
 .text          0x0000000000000244        0x0 /usr/lib/x86_64-linux-gnu/gcc/ia16-elf/6.3.0/../../../../../ia16-elf/lib/medium/regparmcall/libc.a(lib_a-fvwrite.o)
 .text          0x0000000000000244        0x0 /usr/lib/x86_64-linux-gnu/gcc/ia16-elf/6.3.0/../../../../../ia16-elf/lib/medium/regparmcall/libc.a(lib_a-iswspace.o)
 .text          0x0000000000000244        0x0 /usr/lib/x86_64-linux-gnu/gcc/ia16-elf/6.3.0/../../../../../ia16-elf/lib/medium/regparmcall/libc.a(lib_a-jp2uc.o)
 .text          0x0000000000000244        0x0 /usr/lib/x86_64-linux-gnu/gcc/ia16-elf/6.3.0/../../../../../ia16-elf/lib/medium/regparmcall/libc.a(lib_a-locale.o)
 .text          0x0000000000000244        0x0 /usr/lib/x86_64-linux-gnu/gcc/ia16-elf/6.3.0/../../../../../ia16-elf/lib/medium/regparmcall/libc.a(lib_a-mbrtowc.o)
 .text          0x0000000000000244        0x0 /usr/lib/x86_64-linux-gnu/gcc/ia16-elf/6.3.0/../../../../../ia16-elf/lib/medium/regparmcall/libc.a(lib_a-mbtowc_r.o)
 .text          0x0000000000000244        0x0 /usr/lib/x86_64-linux-gnu/gcc/ia16-elf/6.3.0/../../../../../ia16-elf/lib/medium/regparmcall/libc.a(lib_a-memchr.o)
 .text          0x0000000000000244        0x0 /usr/lib/x86_64-linux-gnu/gcc/ia16-elf/6.3.0/../../../../../ia16-elf/lib/medium/regparmcall/libc.a(lib_a-nano-reallocr.o)
 .text          0x0000000000000244        0x0 /usr/lib/x86_64-linux-gnu/gcc/ia16-elf/6.3.0/../../../../../ia16-elf/lib/medium/regparmcall/libc.a(lib_a-putc.o)
 .text          0x0000000000000244        0x0 /usr/lib/x86_64-linux-gnu/gcc/ia16-elf/6.3.0/../../../../../ia16-elf/lib/medium/regparmcall/libc.a(lib_a-sccl.o)
 .text          0x0000000000000244        0x0 /usr/lib/x86_64-linux-gnu/gcc/ia16-elf/6.3.0/../../../../../ia16-elf/lib/medium/regparmcall/libc.a(lib_a-sprintr.o)
 .text          0x0000000000000244        0x0 /usr/lib/x86_64-linux-gnu/gcc/ia16-elf/6.3.0/../../../../../ia16-elf/lib/medium/regparmcall/libc.a(lib_a-ssprintr.o)
 .text          0x0000000000000244        0x0 /usr/lib/x86_64-linux-gnu/gcc/ia16-elf/6.3.0/../../../../../ia16-elf/lib/medium/regparmcall/libc.a(lib_a-strchr.o)
 .text          0x0000000000000244        0x0 /usr/lib/x86_64-linux-gnu/gcc/ia16-elf/6.3.0/../../../../../ia16-elf/lib/medium/regparmcall/libc.a(lib_a-strlcpy.o)
 .text          0x0000000000000244        0x0 /usr/lib/x86_64-linux-gnu/gcc/ia16-elf/6.3.0/../../../../../ia16-elf/lib/medium/regparmcall/libc.a(lib_a-strtoll_r.o)
 .text          0x0000000000000244        0x0 /usr/lib/x86_64-linux-gnu/gcc/ia16-elf/6.3.0/../../../../../ia16-elf/lib/medium/regparmcall/libc.a(lib_a-strtoul.o)
 .text          0x0000000000000244        0x0 /usr/lib/x86_64-linux-gnu/gcc/ia16-elf/6.3.0/../../../../../ia16-elf/lib/medium/regparmcall/libc.a(lib_a-strtoull_r.o)
 .text          0x0000000000000244        0x0 /usr/lib/x86_64-linux-gnu/gcc/ia16-elf/6.3.0/../../../../../ia16-elf/lib/medium/regparmcall/libc.a(lib_a-wbuf.o)
 .text          0x0000000000000244        0x0 /usr/lib/x86_64-linux-gnu/gcc/ia16-elf/6.3.0/../../../../../ia16-elf/lib/medium/regparmcall/libc.a(lib_a-wcsnrtombs.o)
 .text          0x0000000000000244        0x0 /usr/lib/x86_64-linux-gnu/gcc/ia16-elf/6.3.0/../../../../../ia16-elf/lib/medium/regparmcall/libc.a(lib_a-getenv_r.o)
 .text          0x0000000000000244        0x0 /usr/lib/x86_64-linux-gnu/gcc/ia16-elf/6.3.0/../../../../../ia16-elf/lib/medium/regparmcall/libc.a(lib_a-nano-msizer.o)
 .text          0x0000000000000244        0x0 /usr/lib/x86_64-linux-gnu/gcc/ia16-elf/6.3.0/../../../../../ia16-elf/lib/medium/regparmcall/libc.a(lib_a-envlock.o)
 .text          0x0000000000000244        0x0 /usr/lib/x86_64-linux-gnu/gcc/ia16-elf/6.3.0/medium/regparmcall/libgcc.a(_ashrsi3.o)
 .text          0x0000000000000244        0x0 /usr/lib/x86_64-linux-gnu/gcc/ia16-elf/6.3.0/medium/regparmcall/libgcc.a(_cmpsi2.o)
 .text          0x0000000000000244        0x0 /usr/lib/x86_64-linux-gnu/gcc/ia16-elf/6.3.0/medium/regparmcall/libgcc.a(_ucmpsi2.o)
 .text          0x0000000000000244        0x0 /usr/lib/x86_64-linux-gnu/gcc/ia16-elf/6.3.0/medium/regparmcall/libgcc.a(_muldi3.o)
 .text          0x0000000000000244        0x0 /usr/lib/x86_64-linux-gnu/gcc/ia16-elf/6.3.0/medium/regparmcall/libgcc.a(_lshrdi3.o)
 .text          0x0000000000000244        0x0 /usr/lib/x86_64-linux-gnu/gcc/ia16-elf/6.3.0/medium/regparmcall/libgcc.a(_ashldi3.o)
 .text          0x0000000000000244        0x0 /usr/lib/x86_64-linux-gnu/gcc/ia16-elf/6.3.0/medium/regparmcall/libgcc.a(_divdi3.o)
 .text          0x0000000000000244        0x0 /usr/lib/x86_64-linux-gnu/gcc/ia16-elf/6.3.0/medium/regparmcall/libgcc.a(_udivdi3.o)
 .text          0x0000000000000244        0x0 /usr/lib/x86_64-linux-gnu/gcc/ia16-elf/6.3.0/medium/regparmcall/libgcc.a(_umoddi3.o)
 .text          0x0000000000000244        0x0 /usr/lib/x86_64-linux-gnu/gcc/ia16-elf/6.3.0/medium/regparmcall/libgcc.a(udivsi3.o)
 .text          0x0000000000000244        0x0 /usr/lib/x86_64-linux-gnu/gcc/ia16-elf/6.3.0/medium/regparmcall/libgcc.a(umodsi3.o)
 .text          0x0000000000000244        0x0 /usr/lib/x86_64-linux-gnu/gcc/ia16-elf/6.3.0/medium/regparmcall/libgcc.a(ia16-ldivmodu.o)
 .text          0x0000000000000244        0x0 /usr/lib/x86_64-linux-gnu/gcc/ia16-elf/6.3.0/medium/regparmcall/libgcc.a(divsi3.o)
 .text          0x0000000000000244        0x0 /usr/lib/x86_64-linux-gnu/gcc/ia16-elf/6.3.0/medium/regparmcall/libgcc.a(ia16-ldivmods.o)
 .text          0x0000000000000244        0x0 /usr/lib/x86_64-linux-gnu/gcc/ia16-elf/6.3.0/medium/regparmcall/libgcc.a(ashlsi3.o)
 .text          0x0000000000000244        0x0 /usr/lib/x86_64-linux-gnu/gcc/ia16-elf/6.3.0/medium/regparmcall/libgcc.a(lshrsi3.o)
 .text          0x0000000000000244        0x0 /usr/lib/x86_64-linux-gnu/gcc/ia16-elf/6.3.0/medium/regparmcall/libgcc.a(_clz.o)
 .text          0x0000000000000244        0x0 /usr/lib/x86_64-linux-gnu/gcc/ia16-elf/6.3.0/../../../../../ia16-elf/lib/medium/regparmcall/libdos-m.a(dos-access.o)
 .text          0x0000000000000244        0x0 /usr/lib/x86_64-linux-gnu/gcc/ia16-elf/6.3.0/../../../../../ia16-elf/lib/medium/regparmcall/libdos-m.a(dos-closer.o)
 .text          0x0000000000000244        0x0 /usr/lib/x86_64-linux-gnu/gcc/ia16-elf/6.3.0/../../../../../ia16-elf/lib/medium/regparmcall/libdos-m.a(dos-environ.o)
 .text          0x0000000000000244        0x0 /usr/lib/x86_64-linux-gnu/gcc/ia16-elf/6.3.0/../../../../../ia16-elf/lib/medium/regparmcall/libdos-m.a(dos-isattyr.o)
 .text          0x0000000000000244        0x0 /usr/lib/x86_64-linux-gnu/gcc/ia16-elf/6.3.0/../../../../../ia16-elf/lib/medium/regparmcall/libdos-m.a(dos-lseekr.o)
 .text          0x0000000000000244        0x0 /usr/lib/x86_64-linux-gnu/gcc/ia16-elf/6.3.0/../../../../../ia16-elf/lib/medium/regparmcall/libdos-m.a(dos-openr.o)
 .text          0x0000000000000244        0x0 /usr/lib/x86_64-linux-gnu/gcc/ia16-elf/6.3.0/../../../../../ia16-elf/lib/medium/regparmcall/libdos-m.a(dos-readr.o)
 .text          0x0000000000000244        0x0 /usr/lib/x86_64-linux-gnu/gcc/ia16-elf/6.3.0/../../../../../ia16-elf/lib/medium/regparmcall/libdos-m.a(dos-sbrkr.o)
 .text          0x0000000000000244        0x0 /usr/lib/x86_64-linux-gnu/gcc/ia16-elf/6.3.0/../../../../../ia16-elf/lib/medium/regparmcall/libdos-m.a(dos-writer.o)
 .text          0x0000000000000244        0x0 /usr/lib/x86_64-linux-gnu/gcc/ia16-elf/6.3.0/../../../../../ia16-elf/lib/medium/regparmcall/libdos-m.a(dos-msmmabort.o)
 .text          0x0000000000000244        0x0 /usr/lib/x86_64-linux-gnu/gcc/ia16-elf/6.3.0/../../../../../ia16-elf/lib/medium/regparmcall/libdos-m.a(dos-heaplen.o)
 .text          0x0000000000000244        0x2 /usr/lib/x86_64-linux-gnu/gcc/ia16-elf/6.3.0/../../../../../ia16-elf/lib/medium/regparmcall/libdos-m.a(dos-near-data-segment.o)
                0x0000000000000244                __ia16_near_data_segment
 .text          0x0000000000000246        0x0 /usr/lib/x86_64-linux-gnu/gcc/ia16-elf/6.3.0/../../../../../ia16-elf/lib/medium/regparmcall/libc.a(lib_a-abort.o)
 *(.text.*)
                0x0000000000000246                __etext = .
                0x0000000000000250                . = ALIGN (0x10)
 *fill*         0x0000000000000246        0xa 
                0x0000000000000250                __etext_padded = .
                0x0000000000000001                ASSERT ((. <= 0x10000), Error: too large for a small or medium model .exe file.)
                0x0000000000000226                __ltext = (__etext - __stext)
                0x0000000000000230                __ltext_padded = (__etext_padded - __stext)

.fartext.00$    0x0000000000000000      0x2f0 load address 0x0000000000002360
 *(.fartext.*00 .fartext.*00$)
 .fartext.f.strtoull_r.c.33100$
                0x0000000000000000      0x2e3 /usr/lib/x86_64-linux-gnu/gcc/ia16-elf/6.3.0/../../../../../ia16-elf/lib/medium/regparmcall/libc.a(lib_a-strtoull_r.o)
                0x0000000000000000                _strtoull_r
                0x00000000000002f0                . = ALIGN (0x10)
 *fill*         0x00000000000002e3        0xd 

.fartext.01$    0x0000000000000000      0x900 load address 0x0000000000002650
 *(.fartext.*01 .fartext.*01$)
 .fartext.f.d_main.c.43201$
                0x0000000000000000      0x631 /tmp/ccBv77bx.o
                0x0000000000000000                D_PostEvent
                0x000000000000003b                D_ProcessEvents
                0x000000000000007a                getStringByIndex
                0x00000000000000b6                FixedMul
                0x00000000000000e4                FixedMul1632
                0x000000000000010e                FixedMul16u32
                0x0000000000000137                FixedMulBig1632
                0x0000000000000162                FixedMul1616
                0x0000000000000167                FixedDiv2
                0x00000000000001ab                FixedDiv
                0x000000000000024f                D_PageTicker
                0x0000000000000260                D_PageDrawer
                0x0000000000000272                D_Display
                0x0000000000000484                D_AdvanceDemo
                0x000000000000048a                D_DoAdvanceDemo
                0x000000000000053c                D_DoomLoop
                0x000000000000061e                D_DoomMain
 .fartext.f.fgetc.c.77701$
                0x0000000000000631       0xad /usr/lib/x86_64-linux-gnu/gcc/ia16-elf/6.3.0/../../../../../ia16-elf/lib/medium/regparmcall/libc.a(lib_a-fgetc.o)
                0x0000000000000631                _fgetc_r
                0x00000000000006d7                fgetc
 .fartext.f.strtoul.c.07601$
                0x00000000000006de      0x21f /usr/lib/x86_64-linux-gnu/gcc/ia16-elf/6.3.0/../../../../../ia16-elf/lib/medium/regparmcall/libc.a(lib_a-strtoul.o)
                0x00000000000006de                _strtoul_r
                0x00000000000008f1                strtoul
                0x0000000000000900                . = ALIGN (0x10)
 *fill*         0x00000000000008fd        0x3 

.fartext.02$    0x0000000000000000     0x1310 load address 0x0000000000002f50
 *(.fartext.*02 .fartext.*02$)
 .fartext.f.p_pspr.c.27602$
                0x0000000000000000      0xbad /tmp/ccvLlBlg.o
                0x0000000000000000                A_Punch
                0x00000000000000be                A_Saw
                0x00000000000001ee                A_FireMissile
                0x0000000000000210                A_FireBFG
                0x0000000000000233                P_BulletSlope
                0x00000000000002a8                P_GunShot
                0x0000000000000311                A_Light0
                0x0000000000000317                A_Light1
                0x000000000000031d                A_Light2
                0x0000000000000323                A_BFGSpray
                0x000000000000040e                A_BFGsound
                0x000000000000041b                P_SetPsprite
                0x0000000000000571                P_MovePsprites
                0x00000000000005df                A_FireCGun
                0x000000000000067c                A_FireShotgun2
                0x000000000000074a                A_FireShotgun
                0x00000000000007a8                A_FirePistol
                0x0000000000000807                A_FirePlasma
                0x000000000000084f                A_GunFlash
                0x000000000000086e                A_Raise
                0x00000000000008aa                P_DropWeapon
                0x00000000000008bb                P_CheckAmmo
                0x00000000000009c5                A_CheckReload
                0x00000000000009c8                P_FireWeapon
                0x00000000000009f6                A_ReFire
                0x0000000000000a18                A_WeaponReady
                0x0000000000000b26                P_BringUpWeapon
                0x0000000000000b6c                A_Lower
 .fartext.f.r_plane.c.44502$
                0x0000000000000bad      0x75d /tmp/ccHNyVBU.o
                0x0000000000000bad                R_MapPlane
                0x0000000000000db0                R_ClearPlanes
                0x0000000000000e66                R_FindPlane
                0x0000000000000f29                R_CheckPlane
                0x0000000000001010                R_DrawPlanes
                0x0000000000001310                . = ALIGN (0x10)
 *fill*         0x000000000000130a        0x6 

.fartext.03$    0x0000000000000000      0x430 load address 0x0000000000004260
 *(.fartext.*03 .fartext.*03$)
 .fartext.f.p_saveg.c.74603$
                0x0000000000000000        0x8 /tmp/ccg3YY3t.o
                0x0000000000000000                P_ArchivePlayers
                0x0000000000000001                P_UnArchivePlayers
                0x0000000000000002                P_ArchiveWorld
                0x0000000000000003                P_UnArchiveWorld
                0x0000000000000004                P_ArchiveThinkers
                0x0000000000000005                P_UnArchiveThinkers
                0x0000000000000006                P_ArchiveSpecials
                0x0000000000000007                P_UnArchiveSpecials
 .fartext.f.v_extra.c.11503$
                0x0000000000000008      0x1c9 /tmp/ccsejeBg.o
                0x0000000000000008                V_DrawFullscreenPatch
 .fartext.f.puts.c.61303$
                0x00000000000001d1       0x9a /usr/lib/x86_64-linux-gnu/gcc/ia16-elf/6.3.0/../../../../../ia16-elf/lib/medium/regparmcall/libc.a(lib_a-puts.o)
                0x00000000000001d1                _puts_r
                0x0000000000000264                puts
 .fartext.f.setvbuf.c.34603$
                0x000000000000026b      0x199 /usr/lib/x86_64-linux-gnu/gcc/ia16-elf/6.3.0/../../../../../ia16-elf/lib/medium/regparmcall/libc.a(lib_a-setvbuf.o)
                0x000000000000026b                setvbuf
 .fartext.s.__cmpsi2.11003$
                0x0000000000000404       0x23 /usr/lib/x86_64-linux-gnu/gcc/ia16-elf/6.3.0/medium/regparmcall/libgcc.a(_cmpsi2.o)
                0x0000000000000404                __cmpsi2
                0x0000000000000430                . = ALIGN (0x10)
 *fill*         0x0000000000000427        0x9 

.fartext.04$    0x0000000000000000       0x60 load address 0x0000000000004690
 *(.fartext.*04 .fartext.*04$)
 .fartext.f.rget.c.75004$
                0x0000000000000000       0x5c /usr/lib/x86_64-linux-gnu/gcc/ia16-elf/6.3.0/../../../../../ia16-elf/lib/medium/regparmcall/libc.a(lib_a-rget.o)
                0x0000000000000000                __srget_r
                0x0000000000000056                __srget
                0x0000000000000060                . = ALIGN (0x10)
 *fill*         0x000000000000005c        0x4 

.fartext.05$    0x0000000000000000      0x3a0 load address 0x00000000000046f0
 *(.fartext.*05 .fartext.*05$)
 .fartext.f.viprintf.c.45605$
                0x0000000000000000       0x66 /usr/lib/x86_64-linux-gnu/gcc/ia16-elf/6.3.0/../../../../../ia16-elf/lib/medium/regparmcall/libc.a(lib_a-viprintf.o)
                0x0000000000000000                viprintf
                0x0000000000000035                _viprintf_r
 .fartext.f.strtoll_r.c.45205$
                0x0000000000000066      0x32d /usr/lib/x86_64-linux-gnu/gcc/ia16-elf/6.3.0/../../../../../ia16-elf/lib/medium/regparmcall/libc.a(lib_a-strtoll_r.o)
                0x0000000000000066                _strtoll_r
                0x00000000000003a0                . = ALIGN (0x10)
 *fill*         0x0000000000000393        0xd 

.fartext.06$    0x0000000000000000      0x370 load address 0x0000000000004a90
 *(.fartext.*06 .fartext.*06$)
 .fartext.f.dmx.c.47106$
                0x0000000000000000      0x234 /tmp/ccdx0VQN.o
                0x0000000000000000                TS_ServiceScheduleIntEnabled
                0x000000000000011b                TS_FreeTaskList
                0x000000000000011c                TS_SetClockSpeed
                0x0000000000000163                TS_SetTimer
                0x000000000000018e                TS_SetTimerToMaxTaskRate
                0x000000000000019a                TS_Startup
                0x00000000000001e8                TS_ScheduleTask
                0x000000000000022b                TS_Dispatch
 .fartext.f.flags.c.47406$
                0x0000000000000234       0x72 /usr/lib/x86_64-linux-gnu/gcc/ia16-elf/6.3.0/../../../../../ia16-elf/lib/medium/regparmcall/libc.a(lib_a-flags.o)
                0x0000000000000234                __sflags
 .fartext.f.putc.c.11706$
                0x00000000000002a6       0xbe /usr/lib/x86_64-linux-gnu/gcc/ia16-elf/6.3.0/../../../../../ia16-elf/lib/medium/regparmcall/libc.a(lib_a-putc.o)
                0x0000000000000312                _putc_r
                0x000000000000035c                putc
                0x0000000000000370                . = ALIGN (0x10)
 *fill*         0x0000000000000364        0xc 

.fartext.07$    0x0000000000000000       0xb0 load address 0x0000000000004e00
 *(.fartext.*07 .fartext.*07$)
 .fartext.f.fwalk.c.72007$
                0x0000000000000000       0xa6 /usr/lib/x86_64-linux-gnu/gcc/ia16-elf/6.3.0/../../../../../ia16-elf/lib/medium/regparmcall/libc.a(lib_a-fwalk.o)
                0x0000000000000000                _fwalk
                0x0000000000000050                _fwalk_reent
                0x00000000000000b0                . = ALIGN (0x10)
 *fill*         0x00000000000000a6        0xa 

.fartext.10$    0x0000000000000000      0x290 load address 0x0000000000004eb0
 *(.fartext.*10 .fartext.*10$)
 .fartext.f.fiprintf.c.23210$
                0x0000000000000000       0x32 /usr/lib/x86_64-linux-gnu/gcc/ia16-elf/6.3.0/../../../../../ia16-elf/lib/medium/regparmcall/libc.a(lib_a-fiprintf.o)
                0x0000000000000000                _fiprintf_r
                0x0000000000000016                fiprintf
 .fartext.f.strtol.c.60110$
                0x0000000000000032      0x249 /usr/lib/x86_64-linux-gnu/gcc/ia16-elf/6.3.0/../../../../../ia16-elf/lib/medium/regparmcall/libc.a(lib_a-strtol.o)
                0x0000000000000032                _strtol_r
                0x000000000000026f                strtol
 .fartext.f.sysisatty.c.27010$
                0x000000000000027b        0x9 /usr/lib/x86_64-linux-gnu/gcc/ia16-elf/6.3.0/../../../../../ia16-elf/lib/medium/regparmcall/libc.a(lib_a-sysisatty.o)
                0x000000000000027b                isatty
                0x0000000000000290                . = ALIGN (0x10)
 *fill*         0x0000000000000284        0xc 

.fartext.11$    0x0000000000000000        0x0 load address 0x0000000000005140
 *(.fartext.*11 .fartext.*11$)
                0x0000000000000000                . = ALIGN (0x10)

.fartext.12$    0x0000000000000000      0x660 load address 0x0000000000005140
 *(.fartext.*12 .fartext.*12$)
 .fartext.f.w_init.c.54412$
                0x0000000000000000      0x1cf /tmp/ccnysXoJ.o
                0x0000000000000000                W_AddFile
                0x00000000000001b6                W_InitMultipleFiles
 .fartext.f.s_sound.c.50112$
                0x00000000000001cf       0x23 /tmp/ccd1exGC.o
                0x00000000000001cf                S_SetMusicVolume
                0x00000000000001d0                S_StopMusic
                0x00000000000001d1                S_ChangeMusic
                0x00000000000001d2                S_StartMusic
                0x00000000000001d3                S_StopChannel
                0x00000000000001d4                S_AdjustSoundParams
                0x00000000000001de                S_SetSfxVolume
                0x00000000000001df                S_PauseSound
                0x00000000000001e0                S_ResumeSound
                0x00000000000001e1                S_StopSound
                0x00000000000001e2                S_getChannel
                0x00000000000001e5                S_StartSoundAtVolume
                0x00000000000001ed                S_StartSoundFromRef
                0x00000000000001ee                S_StartSound
                0x00000000000001ef                S_StartSoundWithParams
                0x00000000000001f0                S_UpdateSounds
                0x00000000000001f1                S_Start
 .fartext.f.malloc.c.71312$
                0x00000000000001f2       0x12 /usr/lib/x86_64-linux-gnu/gcc/ia16-elf/6.3.0/../../../../../ia16-elf/lib/medium/regparmcall/libc.a(lib_a-malloc.o)
                0x00000000000001f2                malloc
                0x00000000000001fb                free
 .fartext.f.sysread.c.55712$
                0x0000000000000204        0xd /usr/lib/x86_64-linux-gnu/gcc/ia16-elf/6.3.0/../../../../../ia16-elf/lib/medium/regparmcall/libc.a(lib_a-sysread.o)
                0x0000000000000204                read
 .fartext.f.fvwrite.c.65612$
                0x0000000000000211      0x3fe /usr/lib/x86_64-linux-gnu/gcc/ia16-elf/6.3.0/../../../../../ia16-elf/lib/medium/regparmcall/libc.a(lib_a-fvwrite.o)
                0x000000000000027d                __sfvwrite_r
 .fartext.f.dos_sbrkr.c.64512$
                0x000000000000060f       0x4c /usr/lib/x86_64-linux-gnu/gcc/ia16-elf/6.3.0/../../../../../ia16-elf/lib/medium/regparmcall/libdos-m.a(dos-sbrkr.o)
                0x000000000000060f                _sbrk_r
                0x0000000000000660                . = ALIGN (0x10)
 *fill*         0x000000000000065b        0x5 

.fartext.13$    0x0000000000000000     0x1600 load address 0x00000000000057a0
 *(.fartext.*13 .fartext.*13$)
 .fartext.f.p_lights.c.13613$
                0x0000000000000000      0x572 /tmp/ccktLnb8.o
                0x0000000000000000                T_FireFlicker
                0x000000000000006d                P_SpawnFireFlicker
                0x00000000000000c9                T_LightFlash
                0x000000000000013b                P_SpawnLightFlash
                0x00000000000001bf                T_StrobeFlash
                0x0000000000000215                P_SpawnStrobeFlash
                0x00000000000002b0                EV_StartLightStrobing
                0x00000000000002e1                EV_TurnTagLightsOff
                0x00000000000003ae                EV_LightTurnOn
                0x0000000000000494                T_Glow
                0x0000000000000510                P_SpawnGlowingLight
 .fartext.f.p_maputl.c.17313$
                0x0000000000000572      0xe2a /tmp/ccs5QaER.o
                0x0000000000000572                P_AproxDistance
                0x00000000000005cf                P_PointOnLineSide
                0x0000000000000680                P_BoxOnLineSide
                0x00000000000007a4                P_PointOnDivlineSide
                0x00000000000008f1                P_InterceptVector
                0x00000000000009d0                PIT_AddThingIntercepts
                0x0000000000000add                PIT_AddLineIntercepts
                0x0000000000000c68                P_LineOpening
                0x0000000000000cbe                P_UnsetThingPosition
                0x0000000000000dba                P_SetThingPosition
                0x0000000000000ef8                P_BlockLinesIterator
                0x0000000000000f97                P_BlockThingsIterator
                0x0000000000001026                P_TraverseIntercepts
                0x00000000000010cb                P_PathTraverse
 .fartext.f.wbuf.c.15113$
                0x000000000000139c       0xe4 /usr/lib/x86_64-linux-gnu/gcc/ia16-elf/6.3.0/../../../../../ia16-elf/lib/medium/regparmcall/libc.a(lib_a-wbuf.o)
                0x000000000000139c                __swbuf_r
                0x0000000000001477                __swbuf
 .fartext.f.wcsnrtombs.c.27213$
                0x0000000000001480      0x17a /usr/lib/x86_64-linux-gnu/gcc/ia16-elf/6.3.0/../../../../../ia16-elf/lib/medium/regparmcall/libc.a(lib_a-wcsnrtombs.o)
                0x0000000000001480                _wcsnrtombs_r
                0x00000000000015e0                wcsnrtombs
                0x0000000000001600                . = ALIGN (0x10)
 *fill*         0x00000000000015fa        0x6 

.fartext.14$    0x0000000000000000       0xb0 load address 0x0000000000006da0
 *(.fartext.*14 .fartext.*14$)
 .fartext.f.f_finale.c.00014$
                0x0000000000000000        0x4 /tmp/cc0k8qMr.o
                0x0000000000000000                F_Drawer
                0x0000000000000001                F_Ticker
                0x0000000000000002                F_Responder
                0x0000000000000003                F_StartFinale
 .fartext.f.siscanf.c.63714$
                0x0000000000000004       0xa9 /usr/lib/x86_64-linux-gnu/gcc/ia16-elf/6.3.0/../../../../../ia16-elf/lib/medium/regparmcall/libc.a(lib_a-siscanf.o)
                0x0000000000000004                siscanf
                0x0000000000000058                _siscanf_r
                0x00000000000000b0                . = ALIGN (0x10)
 *fill*         0x00000000000000ad        0x3 

.fartext.15$    0x0000000000000000      0x120 load address 0x0000000000006e50
 *(.fartext.*15 .fartext.*15$)
 .fartext.s.__muldi3.27315$
                0x0000000000000000      0x113 /usr/lib/x86_64-linux-gnu/gcc/ia16-elf/6.3.0/medium/regparmcall/libgcc.a(_muldi3.o)
                0x0000000000000000                __muldi3
                0x0000000000000120                . = ALIGN (0x10)
 *fill*         0x0000000000000113        0xd 

.fartext.16$    0x0000000000000000        0x0 load address 0x0000000000006f70
 *(.fartext.*16 .fartext.*16$)
                0x0000000000000000                . = ALIGN (0x10)

.fartext.17$    0x0000000000000000      0x280 load address 0x0000000000006f70
 *(.fartext.*17 .fartext.*17$)
 .fartext.f.p_tick.c.74517$
                0x0000000000000000      0x237 /tmp/cc1GO2b1.o
                0x0000000000000000                P_GetNextThinkerRef
                0x000000000000002f                P_CreateThinker
                0x0000000000000068                P_UpdateThinkerFunc
                0x000000000000007c                P_RemoveThinker
                0x0000000000000091                P_RunThinkers
                0x00000000000001f0                P_Ticker
 .fartext.f.sysopen.c.46517$
                0x0000000000000237       0x1e /usr/lib/x86_64-linux-gnu/gcc/ia16-elf/6.3.0/../../../../../ia16-elf/lib/medium/regparmcall/libc.a(lib_a-sysopen.o)
                0x0000000000000237                open
 .fartext.s.__ucmpsi2.41017$
                0x0000000000000255       0x23 /usr/lib/x86_64-linux-gnu/gcc/ia16-elf/6.3.0/medium/regparmcall/libgcc.a(_ucmpsi2.o)
                0x0000000000000255                __ucmpsi2
                0x0000000000000280                . = ALIGN (0x10)
 *fill*         0x0000000000000278        0x8 

.fartext.20$    0x0000000000000000     0x1600 load address 0x00000000000071f0
 *(.fartext.*20 .fartext.*20$)
 .fartext.f.i_ibm.c.66620$
                0x0000000000000000      0x569 /tmp/cckN0mvM.o
                0x0000000000000000                I_WaitVBL
                0x0000000000000031                I_SetPalette
                0x0000000000000098                I_UpdateBox
                0x000000000000018d                I_UpdateNoBlit
                0x0000000000000279                I_FinishUpdate
                0x000000000000029c                I_ReadScreen
                0x00000000000002e5                I_TimerISR
                0x00000000000002fa                I_KeyboardISR
                0x0000000000000321                I_ResetMouse
                0x0000000000000339                I_ReadMouse
                0x0000000000000391                I_StartTic
                0x000000000000047e                I_Error
                0x00000000000004b1                I_BeginRead
                0x00000000000004b2                I_EndRead
                0x00000000000004b3                I_InitDiskFlash
                0x00000000000004b4                I_InitGraphics
 .fartext.f.p_doors.c.66620$
                0x0000000000000569      0x706 /tmp/ccELi7Wb.o
                0x0000000000000569                T_VerticalDoor
                0x0000000000000768                EV_DoDoor
                0x0000000000000927                EV_DoLockedDoor
                0x00000000000009aa                EV_VerticalDoor
                0x0000000000000ba9                P_SpawnDoorCloseIn30
                0x0000000000000bf8                P_SpawnDoorRaiseIn5Mins
 .fartext.s.__divdi3.34720$
                0x0000000000000c6f      0x98c /usr/lib/x86_64-linux-gnu/gcc/ia16-elf/6.3.0/medium/regparmcall/libgcc.a(_divdi3.o)
                0x0000000000000c6f                __divdi3
                0x0000000000001600                . = ALIGN (0x10)
 *fill*         0x00000000000015fb        0x5 

.fartext.21$    0x0000000000000000      0x310 load address 0x00000000000087f0
 *(.fartext.*21 .fartext.*21$)
 .fartext.f.st_setup.c.53421$
                0x0000000000000000      0x2e0 /tmp/ccM5g46M.o
                0x0000000000000000                STlib_initNum
                0x000000000000001f                STlib_initPercent
                0x0000000000000043                STlib_initMultIcon
                0x000000000000005c                ST_createWidgets
                0x000000000000026f                ST_Stop
                0x0000000000000283                ST_Start
 .fartext.f.fmalloc.c.50021$
                0x00000000000002e0       0x2f /usr/lib/x86_64-linux-gnu/gcc/ia16-elf/6.3.0/../../../../../ia16-elf/lib/medium/regparmcall/libi86.a(fmalloc.o)
                0x00000000000002e0                _fmalloc
                0x0000000000000310                . = ALIGN (0x10)
 *fill*         0x000000000000030f        0x1 

.fartext.22$    0x0000000000000000      0x600 load address 0x0000000000008b00
 *(.fartext.*22 .fartext.*22$)
 .fartext.f.errno.c.71122$
                0x0000000000000000        0x4 /usr/lib/x86_64-linux-gnu/gcc/ia16-elf/6.3.0/../../../../../ia16-elf/lib/medium/regparmcall/libc.a(lib_a-errno.o)
                0x0000000000000000                __errno
 .fartext.f.wctomb_r.c.40322$
                0x0000000000000004      0x2fa /usr/lib/x86_64-linux-gnu/gcc/ia16-elf/6.3.0/../../../../../ia16-elf/lib/medium/regparmcall/libc.a(lib_a-wctomb_r.o)
                0x0000000000000004                __ascii_wctomb
                0x0000000000000024                _wctomb_r
                0x0000000000000053                __utf8_wctomb
                0x0000000000000180                __sjis_wctomb
                0x00000000000001f4                __eucjp_wctomb
                0x0000000000000277                __jis_wctomb
 .fartext.f.__call_atexit.c.64322$
                0x00000000000002fe      0x141 /usr/lib/x86_64-linux-gnu/gcc/ia16-elf/6.3.0/../../../../../ia16-elf/lib/medium/regparmcall/libc.a(lib_a-__call_atexit.o)
                0x00000000000002fe                __call_exitprocs
 .fartext.f.jp2uc.c.11722$
                0x000000000000043f      0x1b7 /usr/lib/x86_64-linux-gnu/gcc/ia16-elf/6.3.0/../../../../../ia16-elf/lib/medium/regparmcall/libc.a(lib_a-jp2uc.o)
                0x00000000000005ac                _jp2uc
                0x0000000000000600                . = ALIGN (0x10)
 *fill*         0x00000000000005f6        0xa 

.fartext.23$    0x0000000000000000      0x100 load address 0x0000000000009100
 *(.fartext.*23 .fartext.*23$)
 .fartext.f.crtstuff.c.43723$
                0x0000000000000000       0x3c /usr/lib/x86_64-linux-gnu/gcc/ia16-elf/6.3.0/medium/regparmcall/crtbegin.o
 .fartext.f.crtstuff.c.43723$
                0x000000000000003c       0x42 /usr/lib/x86_64-linux-gnu/gcc/ia16-elf/6.3.0/medium/regparmcall/crtend.o
 .fartext.f.siprintf.c.66223$
                0x000000000000007e       0x7b /usr/lib/x86_64-linux-gnu/gcc/ia16-elf/6.3.0/../../../../../ia16-elf/lib/medium/regparmcall/libc.a(lib_a-siprintf.o)
                0x000000000000007e                _siprintf_r
                0x00000000000000b9                siprintf
                0x0000000000000100                . = ALIGN (0x10)
 *fill*         0x00000000000000f9        0x7 

.fartext.24$    0x0000000000000000      0x790 load address 0x0000000000009200
 *(.fartext.*24 .fartext.*24$)
 .fartext.f.d_init.c.40224$
                0x0000000000000000      0x76a /tmp/cc6lJHtx.o
                0x0000000000000000                D_InitStrings
                0x00000000000000aa                D_StartTitle
                0x00000000000000b9                D_GetCursorColumn
                0x00000000000000d9                D_GetCursorRow
                0x00000000000000f9                D_SetCursorPosition
                0x000000000000011a                D_DrawTitle
                0x0000000000000180                D_RedrawTitle
                0x00000000000001a5                D_AddFile
                0x00000000000001e0                IdentifyVersion
                0x0000000000000233                M_LoadDefaults
                0x000000000000035a                HU_Init
                0x000000000000039b                S_Init
                0x000000000000039c                D_InitGraphicCounts
                0x000000000000044a                D_DoomMain2
 .fartext.f.fseek.c.26324$
                0x000000000000076a       0x1c /usr/lib/x86_64-linux-gnu/gcc/ia16-elf/6.3.0/../../../../../ia16-elf/lib/medium/regparmcall/libc.a(lib_a-fseek.o)
                0x000000000000076a                _fseek_r
                0x000000000000076f                fseek
 .fartext.f.sysclose.c.64224$
                0x0000000000000786        0x9 /usr/lib/x86_64-linux-gnu/gcc/ia16-elf/6.3.0/../../../../../ia16-elf/lib/medium/regparmcall/libc.a(lib_a-sysclose.o)
                0x0000000000000786                close
                0x0000000000000790                . = ALIGN (0x10)
 *fill*         0x000000000000078f        0x1 

.fartext.25$    0x0000000000000000      0x340 load address 0x0000000000009990
 *(.fartext.*25 .fartext.*25$)
 .fartext.f.st_init.c.61625$
                0x0000000000000000      0x250 /tmp/ccTaF8PL.o
                0x0000000000000000                ST_loadGraphics
                0x000000000000021d                ST_loadData
                0x0000000000000247                ST_Init
 .fartext.f.wcrtomb.c.02225$