Archive member included to satisfy reference by file (symbol)

/usr/lib/x86_64-linux-gnu/gcc/ia16-elf/6.3.0/../../../../../ia16-elf/lib/medium/regparmcall/libi86.a(libi86-int86-do.o)
                              /tmp/ccO6zRKQ.o (__libi86_int86_do)
/usr/lib/x86_64-linux-gnu/gcc/ia16-elf/6.3.0/../../../../../ia16-elf/lib/medium/regparmcall/libi86.a(libi86-int86x-do.o)
                              /tmp/ccO6zRKQ.o (__libi86_int86x_do)
/usr/lib/x86_64-linux-gnu/gcc/ia16-elf/6.3.0/../../../../../ia16-elf/lib/medium/regparmcall/libi86.a(libi86-intr-call-0020.o)
                              /tmp/ccO6zRKQ.o (__libi86_intr_call_0020)
/usr/lib/x86_64-linux-gnu/gcc/ia16-elf/6.3.0/../../../../../ia16-elf/lib/medium/regparmcall/libi86.a(libi86-intr-call-0041.o)
                              /tmp/ccO6zRKQ.o (__libi86_intr_call_0041)
/usr/lib/x86_64-linux-gnu/gcc/ia16-elf/6.3.0/../../../../../ia16-elf/lib/medium/regparmcall/libi86.a(libi86-intr-call-0063.o)
                              /tmp/ccbH3twc.o (__libi86_intr_call_0063)
/usr/lib/x86_64-linux-gnu/gcc/ia16-elf/6.3.0/../../../../../ia16-elf/lib/medium/regparmcall/libi86.a(libi86-intr-call-0147.o)
                              /tmp/ccO6zRKQ.o (__libi86_intr_call_0147)
/usr/lib/x86_64-linux-gnu/gcc/ia16-elf/6.3.0/../../../../../ia16-elf/lib/medium/regparmcall/libi86.a(fmemcpy.o)
                              /tmp/ccKrGftc.o (_fmemcpy)
/usr/lib/x86_64-linux-gnu/gcc/ia16-elf/6.3.0/../../../../../ia16-elf/lib/medium/regparmcall/libi86.a(fmemset.o)
                              /tmp/ccbH3twc.o (_fmemset)
/usr/lib/x86_64-linux-gnu/gcc/ia16-elf/6.3.0/../../../../../ia16-elf/lib/medium/regparmcall/libi86.a(dos-getvect.o)
                              /tmp/ccD5CPQI.o (_dos_getvect)
/usr/lib/x86_64-linux-gnu/gcc/ia16-elf/6.3.0/../../../../../ia16-elf/lib/medium/regparmcall/libi86.a(dos-setvect.o)
                              /tmp/ccD5CPQI.o (_dos_setvect)
/usr/lib/x86_64-linux-gnu/gcc/ia16-elf/6.3.0/../../../../../ia16-elf/lib/medium/regparmcall/libi86.a(ffree.o)
                              /tmp/ccO6zRKQ.o (_ffree)
/usr/lib/x86_64-linux-gnu/gcc/ia16-elf/6.3.0/../../../../../ia16-elf/lib/medium/regparmcall/libi86.a(fmalloc.o)
                              /tmp/ccdDQGh7.o (_fmalloc)
/usr/lib/x86_64-linux-gnu/gcc/ia16-elf/6.3.0/../../../../../ia16-elf/lib/medium/regparmcall/libi86.a(dos-allocmem.o)
                              /usr/lib/x86_64-linux-gnu/gcc/ia16-elf/6.3.0/../../../../../ia16-elf/lib/medium/regparmcall/libi86.a(fmalloc.o) (_dos_allocmem)
/usr/lib/x86_64-linux-gnu/gcc/ia16-elf/6.3.0/../../../../../ia16-elf/lib/medium/regparmcall/libi86.a(dos-freemem.o)
                              /usr/lib/x86_64-linux-gnu/gcc/ia16-elf/6.3.0/../../../../../ia16-elf/lib/medium/regparmcall/libi86.a(ffree.o) (_dos_freemem)
/usr/lib/x86_64-linux-gnu/gcc/ia16-elf/6.3.0/../../../../../ia16-elf/lib/medium/regparmcall/libi86.a(libi86-ret-really-set-errno.o)
                              /usr/lib/x86_64-linux-gnu/gcc/ia16-elf/6.3.0/../../../../../ia16-elf/lib/medium/regparmcall/libi86.a(dos-allocmem.o) (__libi86_ret_really_set_errno)
/usr/lib/x86_64-linux-gnu/gcc/ia16-elf/6.3.0/../../../../../ia16-elf/lib/medium/regparmcall/tprtf-fw.a(t-sprintf.o)
                              /tmp/ccUD6OH4.o (sprintf)
/usr/lib/x86_64-linux-gnu/gcc/ia16-elf/6.3.0/../../../../../ia16-elf/lib/medium/regparmcall/tprtf-fw.a(t-fprintf.o)
                              /tmp/ccT8gtO1.o (fprintf)
/usr/lib/x86_64-linux-gnu/gcc/ia16-elf/6.3.0/../../../../../ia16-elf/lib/medium/regparmcall/tprtf-fw.a(t-printf.o)
                              /tmp/ccD5CPQI.o (printf)
/usr/lib/x86_64-linux-gnu/gcc/ia16-elf/6.3.0/../../../../../ia16-elf/lib/medium/regparmcall/tprtf-fw.a(t-vprintf.o)
                              /tmp/ccbH3twc.o (vprintf)
/usr/lib/x86_64-linux-gnu/gcc/ia16-elf/6.3.0/../../../../../ia16-elf/lib/medium/regparmcall/tscnf-fw.a(t-sscanf.o)
                              /tmp/ccMrHOvI.o (sscanf)
/usr/lib/x86_64-linux-gnu/gcc/ia16-elf/6.3.0/../../../../../ia16-elf/lib/medium/regparmcall/tscnf-fw.a(t-fscanf.o)
                              /tmp/ccMrHOvI.o (fscanf)
/usr/lib/x86_64-linux-gnu/gcc/ia16-elf/6.3.0/../../../../../ia16-elf/lib/medium/regparmcall/iprtf-fw.a(i-sprintf.o)
                              /usr/lib/x86_64-linux-gnu/gcc/ia16-elf/6.3.0/../../../../../ia16-elf/lib/medium/regparmcall/tprtf-fw.a(t-sprintf.o) (sprintf.impl)
/usr/lib/x86_64-linux-gnu/gcc/ia16-elf/6.3.0/../../../../../ia16-elf/lib/medium/regparmcall/iprtf-fw.a(i-fprintf.o)
                              /usr/lib/x86_64-linux-gnu/gcc/ia16-elf/6.3.0/../../../../../ia16-elf/lib/medium/regparmcall/tprtf-fw.a(t-fprintf.o) (fprintf.impl)
/usr/lib/x86_64-linux-gnu/gcc/ia16-elf/6.3.0/../../../../../ia16-elf/lib/medium/regparmcall/iprtf-fw.a(i-printf.o)
                              /usr/lib/x86_64-linux-gnu/gcc/ia16-elf/6.3.0/../../../../../ia16-elf/lib/medium/regparmcall/tprtf-fw.a(t-printf.o) (printf.impl)
[...]
Memory Configuration

Name             Origin             Length             Attributes
bseglma          0x0000000000000000 0x00000000000a0000 xw
hdrvma           0x0000000000000000 0x0000000000040020 xw
csegvma          0x0000000000000020 0x0000000000010000 xw
ft00segvma       0x0000000000000000 0x0000000000010000 xw
ft01segvma       0x0000000000000000 0x0000000000010000 xw
ft02segvma       0x0000000000000000 0x0000000000010000 xw
ft03segvma       0x0000000000000000 0x0000000000010000 xw
ft04segvma       0x0000000000000000 0x0000000000010000 xw
ft05segvma       0x0000000000000000 0x0000000000010000 xw
ft06segvma       0x0000000000000000 0x0000000000010000 xw
ft07segvma       0x0000000000000000 0x0000000000010000 xw
ft10segvma       0x0000000000000000 0x0000000000010000 xw
ft11segvma       0x0000000000000000 0x0000000000010000 xw
ft12segvma       0x0000000000000000 0x0000000000010000 xw
ft13segvma       0x0000000000000000 0x0000000000010000 xw
ft14segvma       0x0000000000000000 0x0000000000010000 xw
ft15segvma       0x0000000000000000 0x0000000000010000 xw
ft16segvma       0x0000000000000000 0x0000000000010000 xw
ft17segvma       0x0000000000000000 0x0000000000010000 xw
ft20segvma       0x0000000000000000 0x0000000000010000 xw
ft21segvma       0x0000000000000000 0x0000000000010000 xw
ft22segvma       0x0000000000000000 0x0000000000010000 xw
ft23segvma       0x0000000000000000 0x0000000000010000 xw
ft24segvma       0x0000000000000000 0x0000000000010000 xw
ft25segvma       0x0000000000000000 0x0000000000010000 xw
ft26segvma       0x0000000000000000 0x0000000000010000 xw
ft27segvma       0x0000000000000000 0x0000000000010000 xw
ft30segvma       0x0000000000000000 0x0000000000010000 xw
ft31segvma       0x0000000000000000 0x0000000000010000 xw
ft32segvma       0x0000000000000000 0x0000000000010000 xw
ft33segvma       0x0000000000000000 0x0000000000010000 xw
ft34segvma       0x0000000000000000 0x0000000000010000 xw
ft35segvma       0x0000000000000000 0x0000000000010000 xw
ft36segvma       0x0000000000000000 0x0000000000010000 xw
ft37segvma       0x0000000000000000 0x0000000000010000 xw
ft40segvma       0x0000000000000000 0x0000000000010000 xw
ft41segvma       0x0000000000000000 0x0000000000010000 xw
ft42segvma       0x0000000000000000 0x0000000000010000 xw
ft43segvma       0x0000000000000000 0x0000000000010000 xw
ft44segvma       0x0000000000000000 0x0000000000010000 xw
ft45segvma       0x0000000000000000 0x0000000000010000 xw
ft46segvma       0x0000000000000000 0x0000000000010000 xw
ft47segvma       0x0000000000000000 0x0000000000010000 xw
ft50segvma       0x0000000000000000 0x0000000000010000 xw
ft51segvma       0x0000000000000000 0x0000000000010000 xw
ft52segvma       0x0000000000000000 0x0000000000010000 xw
ft53segvma       0x0000000000000000 0x0000000000010000 xw
ft54segvma       0x0000000000000000 0x0000000000010000 xw
ft55segvma       0x0000000000000000 0x0000000000010000 xw
ft56segvma       0x0000000000000000 0x0000000000010000 xw
ft57segvma       0x0000000000000000 0x0000000000010000 xw
ft60segvma       0x0000000000000000 0x0000000000010000 xw
ft61segvma       0x0000000000000000 0x0000000000010000 xw
ft62segvma       0x0000000000000000 0x0000000000010000 xw
ft63segvma       0x0000000000000000 0x0000000000010000 xw
ft64segvma       0x0000000000000000 0x0000000000010000 xw
ft65segvma       0x0000000000000000 0x0000000000010000 xw
ft66segvma       0x0000000000000000 0x0000000000010000 xw
ft67segvma       0x0000000000000000 0x0000000000010000 xw
ft70segvma       0x0000000000000000 0x0000000000010000 xw
ft71segvma       0x0000000000000000 0x0000000000010000 xw
ft72segvma       0x0000000000000000 0x0000000000010000 xw
ft73segvma       0x0000000000000000 0x0000000000010000 xw
ft74segvma       0x0000000000000000 0x0000000000010000 xw
ft75segvma       0x0000000000000000 0x0000000000010000 xw
ft76segvma       0x0000000000000000 0x0000000000010000 xw
ft77segvma       0x0000000000000000 0x0000000000010000 xw
ftXXsegvma       0x0000000000000000 0x0000000000010000 xw
fr00segvma       0x0000000000000000 0x0000000000010000 xw
fr01segvma       0x0000000000000000 0x0000000000010000 xw
fr02segvma       0x0000000000000000 0x0000000000010000 xw
fr03segvma       0x0000000000000000 0x0000000000010000 xw
fr04segvma       0x0000000000000000 0x0000000000010000 xw
fr05segvma       0x0000000000000000 0x0000000000010000 xw
fr06segvma       0x0000000000000000 0x0000000000010000 xw
fr07segvma       0x0000000000000000 0x0000000000010000 xw
fr10segvma       0x0000000000000000 0x0000000000010000 xw
fr11segvma       0x0000000000000000 0x0000000000010000 xw
fr12segvma       0x0000000000000000 0x0000000000010000 xw
fr13segvma       0x0000000000000000 0x0000000000010000 xw
fr14segvma       0x0000000000000000 0x0000000000010000 xw
fr15segvma       0x0000000000000000 0x0000000000010000 xw
fr16segvma       0x0000000000000000 0x0000000000010000 xw
fr17segvma       0x0000000000000000 0x0000000000010000 xw
fr20segvma       0x0000000000000000 0x0000000000010000 xw
fr21segvma       0x0000000000000000 0x0000000000010000 xw
fr22segvma       0x0000000000000000 0x0000000000010000 xw
fr23segvma       0x0000000000000000 0x0000000000010000 xw
fr24segvma       0x0000000000000000 0x0000000000010000 xw
fr25segvma       0x0000000000000000 0x0000000000010000 xw
fr26segvma       0x0000000000000000 0x0000000000010000 xw
fr27segvma       0x0000000000000000 0x0000000000010000 xw
fr30segvma       0x0000000000000000 0x0000000000010000 xw
fr31segvma       0x0000000000000000 0x0000000000010000 xw
fr32segvma       0x0000000000000000 0x0000000000010000 xw
fr33segvma       0x0000000000000000 0x0000000000010000 xw
fr34segvma       0x0000000000000000 0x0000000000010000 xw
fr35segvma       0x0000000000000000 0x0000000000010000 xw
fr36segvma       0x0000000000000000 0x0000000000010000 xw
fr37segvma       0x0000000000000000 0x0000000000010000 xw
fr40segvma       0x0000000000000000 0x0000000000010000 xw
fr41segvma       0x0000000000000000 0x0000000000010000 xw
fr42segvma       0x0000000000000000 0x0000000000010000 xw
fr43segvma       0x0000000000000000 0x0000000000010000 xw
fr44segvma       0x0000000000000000 0x0000000000010000 xw
fr45segvma       0x0000000000000000 0x0000000000010000 xw
fr46segvma       0x0000000000000000 0x0000000000010000 xw
fr47segvma       0x0000000000000000 0x0000000000010000 xw
fr50segvma       0x0000000000000000 0x0000000000010000 xw
fr51segvma       0x0000000000000000 0x0000000000010000 xw
fr52segvma       0x0000000000000000 0x0000000000010000 xw
fr53segvma       0x0000000000000000 0x0000000000010000 xw
fr54segvma       0x0000000000000000 0x0000000000010000 xw
fr55segvma       0x0000000000000000 0x0000000000010000 xw
fr56segvma       0x0000000000000000 0x0000000000010000 xw
fr57segvma       0x0000000000000000 0x0000000000010000 xw
fr60segvma       0x0000000000000000 0x0000000000010000 xw
fr61segvma       0x0000000000000000 0x0000000000010000 xw
fr62segvma       0x0000000000000000 0x0000000000010000 xw
fr63segvma       0x0000000000000000 0x0000000000010000 xw
fr64segvma       0x0000000000000000 0x0000000000010000 xw
fr65segvma       0x0000000000000000 0x0000000000010000 xw
fr66segvma       0x0000000000000000 0x0000000000010000 xw
fr67segvma       0x0000000000000000 0x0000000000010000 xw
fr70segvma       0x0000000000000000 0x0000000000010000 xw
fr71segvma       0x0000000000000000 0x0000000000010000 xw
fr72segvma       0x0000000000000000 0x0000000000010000 xw
fr73segvma       0x0000000000000000 0x0000000000010000 xw
fr74segvma       0x0000000000000000 0x0000000000010000 xw
fr75segvma       0x0000000000000000 0x0000000000010000 xw
fr76segvma       0x0000000000000000 0x0000000000010000 xw
fr77segvma       0x0000000000000000 0x0000000000010000 xw
frXXsegvma       0x0000000000000000 0x0000000000010000 xw
fd00segvma       0x0000000000000000 0x0000000000010000 xw
fd01segvma       0x0000000000000000 0x0000000000010000 xw
fd02segvma       0x0000000000000000 0x0000000000010000 xw
fd03segvma       0x0000000000000000 0x0000000000010000 xw
fd04segvma       0x0000000000000000 0x0000000000010000 xw
fd05segvma       0x0000000000000000 0x0000000000010000 xw
fd06segvma       0x0000000000000000 0x0000000000010000 xw
fd07segvma       0x0000000000000000 0x0000000000010000 xw
fd10segvma       0x0000000000000000 0x0000000000010000 xw
fd11segvma       0x0000000000000000 0x0000000000010000 xw
fd12segvma       0x0000000000000000 0x0000000000010000 xw
fd13segvma       0x0000000000000000 0x0000000000010000 xw
fd14segvma       0x0000000000000000 0x0000000000010000 xw
fd15segvma       0x0000000000000000 0x0000000000010000 xw
fd16segvma       0x0000000000000000 0x0000000000010000 xw
fd17segvma       0x0000000000000000 0x0000000000010000 xw
fd20segvma       0x0000000000000000 0x0000000000010000 xw
fd21segvma       0x0000000000000000 0x0000000000010000 xw
fd22segvma       0x0000000000000000 0x0000000000010000 xw
fd23segvma       0x0000000000000000 0x0000000000010000 xw
fd24segvma       0x0000000000000000 0x0000000000010000 xw
fd25segvma       0x0000000000000000 0x0000000000010000 xw
fd26segvma       0x0000000000000000 0x0000000000010000 xw
fd27segvma       0x0000000000000000 0x0000000000010000 xw
fd30segvma       0x0000000000000000 0x0000000000010000 xw
fd31segvma       0x0000000000000000 0x0000000000010000 xw
fd32segvma       0x0000000000000000 0x0000000000010000 xw
fd33segvma       0x0000000000000000 0x0000000000010000 xw
fd34segvma       0x0000000000000000 0x0000000000010000 xw
fd35segvma       0x0000000000000000 0x0000000000010000 xw
fd36segvma       0x0000000000000000 0x0000000000010000 xw
fd37segvma       0x0000000000000000 0x0000000000010000 xw
fd40segvma       0x0000000000000000 0x0000000000010000 xw
fd41segvma       0x0000000000000000 0x0000000000010000 xw
fd42segvma       0x0000000000000000 0x0000000000010000 xw
fd43segvma       0x0000000000000000 0x0000000000010000 xw
fd44segvma       0x0000000000000000 0x0000000000010000 xw
fd45segvma       0x0000000000000000 0x0000000000010000 xw
fd46segvma       0x0000000000000000 0x0000000000010000 xw
fd47segvma       0x0000000000000000 0x0000000000010000 xw
fd50segvma       0x0000000000000000 0x0000000000010000 xw
fd51segvma       0x0000000000000000 0x0000000000010000 xw
fd52segvma       0x0000000000000000 0x0000000000010000 xw
fd53segvma       0x0000000000000000 0x0000000000010000 xw
fd54segvma       0x0000000000000000 0x0000000000010000 xw
fd55segvma       0x0000000000000000 0x0000000000010000 xw
fd56segvma       0x0000000000000000 0x0000000000010000 xw
fd57segvma       0x0000000000000000 0x0000000000010000 xw
fd60segvma       0x0000000000000000 0x0000000000010000 xw
fd61segvma       0x0000000000000000 0x0000000000010000 xw
fd62segvma       0x0000000000000000 0x0000000000010000 xw
fd63segvma       0x0000000000000000 0x0000000000010000 xw
fd64segvma       0x0000000000000000 0x0000000000010000 xw
fd65segvma       0x0000000000000000 0x0000000000010000 xw
fd66segvma       0x0000000000000000 0x0000000000010000 xw
fd67segvma       0x0000000000000000 0x0000000000010000 xw
fd70segvma       0x0000000000000000 0x0000000000010000 xw
fd71segvma       0x0000000000000000 0x0000000000010000 xw
fd72segvma       0x0000000000000000 0x0000000000010000 xw
fd73segvma       0x0000000000000000 0x0000000000010000 xw
fd74segvma       0x0000000000000000 0x0000000000010000 xw
fd75segvma       0x0000000000000000 0x0000000000010000 xw
fd76segvma       0x0000000000000000 0x0000000000010000 xw
fd77segvma       0x0000000000000000 0x0000000000010000 xw
fdXXsegvma       0x0000000000000000 0x0000000000010000 xw
dsegvma          0x0000000000000020 0x0000000000010000 xw
*default*        0x0000000000000000 0xffffffffffffffff

Linker script and memory map

LOAD /tmp/ccD5CPQI.o
LOAD /tmp/ccO6zRKQ.o
LOAD /tmp/ccxJgk0R.o
LOAD /tmp/ccbH3twc.o
LOAD /tmp/ccUD6OH4.o
LOAD /tmp/ccyFDDTd.o
LOAD /tmp/cc2EDkC0.o
LOAD /tmp/ccMrHOvI.o
LOAD /tmp/ccKrGftc.o
LOAD /tmp/cc78LUhK.o
LOAD /tmp/ccKxDij3.o
LOAD /tmp/ccmf6eTC.o
LOAD /tmp/ccdB2FfV.o
LOAD /tmp/ccT8gtO1.o
LOAD /tmp/ccXyCYzz.o
LOAD /tmp/ccT18oxA.o
LOAD /tmp/ccBJ2RYC.o
LOAD /tmp/ccHoyBmE.o
LOAD /tmp/cc9iNni2.o
LOAD /tmp/ccFHzhWg.o
LOAD /tmp/ccAXWHuP.o
LOAD /tmp/cc1qb75S.o
LOAD /tmp/ccTQ2Sye.o
LOAD /tmp/ccuviT9p.o
LOAD /tmp/ccr2c9gU.o
LOAD /tmp/ccQcfz8e.o
LOAD /tmp/ccBgbwmn.o
LOAD /tmp/ccg6njEX.o
LOAD /tmp/cc8u6Ar7.o
LOAD /tmp/cceKbaxn.o
LOAD /tmp/ccTmvXhQ.o
LOAD /tmp/ccShETSU.o
LOAD /tmp/ccwGe8Gh.o
LOAD /tmp/ccz0DJJZ.o
LOAD /tmp/ccHqKz5S.o
LOAD /tmp/ccHOk0Lw.o
LOAD /tmp/ccoNlfnm.o
LOAD /tmp/ccbFbPKB.o
LOAD /tmp/ccW28Qkd.o
LOAD /tmp/ccQRcYs7.o
LOAD /tmp/ccFaSDPa.o
LOAD /tmp/ccaxeIjN.o
LOAD /tmp/cc7sAlFe.o
LOAD /tmp/ccdluToU.o
LOAD /tmp/cccia1Qw.o
LOAD /tmp/ccS6b1yX.o
LOAD /tmp/cc5L3oj1.o
LOAD /tmp/ccxW3Dq3.o
LOAD /tmp/ccSOOGAZ.o
LOAD /tmp/ccdDQGh7.o
LOAD /tmp/cck5JGXc.o
LOAD /tmp/cckEdw5l.o
LOAD /tmp/ccJWR8p2.o
LOAD /tmp/ccRzxl18.o
LOAD /tmp/cchwDn4W.o
LOAD /tmp/ccxMMQQe.o
LOAD /tmp/ccv6B8t2.o
LOAD /tmp/ccZb17Ny.o
LOAD /tmp/cc5xSciu.o
LOAD /tmp/ccs5rKQ1.o
LOAD /tmp/ccJupNJV.o
LOAD /tmp/ccVC1HIl.o
LOAD /tmp/cczKxCb2.o
LOAD /tmp/cckeiyuX.o
LOAD /tmp/cczpMIYl.o
LOAD /tmp/ccjXZskv.o
LOAD /usr/lib/x86_64-linux-gnu/gcc/ia16-elf/6.3.0/../../../../../ia16-elf/lib/medium/regparmcall/libi86.a
LOAD /usr/lib/x86_64-linux-gnu/gcc/ia16-elf/6.3.0/../../../../../ia16-elf/lib/medium/regparmcall/libastdio.a
LOAD /usr/lib/x86_64-linux-gnu/gcc/ia16-elf/6.3.0/../../../../../ia16-elf/lib/medium/regparmcall/gprtf-fw.a
LOAD /usr/lib/x86_64-linux-gnu/gcc/ia16-elf/6.3.0/../../../../../ia16-elf/lib/medium/regparmcall/gscnf-fw.a
LOAD /usr/lib/x86_64-linux-gnu/gcc/ia16-elf/6.3.0/../../../../../ia16-elf/lib/medium/regparmcall/tprtf-fw.a
LOAD /usr/lib/x86_64-linux-gnu/gcc/ia16-elf/6.3.0/../../../../../ia16-elf/lib/medium/regparmcall/tscnf-fw.a
LOAD /usr/lib/x86_64-linux-gnu/gcc/ia16-elf/6.3.0/../../../../../ia16-elf/lib/medium/regparmcall/iprtf-fw.a
LOAD /usr/lib/x86_64-linux-gnu/gcc/ia16-elf/6.3.0/../../../../../ia16-elf/lib/medium/regparmcall/iscnf-fw.a
LOAD /usr/lib/x86_64-linux-gnu/gcc/ia16-elf/6.3.0/../../../../../ia16-elf/lib/medium/regparmcall/libfstdio.a
LOAD /usr/lib/x86_64-linux-gnu/gcc/ia16-elf/6.3.0/../../../../../ia16-elf/lib/medium/regparmcall/tprtf-fw.a
LOAD /usr/lib/x86_64-linux-gnu/gcc/ia16-elf/6.3.0/../../../../../ia16-elf/lib/medium/regparmcall/tscnf-fw.a
LOAD /usr/lib/x86_64-linux-gnu/gcc/ia16-elf/6.3.0/../../../../../ia16-elf/lib/medium/regparmcall/gprtf-fw.a
LOAD /usr/lib/x86_64-linux-gnu/gcc/ia16-elf/6.3.0/../../../../../ia16-elf/lib/medium/regparmcall/gscnf-fw.a
LOAD /usr/lib/x86_64-linux-gnu/gcc/ia16-elf/6.3.0/medium/regparmcall/crtbegin.o
LOAD /usr/lib/x86_64-linux-gnu/gcc/ia16-elf/6.3.0/medium/regparmcall/crtend.o
LOAD /usr/lib/x86_64-linux-gnu/gcc/ia16-elf/6.3.0/../../../../../ia16-elf/lib/medium/regparmcall/dos-m-c0.o
START GROUP
LOAD /usr/lib/x86_64-linux-gnu/gcc/ia16-elf/6.3.0/../../../../../ia16-elf/lib/medium/regparmcall/libc.a
LOAD /usr/lib/x86_64-linux-gnu/gcc/ia16-elf/6.3.0/medium/regparmcall/libgcc.a
LOAD /usr/lib/x86_64-linux-gnu/gcc/ia16-elf/6.3.0/../../../../../ia16-elf/lib/medium/regparmcall/libdos-m.a
LOAD /usr/lib/x86_64-linux-gnu/gcc/ia16-elf/6.3.0/../../../../../ia16-elf/lib/medium/regparmcall/libm.a
END GROUP

.head
 *(.head)
 *(.head.*)

.msdos_mz_hdr   0x0000000000000000     0x2580
                0x0000000000000000                __msdos_mz_hdr_start = .
                0x0000000000000000        0x2 SHORT 0x5a4d
                0x0000000000000002        0x2 SHORT 0x50 ((LOADADDR (.data) + SIZEOF (.data)) % 0x200)
                0x0000000000000004        0x2 SHORT 0x17c (((LOADADDR (.data) + SIZEOF (.data)) + 0x1ff) / 0x200)
                0x0000000000000006        0x2 SHORT 0x956 __msdos_mz_rels
                0x0000000000000008        0x2 SHORT 0x258 __msdos_mz_hdr_paras
                0x000000000000000a        0x2 SHORT 0x9f0 (((0x10000 - SIZEOF (.data)) - ADDR (.data)) / 0x10)
                0x000000000000000c        0x2 SHORT 0x9f0 DEFINED (__msdos_handle_v1)?0xffff:(((0x10000 - SIZEOF (.data)) - ADDR (.data)) / 0x10)
                0x000000000000000e        0x2 SHORT 0x126fd ((((LOADADDR (.data) / 0x10) - __msdos_mz_hdr_paras) - (ADDR (.data) / 0x10)) + 0x10000)
                0x0000000000000010        0x2 SHORT 0x0
                0x0000000000000012        0x2 SHORT 0x0
                0x0000000000000014        0x2 SHORT 0x20 _start
                0x0000000000000016        0x2 SHORT 0xfffe ((((LOADADDR (.text) / 0x10) - __msdos_mz_hdr_paras) - (ADDR (.text) / 0x10)) + 0x10000)
                0x0000000000000018        0x2 SHORT 0x1c (__msdos_mz_rel_start - __msdos_mz_hdr_start)
                0x000000000000001a        0x2 SHORT 0x0
 *(.msdos_mz_hdr .msdos_mz_hdr.*)
                0x000000000000001c                __msdos_mz_rel_start = .
 *(.msdos_mz_reloc .msdos_mz_reloc.*)
 .msdos_mz_reloc.0
                0x000000000000001c       0x30 /tmp/ccD5CPQI.o
 .msdos_mz_reloc.0
                0x000000000000004c       0x58 /tmp/ccO6zRKQ.o
 .msdos_mz_reloc.0
                0x00000000000000a4        0x4 /tmp/ccxJgk0R.o
 .msdos_mz_reloc.0
                0x00000000000000a8       0x38 /tmp/ccbH3twc.o
 .msdos_mz_reloc.0
                0x00000000000000e0       0x18 /tmp/ccUD6OH4.o
 .msdos_mz_reloc.0
                0x00000000000000f8      0x1e0 /tmp/ccMrHOvI.o
 .msdos_mz_reloc.0
                0x00000000000002d8       0xc8 /tmp/ccKrGftc.o
 .msdos_mz_reloc.0
                0x00000000000003a0       0x1c /tmp/cc78LUhK.o
 .msdos_mz_reloc.0
                0x00000000000003bc       0x30 /tmp/ccKxDij3.o
 .msdos_mz_reloc.0
                0x00000000000003ec       0xf0 /tmp/ccmf6eTC.o
 .msdos_mz_reloc.0
                0x00000000000004dc      0x258 /tmp/ccdB2FfV.o
 .msdos_mz_reloc.0
                0x0000000000000734       0x18 /tmp/ccT8gtO1.o
 .msdos_mz_reloc.0
                0x000000000000074c       0x60 /tmp/ccT18oxA.o
 .msdos_mz_reloc.0
                0x00000000000007ac       0x30 /tmp/ccBJ2RYC.o
 .msdos_mz_reloc.0
                0x00000000000007dc       0x50 /tmp/ccHoyBmE.o
 .msdos_mz_reloc.0
                0x000000000000082c      0x2fc /tmp/cc9iNni2.o
 .msdos_mz_reloc.0
                0x0000000000000b28       0x68 /tmp/ccFHzhWg.o
 .msdos_mz_reloc.0
                0x0000000000000b90       0x60 /tmp/ccAXWHuP.o
 .msdos_mz_reloc.0
                0x0000000000000bf0       0x50 /tmp/cc1qb75S.o
 .msdos_mz_reloc.0
                0x0000000000000c40      0x188 /tmp/ccTQ2Sye.o
 .msdos_mz_reloc.0
                0x0000000000000dc8       0x40 /tmp/ccuviT9p.o
 .msdos_mz_reloc.0
                0x0000000000000e08       0x40 /tmp/ccr2c9gU.o
 .msdos_mz_reloc.0
                0x0000000000000e48       0xd4 /tmp/ccQcfz8e.o
 .msdos_mz_reloc.0
                0x0000000000000f1c      0x194 /tmp/ccBgbwmn.o
 .msdos_mz_reloc.0
                0x00000000000010b0       0x34 /tmp/ccg6njEX.o
 .msdos_mz_reloc.0
                0x00000000000010e4       0xa8 /tmp/cc8u6Ar7.o
 .msdos_mz_reloc.0
                0x000000000000118c       0xd4 /tmp/cceKbaxn.o
 .msdos_mz_reloc.0
                0x0000000000001260      0x188 /tmp/ccTmvXhQ.o
 .msdos_mz_reloc.0
                0x00000000000013e8       0x14 /tmp/ccShETSU.o
 .msdos_mz_reloc.0
                0x00000000000013fc       0x34 /tmp/ccz0DJJZ.o
 .msdos_mz_reloc.0
                0x0000000000001430       0x2c /tmp/ccHqKz5S.o
 .msdos_mz_reloc.0
                0x000000000000145c       0xb0 /tmp/ccHOk0Lw.o
 .msdos_mz_reloc.0
                0x000000000000150c       0x78 /tmp/ccoNlfnm.o
 .msdos_mz_reloc.0
                0x0000000000001584       0x44 /tmp/ccbFbPKB.o
 .msdos_mz_reloc.0
                0x00000000000015c8       0x28 /tmp/ccW28Qkd.o
 .msdos_mz_reloc.0
                0x00000000000015f0       0x54 /tmp/ccQRcYs7.o
 .msdos_mz_reloc.0
                0x0000000000001644       0x78 /tmp/ccFaSDPa.o
 .msdos_mz_reloc.0
                0x00000000000016bc       0x44 /tmp/ccaxeIjN.o
 .msdos_mz_reloc.0
                0x0000000000001700       0x6c /tmp/cc7sAlFe.o
 .msdos_mz_reloc.0
                0x000000000000176c       0x5c /tmp/ccdluToU.o
 .msdos_mz_reloc.0
                0x00000000000017c8       0x2c /tmp/cccia1Qw.o
 .msdos_mz_reloc.0
                0x00000000000017f4       0x58 /tmp/ccS6b1yX.o
 .msdos_mz_reloc.0
                0x000000000000184c       0x18 /tmp/cc5L3oj1.o
 .msdos_mz_reloc.0
                0x0000000000001864        0xc /tmp/ccxW3Dq3.o
 .msdos_mz_reloc.0
                0x0000000000001870       0xe0 /tmp/ccSOOGAZ.o
 .msdos_mz_reloc.0
                0x0000000000001950       0x40 /tmp/ccdDQGh7.o
 .msdos_mz_reloc.0
                0x0000000000001990       0xf0 /tmp/cck5JGXc.o
 .msdos_mz_reloc.0
                0x0000000000001a80       0x80 /tmp/cckEdw5l.o
 .msdos_mz_reloc.0
                0x0000000000001b00        0x4 /tmp/ccJWR8p2.o
 .msdos_mz_reloc.0
                0x0000000000001b04       0x84 /tmp/ccRzxl18.o
 .msdos_mz_reloc.0
                0x0000000000001b88       0x1c /tmp/cchwDn4W.o
 .msdos_mz_reloc.0
                0x0000000000001ba4        0x8 /tmp/ccxMMQQe.o
 .msdos_mz_reloc.0
                0x0000000000001bac       0x28 /tmp/ccv6B8t2.o
 .msdos_mz_reloc.0
                0x0000000000001bd4        0xc /tmp/ccZb17Ny.o
 .msdos_mz_reloc.0
                0x0000000000001be0       0x40 /tmp/cczKxCb2.o
 .msdos_mz_reloc.0
                0x0000000000001c20       0x14 /tmp/ccjXZskv.o
 .msdos_mz_reloc.0
                0x0000000000001c34        0x4 /usr/lib/x86_64-linux-gnu/gcc/ia16-elf/6.3.0/../../../../../ia16-elf/lib/medium/regparmcall/libi86.a(ffree.o)
 .msdos_mz_reloc.0
                0x0000000000001c38        0x4 /usr/lib/x86_64-linux-gnu/gcc/ia16-elf/6.3.0/../../../../../ia16-elf/lib/medium/regparmcall/libi86.a(fmalloc.o)
 .msdos_mz_reloc.0
                0x0000000000001c3c        0x4 /usr/lib/x86_64-linux-gnu/gcc/ia16-elf/6.3.0/../../../../../ia16-elf/lib/medium/regparmcall/libi86.a(dos-allocmem.o)
 .msdos_mz_reloc.0
                0x0000000000001c40        0x4 /usr/lib/x86_64-linux-gnu/gcc/ia16-elf/6.3.0/../../../../../ia16-elf/lib/medium/regparmcall/libi86.a(dos-freemem.o)
 .msdos_mz_reloc.0
                0x0000000000001c44        0x4 /usr/lib/x86_64-linux-gnu/gcc/ia16-elf/6.3.0/../../../../../ia16-elf/lib/medium/regparmcall/libi86.a(libi86-ret-really-set-errno.o)
 .msdos_mz_reloc.0
                0x0000000000001c48        0x4 /usr/lib/x86_64-linux-gnu/gcc/ia16-elf/6.3.0/../../../../../ia16-elf/lib/medium/regparmcall/iprtf-fw.a(i-sprintf.o)
 .msdos_mz_reloc.0
                0x0000000000001c4c        0x4 /usr/lib/x86_64-linux-gnu/gcc/ia16-elf/6.3.0/../../../../../ia16-elf/lib/medium/regparmcall/iprtf-fw.a(i-fprintf.o)
 .msdos_mz_reloc.0
                0x0000000000001c50        0x4 /usr/lib/x86_64-linux-gnu/gcc/ia16-elf/6.3.0/../../../../../ia16-elf/lib/medium/regparmcall/iprtf-fw.a(i-printf.o)
 .msdos_mz_reloc.0
                0x0000000000001c54        0x4 /usr/lib/x86_64-linux-gnu/gcc/ia16-elf/6.3.0/../../../../../ia16-elf/lib/medium/regparmcall/iprtf-fw.a(i-vprintf.o)
 .msdos_mz_reloc.0
                0x0000000000001c58        0x4 /usr/lib/x86_64-linux-gnu/gcc/ia16-elf/6.3.0/../../../../../ia16-elf/lib/medium/regparmcall/iscnf-fw.a(i-sscanf.o)
 .msdos_mz_reloc.0
                0x0000000000001c5c        0x4 /usr/lib/x86_64-linux-gnu/gcc/ia16-elf/6.3.0/../../../../../ia16-elf/lib/medium/regparmcall/iscnf-fw.a(i-fscanf.o)
 .msdos_mz_reloc.0
                0x0000000000001c60        0x8 /usr/lib/x86_64-linux-gnu/gcc/ia16-elf/6.3.0/medium/regparmcall/crtbegin.o
 .msdos_mz_reloc.0
                0x0000000000001c68        0x4 /usr/lib/x86_64-linux-gnu/gcc/ia16-elf/6.3.0/medium/regparmcall/crtend.o
 .msdos_mz_reloc.0
                0x0000000000001c6c        0x8 /usr/lib/x86_64-linux-gnu/gcc/ia16-elf/6.3.0/../../../../../ia16-elf/lib/medium/regparmcall/dos-m-c0.o
 .msdos_mz_reloc.0
                0x0000000000001c74        0x8 /usr/lib/x86_64-linux-gnu/gcc/ia16-elf/6.3.0/../../../../../ia16-elf/lib/medium/regparmcall/libc.a(lib_a-atoi.o)
 .msdos_mz_reloc.0
                0x0000000000001c7c        0x8 /usr/lib/x86_64-linux-gnu/gcc/ia16-elf/6.3.0/../../../../../ia16-elf/lib/medium/regparmcall/libc.a(lib_a-exit.o)
 .msdos_mz_reloc.0
                0x0000000000001c84       0x14 /usr/lib/x86_64-linux-gnu/gcc/ia16-elf/6.3.0/../../../../../ia16-elf/lib/medium/regparmcall/libc.a(lib_a-fclose.o)
 .msdos_mz_reloc.0
                0x0000000000001c98        0x4 /usr/lib/x86_64-linux-gnu/gcc/ia16-elf/6.3.0/../../../../../ia16-elf/lib/medium/regparmcall/libc.a(lib_a-feof.o)
 .msdos_mz_reloc.0
                0x0000000000001c9c       0x10 /usr/lib/x86_64-linux-gnu/gcc/ia16-elf/6.3.0/../../../../../ia16-elf/lib/medium/regparmcall/libc.a(lib_a-fflush.o)
 .msdos_mz_reloc.0
                0x0000000000001cac       0x10 /usr/lib/x86_64-linux-gnu/gcc/ia16-elf/6.3.0/../../../../../ia16-elf/lib/medium/regparmcall/libc.a(lib_a-fgetc.o)
 .msdos_mz_reloc.0
                0x0000000000001cbc       0x30 /usr/lib/x86_64-linux-gnu/gcc/ia16-elf/6.3.0/../../../../../ia16-elf/lib/medium/regparmcall/libc.a(lib_a-findfp.o)
 .msdos_mz_reloc.0
                0x0000000000001cec        0x8 /usr/lib/x86_64-linux-gnu/gcc/ia16-elf/6.3.0/../../../../../ia16-elf/lib/medium/regparmcall/libc.a(lib_a-fiprintf.o)
 .msdos_mz_reloc.0
                0x0000000000001cf4        0x8 /usr/lib/x86_64-linux-gnu/gcc/ia16-elf/6.3.0/../../../../../ia16-elf/lib/medium/regparmcall/libc.a(lib_a-fiscanf.o)
 .msdos_mz_reloc.0
                0x0000000000001cfc       0x24 /usr/lib/x86_64-linux-gnu/gcc/ia16-elf/6.3.0/../../../../../ia16-elf/lib/medium/regparmcall/libc.a(lib_a-fopen.o)
 .msdos_mz_reloc.0
                0x0000000000001d20       0x1c /usr/lib/x86_64-linux-gnu/gcc/ia16-elf/6.3.0/../../../../../ia16-elf/lib/medium/regparmcall/libc.a(lib_a-fread.o)
 .msdos_mz_reloc.0
                0x0000000000001d3c        0x8 /usr/lib/x86_64-linux-gnu/gcc/ia16-elf/6.3.0/../../../../../ia16-elf/lib/medium/regparmcall/libc.a(lib_a-fseek.o)
 .msdos_mz_reloc.0
                0x0000000000001d44       0x1c /usr/lib/x86_64-linux-gnu/gcc/ia16-elf/6.3.0/../../../../../ia16-elf/lib/medium/regparmcall/libc.a(lib_a-fseeko.o)
 .msdos_mz_reloc.0
                0x0000000000001d60        0x8 /usr/lib/x86_64-linux-gnu/gcc/ia16-elf/6.3.0/../../../../../ia16-elf/lib/medium/regparmcall/libc.a(lib_a-fwrite.o)
 .msdos_mz_reloc.0
                0x0000000000001d68       0x14 /usr/lib/x86_64-linux-gnu/gcc/ia16-elf/6.3.0/../../../../../ia16-elf/lib/medium/regparmcall/libc.a(lib_a-getc.o)
 .msdos_mz_reloc.0
                0x0000000000001d7c       0x10 /usr/lib/x86_64-linux-gnu/gcc/ia16-elf/6.3.0/../../../../../ia16-elf/lib/medium/regparmcall/libc.a(lib_a-iprintf.o)
 .msdos_mz_reloc.0
                0x0000000000001d8c        0xc /usr/lib/x86_64-linux-gnu/gcc/ia16-elf/6.3.0/../../../../../ia16-elf/lib/medium/regparmcall/libc.a(lib_a-makebuf.o)
 .msdos_mz_reloc.0
                0x0000000000001d98        0x8 /usr/lib/x86_64-linux-gnu/gcc/ia16-elf/6.3.0/../../../../../ia16-elf/lib/medium/regparmcall/libc.a(lib_a-malloc.o)
 .msdos_mz_reloc.0
                0x0000000000001da0       0x10 /usr/lib/x86_64-linux-gnu/gcc/ia16-elf/6.3.0/../../../../../ia16-elf/lib/medium/regparmcall/libc.a(lib_a-nano-freer.o)
 .msdos_mz_reloc.0
                0x0000000000001db0       0x18 /usr/lib/x86_64-linux-gnu/gcc/ia16-elf/6.3.0/../../../../../ia16-elf/lib/medium/regparmcall/libc.a(lib_a-nano-mallocr.o)
 .msdos_mz_reloc.0
                0x0000000000001dc8       0x10 /usr/lib/x86_64-linux-gnu/gcc/ia16-elf/6.3.0/../../../../../ia16-elf/lib/medium/regparmcall/libc.a(lib_a-putchar.o)
 .msdos_mz_reloc.0
                0x0000000000001dd8       0x10 /usr/lib/x86_64-linux-gnu/gcc/ia16-elf/6.3.0/../../../../../ia16-elf/lib/medium/regparmcall/libc.a(lib_a-puts.o)
 .msdos_mz_reloc.0
                0x0000000000001de8       0x20 /usr/lib/x86_64-linux-gnu/gcc/ia16-elf/6.3.0/../../../../../ia16-elf/lib/medium/regparmcall/libc.a(lib_a-refill.o)
 .msdos_mz_reloc.0
                0x0000000000001e08        0x8 /usr/lib/x86_64-linux-gnu/gcc/ia16-elf/6.3.0/../../../../../ia16-elf/lib/medium/regparmcall/libc.a(lib_a-rget.o)
 .msdos_mz_reloc.0
                0x0000000000001e10        0x4 /usr/lib/x86_64-linux-gnu/gcc/ia16-elf/6.3.0/../../../../../ia16-elf/lib/medium/regparmcall/libc.a(lib_a-setbuf.o)
 .msdos_mz_reloc.0
                0x0000000000001e14       0x20 /usr/lib/x86_64-linux-gnu/gcc/ia16-elf/6.3.0/../../../../../ia16-elf/lib/medium/regparmcall/libc.a(lib_a-setvbuf.o)
 .msdos_mz_reloc.0
                0x0000000000001e34        0x8 /usr/lib/x86_64-linux-gnu/gcc/ia16-elf/6.3.0/../../../../../ia16-elf/lib/medium/regparmcall/libc.a(lib_a-siprintf.o)
 .msdos_mz_reloc.0
                0x0000000000001e3c       0x18 /usr/lib/x86_64-linux-gnu/gcc/ia16-elf/6.3.0/../../../../../ia16-elf/lib/medium/regparmcall/libc.a(lib_a-siscanf.o)
 .msdos_mz_reloc.0
                0x0000000000001e54       0x18 /usr/lib/x86_64-linux-gnu/gcc/ia16-elf/6.3.0/../../../../../ia16-elf/lib/medium/regparmcall/libc.a(lib_a-stdio.o)
 .msdos_mz_reloc.0
                0x0000000000001e6c        0x8 /usr/lib/x86_64-linux-gnu/gcc/ia16-elf/6.3.0/../../../../../ia16-elf/lib/medium/regparmcall/libc.a(lib_a-strtol.o)
 .msdos_mz_reloc.0
                0x0000000000001e74       0xa4 /usr/lib/x86_64-linux-gnu/gcc/ia16-elf/6.3.0/../../../../../ia16-elf/lib/medium/regparmcall/libc.a(lib_a-svfiprintf.o)
 .msdos_mz_reloc.0
                0x0000000000001f18       0x64 /usr/lib/x86_64-linux-gnu/gcc/ia16-elf/6.3.0/../../../../../ia16-elf/lib/medium/regparmcall/libc.a(lib_a-svfiscanf.o)
 .msdos_mz_reloc.0
                0x0000000000001f7c        0x4 /usr/lib/x86_64-linux-gnu/gcc/ia16-elf/6.3.0/../../../../../ia16-elf/lib/medium/regparmcall/libc.a(lib_a-sysclose.o)
 .msdos_mz_reloc.0
                0x0000000000001f80        0x4 /usr/lib/x86_64-linux-gnu/gcc/ia16-elf/6.3.0/../../../../../ia16-elf/lib/medium/regparmcall/libc.a(lib_a-sysisatty.o)
 .msdos_mz_reloc.0
                0x0000000000001f84        0x4 /usr/lib/x86_64-linux-gnu/gcc/ia16-elf/6.3.0/../../../../../ia16-elf/lib/medium/regparmcall/libc.a(lib_a-syslseek.o)
 .msdos_mz_reloc.0
                0x0000000000001f88        0x4 /usr/lib/x86_64-linux-gnu/gcc/ia16-elf/6.3.0/../../../../../ia16-elf/lib/medium/regparmcall/libc.a(lib_a-sysopen.o)
 .msdos_mz_reloc.0
                0x0000000000001f8c        0x4 /usr/lib/x86_64-linux-gnu/gcc/ia16-elf/6.3.0/../../../../../ia16-elf/lib/medium/regparmcall/libc.a(lib_a-sysread.o)
 .msdos_mz_reloc.0
                0x0000000000001f90        0x4 /usr/lib/x86_64-linux-gnu/gcc/ia16-elf/6.3.0/../../../../../ia16-elf/lib/medium/regparmcall/libc.a(lib_a-syswrite.o)
 .msdos_mz_reloc.0
                0x0000000000001f94       0x14 /usr/lib/x86_64-linux-gnu/gcc/ia16-elf/6.3.0/../../../../../ia16-elf/lib/medium/regparmcall/libc.a(lib_a-ungetc.o)
 .msdos_mz_reloc.0
                0x0000000000001fa8       0xa8 /usr/lib/x86_64-linux-gnu/gcc/ia16-elf/6.3.0/../../../../../ia16-elf/lib/medium/regparmcall/libc.a(lib_a-vfiprintf.o)
 .msdos_mz_reloc.0
                0x0000000000002050       0x98 /usr/lib/x86_64-linux-gnu/gcc/ia16-elf/6.3.0/../../../../../ia16-elf/lib/medium/regparmcall/libc.a(lib_a-vfiscanf.o)
 .msdos_mz_reloc.0
                0x00000000000020e8       0x10 /usr/lib/x86_64-linux-gnu/gcc/ia16-elf/6.3.0/../../../../../ia16-elf/lib/medium/regparmcall/libc.a(lib_a-viprintf.o)
 .msdos_mz_reloc.0
                0x00000000000020f8        0xc /usr/lib/x86_64-linux-gnu/gcc/ia16-elf/6.3.0/../../../../../ia16-elf/lib/medium/regparmcall/libc.a(lib_a-wcrtomb.o)
 .msdos_mz_reloc.0
                0x0000000000002104        0x8 /usr/lib/x86_64-linux-gnu/gcc/ia16-elf/6.3.0/../../../../../ia16-elf/lib/medium/regparmcall/libc.a(lib_a-wcsrtombs.o)
 .msdos_mz_reloc.0
                0x000000000000210c        0x8 /usr/lib/x86_64-linux-gnu/gcc/ia16-elf/6.3.0/../../../../../ia16-elf/lib/medium/regparmcall/libc.a(lib_a-wctomb_r.o)
 .msdos_mz_reloc.0
                0x0000000000002114        0xc /usr/lib/x86_64-linux-gnu/gcc/ia16-elf/6.3.0/../../../../../ia16-elf/lib/medium/regparmcall/libc.a(lib_a-wsetup.o)
 .msdos_mz_reloc.0
                0x0000000000002120        0xc /usr/lib/x86_64-linux-gnu/gcc/ia16-elf/6.3.0/../../../../../ia16-elf/lib/medium/regparmcall/libc.a(lib_a-__call_atexit.o)
 .msdos_mz_reloc.0
                0x000000000000212c       0x38 /usr/lib/x86_64-linux-gnu/gcc/ia16-elf/6.3.0/../../../../../ia16-elf/lib/medium/regparmcall/libc.a(lib_a-fvwrite.o)
 .msdos_mz_reloc.0
                0x0000000000002164        0x4 /usr/lib/x86_64-linux-gnu/gcc/ia16-elf/6.3.0/../../../../../ia16-elf/lib/medium/regparmcall/libc.a(lib_a-iswspace.o)
 .msdos_mz_reloc.0
                0x0000000000002168       0x18 /usr/lib/x86_64-linux-gnu/gcc/ia16-elf/6.3.0/../../../../../ia16-elf/lib/medium/regparmcall/libc.a(lib_a-jp2uc.o)
 .msdos_mz_reloc.0
                0x0000000000002180      0x144 /usr/lib/x86_64-linux-gnu/gcc/ia16-elf/6.3.0/../../../../../ia16-elf/lib/medium/regparmcall/libc.a(lib_a-locale.o)
 .msdos_mz_reloc.0
                0x00000000000022c4        0xc /usr/lib/x86_64-linux-gnu/gcc/ia16-elf/6.3.0/../../../../../ia16-elf/lib/medium/regparmcall/libc.a(lib_a-mbrtowc.o)
 .msdos_mz_reloc.0
                0x00000000000022d0        0x8 /usr/lib/x86_64-linux-gnu/gcc/ia16-elf/6.3.0/../../../../../ia16-elf/lib/medium/regparmcall/libc.a(lib_a-mbtowc_r.o)
 .msdos_mz_reloc.0
                0x00000000000022d8       0x18 /usr/lib/x86_64-linux-gnu/gcc/ia16-elf/6.3.0/../../../../../ia16-elf/lib/medium/regparmcall/libc.a(lib_a-nano-reallocr.o)
 .msdos_mz_reloc.0
                0x00000000000022f0        0x8 /usr/lib/x86_64-linux-gnu/gcc/ia16-elf/6.3.0/../../../../../ia16-elf/lib/medium/regparmcall/libc.a(lib_a-putc.o)
 .msdos_mz_reloc.0
                0x00000000000022f8        0x4 /usr/lib/x86_64-linux-gnu/gcc/ia16-elf/6.3.0/../../../../../ia16-elf/lib/medium/regparmcall/libc.a(lib_a-sprintr.o)
 .msdos_mz_reloc.0
                0x00000000000022fc       0x14 /usr/lib/x86_64-linux-gnu/gcc/ia16-elf/6.3.0/../../../../../ia16-elf/lib/medium/regparmcall/libc.a(lib_a-ssprintr.o)
 .msdos_mz_reloc.0
                0x0000000000002310       0x10 /usr/lib/x86_64-linux-gnu/gcc/ia16-elf/6.3.0/../../../../../ia16-elf/lib/medium/regparmcall/libc.a(lib_a-strtoll_r.o)
 .msdos_mz_reloc.0
                0x0000000000002320        0x8 /usr/lib/x86_64-linux-gnu/gcc/ia16-elf/6.3.0/../../../../../ia16-elf/lib/medium/regparmcall/libc.a(lib_a-strtoul.o)
 .msdos_mz_reloc.0
                0x0000000000002328       0x10 /usr/lib/x86_64-linux-gnu/gcc/ia16-elf/6.3.0/../../../../../ia16-elf/lib/medium/regparmcall/libc.a(lib_a-strtoull_r.o)
 .msdos_mz_reloc.0
                0x0000000000002338       0x10 /usr/lib/x86_64-linux-gnu/gcc/ia16-elf/6.3.0/../../../../../ia16-elf/lib/medium/regparmcall/libc.a(lib_a-wbuf.o)
 .msdos_mz_reloc.0
                0x0000000000002348        0x8 /usr/lib/x86_64-linux-gnu/gcc/ia16-elf/6.3.0/../../../../../ia16-elf/lib/medium/regparmcall/libc.a(lib_a-wcsnrtombs.o)
 .msdos_mz_reloc.0
                0x0000000000002350       0x10 /usr/lib/x86_64-linux-gnu/gcc/ia16-elf/6.3.0/../../../../../ia16-elf/lib/medium/regparmcall/libc.a(lib_a-getenv_r.o)
 .msdos_mz_reloc.0
                0x0000000000002360       0x10 /usr/lib/x86_64-linux-gnu/gcc/ia16-elf/6.3.0/medium/regparmcall/libgcc.a(_lshrdi3.o)
 .msdos_mz_reloc.0
                0x0000000000002370       0x10 /usr/lib/x86_64-linux-gnu/gcc/ia16-elf/6.3.0/medium/regparmcall/libgcc.a(_ashldi3.o)
 .msdos_mz_reloc.0
                0x0000000000002380       0x90 /usr/lib/x86_64-linux-gnu/gcc/ia16-elf/6.3.0/medium/regparmcall/libgcc.a(_divdi3.o)
 .msdos_mz_reloc.0
                0x0000000000002410       0x90 /usr/lib/x86_64-linux-gnu/gcc/ia16-elf/6.3.0/medium/regparmcall/libgcc.a(_udivdi3.o)
 .msdos_mz_reloc.0
                0x00000000000024a0       0xa0 /usr/lib/x86_64-linux-gnu/gcc/ia16-elf/6.3.0/medium/regparmcall/libgcc.a(_umoddi3.o)
 .msdos_mz_reloc.0
                0x0000000000002540        0xc /usr/lib/x86_64-linux-gnu/gcc/ia16-elf/6.3.0/../../../../../ia16-elf/lib/medium/regparmcall/libdos-m.a(dos-access.o)
 .msdos_mz_reloc.0
                0x000000000000254c        0xc /usr/lib/x86_64-linux-gnu/gcc/ia16-elf/6.3.0/../../../../../ia16-elf/lib/medium/regparmcall/libdos-m.a(dos-openr.o)
 .msdos_mz_reloc.0
                0x0000000000002558        0x4 /usr/lib/x86_64-linux-gnu/gcc/ia16-elf/6.3.0/../../../../../ia16-elf/lib/medium/regparmcall/libdos-m.a(dos-sbrkr.o)
 .msdos_mz_reloc.0
                0x000000000000255c        0x4 /usr/lib/x86_64-linux-gnu/gcc/ia16-elf/6.3.0/../../../../../ia16-elf/lib/medium/regparmcall/libdos-m.a(dos-msmmabort.o)
 .msdos_mz_reloc.0
                0x0000000000002560        0x4 /usr/lib/x86_64-linux-gnu/gcc/ia16-elf/6.3.0/../../../../../ia16-elf/lib/medium/regparmcall/libdos-m.a(dos-near-data-segment.o)
 .msdos_mz_reloc.0
                0x0000000000002564       0x10 /usr/lib/x86_64-linux-gnu/gcc/ia16-elf/6.3.0/../../../../../ia16-elf/lib/medium/regparmcall/libc.a(lib_a-abort.o)
                0x0000000000002574                __msdos_mz_rel_end = .
                0x0000000000000956                __msdos_mz_rels = ((. - __msdos_mz_rel_start) / 0x4)
                0x0000000000002574                . = DEFINED (__msdos_handle_v1)?ALIGN (0x200):.
                0x0000000000000258                __msdos_mz_hdr_paras = (((. - __msdos_mz_hdr_start) + 0xf) / 0x10)
                0x0000000000002580                . = ALIGN (0x10)
 *fill*         0x0000000000002574        0xc 
                0x0000000000000001                ASSERT ((((__msdos_mz_rel_end - __msdos_mz_rel_start) % 0x4) == 0x0), Error: MZ relocations are not 4-byte aligned)
                0x0000000000000001                ASSERT ((__msdos_mz_rels <= 0xffff), Error: too many MZ relocations)

.text           0x0000000000000020      0x230 load address 0x0000000000002580
                0x0000000000000020                __stext = .
 *(.startupA)
 .startupA      0x0000000000000020        0x0 /usr/lib/x86_64-linux-gnu/gcc/ia16-elf/6.3.0/../../../../../ia16-elf/lib/medium/regparmcall/dos-m-c0.o
                0x0000000000000020                _start
 *(.startupB)
 *(.startupC)
 .startupC      0x0000000000000020        0x8 /usr/lib/x86_64-linux-gnu/gcc/ia16-elf/6.3.0/../../../../../ia16-elf/lib/medium/regparmcall/dos-m-c0.o
 *(.msdos_init)
 *(.msdos_init.*)
 *(.msdos_initA)
 *(.msdos_initA.*)
 *(.startupD)
 .startupD      0x0000000000000028        0xf /usr/lib/x86_64-linux-gnu/gcc/ia16-elf/6.3.0/../../../../../ia16-elf/lib/medium/regparmcall/dos-m-c0.o
 *(.msdos_initB)
 *(.msdos_initB.*)
 *(.startupE)
 .startupE      0x0000000000000037       0xab /usr/lib/x86_64-linux-gnu/gcc/ia16-elf/6.3.0/../../../../../ia16-elf/lib/medium/regparmcall/dos-m-c0.o
 *(.preinit)
 .preinit       0x00000000000000e2        0x4 /usr/lib/x86_64-linux-gnu/gcc/ia16-elf/6.3.0/../../../../../ia16-elf/lib/medium/regparmcall/libdos-m.a(dos-environ.o)
 *(.preinit.*)
 *(.init)
 .init          0x00000000000000e6        0x5 /usr/lib/x86_64-linux-gnu/gcc/ia16-elf/6.3.0/medium/regparmcall/crtbegin.o
 .init          0x00000000000000eb        0x5 /usr/lib/x86_64-linux-gnu/gcc/ia16-elf/6.3.0/medium/regparmcall/crtend.o
 *(.startupF)
 .startupF      0x00000000000000f0       0x7a /usr/lib/x86_64-linux-gnu/gcc/ia16-elf/6.3.0/../../../../../ia16-elf/lib/medium/regparmcall/dos-m-c0.o
 *(.exitA)
 .exitA         0x000000000000016a        0x1 /usr/lib/x86_64-linux-gnu/gcc/ia16-elf/6.3.0/../../../../../ia16-elf/lib/medium/regparmcall/dos-m-c0.o
                0x000000000000016a                _exit
 *(.fini)
 .fini          0x000000000000016b        0x5 /usr/lib/x86_64-linux-gnu/gcc/ia16-elf/6.3.0/medium/regparmcall/crtbegin.o
 *(.exitB)
 .exitB         0x0000000000000170        0x5 /usr/lib/x86_64-linux-gnu/gcc/ia16-elf/6.3.0/../../../../../ia16-elf/lib/medium/regparmcall/dos-m-c0.o
                0x0000000000000171                __msdos_crt_exit
 *(.text)
 .text          0x0000000000000175        0x0 /tmp/ccD5CPQI.o
 .text          0x0000000000000175        0x0 /tmp/ccO6zRKQ.o
 .text          0x0000000000000175        0x0 /tmp/ccxJgk0R.o
 .text          0x0000000000000175        0x0 /tmp/ccbH3twc.o
 .text          0x0000000000000175        0x0 /tmp/ccUD6OH4.o
 .text          0x0000000000000175        0x0 /tmp/ccyFDDTd.o
 .text          0x0000000000000175        0x0 /tmp/cc2EDkC0.o
 .text          0x0000000000000175        0x0 /tmp/ccMrHOvI.o
 .text          0x0000000000000175        0x0 /tmp/ccKrGftc.o
 .text          0x0000000000000175        0x0 /tmp/cc78LUhK.o
 .text          0x0000000000000175        0x0 /tmp/ccKxDij3.o
 .text          0x0000000000000175        0x0 /tmp/ccmf6eTC.o
 .text          0x0000000000000175        0x0 /tmp/ccdB2FfV.o
 .text          0x0000000000000175        0x0 /tmp/ccT8gtO1.o
 .text          0x0000000000000175        0x0 /tmp/ccXyCYzz.o
 .text          0x0000000000000175        0x0 /tmp/ccT18oxA.o
 .text          0x0000000000000175        0x0 /tmp/ccBJ2RYC.o
 .text          0x0000000000000175        0x0 /tmp/ccHoyBmE.o
 .text          0x0000000000000175        0x0 /tmp/cc9iNni2.o
 .text          0x0000000000000175        0x0 /tmp/ccFHzhWg.o
 .text          0x0000000000000175        0x0 /tmp/ccAXWHuP.o
 .text          0x0000000000000175        0x0 /tmp/cc1qb75S.o
 .text          0x0000000000000175        0x0 /tmp/ccTQ2Sye.o
 .text          0x0000000000000175        0x0 /tmp/ccuviT9p.o
 .text          0x0000000000000175        0x0 /tmp/ccr2c9gU.o
 .text          0x0000000000000175        0x0 /tmp/ccQcfz8e.o
 .text          0x0000000000000175        0x0 /tmp/ccBgbwmn.o
 .text          0x0000000000000175        0x0 /tmp/ccg6njEX.o
 .text          0x0000000000000175        0x0 /tmp/cc8u6Ar7.o
 .text          0x0000000000000175        0x0 /tmp/cceKbaxn.o
 .text          0x0000000000000175        0x0 /tmp/ccTmvXhQ.o
 .text          0x0000000000000175        0x0 /tmp/ccShETSU.o
 .text          0x0000000000000175        0x0 /tmp/ccwGe8Gh.o
 .text          0x0000000000000175        0x0 /tmp/ccz0DJJZ.o
 .text          0x0000000000000175        0x0 /tmp/ccHqKz5S.o
 .text          0x0000000000000175        0x0 /tmp/ccHOk0Lw.o
 .text          0x0000000000000175        0x0 /tmp/ccoNlfnm.o
 .text          0x0000000000000175        0x0 /tmp/ccbFbPKB.o
 .text          0x0000000000000175        0x0 /tmp/ccW28Qkd.o
 .text          0x0000000000000175        0x0 /tmp/ccQRcYs7.o
 .text          0x0000000000000175        0x0 /tmp/ccFaSDPa.o
 .text          0x0000000000000175        0x0 /tmp/ccaxeIjN.o
 .text          0x0000000000000175        0x0 /tmp/cc7sAlFe.o
 .text          0x0000000000000175        0x0 /tmp/ccdluToU.o
 .text          0x0000000000000175        0x0 /tmp/cccia1Qw.o
 .text          0x0000000000000175        0x0 /tmp/ccS6b1yX.o
 .text          0x0000000000000175        0x0 /tmp/cc5L3oj1.o
 .text          0x0000000000000175        0x0 /tmp/ccxW3Dq3.o
 .text          0x0000000000000175        0x0 /tmp/ccSOOGAZ.o
 .text          0x0000000000000175        0x0 /tmp/ccdDQGh7.o
 .text          0x0000000000000175        0x0 /tmp/cck5JGXc.o
 .text          0x0000000000000175        0x0 /tmp/cckEdw5l.o
 .text          0x0000000000000175        0x0 /tmp/ccJWR8p2.o
 .text          0x0000000000000175        0x0 /tmp/ccRzxl18.o
 .text          0x0000000000000175        0x0 /tmp/cchwDn4W.o
 .text          0x0000000000000175        0x0 /tmp/ccxMMQQe.o
 .text          0x0000000000000175        0x0 /tmp/ccv6B8t2.o
 .text          0x0000000000000175        0x0 /tmp/ccZb17Ny.o
 .text          0x0000000000000175        0x0 /tmp/cc5xSciu.o
 .text          0x0000000000000175        0x0 /tmp/ccs5rKQ1.o
 .text          0x0000000000000175        0x0 /tmp/ccJupNJV.o
 .text          0x0000000000000175        0x0 /tmp/ccVC1HIl.o
 .text          0x0000000000000175        0x0 /tmp/cczKxCb2.o
 .text          0x0000000000000175        0x0 /tmp/cckeiyuX.o
 .text          0x0000000000000175        0x0 /tmp/cczpMIYl.o
 .text          0x0000000000000175        0x0 /tmp/ccjXZskv.o
 .text          0x0000000000000175       0x54 /usr/lib/x86_64-linux-gnu/gcc/ia16-elf/6.3.0/../../../../../ia16-elf/lib/medium/regparmcall/libi86.a(libi86-int86-do.o)
                0x0000000000000175                __libi86_int86_do
 .text          0x00000000000001c9       0x6f /usr/lib/x86_64-linux-gnu/gcc/ia16-elf/6.3.0/../../../../../ia16-elf/lib/medium/regparmcall/libi86.a(libi86-int86x-do.o)
                0x00000000000001c9                __libi86_int86x_do
 .text          0x0000000000000238        0x3 /usr/lib/x86_64-linux-gnu/gcc/ia16-elf/6.3.0/../../../../../ia16-elf/lib/medium/regparmcall/libi86.a(libi86-intr-call-0020.o)
                0x0000000000000238                __libi86_intr_call_0020
 .text          0x000000000000023b        0x3 /usr/lib/x86_64-linux-gnu/gcc/ia16-elf/6.3.0/../../../../../ia16-elf/lib/medium/regparmcall/libi86.a(libi86-intr-call-0041.o)
                0x000000000000023b                __libi86_intr_call_0041
 .text          0x000000000000023e        0x3 /usr/lib/x86_64-linux-gnu/gcc/ia16-elf/6.3.0/../../../../../ia16-elf/lib/medium/regparmcall/libi86.a(libi86-intr-call-0063.o)
                0x000000000000023e                __libi86_intr_call_0063
 .text          0x0000000000000241        0x3 /usr/lib/x86_64-linux-gnu/gcc/ia16-elf/6.3.0/../../../../../ia16-elf/lib/medium/regparmcall/libi86.a(libi86-intr-call-0147.o)
                0x0000000000000241                __libi86_intr_call_0147
 .text          0x0000000000000244        0x0 /usr/lib/x86_64-linux-gnu/gcc/ia16-elf/6.3.0/../../../../../ia16-elf/lib/medium/regparmcall/libi86.a(fmemcpy.o)
 .text          0x0000000000000244        0x0 /usr/lib/x86_64-linux-gnu/gcc/ia16-elf/6.3.0/../../../../../ia16-elf/lib/medium/regparmcall/libi86.a(fmemset.o)
 .text          0x0000000000000244        0x0 /usr/lib/x86_64-linux-gnu/gcc/ia16-elf/6.3.0/../../../../../ia16-elf/lib/medium/regparmcall/libi86.a(dos-getvect.o)
 .text          0x0000000000000244        0x0 /usr/lib/x86_64-linux-gnu/gcc/ia16-elf/6.3.0/../../../../../ia16-elf/lib/medium/regparmcall/libi86.a(dos-setvect.o)
 .text          0x0000000000000244        0x0 /usr/lib/x86_64-linux-gnu/gcc/ia16-elf/6.3.0/../../../../../ia16-elf/lib/medium/regparmcall/libi86.a(ffree.o)
 .text          0x0000000000000244        0x0 /usr/lib/x86_64-linux-gnu/gcc/ia16-elf/6.3.0/../../../../../ia16-elf/lib/medium/regparmcall/libi86.a(fmalloc.o)
 .text          0x0000000000000244        0x0 /usr/lib/x86_64-linux-gnu/gcc/ia16-elf/6.3.0/../../../../../ia16-elf/lib/medium/regparmcall/libi86.a(dos-allocmem.o)
 .text          0x0000000000000244        0x0 /usr/lib/x86_64-linux-gnu/gcc/ia16-elf/6.3.0/../../../../../ia16-elf/lib/medium/regparmcall/libi86.a(dos-freemem.o)
 .text          0x0000000000000244        0x0 /usr/lib/x86_64-linux-gnu/gcc/ia16-elf/6.3.0/../../../../../ia16-elf/lib/medium/regparmcall/libi86.a(libi86-ret-really-set-errno.o)
 .text          0x0000000000000244        0x0 /usr/lib/x86_64-linux-gnu/gcc/ia16-elf/6.3.0/../../../../../ia16-elf/lib/medium/regparmcall/tprtf-fw.a(t-sprintf.o)
 .text          0x0000000000000244        0x0 /usr/lib/x86_64-linux-gnu/gcc/ia16-elf/6.3.0/../../../../../ia16-elf/lib/medium/regparmcall/tprtf-fw.a(t-fprintf.o)
 .text          0x0000000000000244        0x0 /usr/lib/x86_64-linux-gnu/gcc/ia16-elf/6.3.0/../../../../../ia16-elf/lib/medium/regparmcall/tprtf-fw.a(t-printf.o)
 .text          0x0000000000000244        0x0 /usr/lib/x86_64-linux-gnu/gcc/ia16-elf/6.3.0/../../../../../ia16-elf/lib/medium/regparmcall/tprtf-fw.a(t-vprintf.o)
 .text          0x0000000000000244        0x0 /usr/lib/x86_64-linux-gnu/gcc/ia16-elf/6.3.0/../../../../../ia16-elf/lib/medium/regparmcall/tscnf-fw.a(t-sscanf.o)
 .text          0x0000000000000244        0x0 /usr/lib/x86_64-linux-gnu/gcc/ia16-elf/6.3.0/../../../../../ia16-elf/lib/medium/regparmcall/tscnf-fw.a(t-fscanf.o)
 .text          0x0000000000000244        0x0 /usr/lib/x86_64-linux-gnu/gcc/ia16-elf/6.3.0/../../../../../ia16-elf/lib/medium/regparmcall/iprtf-fw.a(i-sprintf.o)
 .text          0x0000000000000244        0x0 /usr/lib/x86_64-linux-gnu/gcc/ia16-elf/6.3.0/../../../../../ia16-elf/lib/medium/regparmcall/iprtf-fw.a(i-fprintf.o)
 .text          0x0000000000000244        0x0 /usr/lib/x86_64-linux-gnu/gcc/ia16-elf/6.3.0/../../../../../ia16-elf/lib/medium/regparmcall/iprtf-fw.a(i-printf.o)
 .text          0x0000000000000244        0x0 /usr/lib/x86_64-linux-gnu/gcc/ia16-elf/6.3.0/../../../../../ia16-elf/lib/medium/regparmcall/iprtf-fw.a(i-vprintf.o)
 .text          0x0000000000000244        0x0 /usr/lib/x86_64-linux-gnu/gcc/ia16-elf/6.3.0/../../../../../ia16-elf/lib/medium/regparmcall/iscnf-fw.a(i-sscanf.o)
 .text          0x0000000000000244        0x0 /usr/lib/x86_64-linux-gnu/gcc/ia16-elf/6.3.0/../../../../../ia16-elf/lib/medium/regparmcall/iscnf-fw.a(i-fscanf.o)
 .text          0x0000000000000244        0x0 /usr/lib/x86_64-linux-gnu/gcc/ia16-elf/6.3.0/medium/regparmcall/crtbegin.o
 .text          0x0000000000000244        0x0 /usr/lib/x86_64-linux-gnu/gcc/ia16-elf/6.3.0/medium/regparmcall/crtend.o
 .text          0x0000000000000244        0x0 /usr/lib/x86_64-linux-gnu/gcc/ia16-elf/6.3.0/../../../../../ia16-elf/lib/medium/regparmcall/dos-m-c0.o
 .text          0x0000000000000244        0x0 /usr/lib/x86_64-linux-gnu/gcc/ia16-elf/6.3.0/../../../../../ia16-elf/lib/medium/regparmcall/libc.a(lib_a-atoi.o)
 .text          0x0000000000000244        0x0 /usr/lib/x86_64-linux-gnu/gcc/ia16-elf/6.3.0/../../../../../ia16-elf/lib/medium/regparmcall/libc.a(lib_a-ctype_.o)
 .text          0x0000000000000244        0x0 /usr/lib/x86_64-linux-gnu/gcc/ia16-elf/6.3.0/../../../../../ia16-elf/lib/medium/regparmcall/libc.a(lib_a-errno.o)
 .text          0x0000000000000244        0x0 /usr/lib/x86_64-linux-gnu/gcc/ia16-elf/6.3.0/../../../../../ia16-elf/lib/medium/regparmcall/libc.a(lib_a-exit.o)
 .text          0x0000000000000244        0x0 /usr/lib/x86_64-linux-gnu/gcc/ia16-elf/6.3.0/../../../../../ia16-elf/lib/medium/regparmcall/libc.a(lib_a-fclose.o)
 .text          0x0000000000000244        0x0 /usr/lib/x86_64-linux-gnu/gcc/ia16-elf/6.3.0/../../../../../ia16-elf/lib/medium/regparmcall/libc.a(lib_a-feof.o)
 .text          0x0000000000000244        0x0 /usr/lib/x86_64-linux-gnu/gcc/ia16-elf/6.3.0/../../../../../ia16-elf/lib/medium/regparmcall/libc.a(lib_a-fflush.o)
 .text          0x0000000000000244        0x0 /usr/lib/x86_64-linux-gnu/gcc/ia16-elf/6.3.0/../../../../../ia16-elf/lib/medium/regparmcall/libc.a(lib_a-fgetc.o)
 .text          0x0000000000000244        0x0 /usr/lib/x86_64-linux-gnu/gcc/ia16-elf/6.3.0/../../../../../ia16-elf/lib/medium/regparmcall/libc.a(lib_a-findfp.o)
 .text          0x0000000000000244        0x0 /usr/lib/x86_64-linux-gnu/gcc/ia16-elf/6.3.0/../../../../../ia16-elf/lib/medium/regparmcall/libc.a(lib_a-fiprintf.o)
 .text          0x0000000000000244        0x0 /usr/lib/x86_64-linux-gnu/gcc/ia16-elf/6.3.0/../../../../../ia16-elf/lib/medium/regparmcall/libc.a(lib_a-fiscanf.o)
 .text          0x0000000000000244        0x0 /usr/lib/x86_64-linux-gnu/gcc/ia16-elf/6.3.0/../../../../../ia16-elf/lib/medium/regparmcall/libc.a(lib_a-fopen.o)
 .text          0x0000000000000244        0x0 /usr/lib/x86_64-linux-gnu/gcc/ia16-elf/6.3.0/../../../../../ia16-elf/lib/medium/regparmcall/libc.a(lib_a-fread.o)
 .text          0x0000000000000244        0x0 /usr/lib/x86_64-linux-gnu/gcc/ia16-elf/6.3.0/../../../../../ia16-elf/lib/medium/regparmcall/libc.a(lib_a-fseek.o)
 .text          0x0000000000000244        0x0 /usr/lib/x86_64-linux-gnu/gcc/ia16-elf/6.3.0/../../../../../ia16-elf/lib/medium/regparmcall/libc.a(lib_a-fseeko.o)
 .text          0x0000000000000244        0x0 /usr/lib/x86_64-linux-gnu/gcc/ia16-elf/6.3.0/../../../../../ia16-elf/lib/medium/regparmcall/libc.a(lib_a-fwalk.o)
 .text          0x0000000000000244        0x0 /usr/lib/x86_64-linux-gnu/gcc/ia16-elf/6.3.0/../../../../../ia16-elf/lib/medium/regparmcall/libc.a(lib_a-fwrite.o)
 .text          0x0000000000000244        0x0 /usr/lib/x86_64-linux-gnu/gcc/ia16-elf/6.3.0/../../../../../ia16-elf/lib/medium/regparmcall/libc.a(lib_a-getc.o)
 .text          0x0000000000000244        0x0 /usr/lib/x86_64-linux-gnu/gcc/ia16-elf/6.3.0/../../../../../ia16-elf/lib/medium/regparmcall/libc.a(lib_a-impure.o)
 .text          0x0000000000000244        0x0 /usr/lib/x86_64-linux-gnu/gcc/ia16-elf/6.3.0/../../../../../ia16-elf/lib/medium/regparmcall/libc.a(lib_a-iprintf.o)
 .text          0x0000000000000244        0x0 /usr/lib/x86_64-linux-gnu/gcc/ia16-elf/6.3.0/../../../../../ia16-elf/lib/medium/regparmcall/libc.a(lib_a-makebuf.o)
 .text          0x0000000000000244        0x0 /usr/lib/x86_64-linux-gnu/gcc/ia16-elf/6.3.0/../../../../../ia16-elf/lib/medium/regparmcall/libc.a(lib_a-malloc.o)
 .text          0x0000000000000244        0x0 /usr/lib/x86_64-linux-gnu/gcc/ia16-elf/6.3.0/../../../../../ia16-elf/lib/medium/regparmcall/libc.a(lib_a-memcpy.o)
 .text          0x0000000000000244        0x0 /usr/lib/x86_64-linux-gnu/gcc/ia16-elf/6.3.0/../../../../../ia16-elf/lib/medium/regparmcall/libc.a(lib_a-memmove.o)
 .text          0x0000000000000244        0x0 /usr/lib/x86_64-linux-gnu/gcc/ia16-elf/6.3.0/../../../../../ia16-elf/lib/medium/regparmcall/libc.a(lib_a-memset.o)
 .text          0x0000000000000244        0x0 /usr/lib/x86_64-linux-gnu/gcc/ia16-elf/6.3.0/../../../../../ia16-elf/lib/medium/regparmcall/libc.a(lib_a-nano-freer.o)
 .text          0x0000000000000244        0x0 /usr/lib/x86_64-linux-gnu/gcc/ia16-elf/6.3.0/../../../../../ia16-elf/lib/medium/regparmcall/libc.a(lib_a-nano-mallocr.o)
 .text          0x0000000000000244        0x0 /usr/lib/x86_64-linux-gnu/gcc/ia16-elf/6.3.0/../../../../../ia16-elf/lib/medium/regparmcall/libc.a(lib_a-putchar.o)
 .text          0x0000000000000244        0x0 /usr/lib/x86_64-linux-gnu/gcc/ia16-elf/6.3.0/../../../../../ia16-elf/lib/medium/regparmcall/libc.a(lib_a-puts.o)
 .text          0x0000000000000244        0x0 /usr/lib/x86_64-linux-gnu/gcc/ia16-elf/6.3.0/../../../../../ia16-elf/lib/medium/regparmcall/libc.a(lib_a-refill.o)
 .text          0x0000000000000244        0x0 /usr/lib/x86_64-linux-gnu/gcc/ia16-elf/6.3.0/../../../../../ia16-elf/lib/medium/regparmcall/libc.a(lib_a-rget.o)
 .text          0x0000000000000244        0x0 /usr/lib/x86_64-linux-gnu/gcc/ia16-elf/6.3.0/../../../../../ia16-elf/lib/medium/regparmcall/libc.a(lib_a-setbuf.o)
 .text          0x0000000000000244        0x0 /usr/lib/x86_64-linux-gnu/gcc/ia16-elf/6.3.0/../../../../../ia16-elf/lib/medium/regparmcall/libc.a(lib_a-setvbuf.o)
 .text          0x0000000000000244        0x0 /usr/lib/x86_64-linux-gnu/gcc/ia16-elf/6.3.0/../../../../../ia16-elf/lib/medium/regparmcall/libc.a(lib_a-siprintf.o)
 .text          0x0000000000000244        0x0 /usr/lib/x86_64-linux-gnu/gcc/ia16-elf/6.3.0/../../../../../ia16-elf/lib/medium/regparmcall/libc.a(lib_a-siscanf.o)
 .text          0x0000000000000244        0x0 /usr/lib/x86_64-linux-gnu/gcc/ia16-elf/6.3.0/../../../../../ia16-elf/lib/medium/regparmcall/libc.a(lib_a-stdio.o)
 .text          0x0000000000000244        0x0 /usr/lib/x86_64-linux-gnu/gcc/ia16-elf/6.3.0/../../../../../ia16-elf/lib/medium/regparmcall/libc.a(lib_a-strcasecmp.o)
 .text          0x0000000000000244        0x0 /usr/lib/x86_64-linux-gnu/gcc/ia16-elf/6.3.0/../../../../../ia16-elf/lib/medium/regparmcall/libc.a(lib_a-strcat.o)
 .text          0x0000000000000244        0x0 /usr/lib/x86_64-linux-gnu/gcc/ia16-elf/6.3.0/../../../../../ia16-elf/lib/medium/regparmcall/libc.a(lib_a-strcmp.o)
 .text          0x0000000000000244        0x0 /usr/lib/x86_64-linux-gnu/gcc/ia16-elf/6.3.0/../../../../../ia16-elf/lib/medium/regparmcall/libc.a(lib_a-strcpy.o)
 .text          0x0000000000000244        0x0 /usr/lib/x86_64-linux-gnu/gcc/ia16-elf/6.3.0/../../../../../ia16-elf/lib/medium/regparmcall/libc.a(lib_a-strlen.o)
 .text          0x0000000000000244        0x0 /usr/lib/x86_64-linux-gnu/gcc/ia16-elf/6.3.0/../../../../../ia16-elf/lib/medium/regparmcall/libc.a(lib_a-strncasecmp.o)
 .text          0x0000000000000244        0x0 /usr/lib/x86_64-linux-gnu/gcc/ia16-elf/6.3.0/../../../../../ia16-elf/lib/medium/regparmcall/libc.a(lib_a-strncmp.o)
 .text          0x0000000000000244        0x0 /usr/lib/x86_64-linux-gnu/gcc/ia16-elf/6.3.0/../../../../../ia16-elf/lib/medium/regparmcall/libc.a(lib_a-strncpy.o)
 .text          0x0000000000000244        0x0 /usr/lib/x86_64-linux-gnu/gcc/ia16-elf/6.3.0/../../../../../ia16-elf/lib/medium/regparmcall/libc.a(lib_a-strtol.o)
 .text          0x0000000000000244        0x0 /usr/lib/x86_64-linux-gnu/gcc/ia16-elf/6.3.0/../../../../../ia16-elf/lib/medium/regparmcall/libc.a(lib_a-strupr.o)
 .text          0x0000000000000244        0x0 /usr/lib/x86_64-linux-gnu/gcc/ia16-elf/6.3.0/../../../../../ia16-elf/lib/medium/regparmcall/libc.a(lib_a-svfiprintf.o)
 .text          0x0000000000000244        0x0 /usr/lib/x86_64-linux-gnu/gcc/ia16-elf/6.3.0/../../../../../ia16-elf/lib/medium/regparmcall/libc.a(lib_a-svfiscanf.o)
 .text          0x0000000000000244        0x0 /usr/lib/x86_64-linux-gnu/gcc/ia16-elf/6.3.0/../../../../../ia16-elf/lib/medium/regparmcall/libc.a(lib_a-sysclose.o)
 .text          0x0000000000000244        0x0 /usr/lib/x86_64-linux-gnu/gcc/ia16-elf/6.3.0/../../../../../ia16-elf/lib/medium/regparmcall/libc.a(lib_a-sysisatty.o)
 .text          0x0000000000000244        0x0 /usr/lib/x86_64-linux-gnu/gcc/ia16-elf/6.3.0/../../../../../ia16-elf/lib/medium/regparmcall/libc.a(lib_a-syslseek.o)
 .text          0x0000000000000244        0x0 /usr/lib/x86_64-linux-gnu/gcc/ia16-elf/6.3.0/../../../../../ia16-elf/lib/medium/regparmcall/libc.a(lib_a-sysopen.o)
 .text          0x0000000000000244        0x0 /usr/lib/x86_64-linux-gnu/gcc/ia16-elf/6.3.0/../../../../../ia16-elf/lib/medium/regparmcall/libc.a(lib_a-sysread.o)
 .text          0x0000000000000244        0x0 /usr/lib/x86_64-linux-gnu/gcc/ia16-elf/6.3.0/../../../../../ia16-elf/lib/medium/regparmcall/libc.a(lib_a-syswrite.o)
 .text          0x0000000000000244        0x0 /usr/lib/x86_64-linux-gnu/gcc/ia16-elf/6.3.0/../../../../../ia16-elf/lib/medium/regparmcall/libc.a(lib_a-ungetc.o)
 .text          0x0000000000000244        0x0 /usr/lib/x86_64-linux-gnu/gcc/ia16-elf/6.3.0/../../../../../ia16-elf/lib/medium/regparmcall/libc.a(lib_a-vfiprintf.o)
 .text          0x0000000000000244        0x0 /usr/lib/x86_64-linux-gnu/gcc/ia16-elf/6.3.0/../../../../../ia16-elf/lib/medium/regparmcall/libc.a(lib_a-vfiscanf.o)
 .text          0x0000000000000244        0x0 /usr/lib/x86_64-linux-gnu/gcc/ia16-elf/6.3.0/../../../../../ia16-elf/lib/medium/regparmcall/libc.a(lib_a-viprintf.o)
 .text          0x0000000000000244        0x0 /usr/lib/x86_64-linux-gnu/gcc/ia16-elf/6.3.0/../../../../../ia16-elf/lib/medium/regparmcall/libc.a(lib_a-wcrtomb.o)
 .text          0x0000000000000244        0x0 /usr/lib/x86_64-linux-gnu/gcc/ia16-elf/6.3.0/../../../../../ia16-elf/lib/medium/regparmcall/libc.a(lib_a-wcsrtombs.o)
 .text          0x0000000000000244        0x0 /usr/lib/x86_64-linux-gnu/gcc/ia16-elf/6.3.0/../../../../../ia16-elf/lib/medium/regparmcall/libc.a(lib_a-wctomb_r.o)
 .text          0x0000000000000244        0x0 /usr/lib/x86_64-linux-gnu/gcc/ia16-elf/6.3.0/../../../../../ia16-elf/lib/medium/regparmcall/libc.a(lib_a-wsetup.o)
 .text          0x0000000000000244        0x0 /usr/lib/x86_64-linux-gnu/gcc/ia16-elf/6.3.0/../../../../../ia16-elf/lib/medium/regparmcall/libc.a(lib_a-__call_atexit.o)
 .text          0x0000000000000244        0x0 /usr/lib/x86_64-linux-gnu/gcc/ia16-elf/6.3.0/../../../../../ia16-elf/lib/medium/regparmcall/libc.a(lib_a-flags.o)
 .text          0x0000000000000244        0x0 /usr/lib/x86_64-linux-gnu/gcc/ia16-elf/6.3.0/../../../../../ia16-elf/lib/medium/regparmcall/libc.a(lib_a-fvwrite.o)
 .text          0x0000000000000244        0x0 /usr/lib/x86_64-linux-gnu/gcc/ia16-elf/6.3.0/../../../../../ia16-elf/lib/medium/regparmcall/libc.a(lib_a-iswspace.o)
 .text          0x0000000000000244        0x0 /usr/lib/x86_64-linux-gnu/gcc/ia16-elf/6.3.0/../../../../../ia16-elf/lib/medium/regparmcall/libc.a(lib_a-jp2uc.o)
 .text          0x0000000000000244        0x0 /usr/lib/x86_64-linux-gnu/gcc/ia16-elf/6.3.0/../../../../../ia16-elf/lib/medium/regparmcall/libc.a(lib_a-locale.o)
 .text          0x0000000000000244        0x0 /usr/lib/x86_64-linux-gnu/gcc/ia16-elf/6.3.0/../../../../../ia16-elf/lib/medium/regparmcall/libc.a(lib_a-mbrtowc.o)
 .text          0x0000000000000244        0x0 /usr/lib/x86_64-linux-gnu/gcc/ia16-elf/6.3.0/../../../../../ia16-elf/lib/medium/regparmcall/libc.a(lib_a-mbtowc_r.o)
 .text          0x0000000000000244        0x0 /usr/lib/x86_64-linux-gnu/gcc/ia16-elf/6.3.0/../../../../../ia16-elf/lib/medium/regparmcall/libc.a(lib_a-memchr.o)
 .text          0x0000000000000244        0x0 /usr/lib/x86_64-linux-gnu/gcc/ia16-elf/6.3.0/../../../../../ia16-elf/lib/medium/regparmcall/libc.a(lib_a-nano-reallocr.o)
 .text          0x0000000000000244        0x0 /usr/lib/x86_64-linux-gnu/gcc/ia16-elf/6.3.0/../../../../../ia16-elf/lib/medium/regparmcall/libc.a(lib_a-putc.o)
 .text          0x0000000000000244        0x0 /usr/lib/x86_64-linux-gnu/gcc/ia16-elf/6.3.0/../../../../../ia16-elf/lib/medium/regparmcall/libc.a(lib_a-sccl.o)
 .text          0x0000000000000244        0x0 /usr/lib/x86_64-linux-gnu/gcc/ia16-elf/6.3.0/../../../../../ia16-elf/lib/medium/regparmcall/libc.a(lib_a-sprintr.o)
 .text          0x0000000000000244        0x0 /usr/lib/x86_64-linux-gnu/gcc/ia16-elf/6.3.0/../../../../../ia16-elf/lib/medium/regparmcall/libc.a(lib_a-ssprintr.o)
 .text          0x0000000000000244        0x0 /usr/lib/x86_64-linux-gnu/gcc/ia16-elf/6.3.0/../../../../../ia16-elf/lib/medium/regparmcall/libc.a(lib_a-strchr.o)
 .text          0x0000000000000244        0x0 /usr/lib/x86_64-linux-gnu/gcc/ia16-elf/6.3.0/../../../../../ia16-elf/lib/medium/regparmcall/libc.a(lib_a-strlcpy.o)
 .text          0x0000000000000244        0x0 /usr/lib/x86_64-linux-gnu/gcc/ia16-elf/6.3.0/../../../../../ia16-elf/lib/medium/regparmcall/libc.a(lib_a-strtoll_r.o)
 .text          0x0000000000000244        0x0 /usr/lib/x86_64-linux-gnu/gcc/ia16-elf/6.3.0/../../../../../ia16-elf/lib/medium/regparmcall/libc.a(lib_a-strtoul.o)
 .text          0x0000000000000244        0x0 /usr/lib/x86_64-linux-gnu/gcc/ia16-elf/6.3.0/../../../../../ia16-elf/lib/medium/regparmcall/libc.a(lib_a-strtoull_r.o)
 .text          0x0000000000000244        0x0 /usr/lib/x86_64-linux-gnu/gcc/ia16-elf/6.3.0/../../../../../ia16-elf/lib/medium/regparmcall/libc.a(lib_a-wbuf.o)
 .text          0x0000000000000244        0x0 /usr/lib/x86_64-linux-gnu/gcc/ia16-elf/6.3.0/../../../../../ia16-elf/lib/medium/regparmcall/libc.a(lib_a-wcsnrtombs.o)
 .text          0x0000000000000244        0x0 /usr/lib/x86_64-linux-gnu/gcc/ia16-elf/6.3.0/../../../../../ia16-elf/lib/medium/regparmcall/libc.a(lib_a-getenv_r.o)
 .text          0x0000000000000244        0x0 /usr/lib/x86_64-linux-gnu/gcc/ia16-elf/6.3.0/../../../../../ia16-elf/lib/medium/regparmcall/libc.a(lib_a-nano-msizer.o)
 .text          0x0000000000000244        0x0 /usr/lib/x86_64-linux-gnu/gcc/ia16-elf/6.3.0/../../../../../ia16-elf/lib/medium/regparmcall/libc.a(lib_a-envlock.o)
 .text          0x0000000000000244        0x0 /usr/lib/x86_64-linux-gnu/gcc/ia16-elf/6.3.0/medium/regparmcall/libgcc.a(_ashrsi3.o)
 .text          0x0000000000000244        0x0 /usr/lib/x86_64-linux-gnu/gcc/ia16-elf/6.3.0/medium/regparmcall/libgcc.a(_cmpsi2.o)
 .text          0x0000000000000244        0x0 /usr/lib/x86_64-linux-gnu/gcc/ia16-elf/6.3.0/medium/regparmcall/libgcc.a(_ucmpsi2.o)
 .text          0x0000000000000244        0x0 /usr/lib/x86_64-linux-gnu/gcc/ia16-elf/6.3.0/medium/regparmcall/libgcc.a(_muldi3.o)
 .text          0x0000000000000244        0x0 /usr/lib/x86_64-linux-gnu/gcc/ia16-elf/6.3.0/medium/regparmcall/libgcc.a(_lshrdi3.o)
 .text          0x0000000000000244        0x0 /usr/lib/x86_64-linux-gnu/gcc/ia16-elf/6.3.0/medium/regparmcall/libgcc.a(_ashldi3.o)
 .text          0x0000000000000244        0x0 /usr/lib/x86_64-linux-gnu/gcc/ia16-elf/6.3.0/medium/regparmcall/libgcc.a(_divdi3.o)
 .text          0x0000000000000244        0x0 /usr/lib/x86_64-linux-gnu/gcc/ia16-elf/6.3.0/medium/regparmcall/libgcc.a(_udivdi3.o)
 .text          0x0000000000000244        0x0 /usr/lib/x86_64-linux-gnu/gcc/ia16-elf/6.3.0/medium/regparmcall/libgcc.a(_umoddi3.o)
 .text          0x0000000000000244        0x0 /usr/lib/x86_64-linux-gnu/gcc/ia16-elf/6.3.0/medium/regparmcall/libgcc.a(udivsi3.o)
 .text          0x0000000000000244        0x0 /usr/lib/x86_64-linux-gnu/gcc/ia16-elf/6.3.0/medium/regparmcall/libgcc.a(umodsi3.o)
 .text          0x0000000000000244        0x0 /usr/lib/x86_64-linux-gnu/gcc/ia16-elf/6.3.0/medium/regparmcall/libgcc.a(ia16-ldivmodu.o)
 .text          0x0000000000000244        0x0 /usr/lib/x86_64-linux-gnu/gcc/ia16-elf/6.3.0/medium/regparmcall/libgcc.a(divsi3.o)
 .text          0x0000000000000244        0x0 /usr/lib/x86_64-linux-gnu/gcc/ia16-elf/6.3.0/medium/regparmcall/libgcc.a(ia16-ldivmods.o)
 .text          0x0000000000000244        0x0 /usr/lib/x86_64-linux-gnu/gcc/ia16-elf/6.3.0/medium/regparmcall/libgcc.a(ashlsi3.o)
 .text          0x0000000000000244        0x0 /usr/lib/x86_64-linux-gnu/gcc/ia16-elf/6.3.0/medium/regparmcall/libgcc.a(lshrsi3.o)
 .text          0x0000000000000244        0x0 /usr/lib/x86_64-linux-gnu/gcc/ia16-elf/6.3.0/medium/regparmcall/libgcc.a(_clz.o)
 .text          0x0000000000000244        0x0 /usr/lib/x86_64-linux-gnu/gcc/ia16-elf/6.3.0/../../../../../ia16-elf/lib/medium/regparmcall/libdos-m.a(dos-access.o)
 .text          0x0000000000000244        0x0 /usr/lib/x86_64-linux-gnu/gcc/ia16-elf/6.3.0/../../../../../ia16-elf/lib/medium/regparmcall/libdos-m.a(dos-closer.o)
 .text          0x0000000000000244        0x0 /usr/lib/x86_64-linux-gnu/gcc/ia16-elf/6.3.0/../../../../../ia16-elf/lib/medium/regparmcall/libdos-m.a(dos-environ.o)
 .text          0x0000000000000244        0x0 /usr/lib/x86_64-linux-gnu/gcc/ia16-elf/6.3.0/../../../../../ia16-elf/lib/medium/regparmcall/libdos-m.a(dos-isattyr.o)
 .text          0x0000000000000244        0x0 /usr/lib/x86_64-linux-gnu/gcc/ia16-elf/6.3.0/../../../../../ia16-elf/lib/medium/regparmcall/libdos-m.a(dos-lseekr.o)
 .text          0x0000000000000244        0x0 /usr/lib/x86_64-linux-gnu/gcc/ia16-elf/6.3.0/../../../../../ia16-elf/lib/medium/regparmcall/libdos-m.a(dos-openr.o)
 .text          0x0000000000000244        0x0 /usr/lib/x86_64-linux-gnu/gcc/ia16-elf/6.3.0/../../../../../ia16-elf/lib/medium/regparmcall/libdos-m.a(dos-readr.o)
 .text          0x0000000000000244        0x0 /usr/lib/x86_64-linux-gnu/gcc/ia16-elf/6.3.0/../../../../../ia16-elf/lib/medium/regparmcall/libdos-m.a(dos-sbrkr.o)
 .text          0x0000000000000244        0x0 /usr/lib/x86_64-linux-gnu/gcc/ia16-elf/6.3.0/../../../../../ia16-elf/lib/medium/regparmcall/libdos-m.a(dos-writer.o)
 .text          0x0000000000000244        0x0 /usr/lib/x86_64-linux-gnu/gcc/ia16-elf/6.3.0/../../../../../ia16-elf/lib/medium/regparmcall/libdos-m.a(dos-msmmabort.o)
 .text          0x0000000000000244        0x0 /usr/lib/x86_64-linux-gnu/gcc/ia16-elf/6.3.0/../../../../../ia16-elf/lib/medium/regparmcall/libdos-m.a(dos-heaplen.o)
 .text          0x0000000000000244        0x2 /usr/lib/x86_64-linux-gnu/gcc/ia16-elf/6.3.0/../../../../../ia16-elf/lib/medium/regparmcall/libdos-m.a(dos-near-data-segment.o)
                0x0000000000000244                __ia16_near_data_segment
 .text          0x0000000000000246        0x0 /usr/lib/x86_64-linux-gnu/gcc/ia16-elf/6.3.0/../../../../../ia16-elf/lib/medium/regparmcall/libc.a(lib_a-abort.o)
 *(.text.*)
                0x0000000000000246                __etext = .
                0x0000000000000250                . = ALIGN (0x10)
 *fill*         0x0000000000000246        0xa 
                0x0000000000000250                __etext_padded = .
                0x0000000000000001                ASSERT ((. <= 0x10000), Error: too large for a small or medium model .exe file.)
                0x0000000000000226                __ltext = (__etext - __stext)
                0x0000000000000230                __ltext_padded = (__etext_padded - __stext)

.fartext.00$    0x0000000000000000      0x2f0 load address 0x00000000000027b0
 *(.fartext.*00 .fartext.*00$)
 .fartext.f.strtoull_r.c.33100$
                0x0000000000000000      0x2e3 /usr/lib/x86_64-linux-gnu/gcc/ia16-elf/6.3.0/../../../../../ia16-elf/lib/medium/regparmcall/libc.a(lib_a-strtoull_r.o)
                0x0000000000000000                _strtoull_r
                0x00000000000002f0                . = ALIGN (0x10)
 *fill*         0x00000000000002e3        0xd 

.fartext.01$    0x0000000000000000      0x9d0 load address 0x0000000000002aa0
 *(.fartext.*01 .fartext.*01$)
 .fartext.f.d_main.c.43201$
                0x0000000000000000      0x6fa /tmp/ccKrGftc.o
                0x0000000000000000                D_PostEvent
                0x000000000000003b                D_ProcessEvents
                0x000000000000007a                getStringByIndex
                0x00000000000000b6                FixedMul
                0x00000000000000e4                FixedMul1632
                0x000000000000010e                FixedMul16u32
                0x0000000000000137                FixedMulBig1632
                0x0000000000000162                FixedMul1616
                0x0000000000000167                FixedDiv2
                0x00000000000001ab                FixedDiv
                0x000000000000024f                D_PageTicker
                0x0000000000000260                D_PageDrawer
                0x0000000000000272                D_Display
                0x000000000000054d                D_AdvanceDemo
                0x0000000000000553                D_DoAdvanceDemo
                0x0000000000000605                D_DoomLoop
                0x00000000000006e7                D_DoomMain
 .fartext.f.fgetc.c.77701$
                0x00000000000006fa       0xad /usr/lib/x86_64-linux-gnu/gcc/ia16-elf/6.3.0/../../../../../ia16-elf/lib/medium/regparmcall/libc.a(lib_a-fgetc.o)
                0x00000000000006fa                _fgetc_r
                0x00000000000007a0                fgetc
 .fartext.f.strtoul.c.07601$
                0x00000000000007a7      0x21f /usr/lib/x86_64-linux-gnu/gcc/ia16-elf/6.3.0/../../../../../ia16-elf/lib/medium/regparmcall/libc.a(lib_a-strtoul.o)
                0x00000000000007a7                _strtoul_r
                0x00000000000009ba                strtoul
                0x00000000000009d0                . = ALIGN (0x10)
 *fill*         0x00000000000009c6        0xa 

.fartext.02$    0x0000000000000000     0x1310 load address 0x0000000000003470
 *(.fartext.*02 .fartext.*02$)
 .fartext.f.p_pspr.c.27602$
                0x0000000000000000      0xbad /tmp/ccQcfz8e.o
                0x0000000000000000                A_Punch
                0x00000000000000be                A_Saw
                0x00000000000001ee                A_FireMissile
                0x0000000000000210                A_FireBFG
                0x0000000000000233                P_BulletSlope
                0x00000000000002a8                P_GunShot
                0x0000000000000311                A_Light0
                0x0000000000000317                A_Light1
                0x000000000000031d                A_Light2
                0x0000000000000323                A_BFGSpray
                0x000000000000040e                A_BFGsound
                0x000000000000041b                P_SetPsprite
                0x0000000000000571                P_MovePsprites
                0x00000000000005df                A_FireCGun
                0x000000000000067c                A_FireShotgun2
                0x000000000000074a                A_FireShotgun
                0x00000000000007a8                A_FirePistol
                0x0000000000000807                A_FirePlasma
                0x000000000000084f                A_GunFlash
                0x000000000000086e                A_Raise
                0x00000000000008aa                P_DropWeapon
                0x00000000000008bb                P_CheckAmmo
                0x00000000000009c5                A_CheckReload
                0x00000000000009c8                P_FireWeapon
                0x00000000000009f6                A_ReFire
                0x0000000000000a18                A_WeaponReady
                0x0000000000000b26                P_BringUpWeapon
                0x0000000000000b6c                A_Lower
 .fartext.f.r_plane.c.44502$
                0x0000000000000bad      0x75d /tmp/ccaxeIjN.o
                0x0000000000000bad                R_MapPlane
                0x0000000000000db0                R_ClearPlanes
                0x0000000000000e66                R_FindPlane
                0x0000000000000f29                R_CheckPlane
                0x0000000000001010                R_DrawPlanes
                0x0000000000001310                . = ALIGN (0x10)
 *fill*         0x000000000000130a        0x6 

.fartext.03$    0x0000000000000000      0x760 load address 0x0000000000004780
 *(.fartext.*03 .fartext.*03$)
 .fartext.f.p_saveg.c.74603$
                0x0000000000000000        0x8 /tmp/ccwGe8Gh.o
                0x0000000000000000                P_ArchivePlayers
                0x0000000000000001                P_UnArchivePlayers
                0x0000000000000002                P_ArchiveWorld
                0x0000000000000003                P_UnArchiveWorld
                0x0000000000000004                P_ArchiveThinkers
                0x0000000000000005                P_UnArchiveThinkers
                0x0000000000000006                P_ArchiveSpecials
                0x0000000000000007                P_UnArchiveSpecials
 .fartext.f.v_extra.c.11503$
                0x0000000000000008      0x1c9 /tmp/cc5L3oj1.o
                0x0000000000000008                V_DrawFullscreenPatch
 .fartext.f.f_wipe.c.37003$
                0x00000000000001d1      0x335 /tmp/cczKxCb2.o
                0x00000000000001d1                wipe_shittyColMajorXform
                0x0000000000000238                wipe_initMelt
                0x00000000000002de                wipe_doMelt
                0x00000000000003f8                wipe_StartScreen
                0x000000000000041e                V_DrawBlock
                0x0000000000000478                wipe_EndScreen
                0x00000000000004b4                wipe_ScreenWipe
 .fartext.f.puts.c.61303$
                0x0000000000000506       0x9a /usr/lib/x86_64-linux-gnu/gcc/ia16-elf/6.3.0/../../../../../ia16-elf/lib/medium/regparmcall/libc.a(lib_a-puts.o)
                0x0000000000000506                _puts_r
                0x0000000000000599                puts
 .fartext.f.setvbuf.c.34603$
                0x00000000000005a0      0x199 /usr/lib/x86_64-linux-gnu/gcc/ia16-elf/6.3.0/../../../../../ia16-elf/lib/medium/regparmcall/libc.a(lib_a-setvbuf.o)
                0x00000000000005a0                setvbuf
 .fartext.s.__cmpsi2.11003$
                0x0000000000000739       0x23 /usr/lib/x86_64-linux-gnu/gcc/ia16-elf/6.3.0/medium/regparmcall/libgcc.a(_cmpsi2.o)
                0x0000000000000739                __cmpsi2
                0x0000000000000760                . = ALIGN (0x10)
 *fill*         0x000000000000075c        0x4 

.fartext.04$    0x0000000000000000       0x60 load address 0x0000000000004ee0
 *(.fartext.*04 .fartext.*04$)
 .fartext.f.rget.c.75004$
                0x0000000000000000       0x5c /usr/lib/x86_64-linux-gnu/gcc/ia16-elf/6.3.0/../../../../../ia16-elf/lib/medium/regparmcall/libc.a(lib_a-rget.o)
                0x0000000000000000                __srget_r
                0x0000000000000056                __srget
                0x0000000000000060                . = ALIGN (0x10)
 *fill*         0x000000000000005c        0x4 

.fartext.05$    0x0000000000000000      0x3a0 load address 0x0000000000004f40
 *(.fartext.*05 .fartext.*05$)
 .fartext.f.viprintf.c.45605$
                0x0000000000000000       0x66 /usr/lib/x86_64-linux-gnu/gcc/ia16-elf/6.3.0/../../../../../ia16-elf/lib/medium/regparmcall/libc.a(lib_a-viprintf.o)
                0x0000000000000000                viprintf
                0x0000000000000035                _viprintf_r
 .fartext.f.strtoll_r.c.45205$
                0x0000000000000066      0x32d /usr/lib/x86_64-linux-gnu/gcc/ia16-elf/6.3.0/../../../../../ia16-elf/lib/medium/regparmcall/libc.a(lib_a-strtoll_r.o)
                0x0000000000000066                _strtoll_r
                0x00000000000003a0                . = ALIGN (0x10)
 *fill*         0x0000000000000393        0xd 

.fartext.06$    0x0000000000000000      0x370 load address 0x00000000000052e0
 *(.fartext.*06 .fartext.*06$)
 .fartext.f.dmx.c.47106$
                0x0000000000000000      0x234 /tmp/ccjXZskv.o
                0x0000000000000000                TS_ServiceScheduleIntEnabled
                0x000000000000011b                TS_FreeTaskList
                0x000000000000011c                TS_SetClockSpeed
                0x0000000000000163                TS_SetTimer
                0x000000000000018e                TS_SetTimerToMaxTaskRate
                0x000000000000019a                TS_Startup
                0x00000000000001e8                TS_ScheduleTask
                0x000000000000022b                TS_Dispatch
 .fartext.f.flags.c.47406$
                0x0000000000000234       0x72 /usr/lib/x86_64-linux-gnu/gcc/ia16-elf/6.3.0/../../../../../ia16-elf/lib/medium/regparmcall/libc.a(lib_a-flags.o)
                0x0000000000000234                __sflags
 .fartext.f.putc.c.11706$
                0x00000000000002a6       0xbe /usr/lib/x86_64-linux-gnu/gcc/ia16-elf/6.3.0/../../../../../ia16-elf/lib/medium/regparmcall/libc.a(lib_a-putc.o)
                0x0000000000000312                _putc_r
                0x000000000000035c                putc
                0x0000000000000370                . = ALIGN (0x10)
 *fill*         0x0000000000000364        0xc 

.fartext.07$    0x0000000000000000       0xb0 load address 0x0000000000005650
 *(.fartext.*07 .fartext.*07$)
 .fartext.f.fwalk.c.72007$
                0x0000000000000000       0xa6 /usr/lib/x86_64-linux-gnu/gcc/ia16-elf/6.3.0/../../../../../ia16-elf/lib/medium/regparmcall/libc.a(lib_a-fwalk.o)
                0x0000000000000000                _fwalk
                0x0000000000000050                _fwalk_reent
                0x00000000000000b0                . = ALIGN (0x10)
 *fill*         0x00000000000000a6        0xa 

.fartext.10$    0x0000000000000000      0x290 load address 0x0000000000005700
 *(.fartext.*10 .fartext.*10$)
 .fartext.f.fiprintf.c.23210$
                0x0000000000000000       0x32 /usr/lib/x86_64-linux-gnu/gcc/ia16-elf/6.3.0/../../../../../ia16-elf/lib/medium/regparmcall/libc.a(lib_a-fiprintf.o)
                0x0000000000000000                _fiprintf_r
                0x0000000000000016                fiprintf
 .fartext.f.strtol.c.60110$
                0x0000000000000032      0x249 /usr/lib/x86_64-linux-gnu/gcc/ia16-elf/6.3.0/../../../../../ia16-elf/lib/medium/regparmcall/libc.a(lib_a-strtol.o)
                0x0000000000000032                _strtol_r
                0x000000000000026f                strtol
 .fartext.f.sysisatty.c.27010$
                0x000000000000027b        0x9 /usr/lib/x86_64-linux-gnu/gcc/ia16-elf/6.3.0/../../../../../ia16-elf/lib/medium/regparmcall/libc.a(lib_a-sysisatty.o)
                0x000000000000027b                isatty
                0x0000000000000290                . = ALIGN (0x10)
 *fill*         0x0000000000000284        0xc 

.fartext.11$    0x0000000000000000        0x0 load address 0x0000000000005990
 *(.fartext.*11 .fartext.*11$)
                0x0000000000000000                . = ALIGN (0x10)

.fartext.12$    0x0000000000000000      0x680 load address 0x0000000000005990
 *(.fartext.*12 .fartext.*12$)
 .fartext.f.w_init.c.54412$
                0x0000000000000000      0x1f2 /tmp/cccia1Qw.o
                0x0000000000000000                W_AddFile
                0x00000000000001d9                W_InitMultipleFiles
 .fartext.f.s_sound.c.50112$
                0x00000000000001f2       0x23 /tmp/ccs5rKQ1.o
                0x00000000000001f2                S_SetMusicVolume
                0x00000000000001f3                S_StopMusic
                0x00000000000001f4                S_ChangeMusic
                0x00000000000001f5                S_StartMusic
                0x00000000000001f6                S_StopChannel
                0x00000000000001f7                S_AdjustSoundParams
                0x0000000000000201                S_SetSfxVolume
                0x0000000000000202                S_PauseSound
                0x0000000000000203                S_ResumeSound
                0x0000000000000204                S_StopSound
                0x0000000000000205                S_getChannel
                0x0000000000000208                S_StartSoundAtVolume
                0x0000000000000210                S_StartSoundFromRef
                0x0000000000000211                S_StartSound
                0x0000000000000212                S_StartSoundWithParams
                0x0000000000000213                S_UpdateSounds
                0x0000000000000214                S_Start
 .fartext.f.malloc.c.71312$
                0x0000000000000215       0x12 /usr/lib/x86_64-linux-gnu/gcc/ia16-elf/6.3.0/../../../../../ia16-elf/lib/medium/regparmcall/libc.a(lib_a-malloc.o)
                0x0000000000000215                malloc
                0x000000000000021e                free
 .fartext.f.sysread.c.55712$
                0x0000000000000227        0xd /usr/lib/x86_64-linux-gnu/gcc/ia16-elf/6.3.0/../../../../../ia16-elf/lib/medium/regparmcall/libc.a(lib_a-sysread.o)
                0x0000000000000227                read
 .fartext.f.fvwrite.c.65612$
                0x0000000000000234      0x3fe /usr/lib/x86_64-linux-gnu/gcc/ia16-elf/6.3.0/../../../../../ia16-elf/lib/medium/regparmcall/libc.a(lib_a-fvwrite.o)
                0x00000000000002a0                __sfvwrite_r
 .fartext.f.dos_sbrkr.c.64512$
                0x0000000000000632       0x4c /usr/lib/x86_64-linux-gnu/gcc/ia16-elf/6.3.0/../../../../../ia16-elf/lib/medium/regparmcall/libdos-m.a(dos-sbrkr.o)
                0x0000000000000632                _sbrk_r
                0x0000000000000680                . = ALIGN (0x10)
 *fill*         0x000000000000067e        0x2 

.fartext.13$    0x0000000000000000     0x1600 load address 0x0000000000006010
 *(.fartext.*13 .fartext.*13$)
 .fartext.f.p_lights.c.13613$
                0x0000000000000000      0x572 /tmp/cc1qb75S.o
                0x0000000000000000                T_FireFlicker
                0x000000000000006d                P_SpawnFireFlicker
                0x00000000000000c9                T_LightFlash
                0x000000000000013b                P_SpawnLightFlash
                0x00000000000001bf                T_StrobeFlash
                0x0000000000000215                P_SpawnStrobeFlash
                0x00000000000002b0                EV_StartLightStrobing
                0x00000000000002e1                EV_TurnTagLightsOff
                0x00000000000003ae                EV_LightTurnOn
                0x0000000000000494                T_Glow
                0x0000000000000510                P_SpawnGlowingLight
 .fartext.f.p_maputl.c.17313$
                0x0000000000000572      0xe2a /tmp/ccuviT9p.o
                0x0000000000000572                P_AproxDistance
                0x00000000000005cf                P_PointOnLineSide
                0x0000000000000680                P_BoxOnLineSide
                0x00000000000007a4                P_PointOnDivlineSide
                0x00000000000008f1                P_InterceptVector
                0x00000000000009d0                PIT_AddThingIntercepts
                0x0000000000000add                PIT_AddLineIntercepts
                0x0000000000000c68                P_LineOpening
                0x0000000000000cbe                P_UnsetThingPosition
                0x0000000000000dba                P_SetThingPosition
                0x0000000000000ef8                P_BlockLinesIterator
                0x0000000000000f97                P_BlockThingsIterator
                0x0000000000001026                P_TraverseIntercepts
                0x00000000000010cb                P_PathTraverse
 .fartext.f.wbuf.c.15113$
                0x000000000000139c       0xe4 /usr/lib/x86_64-linux-gnu/gcc/ia16-elf/6.3.0/../../../../../ia16-elf/lib/medium/regparmcall/libc.a(lib_a-wbuf.o)
                0x000000000000139c                __swbuf_r
                0x0000000000001477                __swbuf
 .fartext.f.wcsnrtombs.c.27213$
                0x0000000000001480      0x17a /usr/lib/x86_64-linux-gnu/gcc/ia16-elf/6.3.0/../../../../../ia16-elf/lib/medium/regparmcall/libc.a(lib_a-wcsnrtombs.o)
                0x0000000000001480                _wcsnrtombs_r
                0x00000000000015e0                wcsnrtombs
                0x0000000000001600                . = ALIGN (0x10)
 *fill*         0x00000000000015fa        0x6 

.fartext.14$    0x0000000000000000       0xb0 load address 0x0000000000007610
 *(.fartext.*14 .fartext.*14$)
 .fartext.f.f_finale.c.00014$
                0x0000000000000000        0x4 /tmp/cc2EDkC0.o
                0x0000000000000000                F_Drawer
                0x0000000000000001                F_Ticker
                0x0000000000000002                F_Responder
                0x0000000000000003                F_StartFinale
 .fartext.f.siscanf.c.63714$
                0x0000000000000004       0xa9 /usr/lib/x86_64-linux-gnu/gcc/ia16-elf/6.3.0/../../../../../ia16-elf/lib/medium/regparmcall/libc.a(lib_a-siscanf.o)
                0x0000000000000004                siscanf
                0x0000000000000058                _siscanf_r
                0x00000000000000b0                . = ALIGN (0x10)
 *fill*         0x00000000000000ad        0x3 

.fartext.15$    0x0000000000000000      0x120 load address 0x00000000000076c0
 *(.fartext.*15 .fartext.*15$)
 .fartext.s.__muldi3.27315$
                0x0000000000000000      0x113 /usr/lib/x86_64-linux-gnu/gcc/ia16-elf/6.3.0/medium/regparmcall/libgcc.a(_muldi3.o)
                0x0000000000000000                __muldi3
                0x0000000000000120                . = ALIGN (0x10)
 *fill*         0x0000000000000113        0xd 

.fartext.16$    0x0000000000000000        0x0 load address 0x00000000000077e0
 *(.fartext.*16 .fartext.*16$)
                0x0000000000000000                . = ALIGN (0x10)

.fartext.17$    0x0000000000000000      0x280 load address 0x00000000000077e0
 *(.fartext.*17 .fartext.*17$)
 .fartext.f.p_tick.c.74517$
                0x0000000000000000      0x237 /tmp/ccz0DJJZ.o
                0x0000000000000000                P_GetNextThinkerRef
                0x000000000000002f                P_CreateThinker
                0x0000000000000068                P_UpdateThinkerFunc
                0x000000000000007c                P_RemoveThinker
                0x0000000000000091                P_RunThinkers
                0x00000000000001f0                P_Ticker
 .fartext.f.sysopen.c.46517$
                0x0000000000000237       0x1e /usr/lib/x86_64-linux-gnu/gcc/ia16-elf/6.3.0/../../../../../ia16-elf/lib/medium/regparmcall/libc.a(lib_a-sysopen.o)
                0x0000000000000237                open
 .fartext.s.__ucmpsi2.41017$
                0x0000000000000255       0x23 /usr/lib/x86_64-linux-gnu/gcc/ia16-elf/6.3.0/medium/regparmcall/libgcc.a(_ucmpsi2.o)
                0x0000000000000255                __ucmpsi2
                0x0000000000000280                . = ALIGN (0x10)
 *fill*         0x0000000000000278        0x8 

.fartext.20$    0x0000000000000000     0x1600 load address 0x0000000000007a60
 *(.fartext.*20 .fartext.*20$)
 .fartext.f.i_ibm.c.66620$
                0x0000000000000000      0x569 /tmp/ccbH3twc.o
                0x0000000000000000                I_WaitVBL
                0x0000000000000031                I_SetPalette
                0x0000000000000098                I_UpdateBox
                0x000000000000018d                I_UpdateNoBlit
                0x0000000000000279                I_FinishUpdate
                0x000000000000029c                I_ReadScreen
                0x00000000000002e5                I_TimerISR
                0x00000000000002fa                I_KeyboardISR
                0x0000000000000321                I_ResetMouse
                0x0000000000000339                I_ReadMouse
                0x0000000000000391                I_StartTic
                0x000000000000047e                I_Error
                0x00000000000004b1                I_BeginRead
                0x00000000000004b2                I_EndRead
                0x00000000000004b3                I_InitDiskFlash
                0x00000000000004b4                I_InitGraphics
 .fartext.f.p_doors.c.66620$
                0x0000000000000569      0x706 /tmp/ccHoyBmE.o
                0x0000000000000569                T_VerticalDoor
                0x0000000000000768                EV_DoDoor
                0x0000000000000927                EV_DoLockedDoor
                0x00000000000009aa                EV_VerticalDoor
                0x0000000000000ba9                P_SpawnDoorCloseIn30
                0x0000000000000bf8                P_SpawnDoorRaiseIn5Mins
 .fartext.s.__divdi3.34720$
                0x0000000000000c6f      0x98c /usr/lib/x86_64-linux-gnu/gcc/ia16-elf/6.3.0/medium/regparmcall/libgcc.a(_divdi3.o)
                0x0000000000000c6f                __divdi3
                0x0000000000001600                . = ALIGN (0x10)
 *fill*         0x00000000000015fb        0x5 

.fartext.21$    0x0000000000000000      0x310 load address 0x0000000000009060
 *(.fartext.*21 .fartext.*21$)
 .fartext.f.st_setup.c.53421$
                0x0000000000000000      0x2e0 /tmp/ccJWR8p2.o
                0x0000000000000000                STlib_initNum
                0x000000000000001f                STlib_initPercent
                0x0000000000000043                STlib_initMultIcon
                0x000000000000005c                ST_createWidgets
                0x000000000000026f                ST_Stop
                0x0000000000000283                ST_Start
 .fartext.f.fmalloc.c.50021$
                0x00000000000002e0       0x2f /usr/lib/x86_64-linux-gnu/gcc/ia16-elf/6.3.0/../../../../../ia16-elf/lib/medium/regparmcall/libi86.a(fmalloc.o)
                0x00000000000002e0                _fmalloc
                0x0000000000000310                . = ALIGN (0x10)
 *fill*         0x000000000000030f        0x1 

.fartext.22$    0x0000000000000000      0x600 load address 0x0000000000009370
 *(.fartext.*22 .fartext.*22$)
 .fartext.f.errno.c.71122$
                0x0000000000000000        0x4 /usr/lib/x86_64-linux-gnu/gcc/ia16-elf/6.3.0/../../../../../ia16-elf/lib/medium/regparmcall/libc.a(lib_a-errno.o)
                0x0000000000000000                __errno
 .fartext.f.wctomb_r.c.40322$
                0x0000000000000004      0x2fa /usr/lib/x86_64-linux-gnu/gcc/ia16-elf/6.3.0/../../../../../ia16-elf/lib/medium/regparmcall/libc.a(lib_a-wctomb_r.o)
                0x0000000000000004                __ascii_wctomb
                0x0000000000000024                _wctomb_r
                0x0000000000000053                __utf8_wctomb
                0x0000000000000180                __sjis_wctomb
                0x00000000000001f4                __eucjp_wctomb
                0x0000000000000277                __jis_wctomb
 .fartext.f.__call_atexit.c.64322$
                0x00000000000002fe      0x141 /usr/lib/x86_64-linux-gnu/gcc/ia16-elf/6.3.0/../../../../../ia16-elf/lib/medium/regparmcall/libc.a(lib_a-__call_atexit.o)
                0x00000000000002fe                __call_exitprocs
 .fartext.f.jp2uc.c.11722$
                0x000000000000043f      0x1b7 /usr/lib/x86_64-linux-gnu/gcc/ia16-elf/6.3.0/../../../../../ia16-elf/lib/medium/regparmcall/libc.a(lib_a-jp2uc.o)
                0x00000000000005ac                _jp2uc
                0x0000000000000600                . = ALIGN (0x10)
 *fill*         0x00000000000005f6        0xa 

.fartext.23$    0x0000000000000000      0x100 load address 0x0000000000009970
 *(.fartext.*23 .fartext.*23$)
 .fartext.f.crtstuff.c.43723$
                0x0000000000000000       0x3c /usr/lib/x86_64-linux-gnu/gcc/ia16-elf/6.3.0/medium/regparmcall/crtbegin.o
 .fartext.f.crtstuff.c.43723$
                0x000000000000003c       0x42 /usr/lib/x86_64-linux-gnu/gcc/ia16-elf/6.3.0/medium/regparmcall/crtend.o
 .fartext.f.siprintf.c.66223$
                0x000000000000007e       0x7b /usr/lib/x86_64-linux-gnu/gcc/ia16-elf/6.3.0/../../../../../ia16-elf/lib/medium/regparmcall/libc.a(lib_a-siprintf.o)
                0x000000000000007e                _siprintf_r
                0x00000000000000b9                siprintf
                0x0000000000000100                . = ALIGN (0x10)
 *fill*         0x00000000000000f9        0x7 

.fartext.24$    0x0000000000000000      0xa80 load address 0x0000000000009a70
 *(.fartext.*24 .fartext.*24$)
 .fartext.f.d_init.c.40224$
                0x0000000000000000      0xa51 /tmp/ccMrHOvI.o
                0x0000000000000000                D_InitStrings
                0x00000000000000aa                D_StartTitle
                0x00000000000000b9                D_GetCursorColumn
                0x00000000000000d9                D_GetCursorRow
                0x00000000000000f9                D_SetCursorPosition
                0x000000000000011a                D_DrawTitle
                0x0000000000000180                D_RedrawTitle
                0x00000000000001a5                D_AddFile
                0x00000000000001e0                IdentifyVersion
                0x000000000000023b                M_LoadDefaults
                0x0000000000000371                HU_Init
                0x00000000000003b2                S_Init
                0x00000000000003b3                M_Init
                0x0000000000000448                D_InitGraphicCounts
                0x00000000000004f6                D_DoomMain2
 .fartext.f.fseek.c.26324$
                0x0000000000000a51       0x1c /usr/lib/x86_64-linux-gnu/gcc/ia16-elf/6.3.0/../../../../../ia16-elf/lib/medium/regparmcall/libc.a(lib_a-fseek.o)
                0x0000000000000a51                _fseek_r
                0x0000000000000a56                fseek
 .fartext.f.sysclose.c.64224$